warn: No dot file generated. Please install pydot to generate the dot file and pdf.
Scrubbing enabled with adaptive interval starting at 10 cycles, tightening factor 2, relax factor 1.25
src/arch/riscv/isa.cc:275: info: RVV enabled, VLEN = 256 bits, ELEN = 64 bits
src/arch/riscv/linux/se_workload.cc:60: warn: Unknown operating system; assuming Linux.
src/base/statistics.hh:279: warn: One of the stats is a legacy stat. Legacy stat is a stat that does not belong to any statistics::Group. Legacy stat is deprecated.
src/base/remote_gdb.cc:418: warn: Sockets disabled, not accepting gdb connections
src/sim/simulate.cc:199: info: Entering event queue @ 0.  Starting simulation...
Relaxing scrub interval from 10 cycles to 12 cycles
Relaxing scrub interval from 12 cycles to 15 cycles
Relaxing scrub interval from 15 cycles to 18 cycles
Relaxing scrub interval from 18 cycles to 22 cycles
Relaxing scrub interval from 22 cycles to 27 cycles
Relaxing scrub interval from 27 cycles to 33 cycles
Relaxing scrub interval from 33 cycles to 41 cycles
Relaxing scrub interval from 41 cycles to 51 cycles
Relaxing scrub interval from 51 cycles to 63 cycles
Relaxing scrub interval from 63 cycles to 78 cycles
Relaxing scrub interval from 78 cycles to 97 cycles
Relaxing scrub interval from 97 cycles to 121 cycles
Relaxing scrub interval from 121 cycles to 151 cycles
Relaxing scrub interval from 151 cycles to 188 cycles
Relaxing scrub interval from 188 cycles to 235 cycles
Relaxing scrub interval from 235 cycles to 293 cycles
Relaxing scrub interval from 293 cycles to 366 cycles
Relaxing scrub interval from 366 cycles to 457 cycles
Relaxing scrub interval from 457 cycles to 571 cycles
Relaxing scrub interval from 571 cycles to 713 cycles
Relaxing scrub interval from 713 cycles to 891 cycles
Relaxing scrub interval from 891 cycles to 1113 cycles
Relaxing scrub interval from 1113 cycles to 1391 cycles
Relaxing scrub interval from 1391 cycles to 1738 cycles
Relaxing scrub interval from 1738 cycles to 2172 cycles
Relaxing scrub interval from 2172 cycles to 2715 cycles
Relaxing scrub interval from 2715 cycles to 3393 cycles
Relaxing scrub interval from 3393 cycles to 4241 cycles
Relaxing scrub interval from 4241 cycles to 5301 cycles
Relaxing scrub interval from 5301 cycles to 6626 cycles
Relaxing scrub interval from 6626 cycles to 8282 cycles
Relaxing scrub interval from 8282 cycles to 10352 cycles
Relaxing scrub interval from 10352 cycles to 12940 cycles
Tightening scrub interval from 12940 cycles to 6470 cycles
Tightening scrub interval from 6470 cycles to 3235 cycles
Tightening scrub interval from 3235 cycles to 1617 cycles
Tightening scrub interval from 1617 cycles to 808 cycles
Relaxing scrub interval from 808 cycles to 1010 cycles
Tightening scrub interval from 1010 cycles to 505 cycles
Relaxing scrub interval from 505 cycles to 631 cycles
Relaxing scrub interval from 631 cycles to 788 cycles
Tightening scrub interval from 788 cycles to 394 cycles
Tightening scrub interval from 394 cycles to 197 cycles
Relaxing scrub interval from 197 cycles to 246 cycles
Relaxing scrub interval from 246 cycles to 307 cycles
Tightening scrub interval from 307 cycles to 153 cycles
Tightening scrub interval from 153 cycles to 76 cycles
Relaxing scrub interval from 76 cycles to 95 cycles
Relaxing scrub interval from 95 cycles to 118 cycles
Relaxing scrub interval from 118 cycles to 147 cycles
Relaxing scrub interval from 147 cycles to 183 cycles
Relaxing scrub interval from 183 cycles to 228 cycles
Relaxing scrub interval from 228 cycles to 285 cycles
Tightening scrub interval from 285 cycles to 142 cycles
Relaxing scrub interval from 142 cycles to 177 cycles
Relaxing scrub interval from 177 cycles to 221 cycles
Relaxing scrub interval from 221 cycles to 276 cycles
Relaxing scrub interval from 276 cycles to 345 cycles
Relaxing scrub interval from 345 cycles to 431 cycles
Tightening scrub interval from 431 cycles to 215 cycles
Relaxing scrub interval from 215 cycles to 268 cycles
Relaxing scrub interval from 268 cycles to 335 cycles
Tightening scrub interval from 335 cycles to 167 cycles
Relaxing scrub interval from 167 cycles to 208 cycles
Relaxing scrub interval from 208 cycles to 260 cycles
Relaxing scrub interval from 260 cycles to 325 cycles
Relaxing scrub interval from 325 cycles to 406 cycles
Relaxing scrub interval from 406 cycles to 507 cycles
Tightening scrub interval from 507 cycles to 253 cycles
Relaxing scrub interval from 253 cycles to 316 cycles
Relaxing scrub interval from 316 cycles to 395 cycles
Tightening scrub interval from 395 cycles to 197 cycles
Relaxing scrub interval from 197 cycles to 246 cycles
Relaxing scrub interval from 246 cycles to 307 cycles
Relaxing scrub interval from 307 cycles to 383 cycles
Tightening scrub interval from 383 cycles to 191 cycles
Relaxing scrub interval from 191 cycles to 238 cycles
Relaxing scrub interval from 238 cycles to 297 cycles
Relaxing scrub interval from 297 cycles to 371 cycles
Tightening scrub interval from 371 cycles to 185 cycles
Relaxing scrub interval from 185 cycles to 231 cycles
Relaxing scrub interval from 231 cycles to 288 cycles
Relaxing scrub interval from 288 cycles to 360 cycles
Tightening scrub interval from 360 cycles to 180 cycles
Relaxing scrub interval from 180 cycles to 225 cycles
Relaxing scrub interval from 225 cycles to 281 cycles
Relaxing scrub interval from 281 cycles to 351 cycles
Tightening scrub interval from 351 cycles to 175 cycles
Tightening scrub interval from 175 cycles to 87 cycles
Relaxing scrub interval from 87 cycles to 108 cycles
Relaxing scrub interval from 108 cycles to 135 cycles
Relaxing scrub interval from 135 cycles to 168 cycles
Relaxing scrub interval from 168 cycles to 210 cycles
Tightening scrub interval from 210 cycles to 105 cycles
Relaxing scrub interval from 105 cycles to 131 cycles
Relaxing scrub interval from 131 cycles to 163 cycles
Relaxing scrub interval from 163 cycles to 203 cycles
Relaxing scrub interval from 203 cycles to 253 cycles
Relaxing scrub interval from 253 cycles to 316 cycles
Relaxing scrub interval from 316 cycles to 395 cycles
Tightening scrub interval from 395 cycles to 197 cycles
Relaxing scrub interval from 197 cycles to 246 cycles
Tightening scrub interval from 246 cycles to 123 cycles
Relaxing scrub interval from 123 cycles to 153 cycles
Relaxing scrub interval from 153 cycles to 191 cycles
Relaxing scrub interval from 191 cycles to 238 cycles
Relaxing scrub interval from 238 cycles to 297 cycles
Relaxing scrub interval from 297 cycles to 371 cycles
Relaxing scrub interval from 371 cycles to 463 cycles
Relaxing scrub interval from 463 cycles to 578 cycles
Relaxing scrub interval from 578 cycles to 722 cycles
Relaxing scrub interval from 722 cycles to 902 cycles
Tightening scrub interval from 902 cycles to 451 cycles
Tightening scrub interval from 451 cycles to 225 cycles
Relaxing scrub interval from 225 cycles to 281 cycles
Relaxing scrub interval from 281 cycles to 351 cycles
Relaxing scrub interval from 351 cycles to 438 cycles
Relaxing scrub interval from 438 cycles to 547 cycles
Relaxing scrub interval from 547 cycles to 683 cycles
Relaxing scrub interval from 683 cycles to 853 cycles
Relaxing scrub interval from 853 cycles to 1066 cycles
Relaxing scrub interval from 1066 cycles to 1332 cycles
Tightening scrub interval from 1332 cycles to 666 cycles
Relaxing scrub interval from 666 cycles to 832 cycles
Relaxing scrub interval from 832 cycles to 1040 cycles
Tightening scrub interval from 1040 cycles to 520 cycles
Relaxing scrub interval from 520 cycles to 650 cycles
Relaxing scrub interval from 650 cycles to 812 cycles
Relaxing scrub interval from 812 cycles to 1015 cycles
Relaxing scrub interval from 1015 cycles to 1268 cycles
Tightening scrub interval from 1268 cycles to 634 cycles
Tightening scrub interval from 634 cycles to 317 cycles
Tightening scrub interval from 317 cycles to 158 cycles
Tightening scrub interval from 158 cycles to 79 cycles
Relaxing scrub interval from 79 cycles to 98 cycles
Relaxing scrub interval from 98 cycles to 122 cycles
Relaxing scrub interval from 122 cycles to 152 cycles
Relaxing scrub interval from 152 cycles to 190 cycles
Tightening scrub interval from 190 cycles to 95 cycles
Relaxing scrub interval from 95 cycles to 118 cycles
Relaxing scrub interval from 118 cycles to 147 cycles
Relaxing scrub interval from 147 cycles to 183 cycles
Tightening scrub interval from 183 cycles to 91 cycles
Relaxing scrub interval from 91 cycles to 113 cycles
Tightening scrub interval from 113 cycles to 56 cycles
Relaxing scrub interval from 56 cycles to 70 cycles
Relaxing scrub interval from 70 cycles to 87 cycles
Relaxing scrub interval from 87 cycles to 108 cycles
Relaxing scrub interval from 108 cycles to 135 cycles
Relaxing scrub interval from 135 cycles to 168 cycles
Tightening scrub interval from 168 cycles to 84 cycles
Relaxing scrub interval from 84 cycles to 105 cycles
Tightening scrub interval from 105 cycles to 52 cycles
Tightening scrub interval from 52 cycles to 26 cycles
Relaxing scrub interval from 26 cycles to 32 cycles
Relaxing scrub interval from 32 cycles to 40 cycles
Relaxing scrub interval from 40 cycles to 50 cycles
Relaxing scrub interval from 50 cycles to 62 cycles
Relaxing scrub interval from 62 cycles to 77 cycles
Relaxing scrub interval from 77 cycles to 96 cycles
Relaxing scrub interval from 96 cycles to 120 cycles
Relaxing scrub interval from 120 cycles to 150 cycles
Relaxing scrub interval from 150 cycles to 187 cycles
Relaxing scrub interval from 187 cycles to 233 cycles
Relaxing scrub interval from 233 cycles to 291 cycles
Relaxing scrub interval from 291 cycles to 363 cycles
Relaxing scrub interval from 363 cycles to 453 cycles
Tightening scrub interval from 453 cycles to 226 cycles
Tightening scrub interval from 226 cycles to 113 cycles
Relaxing scrub interval from 113 cycles to 141 cycles
Relaxing scrub interval from 141 cycles to 176 cycles
Relaxing scrub interval from 176 cycles to 220 cycles
Relaxing scrub interval from 220 cycles to 275 cycles
Relaxing scrub interval from 275 cycles to 343 cycles
Tightening scrub interval from 343 cycles to 171 cycles
Relaxing scrub interval from 171 cycles to 213 cycles
Relaxing scrub interval from 213 cycles to 266 cycles
Relaxing scrub interval from 266 cycles to 332 cycles
Relaxing scrub interval from 332 cycles to 415 cycles
Tightening scrub interval from 415 cycles to 207 cycles
Relaxing scrub interval from 207 cycles to 258 cycles
Tightening scrub interval from 258 cycles to 129 cycles
Relaxing scrub interval from 129 cycles to 161 cycles
Relaxing scrub interval from 161 cycles to 201 cycles
Tightening scrub interval from 201 cycles to 100 cycles
Relaxing scrub interval from 100 cycles to 125 cycles
Relaxing scrub interval from 125 cycles to 156 cycles
Relaxing scrub interval from 156 cycles to 195 cycles
Relaxing scrub interval from 195 cycles to 243 cycles
Relaxing scrub interval from 243 cycles to 303 cycles
Relaxing scrub interval from 303 cycles to 378 cycles
Tightening scrub interval from 378 cycles to 189 cycles
Relaxing scrub interval from 189 cycles to 236 cycles
Relaxing scrub interval from 236 cycles to 295 cycles
Relaxing scrub interval from 295 cycles to 368 cycles
Tightening scrub interval from 368 cycles to 184 cycles
Relaxing scrub interval from 184 cycles to 230 cycles
Relaxing scrub interval from 230 cycles to 287 cycles
Tightening scrub interval from 287 cycles to 143 cycles
Tightening scrub interval from 143 cycles to 71 cycles
Relaxing scrub interval from 71 cycles to 88 cycles
Relaxing scrub interval from 88 cycles to 110 cycles
Relaxing scrub interval from 110 cycles to 137 cycles
Relaxing scrub interval from 137 cycles to 171 cycles
Relaxing scrub interval from 171 cycles to 213 cycles
Relaxing scrub interval from 213 cycles to 266 cycles
Relaxing scrub interval from 266 cycles to 332 cycles
Tightening scrub interval from 332 cycles to 166 cycles
Relaxing scrub interval from 166 cycles to 207 cycles
Relaxing scrub interval from 207 cycles to 258 cycles
Relaxing scrub interval from 258 cycles to 322 cycles
Tightening scrub interval from 322 cycles to 161 cycles
Tightening scrub interval from 161 cycles to 80 cycles
Relaxing scrub interval from 80 cycles to 100 cycles
Relaxing scrub interval from 100 cycles to 125 cycles
Relaxing scrub interval from 125 cycles to 156 cycles
Relaxing scrub interval from 156 cycles to 195 cycles
Relaxing scrub interval from 195 cycles to 243 cycles
Relaxing scrub interval from 243 cycles to 303 cycles
Tightening scrub interval from 303 cycles to 151 cycles
Relaxing scrub interval from 151 cycles to 188 cycles
Relaxing scrub interval from 188 cycles to 235 cycles
Relaxing scrub interval from 235 cycles to 293 cycles
Relaxing scrub interval from 293 cycles to 366 cycles
Relaxing scrub interval from 366 cycles to 457 cycles
Relaxing scrub interval from 457 cycles to 571 cycles
Relaxing scrub interval from 571 cycles to 713 cycles
Relaxing scrub interval from 713 cycles to 891 cycles
Tightening scrub interval from 891 cycles to 445 cycles
Tightening scrub interval from 445 cycles to 222 cycles
Tightening scrub interval from 222 cycles to 111 cycles
Relaxing scrub interval from 111 cycles to 138 cycles
Relaxing scrub interval from 138 cycles to 172 cycles
Relaxing scrub interval from 172 cycles to 215 cycles
Tightening scrub interval from 215 cycles to 107 cycles
Relaxing scrub interval from 107 cycles to 133 cycles
Relaxing scrub interval from 133 cycles to 166 cycles
Tightening scrub interval from 166 cycles to 83 cycles
Relaxing scrub interval from 83 cycles to 103 cycles
Relaxing scrub interval from 103 cycles to 128 cycles
Relaxing scrub interval from 128 cycles to 160 cycles
Relaxing scrub interval from 160 cycles to 200 cycles
Relaxing scrub interval from 200 cycles to 250 cycles
Tightening scrub interval from 250 cycles to 125 cycles
Relaxing scrub interval from 125 cycles to 156 cycles
Relaxing scrub interval from 156 cycles to 195 cycles
Relaxing scrub interval from 195 cycles to 243 cycles
Relaxing scrub interval from 243 cycles to 303 cycles
Relaxing scrub interval from 303 cycles to 378 cycles
Tightening scrub interval from 378 cycles to 189 cycles
Relaxing scrub interval from 189 cycles to 236 cycles
Relaxing scrub interval from 236 cycles to 295 cycles
Relaxing scrub interval from 295 cycles to 368 cycles
Tightening scrub interval from 368 cycles to 184 cycles
Relaxing scrub interval from 184 cycles to 230 cycles
Relaxing scrub interval from 230 cycles to 287 cycles
Relaxing scrub interval from 287 cycles to 358 cycles
Tightening scrub interval from 358 cycles to 179 cycles
Relaxing scrub interval from 179 cycles to 223 cycles
Relaxing scrub interval from 223 cycles to 278 cycles
Relaxing scrub interval from 278 cycles to 347 cycles
Tightening scrub interval from 347 cycles to 173 cycles
Relaxing scrub interval from 173 cycles to 216 cycles
Tightening scrub interval from 216 cycles to 108 cycles
Relaxing scrub interval from 108 cycles to 135 cycles
Relaxing scrub interval from 135 cycles to 168 cycles
Relaxing scrub interval from 168 cycles to 210 cycles
Relaxing scrub interval from 210 cycles to 262 cycles
Relaxing scrub interval from 262 cycles to 327 cycles
Relaxing scrub interval from 327 cycles to 408 cycles
Relaxing scrub interval from 408 cycles to 510 cycles
Relaxing scrub interval from 510 cycles to 637 cycles
Relaxing scrub interval from 637 cycles to 796 cycles
Tightening scrub interval from 796 cycles to 398 cycles
Relaxing scrub interval from 398 cycles to 497 cycles
Relaxing scrub interval from 497 cycles to 621 cycles
Tightening scrub interval from 621 cycles to 310 cycles
Relaxing scrub interval from 310 cycles to 387 cycles
Relaxing scrub interval from 387 cycles to 483 cycles
Relaxing scrub interval from 483 cycles to 603 cycles
Relaxing scrub interval from 603 cycles to 753 cycles
Tightening scrub interval from 753 cycles to 376 cycles
Relaxing scrub interval from 376 cycles to 470 cycles
Relaxing scrub interval from 470 cycles to 587 cycles
Relaxing scrub interval from 587 cycles to 733 cycles
Tightening scrub interval from 733 cycles to 366 cycles
Relaxing scrub interval from 366 cycles to 457 cycles
Relaxing scrub interval from 457 cycles to 571 cycles
Tightening scrub interval from 571 cycles to 285 cycles
Relaxing scrub interval from 285 cycles to 356 cycles
Relaxing scrub interval from 356 cycles to 445 cycles
Tightening scrub interval from 445 cycles to 222 cycles
Tightening scrub interval from 222 cycles to 111 cycles
Relaxing scrub interval from 111 cycles to 138 cycles
Relaxing scrub interval from 138 cycles to 172 cycles
Tightening scrub interval from 172 cycles to 86 cycles
Relaxing scrub interval from 86 cycles to 107 cycles
Relaxing scrub interval from 107 cycles to 133 cycles
Relaxing scrub interval from 133 cycles to 166 cycles
Tightening scrub interval from 166 cycles to 83 cycles
Relaxing scrub interval from 83 cycles to 103 cycles
Relaxing scrub interval from 103 cycles to 128 cycles
Tightening scrub interval from 128 cycles to 64 cycles
Relaxing scrub interval from 64 cycles to 80 cycles
Relaxing scrub interval from 80 cycles to 100 cycles
Relaxing scrub interval from 100 cycles to 125 cycles
Relaxing scrub interval from 125 cycles to 156 cycles
Tightening scrub interval from 156 cycles to 78 cycles
Relaxing scrub interval from 78 cycles to 97 cycles
Relaxing scrub interval from 97 cycles to 121 cycles
Relaxing scrub interval from 121 cycles to 151 cycles
Relaxing scrub interval from 151 cycles to 188 cycles
Tightening scrub interval from 188 cycles to 94 cycles
Relaxing scrub interval from 94 cycles to 117 cycles
Relaxing scrub interval from 117 cycles to 146 cycles
Relaxing scrub interval from 146 cycles to 182 cycles
Relaxing scrub interval from 182 cycles to 227 cycles
Relaxing scrub interval from 227 cycles to 283 cycles
Tightening scrub interval from 283 cycles to 141 cycles
Relaxing scrub interval from 141 cycles to 176 cycles
Relaxing scrub interval from 176 cycles to 220 cycles
Relaxing scrub interval from 220 cycles to 275 cycles
Relaxing scrub interval from 275 cycles to 343 cycles
Relaxing scrub interval from 343 cycles to 428 cycles
Relaxing scrub interval from 428 cycles to 535 cycles
Relaxing scrub interval from 535 cycles to 668 cycles
Tightening scrub interval from 668 cycles to 334 cycles
Relaxing scrub interval from 334 cycles to 417 cycles
Relaxing scrub interval from 417 cycles to 521 cycles
Relaxing scrub interval from 521 cycles to 651 cycles
Tightening scrub interval from 651 cycles to 325 cycles
Relaxing scrub interval from 325 cycles to 406 cycles
Tightening scrub interval from 406 cycles to 203 cycles
Relaxing scrub interval from 203 cycles to 253 cycles
Tightening scrub interval from 253 cycles to 126 cycles
Relaxing scrub interval from 126 cycles to 157 cycles
Relaxing scrub interval from 157 cycles to 196 cycles
Relaxing scrub interval from 196 cycles to 245 cycles
Relaxing scrub interval from 245 cycles to 306 cycles
Relaxing scrub interval from 306 cycles to 382 cycles
Tightening scrub interval from 382 cycles to 191 cycles
Relaxing scrub interval from 191 cycles to 238 cycles
Relaxing scrub interval from 238 cycles to 297 cycles
Relaxing scrub interval from 297 cycles to 371 cycles
Relaxing scrub interval from 371 cycles to 463 cycles
Relaxing scrub interval from 463 cycles to 578 cycles
Relaxing scrub interval from 578 cycles to 722 cycles
Tightening scrub interval from 722 cycles to 361 cycles
Tightening scrub interval from 361 cycles to 180 cycles
Relaxing scrub interval from 180 cycles to 225 cycles
Relaxing scrub interval from 225 cycles to 281 cycles
Relaxing scrub interval from 281 cycles to 351 cycles
Relaxing scrub interval from 351 cycles to 438 cycles
Relaxing scrub interval from 438 cycles to 547 cycles
Relaxing scrub interval from 547 cycles to 683 cycles
Tightening scrub interval from 683 cycles to 341 cycles
Relaxing scrub interval from 341 cycles to 426 cycles
Relaxing scrub interval from 426 cycles to 532 cycles
Relaxing scrub interval from 532 cycles to 665 cycles
Relaxing scrub interval from 665 cycles to 831 cycles
Tightening scrub interval from 831 cycles to 415 cycles
Relaxing scrub interval from 415 cycles to 518 cycles
Tightening scrub interval from 518 cycles to 259 cycles
Tightening scrub interval from 259 cycles to 129 cycles
Relaxing scrub interval from 129 cycles to 161 cycles
Tightening scrub interval from 161 cycles to 80 cycles
Relaxing scrub interval from 80 cycles to 100 cycles
Relaxing scrub interval from 100 cycles to 125 cycles
Relaxing scrub interval from 125 cycles to 156 cycles
Relaxing scrub interval from 156 cycles to 195 cycles
Relaxing scrub interval from 195 cycles to 243 cycles
Tightening scrub interval from 243 cycles to 121 cycles
Relaxing scrub interval from 121 cycles to 151 cycles
Tightening scrub interval from 151 cycles to 75 cycles
Relaxing scrub interval from 75 cycles to 93 cycles
Relaxing scrub interval from 93 cycles to 116 cycles
Relaxing scrub interval from 116 cycles to 145 cycles
Relaxing scrub interval from 145 cycles to 181 cycles
Tightening scrub interval from 181 cycles to 90 cycles
Relaxing scrub interval from 90 cycles to 112 cycles
Relaxing scrub interval from 112 cycles to 140 cycles
Relaxing scrub interval from 140 cycles to 175 cycles
Relaxing scrub interval from 175 cycles to 218 cycles
Relaxing scrub interval from 218 cycles to 272 cycles
Tightening scrub interval from 272 cycles to 136 cycles
Relaxing scrub interval from 136 cycles to 170 cycles
Relaxing scrub interval from 170 cycles to 212 cycles
Tightening scrub interval from 212 cycles to 106 cycles
Relaxing scrub interval from 106 cycles to 132 cycles
Relaxing scrub interval from 132 cycles to 165 cycles
Relaxing scrub interval from 165 cycles to 206 cycles
Relaxing scrub interval from 206 cycles to 257 cycles
Relaxing scrub interval from 257 cycles to 321 cycles
Tightening scrub interval from 321 cycles to 160 cycles
Relaxing scrub interval from 160 cycles to 200 cycles
Tightening scrub interval from 200 cycles to 100 cycles
Relaxing scrub interval from 100 cycles to 125 cycles
Relaxing scrub interval from 125 cycles to 156 cycles
Relaxing scrub interval from 156 cycles to 195 cycles
Relaxing scrub interval from 195 cycles to 243 cycles
Relaxing scrub interval from 243 cycles to 303 cycles
Relaxing scrub interval from 303 cycles to 378 cycles
Relaxing scrub interval from 378 cycles to 472 cycles
Relaxing scrub interval from 472 cycles to 590 cycles
Relaxing scrub interval from 590 cycles to 737 cycles
Relaxing scrub interval from 737 cycles to 921 cycles
Relaxing scrub interval from 921 cycles to 1151 cycles
Relaxing scrub interval from 1151 cycles to 1438 cycles
Relaxing scrub interval from 1438 cycles to 1797 cycles
Relaxing scrub interval from 1797 cycles to 2246 cycles
Tightening scrub interval from 2246 cycles to 1123 cycles
Tightening scrub interval from 1123 cycles to 561 cycles
Relaxing scrub interval from 561 cycles to 701 cycles
Relaxing scrub interval from 701 cycles to 876 cycles
Tightening scrub interval from 876 cycles to 438 cycles
Tightening scrub interval from 438 cycles to 219 cycles
Relaxing scrub interval from 219 cycles to 273 cycles
Relaxing scrub interval from 273 cycles to 341 cycles
Relaxing scrub interval from 341 cycles to 426 cycles
Tightening scrub interval from 426 cycles to 213 cycles
Relaxing scrub interval from 213 cycles to 266 cycles
Relaxing scrub interval from 266 cycles to 332 cycles
Tightening scrub interval from 332 cycles to 166 cycles
Relaxing scrub interval from 166 cycles to 207 cycles
Relaxing scrub interval from 207 cycles to 258 cycles
Relaxing scrub interval from 258 cycles to 322 cycles
Tightening scrub interval from 322 cycles to 161 cycles
Relaxing scrub interval from 161 cycles to 201 cycles
Relaxing scrub interval from 201 cycles to 251 cycles
Relaxing scrub interval from 251 cycles to 313 cycles
Relaxing scrub interval from 313 cycles to 391 cycles
Relaxing scrub interval from 391 cycles to 488 cycles
Relaxing scrub interval from 488 cycles to 610 cycles
Tightening scrub interval from 610 cycles to 305 cycles
Relaxing scrub interval from 305 cycles to 381 cycles
Relaxing scrub interval from 381 cycles to 476 cycles
Relaxing scrub interval from 476 cycles to 595 cycles
Tightening scrub interval from 595 cycles to 297 cycles
Relaxing scrub interval from 297 cycles to 371 cycles
Tightening scrub interval from 371 cycles to 185 cycles
Relaxing scrub interval from 185 cycles to 231 cycles
Tightening scrub interval from 231 cycles to 115 cycles
Relaxing scrub interval from 115 cycles to 143 cycles
Relaxing scrub interval from 143 cycles to 178 cycles
Relaxing scrub interval from 178 cycles to 222 cycles
Tightening scrub interval from 222 cycles to 111 cycles
Relaxing scrub interval from 111 cycles to 138 cycles
Relaxing scrub interval from 138 cycles to 172 cycles
Relaxing scrub interval from 172 cycles to 215 cycles
Relaxing scrub interval from 215 cycles to 268 cycles
Relaxing scrub interval from 268 cycles to 335 cycles
Relaxing scrub interval from 335 cycles to 418 cycles
Relaxing scrub interval from 418 cycles to 522 cycles
Relaxing scrub interval from 522 cycles to 652 cycles
Relaxing scrub interval from 652 cycles to 815 cycles
Tightening scrub interval from 815 cycles to 407 cycles
Relaxing scrub interval from 407 cycles to 508 cycles
Tightening scrub interval from 508 cycles to 254 cycles
Relaxing scrub interval from 254 cycles to 317 cycles
Relaxing scrub interval from 317 cycles to 396 cycles
Relaxing scrub interval from 396 cycles to 495 cycles
Tightening scrub interval from 495 cycles to 247 cycles
Tightening scrub interval from 247 cycles to 123 cycles
Relaxing scrub interval from 123 cycles to 153 cycles
Tightening scrub interval from 153 cycles to 76 cycles
Relaxing scrub interval from 76 cycles to 95 cycles
Relaxing scrub interval from 95 cycles to 118 cycles
Relaxing scrub interval from 118 cycles to 147 cycles
Relaxing scrub interval from 147 cycles to 183 cycles
Relaxing scrub interval from 183 cycles to 228 cycles
Tightening scrub interval from 228 cycles to 114 cycles
Relaxing scrub interval from 114 cycles to 142 cycles
Relaxing scrub interval from 142 cycles to 177 cycles
Relaxing scrub interval from 177 cycles to 221 cycles
Tightening scrub interval from 221 cycles to 110 cycles
Tightening scrub interval from 110 cycles to 55 cycles
Relaxing scrub interval from 55 cycles to 68 cycles
Relaxing scrub interval from 68 cycles to 85 cycles
Relaxing scrub interval from 85 cycles to 106 cycles
Relaxing scrub interval from 106 cycles to 132 cycles
Tightening scrub interval from 132 cycles to 66 cycles
Relaxing scrub interval from 66 cycles to 82 cycles
Relaxing scrub interval from 82 cycles to 102 cycles
Relaxing scrub interval from 102 cycles to 127 cycles
Relaxing scrub interval from 127 cycles to 158 cycles
Relaxing scrub interval from 158 cycles to 197 cycles
Relaxing scrub interval from 197 cycles to 246 cycles
Tightening scrub interval from 246 cycles to 123 cycles
Relaxing scrub interval from 123 cycles to 153 cycles
Relaxing scrub interval from 153 cycles to 191 cycles
Relaxing scrub interval from 191 cycles to 238 cycles
Tightening scrub interval from 238 cycles to 119 cycles
Relaxing scrub interval from 119 cycles to 148 cycles
Relaxing scrub interval from 148 cycles to 185 cycles
Tightening scrub interval from 185 cycles to 92 cycles
Relaxing scrub interval from 92 cycles to 115 cycles
Relaxing scrub interval from 115 cycles to 143 cycles
Tightening scrub interval from 143 cycles to 71 cycles
Relaxing scrub interval from 71 cycles to 88 cycles
Relaxing scrub interval from 88 cycles to 110 cycles
Tightening scrub interval from 110 cycles to 55 cycles
Relaxing scrub interval from 55 cycles to 68 cycles
Relaxing scrub interval from 68 cycles to 85 cycles
Relaxing scrub interval from 85 cycles to 106 cycles
Tightening scrub interval from 106 cycles to 53 cycles
Relaxing scrub interval from 53 cycles to 66 cycles
Relaxing scrub interval from 66 cycles to 82 cycles
Relaxing scrub interval from 82 cycles to 102 cycles
Relaxing scrub interval from 102 cycles to 127 cycles
Relaxing scrub interval from 127 cycles to 158 cycles
Relaxing scrub interval from 158 cycles to 197 cycles
Relaxing scrub interval from 197 cycles to 246 cycles
Tightening scrub interval from 246 cycles to 123 cycles
Relaxing scrub interval from 123 cycles to 153 cycles
Relaxing scrub interval from 153 cycles to 191 cycles
Tightening scrub interval from 191 cycles to 95 cycles
Relaxing scrub interval from 95 cycles to 118 cycles
Relaxing scrub interval from 118 cycles to 147 cycles
Tightening scrub interval from 147 cycles to 73 cycles
Relaxing scrub interval from 73 cycles to 91 cycles
Relaxing scrub interval from 91 cycles to 113 cycles
Relaxing scrub interval from 113 cycles to 141 cycles
Tightening scrub interval from 141 cycles to 70 cycles
Relaxing scrub interval from 70 cycles to 87 cycles
Relaxing scrub interval from 87 cycles to 108 cycles
Relaxing scrub interval from 108 cycles to 135 cycles
Relaxing scrub interval from 135 cycles to 168 cycles
Relaxing scrub interval from 168 cycles to 210 cycles
Relaxing scrub interval from 210 cycles to 262 cycles
Relaxing scrub interval from 262 cycles to 327 cycles
Relaxing scrub interval from 327 cycles to 408 cycles
Relaxing scrub interval from 408 cycles to 510 cycles
Tightening scrub interval from 510 cycles to 255 cycles
Relaxing scrub interval from 255 cycles to 318 cycles
Relaxing scrub interval from 318 cycles to 397 cycles
Relaxing scrub interval from 397 cycles to 496 cycles
Relaxing scrub interval from 496 cycles to 620 cycles
Tightening scrub interval from 620 cycles to 310 cycles
Relaxing scrub interval from 310 cycles to 387 cycles
Relaxing scrub interval from 387 cycles to 483 cycles
Relaxing scrub interval from 483 cycles to 603 cycles
Relaxing scrub interval from 603 cycles to 753 cycles
Relaxing scrub interval from 753 cycles to 941 cycles
Relaxing scrub interval from 941 cycles to 1176 cycles
Relaxing scrub interval from 1176 cycles to 1470 cycles
Relaxing scrub interval from 1470 cycles to 1837 cycles
Relaxing scrub interval from 1837 cycles to 2296 cycles
Tightening scrub interval from 2296 cycles to 1148 cycles
Relaxing scrub interval from 1148 cycles to 1435 cycles
Tightening scrub interval from 1435 cycles to 717 cycles
Relaxing scrub interval from 717 cycles to 896 cycles
Relaxing scrub interval from 896 cycles to 1120 cycles
Tightening scrub interval from 1120 cycles to 560 cycles
Tightening scrub interval from 560 cycles to 280 cycles
Relaxing scrub interval from 280 cycles to 350 cycles
Relaxing scrub interval from 350 cycles to 437 cycles
Tightening scrub interval from 437 cycles to 218 cycles
Relaxing scrub interval from 218 cycles to 272 cycles
Relaxing scrub interval from 272 cycles to 340 cycles
Relaxing scrub interval from 340 cycles to 425 cycles
Relaxing scrub interval from 425 cycles to 531 cycles
Tightening scrub interval from 531 cycles to 265 cycles
Relaxing scrub interval from 265 cycles to 331 cycles
Relaxing scrub interval from 331 cycles to 413 cycles
Relaxing scrub interval from 413 cycles to 516 cycles
Relaxing scrub interval from 516 cycles to 645 cycles
Relaxing scrub interval from 645 cycles to 806 cycles
Relaxing scrub interval from 806 cycles to 1007 cycles
Relaxing scrub interval from 1007 cycles to 1258 cycles
Tightening scrub interval from 1258 cycles to 629 cycles
Relaxing scrub interval from 629 cycles to 786 cycles
Relaxing scrub interval from 786 cycles to 982 cycles
Tightening scrub interval from 982 cycles to 491 cycles
Relaxing scrub interval from 491 cycles to 613 cycles
Relaxing scrub interval from 613 cycles to 766 cycles
Relaxing scrub interval from 766 cycles to 957 cycles
Tightening scrub interval from 957 cycles to 478 cycles
Relaxing scrub interval from 478 cycles to 597 cycles
Tightening scrub interval from 597 cycles to 298 cycles
Relaxing scrub interval from 298 cycles to 372 cycles
Relaxing scrub interval from 372 cycles to 465 cycles
Relaxing scrub interval from 465 cycles to 581 cycles
Relaxing scrub interval from 581 cycles to 726 cycles
Tightening scrub interval from 726 cycles to 363 cycles
Tightening scrub interval from 363 cycles to 181 cycles
Tightening scrub interval from 181 cycles to 90 cycles
Relaxing scrub interval from 90 cycles to 112 cycles
Relaxing scrub interval from 112 cycles to 140 cycles
Tightening scrub interval from 140 cycles to 70 cycles
Relaxing scrub interval from 70 cycles to 87 cycles
Relaxing scrub interval from 87 cycles to 108 cycles
Relaxing scrub interval from 108 cycles to 135 cycles
Relaxing scrub interval from 135 cycles to 168 cycles
Tightening scrub interval from 168 cycles to 84 cycles
Relaxing scrub interval from 84 cycles to 105 cycles
Relaxing scrub interval from 105 cycles to 131 cycles
Relaxing scrub interval from 131 cycles to 163 cycles
Relaxing scrub interval from 163 cycles to 203 cycles
Relaxing scrub interval from 203 cycles to 253 cycles
Relaxing scrub interval from 253 cycles to 316 cycles
Tightening scrub interval from 316 cycles to 158 cycles
Relaxing scrub interval from 158 cycles to 197 cycles
Relaxing scrub interval from 197 cycles to 246 cycles
Relaxing scrub interval from 246 cycles to 307 cycles
Relaxing scrub interval from 307 cycles to 383 cycles
Relaxing scrub interval from 383 cycles to 478 cycles
Relaxing scrub interval from 478 cycles to 597 cycles
Relaxing scrub interval from 597 cycles to 746 cycles
Relaxing scrub interval from 746 cycles to 932 cycles
Tightening scrub interval from 932 cycles to 466 cycles
Relaxing scrub interval from 466 cycles to 582 cycles
Relaxing scrub interval from 582 cycles to 727 cycles
Tightening scrub interval from 727 cycles to 363 cycles
Tightening scrub interval from 363 cycles to 181 cycles
Relaxing scrub interval from 181 cycles to 226 cycles
Relaxing scrub interval from 226 cycles to 282 cycles
Relaxing scrub interval from 282 cycles to 352 cycles
Relaxing scrub interval from 352 cycles to 440 cycles
Relaxing scrub interval from 440 cycles to 550 cycles
Relaxing scrub interval from 550 cycles to 687 cycles
Relaxing scrub interval from 687 cycles to 858 cycles
Relaxing scrub interval from 858 cycles to 1072 cycles
Tightening scrub interval from 1072 cycles to 536 cycles
Relaxing scrub interval from 536 cycles to 670 cycles
Relaxing scrub interval from 670 cycles to 837 cycles
Tightening scrub interval from 837 cycles to 418 cycles
Tightening scrub interval from 418 cycles to 209 cycles
Relaxing scrub interval from 209 cycles to 261 cycles
Relaxing scrub interval from 261 cycles to 326 cycles
Relaxing scrub interval from 326 cycles to 407 cycles
Tightening scrub interval from 407 cycles to 203 cycles
Relaxing scrub interval from 203 cycles to 253 cycles
Relaxing scrub interval from 253 cycles to 316 cycles
Relaxing scrub interval from 316 cycles to 395 cycles
Tightening scrub interval from 395 cycles to 197 cycles
Tightening scrub interval from 197 cycles to 98 cycles
Relaxing scrub interval from 98 cycles to 122 cycles
Relaxing scrub interval from 122 cycles to 152 cycles
Relaxing scrub interval from 152 cycles to 190 cycles
Relaxing scrub interval from 190 cycles to 237 cycles
Tightening scrub interval from 237 cycles to 118 cycles
Relaxing scrub interval from 118 cycles to 147 cycles
Relaxing scrub interval from 147 cycles to 183 cycles
Relaxing scrub interval from 183 cycles to 228 cycles
Tightening scrub interval from 228 cycles to 114 cycles
Relaxing scrub interval from 114 cycles to 142 cycles
Relaxing scrub interval from 142 cycles to 177 cycles
Relaxing scrub interval from 177 cycles to 221 cycles
Relaxing scrub interval from 221 cycles to 276 cycles
Tightening scrub interval from 276 cycles to 138 cycles
Relaxing scrub interval from 138 cycles to 172 cycles
Tightening scrub interval from 172 cycles to 86 cycles
Relaxing scrub interval from 86 cycles to 107 cycles
Relaxing scrub interval from 107 cycles to 133 cycles
Relaxing scrub interval from 133 cycles to 166 cycles
Relaxing scrub interval from 166 cycles to 207 cycles
Relaxing scrub interval from 207 cycles to 258 cycles
Relaxing scrub interval from 258 cycles to 322 cycles
Relaxing scrub interval from 322 cycles to 402 cycles
Tightening scrub interval from 402 cycles to 201 cycles
Relaxing scrub interval from 201 cycles to 251 cycles
Relaxing scrub interval from 251 cycles to 313 cycles
Tightening scrub interval from 313 cycles to 156 cycles
Relaxing scrub interval from 156 cycles to 195 cycles
Tightening scrub interval from 195 cycles to 97 cycles
Relaxing scrub interval from 97 cycles to 121 cycles
Relaxing scrub interval from 121 cycles to 151 cycles
Relaxing scrub interval from 151 cycles to 188 cycles
Relaxing scrub interval from 188 cycles to 235 cycles
Tightening scrub interval from 235 cycles to 117 cycles
Relaxing scrub interval from 117 cycles to 146 cycles
Relaxing scrub interval from 146 cycles to 182 cycles
Relaxing scrub interval from 182 cycles to 227 cycles
Relaxing scrub interval from 227 cycles to 283 cycles
Relaxing scrub interval from 283 cycles to 353 cycles
Tightening scrub interval from 353 cycles to 176 cycles
Relaxing scrub interval from 176 cycles to 220 cycles
Relaxing scrub interval from 220 cycles to 275 cycles
Relaxing scrub interval from 275 cycles to 343 cycles
Relaxing scrub interval from 343 cycles to 428 cycles
Relaxing scrub interval from 428 cycles to 535 cycles
Tightening scrub interval from 535 cycles to 267 cycles
Relaxing scrub interval from 267 cycles to 333 cycles
Relaxing scrub interval from 333 cycles to 416 cycles
Relaxing scrub interval from 416 cycles to 520 cycles
Relaxing scrub interval from 520 cycles to 650 cycles
Relaxing scrub interval from 650 cycles to 812 cycles
Relaxing scrub interval from 812 cycles to 1015 cycles
Tightening scrub interval from 1015 cycles to 507 cycles
Tightening scrub interval from 507 cycles to 253 cycles
Relaxing scrub interval from 253 cycles to 316 cycles
Relaxing scrub interval from 316 cycles to 395 cycles
Tightening scrub interval from 395 cycles to 197 cycles
Relaxing scrub interval from 197 cycles to 246 cycles
Tightening scrub interval from 246 cycles to 123 cycles
Relaxing scrub interval from 123 cycles to 153 cycles
Tightening scrub interval from 153 cycles to 76 cycles
Relaxing scrub interval from 76 cycles to 95 cycles
Relaxing scrub interval from 95 cycles to 118 cycles
Tightening scrub interval from 118 cycles to 59 cycles
Relaxing scrub interval from 59 cycles to 73 cycles
Relaxing scrub interval from 73 cycles to 91 cycles
Relaxing scrub interval from 91 cycles to 113 cycles
Relaxing scrub interval from 113 cycles to 141 cycles
Relaxing scrub interval from 141 cycles to 176 cycles
Relaxing scrub interval from 176 cycles to 220 cycles
Relaxing scrub interval from 220 cycles to 275 cycles
Relaxing scrub interval from 275 cycles to 343 cycles
Relaxing scrub interval from 343 cycles to 428 cycles
Tightening scrub interval from 428 cycles to 214 cycles
Relaxing scrub interval from 214 cycles to 267 cycles
Relaxing scrub interval from 267 cycles to 333 cycles
Relaxing scrub interval from 333 cycles to 416 cycles
Tightening scrub interval from 416 cycles to 208 cycles
Relaxing scrub interval from 208 cycles to 260 cycles
Relaxing scrub interval from 260 cycles to 325 cycles
Tightening scrub interval from 325 cycles to 162 cycles
Tightening scrub interval from 162 cycles to 81 cycles
Relaxing scrub interval from 81 cycles to 101 cycles
Relaxing scrub interval from 101 cycles to 126 cycles
Relaxing scrub interval from 126 cycles to 157 cycles
Tightening scrub interval from 157 cycles to 78 cycles
Relaxing scrub interval from 78 cycles to 97 cycles
Relaxing scrub interval from 97 cycles to 121 cycles
Relaxing scrub interval from 121 cycles to 151 cycles
Relaxing scrub interval from 151 cycles to 188 cycles
Relaxing scrub interval from 188 cycles to 235 cycles
Relaxing scrub interval from 235 cycles to 293 cycles
Relaxing scrub interval from 293 cycles to 366 cycles
Relaxing scrub interval from 366 cycles to 457 cycles
Relaxing scrub interval from 457 cycles to 571 cycles
Relaxing scrub interval from 571 cycles to 713 cycles
Relaxing scrub interval from 713 cycles to 891 cycles
Relaxing scrub interval from 891 cycles to 1113 cycles
Tightening scrub interval from 1113 cycles to 556 cycles
Relaxing scrub interval from 556 cycles to 695 cycles
Tightening scrub interval from 695 cycles to 347 cycles
Relaxing scrub interval from 347 cycles to 433 cycles
Relaxing scrub interval from 433 cycles to 541 cycles
Tightening scrub interval from 541 cycles to 270 cycles
Relaxing scrub interval from 270 cycles to 337 cycles
Relaxing scrub interval from 337 cycles to 421 cycles
Relaxing scrub interval from 421 cycles to 526 cycles
Relaxing scrub interval from 526 cycles to 657 cycles
Tightening scrub interval from 657 cycles to 328 cycles
Tightening scrub interval from 328 cycles to 164 cycles
Relaxing scrub interval from 164 cycles to 205 cycles
Relaxing scrub interval from 205 cycles to 256 cycles
Tightening scrub interval from 256 cycles to 128 cycles
Relaxing scrub interval from 128 cycles to 160 cycles
Tightening scrub interval from 160 cycles to 80 cycles
Relaxing scrub interval from 80 cycles to 100 cycles
Relaxing scrub interval from 100 cycles to 125 cycles
Relaxing scrub interval from 125 cycles to 156 cycles
Tightening scrub interval from 156 cycles to 78 cycles
Relaxing scrub interval from 78 cycles to 97 cycles
Relaxing scrub interval from 97 cycles to 121 cycles
Relaxing scrub interval from 121 cycles to 151 cycles
Relaxing scrub interval from 151 cycles to 188 cycles
Relaxing scrub interval from 188 cycles to 235 cycles
Relaxing scrub interval from 235 cycles to 293 cycles
Relaxing scrub interval from 293 cycles to 366 cycles
Relaxing scrub interval from 366 cycles to 457 cycles
Tightening scrub interval from 457 cycles to 228 cycles
Tightening scrub interval from 228 cycles to 114 cycles
Relaxing scrub interval from 114 cycles to 142 cycles
Relaxing scrub interval from 142 cycles to 177 cycles
Relaxing scrub interval from 177 cycles to 221 cycles
Tightening scrub interval from 221 cycles to 110 cycles
Relaxing scrub interval from 110 cycles to 137 cycles
Relaxing scrub interval from 137 cycles to 171 cycles
Relaxing scrub interval from 171 cycles to 213 cycles
Relaxing scrub interval from 213 cycles to 266 cycles
Relaxing scrub interval from 266 cycles to 332 cycles
Relaxing scrub interval from 332 cycles to 415 cycles
Relaxing scrub interval from 415 cycles to 518 cycles
Relaxing scrub interval from 518 cycles to 647 cycles
Tightening scrub interval from 647 cycles to 323 cycles
Tightening scrub interval from 323 cycles to 161 cycles
Relaxing scrub interval from 161 cycles to 201 cycles
Relaxing scrub interval from 201 cycles to 251 cycles
Relaxing scrub interval from 251 cycles to 313 cycles
Tightening scrub interval from 313 cycles to 156 cycles
Relaxing scrub interval from 156 cycles to 195 cycles
Relaxing scrub interval from 195 cycles to 243 cycles
Relaxing scrub interval from 243 cycles to 303 cycles
Tightening scrub interval from 303 cycles to 151 cycles
Relaxing scrub interval from 151 cycles to 188 cycles
Tightening scrub interval from 188 cycles to 94 cycles
Tightening scrub interval from 94 cycles to 47 cycles
Relaxing scrub interval from 47 cycles to 58 cycles
Relaxing scrub interval from 58 cycles to 72 cycles
Relaxing scrub interval from 72 cycles to 90 cycles
Relaxing scrub interval from 90 cycles to 112 cycles
Relaxing scrub interval from 112 cycles to 140 cycles
Relaxing scrub interval from 140 cycles to 175 cycles
Relaxing scrub interval from 175 cycles to 218 cycles
Relaxing scrub interval from 218 cycles to 272 cycles
Tightening scrub interval from 272 cycles to 136 cycles
Relaxing scrub interval from 136 cycles to 170 cycles
Tightening scrub interval from 170 cycles to 85 cycles
Relaxing scrub interval from 85 cycles to 106 cycles
Relaxing scrub interval from 106 cycles to 132 cycles
Relaxing scrub interval from 132 cycles to 165 cycles
Relaxing scrub interval from 165 cycles to 206 cycles
Relaxing scrub interval from 206 cycles to 257 cycles
Relaxing scrub interval from 257 cycles to 321 cycles
Relaxing scrub interval from 321 cycles to 401 cycles
Tightening scrub interval from 401 cycles to 200 cycles
Relaxing scrub interval from 200 cycles to 250 cycles
Relaxing scrub interval from 250 cycles to 312 cycles
Tightening scrub interval from 312 cycles to 156 cycles
Relaxing scrub interval from 156 cycles to 195 cycles
Relaxing scrub interval from 195 cycles to 243 cycles
Relaxing scrub interval from 243 cycles to 303 cycles
Relaxing scrub interval from 303 cycles to 378 cycles
Relaxing scrub interval from 378 cycles to 472 cycles
Relaxing scrub interval from 472 cycles to 590 cycles
Relaxing scrub interval from 590 cycles to 737 cycles
Relaxing scrub interval from 737 cycles to 921 cycles
Relaxing scrub interval from 921 cycles to 1151 cycles
Tightening scrub interval from 1151 cycles to 575 cycles
Relaxing scrub interval from 575 cycles to 718 cycles
Tightening scrub interval from 718 cycles to 359 cycles
Relaxing scrub interval from 359 cycles to 448 cycles
Tightening scrub interval from 448 cycles to 224 cycles
Relaxing scrub interval from 224 cycles to 280 cycles
Relaxing scrub interval from 280 cycles to 350 cycles
Tightening scrub interval from 350 cycles to 175 cycles
Tightening scrub interval from 175 cycles to 87 cycles
Relaxing scrub interval from 87 cycles to 108 cycles
Relaxing scrub interval from 108 cycles to 135 cycles
Relaxing scrub interval from 135 cycles to 168 cycles
Relaxing scrub interval from 168 cycles to 210 cycles
Relaxing scrub interval from 210 cycles to 262 cycles
Relaxing scrub interval from 262 cycles to 327 cycles
Relaxing scrub interval from 327 cycles to 408 cycles
Tightening scrub interval from 408 cycles to 204 cycles
Relaxing scrub interval from 204 cycles to 255 cycles
Relaxing scrub interval from 255 cycles to 318 cycles
Relaxing scrub interval from 318 cycles to 397 cycles
Relaxing scrub interval from 397 cycles to 496 cycles
Relaxing scrub interval from 496 cycles to 620 cycles
Tightening scrub interval from 620 cycles to 310 cycles
Relaxing scrub interval from 310 cycles to 387 cycles
Relaxing scrub interval from 387 cycles to 483 cycles
Tightening scrub interval from 483 cycles to 241 cycles
Relaxing scrub interval from 241 cycles to 301 cycles
Relaxing scrub interval from 301 cycles to 376 cycles
Relaxing scrub interval from 376 cycles to 470 cycles
Relaxing scrub interval from 470 cycles to 587 cycles
Tightening scrub interval from 587 cycles to 293 cycles
Relaxing scrub interval from 293 cycles to 366 cycles
Relaxing scrub interval from 366 cycles to 457 cycles
Tightening scrub interval from 457 cycles to 228 cycles
Tightening scrub interval from 228 cycles to 114 cycles
Relaxing scrub interval from 114 cycles to 142 cycles
Relaxing scrub interval from 142 cycles to 177 cycles
Relaxing scrub interval from 177 cycles to 221 cycles
Relaxing scrub interval from 221 cycles to 276 cycles
Relaxing scrub interval from 276 cycles to 345 cycles
Relaxing scrub interval from 345 cycles to 431 cycles
Tightening scrub interval from 431 cycles to 215 cycles
Tightening scrub interval from 215 cycles to 107 cycles
Relaxing scrub interval from 107 cycles to 133 cycles
Tightening scrub interval from 133 cycles to 66 cycles
Relaxing scrub interval from 66 cycles to 82 cycles
Relaxing scrub interval from 82 cycles to 102 cycles
Relaxing scrub interval from 102 cycles to 127 cycles
Relaxing scrub interval from 127 cycles to 158 cycles
Relaxing scrub interval from 158 cycles to 197 cycles
Relaxing scrub interval from 197 cycles to 246 cycles
Relaxing scrub interval from 246 cycles to 307 cycles
Relaxing scrub interval from 307 cycles to 383 cycles
Tightening scrub interval from 383 cycles to 191 cycles
Relaxing scrub interval from 191 cycles to 238 cycles
Relaxing scrub interval from 238 cycles to 297 cycles
Tightening scrub interval from 297 cycles to 148 cycles
Relaxing scrub interval from 148 cycles to 185 cycles
Relaxing scrub interval from 185 cycles to 231 cycles
Relaxing scrub interval from 231 cycles to 288 cycles
Relaxing scrub interval from 288 cycles to 360 cycles
Relaxing scrub interval from 360 cycles to 450 cycles
Relaxing scrub interval from 450 cycles to 562 cycles
Tightening scrub interval from 562 cycles to 281 cycles
Relaxing scrub interval from 281 cycles to 351 cycles
Relaxing scrub interval from 351 cycles to 438 cycles
Relaxing scrub interval from 438 cycles to 547 cycles
Tightening scrub interval from 547 cycles to 273 cycles
Relaxing scrub interval from 273 cycles to 341 cycles
Tightening scrub interval from 341 cycles to 170 cycles
Relaxing scrub interval from 170 cycles to 212 cycles
Relaxing scrub interval from 212 cycles to 265 cycles
Tightening scrub interval from 265 cycles to 132 cycles
Relaxing scrub interval from 132 cycles to 165 cycles
Relaxing scrub interval from 165 cycles to 206 cycles
Relaxing scrub interval from 206 cycles to 257 cycles
Relaxing scrub interval from 257 cycles to 321 cycles
Relaxing scrub interval from 321 cycles to 401 cycles
Relaxing scrub interval from 401 cycles to 501 cycles
Tightening scrub interval from 501 cycles to 250 cycles
Relaxing scrub interval from 250 cycles to 312 cycles
Relaxing scrub interval from 312 cycles to 390 cycles
Relaxing scrub interval from 390 cycles to 487 cycles
Relaxing scrub interval from 487 cycles to 608 cycles
Relaxing scrub interval from 608 cycles to 760 cycles
Tightening scrub interval from 760 cycles to 380 cycles
Tightening scrub interval from 380 cycles to 190 cycles
Relaxing scrub interval from 190 cycles to 237 cycles
Relaxing scrub interval from 237 cycles to 296 cycles
Relaxing scrub interval from 296 cycles to 370 cycles
Relaxing scrub interval from 370 cycles to 462 cycles
Relaxing scrub interval from 462 cycles to 577 cycles
Relaxing scrub interval from 577 cycles to 721 cycles
Tightening scrub interval from 721 cycles to 360 cycles
Relaxing scrub interval from 360 cycles to 450 cycles
Relaxing scrub interval from 450 cycles to 562 cycles
Relaxing scrub interval from 562 cycles to 702 cycles
Tightening scrub interval from 702 cycles to 351 cycles
Relaxing scrub interval from 351 cycles to 438 cycles
Relaxing scrub interval from 438 cycles to 547 cycles
Relaxing scrub interval from 547 cycles to 683 cycles
