warn: No dot file generated. Please install pydot to generate the dot file and pdf.
Scrubbing enabled with adaptive interval starting at 10 cycles, tightening factor 2, relax factor 1.25
src/arch/riscv/isa.cc:275: info: RVV enabled, VLEN = 256 bits, ELEN = 64 bits
src/arch/riscv/linux/se_workload.cc:60: warn: Unknown operating system; assuming Linux.
src/base/statistics.hh:279: warn: One of the stats is a legacy stat. Legacy stat is a stat that does not belong to any statistics::Group. Legacy stat is deprecated.
src/base/remote_gdb.cc:418: warn: Sockets disabled, not accepting gdb connections
src/sim/simulate.cc:199: info: Entering event queue @ 0.  Starting simulation...
Relaxing scrub interval from 10 cycles to 12 cycles
Relaxing scrub interval from 12 cycles to 15 cycles
Relaxing scrub interval from 15 cycles to 18 cycles
Relaxing scrub interval from 18 cycles to 22 cycles
Relaxing scrub interval from 22 cycles to 27 cycles
Relaxing scrub interval from 27 cycles to 33 cycles
Relaxing scrub interval from 33 cycles to 41 cycles
Relaxing scrub interval from 41 cycles to 51 cycles
Relaxing scrub interval from 51 cycles to 63 cycles
Relaxing scrub interval from 63 cycles to 78 cycles
Relaxing scrub interval from 78 cycles to 97 cycles
Relaxing scrub interval from 97 cycles to 121 cycles
Relaxing scrub interval from 121 cycles to 151 cycles
Relaxing scrub interval from 151 cycles to 188 cycles
Relaxing scrub interval from 188 cycles to 235 cycles
Relaxing scrub interval from 235 cycles to 293 cycles
Relaxing scrub interval from 293 cycles to 366 cycles
Relaxing scrub interval from 366 cycles to 457 cycles
Relaxing scrub interval from 457 cycles to 571 cycles
Relaxing scrub interval from 571 cycles to 713 cycles
Relaxing scrub interval from 713 cycles to 891 cycles
Relaxing scrub interval from 891 cycles to 1113 cycles
Relaxing scrub interval from 1113 cycles to 1391 cycles
Relaxing scrub interval from 1391 cycles to 1738 cycles
Relaxing scrub interval from 1738 cycles to 2172 cycles
Relaxing scrub interval from 2172 cycles to 2715 cycles
Relaxing scrub interval from 2715 cycles to 3393 cycles
Relaxing scrub interval from 3393 cycles to 4241 cycles
Relaxing scrub interval from 4241 cycles to 5301 cycles
Relaxing scrub interval from 5301 cycles to 6626 cycles
Relaxing scrub interval from 6626 cycles to 8282 cycles
Relaxing scrub interval from 8282 cycles to 10352 cycles
Relaxing scrub interval from 10352 cycles to 12940 cycles
Tightening scrub interval from 12940 cycles to 6470 cycles
Tightening scrub interval from 6470 cycles to 3235 cycles
Tightening scrub interval from 3235 cycles to 1617 cycles
Tightening scrub interval from 1617 cycles to 808 cycles
Tightening scrub interval from 808 cycles to 404 cycles
Relaxing scrub interval from 404 cycles to 505 cycles
Tightening scrub interval from 505 cycles to 252 cycles
Relaxing scrub interval from 252 cycles to 315 cycles
Tightening scrub interval from 315 cycles to 157 cycles
Relaxing scrub interval from 157 cycles to 196 cycles
Relaxing scrub interval from 196 cycles to 245 cycles
Relaxing scrub interval from 245 cycles to 306 cycles
Relaxing scrub interval from 306 cycles to 382 cycles
Tightening scrub interval from 382 cycles to 191 cycles
Relaxing scrub interval from 191 cycles to 238 cycles
Relaxing scrub interval from 238 cycles to 297 cycles
Tightening scrub interval from 297 cycles to 148 cycles
Relaxing scrub interval from 148 cycles to 185 cycles
Relaxing scrub interval from 185 cycles to 231 cycles
Relaxing scrub interval from 231 cycles to 288 cycles
Relaxing scrub interval from 288 cycles to 360 cycles
Relaxing scrub interval from 360 cycles to 450 cycles
Relaxing scrub interval from 450 cycles to 562 cycles
Relaxing scrub interval from 562 cycles to 702 cycles
Relaxing scrub interval from 702 cycles to 877 cycles
Relaxing scrub interval from 877 cycles to 1096 cycles
Tightening scrub interval from 1096 cycles to 548 cycles
Relaxing scrub interval from 548 cycles to 685 cycles
Tightening scrub interval from 685 cycles to 342 cycles
Relaxing scrub interval from 342 cycles to 427 cycles
Relaxing scrub interval from 427 cycles to 533 cycles
Relaxing scrub interval from 533 cycles to 666 cycles
Tightening scrub interval from 666 cycles to 333 cycles
Relaxing scrub interval from 333 cycles to 416 cycles
Relaxing scrub interval from 416 cycles to 520 cycles
Relaxing scrub interval from 520 cycles to 650 cycles
Relaxing scrub interval from 650 cycles to 812 cycles
Tightening scrub interval from 812 cycles to 406 cycles
Relaxing scrub interval from 406 cycles to 507 cycles
Tightening scrub interval from 507 cycles to 253 cycles
Relaxing scrub interval from 253 cycles to 316 cycles
Tightening scrub interval from 316 cycles to 158 cycles
Relaxing scrub interval from 158 cycles to 197 cycles
Relaxing scrub interval from 197 cycles to 246 cycles
Relaxing scrub interval from 246 cycles to 307 cycles
Relaxing scrub interval from 307 cycles to 383 cycles
Tightening scrub interval from 383 cycles to 191 cycles
Relaxing scrub interval from 191 cycles to 238 cycles
Relaxing scrub interval from 238 cycles to 297 cycles
Relaxing scrub interval from 297 cycles to 371 cycles
Relaxing scrub interval from 371 cycles to 463 cycles
Relaxing scrub interval from 463 cycles to 578 cycles
Relaxing scrub interval from 578 cycles to 722 cycles
Tightening scrub interval from 722 cycles to 361 cycles
Relaxing scrub interval from 361 cycles to 451 cycles
Relaxing scrub interval from 451 cycles to 563 cycles
Relaxing scrub interval from 563 cycles to 703 cycles
Tightening scrub interval from 703 cycles to 351 cycles
Relaxing scrub interval from 351 cycles to 438 cycles
Relaxing scrub interval from 438 cycles to 547 cycles
Relaxing scrub interval from 547 cycles to 683 cycles
Relaxing scrub interval from 683 cycles to 853 cycles
Tightening scrub interval from 853 cycles to 426 cycles
Tightening scrub interval from 426 cycles to 213 cycles
Tightening scrub interval from 213 cycles to 106 cycles
Relaxing scrub interval from 106 cycles to 132 cycles
Relaxing scrub interval from 132 cycles to 165 cycles
Tightening scrub interval from 165 cycles to 82 cycles
Relaxing scrub interval from 82 cycles to 102 cycles
Relaxing scrub interval from 102 cycles to 127 cycles
Relaxing scrub interval from 127 cycles to 158 cycles
Relaxing scrub interval from 158 cycles to 197 cycles
Relaxing scrub interval from 197 cycles to 246 cycles
Relaxing scrub interval from 246 cycles to 307 cycles
Tightening scrub interval from 307 cycles to 153 cycles
Relaxing scrub interval from 153 cycles to 191 cycles
Relaxing scrub interval from 191 cycles to 238 cycles
Relaxing scrub interval from 238 cycles to 297 cycles
Relaxing scrub interval from 297 cycles to 371 cycles
Tightening scrub interval from 371 cycles to 185 cycles
Relaxing scrub interval from 185 cycles to 231 cycles
Relaxing scrub interval from 231 cycles to 288 cycles
Relaxing scrub interval from 288 cycles to 360 cycles
Relaxing scrub interval from 360 cycles to 450 cycles
Tightening scrub interval from 450 cycles to 225 cycles
Relaxing scrub interval from 225 cycles to 281 cycles
Relaxing scrub interval from 281 cycles to 351 cycles
Tightening scrub interval from 351 cycles to 175 cycles
Relaxing scrub interval from 175 cycles to 218 cycles
Relaxing scrub interval from 218 cycles to 272 cycles
Tightening scrub interval from 272 cycles to 136 cycles
Relaxing scrub interval from 136 cycles to 170 cycles
Relaxing scrub interval from 170 cycles to 212 cycles
Relaxing scrub interval from 212 cycles to 265 cycles
Relaxing scrub interval from 265 cycles to 331 cycles
Relaxing scrub interval from 331 cycles to 413 cycles
Relaxing scrub interval from 413 cycles to 516 cycles
Relaxing scrub interval from 516 cycles to 645 cycles
Relaxing scrub interval from 645 cycles to 806 cycles
Tightening scrub interval from 806 cycles to 403 cycles
Relaxing scrub interval from 403 cycles to 503 cycles
Tightening scrub interval from 503 cycles to 251 cycles
Relaxing scrub interval from 251 cycles to 313 cycles
Relaxing scrub interval from 313 cycles to 391 cycles
Tightening scrub interval from 391 cycles to 195 cycles
Relaxing scrub interval from 195 cycles to 243 cycles
Relaxing scrub interval from 243 cycles to 303 cycles
Relaxing scrub interval from 303 cycles to 378 cycles
Relaxing scrub interval from 378 cycles to 472 cycles
Tightening scrub interval from 472 cycles to 236 cycles
Relaxing scrub interval from 236 cycles to 295 cycles
Tightening scrub interval from 295 cycles to 147 cycles
Relaxing scrub interval from 147 cycles to 183 cycles
Relaxing scrub interval from 183 cycles to 228 cycles
Tightening scrub interval from 228 cycles to 114 cycles
Tightening scrub interval from 114 cycles to 57 cycles
Relaxing scrub interval from 57 cycles to 71 cycles
Relaxing scrub interval from 71 cycles to 88 cycles
Relaxing scrub interval from 88 cycles to 110 cycles
Relaxing scrub interval from 110 cycles to 137 cycles
Relaxing scrub interval from 137 cycles to 171 cycles
Tightening scrub interval from 171 cycles to 85 cycles
Relaxing scrub interval from 85 cycles to 106 cycles
Relaxing scrub interval from 106 cycles to 132 cycles
Relaxing scrub interval from 132 cycles to 165 cycles
Relaxing scrub interval from 165 cycles to 206 cycles
Relaxing scrub interval from 206 cycles to 257 cycles
Relaxing scrub interval from 257 cycles to 321 cycles
Relaxing scrub interval from 321 cycles to 401 cycles
Tightening scrub interval from 401 cycles to 200 cycles
Relaxing scrub interval from 200 cycles to 250 cycles
Relaxing scrub interval from 250 cycles to 312 cycles
Tightening scrub interval from 312 cycles to 156 cycles
Relaxing scrub interval from 156 cycles to 195 cycles
Relaxing scrub interval from 195 cycles to 243 cycles
Relaxing scrub interval from 243 cycles to 303 cycles
Relaxing scrub interval from 303 cycles to 378 cycles
Tightening scrub interval from 378 cycles to 189 cycles
Relaxing scrub interval from 189 cycles to 236 cycles
Relaxing scrub interval from 236 cycles to 295 cycles
Relaxing scrub interval from 295 cycles to 368 cycles
Tightening scrub interval from 368 cycles to 184 cycles
Relaxing scrub interval from 184 cycles to 230 cycles
Relaxing scrub interval from 230 cycles to 287 cycles
Relaxing scrub interval from 287 cycles to 358 cycles
Tightening scrub interval from 358 cycles to 179 cycles
Relaxing scrub interval from 179 cycles to 223 cycles
Relaxing scrub interval from 223 cycles to 278 cycles
Relaxing scrub interval from 278 cycles to 347 cycles
Relaxing scrub interval from 347 cycles to 433 cycles
Relaxing scrub interval from 433 cycles to 541 cycles
Relaxing scrub interval from 541 cycles to 676 cycles
Relaxing scrub interval from 676 cycles to 845 cycles
Tightening scrub interval from 845 cycles to 422 cycles
Relaxing scrub interval from 422 cycles to 527 cycles
Relaxing scrub interval from 527 cycles to 658 cycles
Tightening scrub interval from 658 cycles to 329 cycles
Relaxing scrub interval from 329 cycles to 411 cycles
Tightening scrub interval from 411 cycles to 205 cycles
Relaxing scrub interval from 205 cycles to 256 cycles
Tightening scrub interval from 256 cycles to 128 cycles
Relaxing scrub interval from 128 cycles to 160 cycles
Relaxing scrub interval from 160 cycles to 200 cycles
Relaxing scrub interval from 200 cycles to 250 cycles
Relaxing scrub interval from 250 cycles to 312 cycles
Tightening scrub interval from 312 cycles to 156 cycles
Relaxing scrub interval from 156 cycles to 195 cycles
Relaxing scrub interval from 195 cycles to 243 cycles
Tightening scrub interval from 243 cycles to 121 cycles
Relaxing scrub interval from 121 cycles to 151 cycles
Relaxing scrub interval from 151 cycles to 188 cycles
Relaxing scrub interval from 188 cycles to 235 cycles
Tightening scrub interval from 235 cycles to 117 cycles
Tightening scrub interval from 117 cycles to 58 cycles
Relaxing scrub interval from 58 cycles to 72 cycles
Relaxing scrub interval from 72 cycles to 90 cycles
Relaxing scrub interval from 90 cycles to 112 cycles
Relaxing scrub interval from 112 cycles to 140 cycles
Tightening scrub interval from 140 cycles to 70 cycles
Relaxing scrub interval from 70 cycles to 87 cycles
Relaxing scrub interval from 87 cycles to 108 cycles
Tightening scrub interval from 108 cycles to 54 cycles
Relaxing scrub interval from 54 cycles to 67 cycles
Relaxing scrub interval from 67 cycles to 83 cycles
Relaxing scrub interval from 83 cycles to 103 cycles
Relaxing scrub interval from 103 cycles to 128 cycles
Relaxing scrub interval from 128 cycles to 160 cycles
Relaxing scrub interval from 160 cycles to 200 cycles
Relaxing scrub interval from 200 cycles to 250 cycles
Relaxing scrub interval from 250 cycles to 312 cycles
Relaxing scrub interval from 312 cycles to 390 cycles
Relaxing scrub interval from 390 cycles to 487 cycles
Relaxing scrub interval from 487 cycles to 608 cycles
Tightening scrub interval from 608 cycles to 304 cycles
Tightening scrub interval from 304 cycles to 152 cycles
Relaxing scrub interval from 152 cycles to 190 cycles
Relaxing scrub interval from 190 cycles to 237 cycles
Relaxing scrub interval from 237 cycles to 296 cycles
Relaxing scrub interval from 296 cycles to 370 cycles
Tightening scrub interval from 370 cycles to 185 cycles
Relaxing scrub interval from 185 cycles to 231 cycles
Relaxing scrub interval from 231 cycles to 288 cycles
Tightening scrub interval from 288 cycles to 144 cycles
Relaxing scrub interval from 144 cycles to 180 cycles
Relaxing scrub interval from 180 cycles to 225 cycles
Relaxing scrub interval from 225 cycles to 281 cycles
Relaxing scrub interval from 281 cycles to 351 cycles
Relaxing scrub interval from 351 cycles to 438 cycles
Tightening scrub interval from 438 cycles to 219 cycles
Relaxing scrub interval from 219 cycles to 273 cycles
Relaxing scrub interval from 273 cycles to 341 cycles
Relaxing scrub interval from 341 cycles to 426 cycles
Relaxing scrub interval from 426 cycles to 532 cycles
Tightening scrub interval from 532 cycles to 266 cycles
Relaxing scrub interval from 266 cycles to 332 cycles
Relaxing scrub interval from 332 cycles to 415 cycles
Tightening scrub interval from 415 cycles to 207 cycles
Relaxing scrub interval from 207 cycles to 258 cycles
Tightening scrub interval from 258 cycles to 129 cycles
Relaxing scrub interval from 129 cycles to 161 cycles
Relaxing scrub interval from 161 cycles to 201 cycles
Relaxing scrub interval from 201 cycles to 251 cycles
Relaxing scrub interval from 251 cycles to 313 cycles
Relaxing scrub interval from 313 cycles to 391 cycles
Tightening scrub interval from 391 cycles to 195 cycles
Tightening scrub interval from 195 cycles to 97 cycles
Relaxing scrub interval from 97 cycles to 121 cycles
Relaxing scrub interval from 121 cycles to 151 cycles
Relaxing scrub interval from 151 cycles to 188 cycles
Relaxing scrub interval from 188 cycles to 235 cycles
Relaxing scrub interval from 235 cycles to 293 cycles
Relaxing scrub interval from 293 cycles to 366 cycles
Tightening scrub interval from 366 cycles to 183 cycles
Relaxing scrub interval from 183 cycles to 228 cycles
Relaxing scrub interval from 228 cycles to 285 cycles
Tightening scrub interval from 285 cycles to 142 cycles
Relaxing scrub interval from 142 cycles to 177 cycles
Relaxing scrub interval from 177 cycles to 221 cycles
Relaxing scrub interval from 221 cycles to 276 cycles
Relaxing scrub interval from 276 cycles to 345 cycles
Relaxing scrub interval from 345 cycles to 431 cycles
Relaxing scrub interval from 431 cycles to 538 cycles
Relaxing scrub interval from 538 cycles to 672 cycles
Relaxing scrub interval from 672 cycles to 840 cycles
Tightening scrub interval from 840 cycles to 420 cycles
Relaxing scrub interval from 420 cycles to 525 cycles
Tightening scrub interval from 525 cycles to 262 cycles
Relaxing scrub interval from 262 cycles to 327 cycles
Relaxing scrub interval from 327 cycles to 408 cycles
Relaxing scrub interval from 408 cycles to 510 cycles
Relaxing scrub interval from 510 cycles to 637 cycles
Relaxing scrub interval from 637 cycles to 796 cycles
Tightening scrub interval from 796 cycles to 398 cycles
Tightening scrub interval from 398 cycles to 199 cycles
Tightening scrub interval from 199 cycles to 99 cycles
Relaxing scrub interval from 99 cycles to 123 cycles
Relaxing scrub interval from 123 cycles to 153 cycles
Relaxing scrub interval from 153 cycles to 191 cycles
Relaxing scrub interval from 191 cycles to 238 cycles
Relaxing scrub interval from 238 cycles to 297 cycles
Relaxing scrub interval from 297 cycles to 371 cycles
Relaxing scrub interval from 371 cycles to 463 cycles
Relaxing scrub interval from 463 cycles to 578 cycles
Relaxing scrub interval from 578 cycles to 722 cycles
Relaxing scrub interval from 722 cycles to 902 cycles
Tightening scrub interval from 902 cycles to 451 cycles
Relaxing scrub interval from 451 cycles to 563 cycles
Relaxing scrub interval from 563 cycles to 703 cycles
Tightening scrub interval from 703 cycles to 351 cycles
Tightening scrub interval from 351 cycles to 175 cycles
Relaxing scrub interval from 175 cycles to 218 cycles
Relaxing scrub interval from 218 cycles to 272 cycles
Relaxing scrub interval from 272 cycles to 340 cycles
Tightening scrub interval from 340 cycles to 170 cycles
Tightening scrub interval from 170 cycles to 85 cycles
Relaxing scrub interval from 85 cycles to 106 cycles
Relaxing scrub interval from 106 cycles to 132 cycles
Relaxing scrub interval from 132 cycles to 165 cycles
Relaxing scrub interval from 165 cycles to 206 cycles
Tightening scrub interval from 206 cycles to 103 cycles
Relaxing scrub interval from 103 cycles to 128 cycles
Relaxing scrub interval from 128 cycles to 160 cycles
Relaxing scrub interval from 160 cycles to 200 cycles
Tightening scrub interval from 200 cycles to 100 cycles
Relaxing scrub interval from 100 cycles to 125 cycles
Relaxing scrub interval from 125 cycles to 156 cycles
Relaxing scrub interval from 156 cycles to 195 cycles
Tightening scrub interval from 195 cycles to 97 cycles
Relaxing scrub interval from 97 cycles to 121 cycles
Tightening scrub interval from 121 cycles to 60 cycles
Relaxing scrub interval from 60 cycles to 75 cycles
Relaxing scrub interval from 75 cycles to 93 cycles
Relaxing scrub interval from 93 cycles to 116 cycles
Relaxing scrub interval from 116 cycles to 145 cycles
Relaxing scrub interval from 145 cycles to 181 cycles
Relaxing scrub interval from 181 cycles to 226 cycles
Relaxing scrub interval from 226 cycles to 282 cycles
Tightening scrub interval from 282 cycles to 141 cycles
Relaxing scrub interval from 141 cycles to 176 cycles
Relaxing scrub interval from 176 cycles to 220 cycles
Tightening scrub interval from 220 cycles to 110 cycles
Relaxing scrub interval from 110 cycles to 137 cycles
Relaxing scrub interval from 137 cycles to 171 cycles
Relaxing scrub interval from 171 cycles to 213 cycles
Relaxing scrub interval from 213 cycles to 266 cycles
Relaxing scrub interval from 266 cycles to 332 cycles
Relaxing scrub interval from 332 cycles to 415 cycles
Relaxing scrub interval from 415 cycles to 518 cycles
Tightening scrub interval from 518 cycles to 259 cycles
Relaxing scrub interval from 259 cycles to 323 cycles
Relaxing scrub interval from 323 cycles to 403 cycles
Tightening scrub interval from 403 cycles to 201 cycles
Tightening scrub interval from 201 cycles to 100 cycles
Relaxing scrub interval from 100 cycles to 125 cycles
Relaxing scrub interval from 125 cycles to 156 cycles
Tightening scrub interval from 156 cycles to 78 cycles
Relaxing scrub interval from 78 cycles to 97 cycles
Tightening scrub interval from 97 cycles to 48 cycles
Relaxing scrub interval from 48 cycles to 60 cycles
Relaxing scrub interval from 60 cycles to 75 cycles
Relaxing scrub interval from 75 cycles to 93 cycles
Tightening scrub interval from 93 cycles to 46 cycles
Relaxing scrub interval from 46 cycles to 57 cycles
Relaxing scrub interval from 57 cycles to 71 cycles
Relaxing scrub interval from 71 cycles to 88 cycles
Relaxing scrub interval from 88 cycles to 110 cycles
Relaxing scrub interval from 110 cycles to 137 cycles
Tightening scrub interval from 137 cycles to 68 cycles
Relaxing scrub interval from 68 cycles to 85 cycles
Relaxing scrub interval from 85 cycles to 106 cycles
Relaxing scrub interval from 106 cycles to 132 cycles
Relaxing scrub interval from 132 cycles to 165 cycles
Relaxing scrub interval from 165 cycles to 206 cycles
Relaxing scrub interval from 206 cycles to 257 cycles
Relaxing scrub interval from 257 cycles to 321 cycles
Relaxing scrub interval from 321 cycles to 401 cycles
Relaxing scrub interval from 401 cycles to 501 cycles
Relaxing scrub interval from 501 cycles to 626 cycles
Relaxing scrub interval from 626 cycles to 782 cycles
Relaxing scrub interval from 782 cycles to 977 cycles
Tightening scrub interval from 977 cycles to 488 cycles
Tightening scrub interval from 488 cycles to 244 cycles
Relaxing scrub interval from 244 cycles to 305 cycles
Tightening scrub interval from 305 cycles to 152 cycles
Relaxing scrub interval from 152 cycles to 190 cycles
Relaxing scrub interval from 190 cycles to 237 cycles
Tightening scrub interval from 237 cycles to 118 cycles
Relaxing scrub interval from 118 cycles to 147 cycles
Relaxing scrub interval from 147 cycles to 183 cycles
Tightening scrub interval from 183 cycles to 91 cycles
Tightening scrub interval from 91 cycles to 45 cycles
Relaxing scrub interval from 45 cycles to 56 cycles
Relaxing scrub interval from 56 cycles to 70 cycles
Relaxing scrub interval from 70 cycles to 87 cycles
Relaxing scrub interval from 87 cycles to 108 cycles
Relaxing scrub interval from 108 cycles to 135 cycles
Relaxing scrub interval from 135 cycles to 168 cycles
Relaxing scrub interval from 168 cycles to 210 cycles
Relaxing scrub interval from 210 cycles to 262 cycles
Tightening scrub interval from 262 cycles to 131 cycles
Relaxing scrub interval from 131 cycles to 163 cycles
Relaxing scrub interval from 163 cycles to 203 cycles
Relaxing scrub interval from 203 cycles to 253 cycles
Relaxing scrub interval from 253 cycles to 316 cycles
Relaxing scrub interval from 316 cycles to 395 cycles
Relaxing scrub interval from 395 cycles to 493 cycles
Relaxing scrub interval from 493 cycles to 616 cycles
Tightening scrub interval from 616 cycles to 308 cycles
Relaxing scrub interval from 308 cycles to 385 cycles
Relaxing scrub interval from 385 cycles to 481 cycles
Tightening scrub interval from 481 cycles to 240 cycles
Relaxing scrub interval from 240 cycles to 300 cycles
Tightening scrub interval from 300 cycles to 150 cycles
Relaxing scrub interval from 150 cycles to 187 cycles
Relaxing scrub interval from 187 cycles to 233 cycles
Relaxing scrub interval from 233 cycles to 291 cycles
Relaxing scrub interval from 291 cycles to 363 cycles
Tightening scrub interval from 363 cycles to 181 cycles
Relaxing scrub interval from 181 cycles to 226 cycles
Relaxing scrub interval from 226 cycles to 282 cycles
Relaxing scrub interval from 282 cycles to 352 cycles
Relaxing scrub interval from 352 cycles to 440 cycles
Tightening scrub interval from 440 cycles to 220 cycles
Relaxing scrub interval from 220 cycles to 275 cycles
Relaxing scrub interval from 275 cycles to 343 cycles
Relaxing scrub interval from 343 cycles to 428 cycles
Tightening scrub interval from 428 cycles to 214 cycles
Tightening scrub interval from 214 cycles to 107 cycles
Relaxing scrub interval from 107 cycles to 133 cycles
Relaxing scrub interval from 133 cycles to 166 cycles
Relaxing scrub interval from 166 cycles to 207 cycles
Relaxing scrub interval from 207 cycles to 258 cycles
Relaxing scrub interval from 258 cycles to 322 cycles
Relaxing scrub interval from 322 cycles to 402 cycles
Tightening scrub interval from 402 cycles to 201 cycles
Relaxing scrub interval from 201 cycles to 251 cycles
Relaxing scrub interval from 251 cycles to 313 cycles
Tightening scrub interval from 313 cycles to 156 cycles
Tightening scrub interval from 156 cycles to 78 cycles
Relaxing scrub interval from 78 cycles to 97 cycles
Relaxing scrub interval from 97 cycles to 121 cycles
Relaxing scrub interval from 121 cycles to 151 cycles
Relaxing scrub interval from 151 cycles to 188 cycles
Relaxing scrub interval from 188 cycles to 235 cycles
Relaxing scrub interval from 235 cycles to 293 cycles
Relaxing scrub interval from 293 cycles to 366 cycles
Tightening scrub interval from 366 cycles to 183 cycles
Relaxing scrub interval from 183 cycles to 228 cycles
Relaxing scrub interval from 228 cycles to 285 cycles
Relaxing scrub interval from 285 cycles to 356 cycles
Relaxing scrub interval from 356 cycles to 445 cycles
Tightening scrub interval from 445 cycles to 222 cycles
Relaxing scrub interval from 222 cycles to 277 cycles
Tightening scrub interval from 277 cycles to 138 cycles
Relaxing scrub interval from 138 cycles to 172 cycles
Relaxing scrub interval from 172 cycles to 215 cycles
Relaxing scrub interval from 215 cycles to 268 cycles
Tightening scrub interval from 268 cycles to 134 cycles
Relaxing scrub interval from 134 cycles to 167 cycles
Relaxing scrub interval from 167 cycles to 208 cycles
Relaxing scrub interval from 208 cycles to 260 cycles
Relaxing scrub interval from 260 cycles to 325 cycles
Relaxing scrub interval from 325 cycles to 406 cycles
Relaxing scrub interval from 406 cycles to 507 cycles
Relaxing scrub interval from 507 cycles to 633 cycles
Tightening scrub interval from 633 cycles to 316 cycles
Relaxing scrub interval from 316 cycles to 395 cycles
Tightening scrub interval from 395 cycles to 197 cycles
Tightening scrub interval from 197 cycles to 98 cycles
Relaxing scrub interval from 98 cycles to 122 cycles
Tightening scrub interval from 122 cycles to 61 cycles
Relaxing scrub interval from 61 cycles to 76 cycles
Relaxing scrub interval from 76 cycles to 95 cycles
Relaxing scrub interval from 95 cycles to 118 cycles
Relaxing scrub interval from 118 cycles to 147 cycles
Tightening scrub interval from 147 cycles to 73 cycles
Relaxing scrub interval from 73 cycles to 91 cycles
Relaxing scrub interval from 91 cycles to 113 cycles
Relaxing scrub interval from 113 cycles to 141 cycles
Relaxing scrub interval from 141 cycles to 176 cycles
Relaxing scrub interval from 176 cycles to 220 cycles
Relaxing scrub interval from 220 cycles to 275 cycles
Relaxing scrub interval from 275 cycles to 343 cycles
Relaxing scrub interval from 343 cycles to 428 cycles
Relaxing scrub interval from 428 cycles to 535 cycles
Tightening scrub interval from 535 cycles to 267 cycles
Relaxing scrub interval from 267 cycles to 333 cycles
Tightening scrub interval from 333 cycles to 166 cycles
Relaxing scrub interval from 166 cycles to 207 cycles
Relaxing scrub interval from 207 cycles to 258 cycles
Tightening scrub interval from 258 cycles to 129 cycles
Relaxing scrub interval from 129 cycles to 161 cycles
Tightening scrub interval from 161 cycles to 80 cycles
Relaxing scrub interval from 80 cycles to 100 cycles
Relaxing scrub interval from 100 cycles to 125 cycles
Relaxing scrub interval from 125 cycles to 156 cycles
Relaxing scrub interval from 156 cycles to 195 cycles
Relaxing scrub interval from 195 cycles to 243 cycles
Relaxing scrub interval from 243 cycles to 303 cycles
Relaxing scrub interval from 303 cycles to 378 cycles
Relaxing scrub interval from 378 cycles to 472 cycles
Relaxing scrub interval from 472 cycles to 590 cycles
Tightening scrub interval from 590 cycles to 295 cycles
Relaxing scrub interval from 295 cycles to 368 cycles
Relaxing scrub interval from 368 cycles to 460 cycles
Tightening scrub interval from 460 cycles to 230 cycles
Relaxing scrub interval from 230 cycles to 287 cycles
Tightening scrub interval from 287 cycles to 143 cycles
Relaxing scrub interval from 143 cycles to 178 cycles
Relaxing scrub interval from 178 cycles to 222 cycles
Relaxing scrub interval from 222 cycles to 277 cycles
Tightening scrub interval from 277 cycles to 138 cycles
Relaxing scrub interval from 138 cycles to 172 cycles
Relaxing scrub interval from 172 cycles to 215 cycles
Relaxing scrub interval from 215 cycles to 268 cycles
Relaxing scrub interval from 268 cycles to 335 cycles
Relaxing scrub interval from 335 cycles to 418 cycles
Relaxing scrub interval from 418 cycles to 522 cycles
Relaxing scrub interval from 522 cycles to 652 cycles
Relaxing scrub interval from 652 cycles to 815 cycles
Relaxing scrub interval from 815 cycles to 1018 cycles
Tightening scrub interval from 1018 cycles to 509 cycles
Relaxing scrub interval from 509 cycles to 636 cycles
Relaxing scrub interval from 636 cycles to 795 cycles
Tightening scrub interval from 795 cycles to 397 cycles
Relaxing scrub interval from 397 cycles to 496 cycles
Tightening scrub interval from 496 cycles to 248 cycles
Relaxing scrub interval from 248 cycles to 310 cycles
Tightening scrub interval from 310 cycles to 155 cycles
Relaxing scrub interval from 155 cycles to 193 cycles
Tightening scrub interval from 193 cycles to 96 cycles
Relaxing scrub interval from 96 cycles to 120 cycles
Relaxing scrub interval from 120 cycles to 150 cycles
Relaxing scrub interval from 150 cycles to 187 cycles
Tightening scrub interval from 187 cycles to 93 cycles
Relaxing scrub interval from 93 cycles to 116 cycles
Relaxing scrub interval from 116 cycles to 145 cycles
Relaxing scrub interval from 145 cycles to 181 cycles
Tightening scrub interval from 181 cycles to 90 cycles
Relaxing scrub interval from 90 cycles to 112 cycles
Tightening scrub interval from 112 cycles to 56 cycles
Relaxing scrub interval from 56 cycles to 70 cycles
Relaxing scrub interval from 70 cycles to 87 cycles
Relaxing scrub interval from 87 cycles to 108 cycles
Relaxing scrub interval from 108 cycles to 135 cycles
Relaxing scrub interval from 135 cycles to 168 cycles
Relaxing scrub interval from 168 cycles to 210 cycles
Relaxing scrub interval from 210 cycles to 262 cycles
Relaxing scrub interval from 262 cycles to 327 cycles
Tightening scrub interval from 327 cycles to 163 cycles
Relaxing scrub interval from 163 cycles to 203 cycles
Relaxing scrub interval from 203 cycles to 253 cycles
Relaxing scrub interval from 253 cycles to 316 cycles
Relaxing scrub interval from 316 cycles to 395 cycles
Relaxing scrub interval from 395 cycles to 493 cycles
Relaxing scrub interval from 493 cycles to 616 cycles
Relaxing scrub interval from 616 cycles to 770 cycles
Tightening scrub interval from 770 cycles to 385 cycles
Relaxing scrub interval from 385 cycles to 481 cycles
Tightening scrub interval from 481 cycles to 240 cycles
Relaxing scrub interval from 240 cycles to 300 cycles
Relaxing scrub interval from 300 cycles to 375 cycles
Relaxing scrub interval from 375 cycles to 468 cycles
Relaxing scrub interval from 468 cycles to 585 cycles
Relaxing scrub interval from 585 cycles to 731 cycles
Relaxing scrub interval from 731 cycles to 913 cycles
Relaxing scrub interval from 913 cycles to 1141 cycles
Tightening scrub interval from 1141 cycles to 570 cycles
Tightening scrub interval from 570 cycles to 285 cycles
Relaxing scrub interval from 285 cycles to 356 cycles
Relaxing scrub interval from 356 cycles to 445 cycles
Relaxing scrub interval from 445 cycles to 556 cycles
Relaxing scrub interval from 556 cycles to 695 cycles
Relaxing scrub interval from 695 cycles to 868 cycles
Relaxing scrub interval from 868 cycles to 1085 cycles
Tightening scrub interval from 1085 cycles to 542 cycles
Relaxing scrub interval from 542 cycles to 677 cycles
Relaxing scrub interval from 677 cycles to 846 cycles
Tightening scrub interval from 846 cycles to 423 cycles
Relaxing scrub interval from 423 cycles to 528 cycles
Tightening scrub interval from 528 cycles to 264 cycles
Tightening scrub interval from 264 cycles to 132 cycles
Relaxing scrub interval from 132 cycles to 165 cycles
Relaxing scrub interval from 165 cycles to 206 cycles
Tightening scrub interval from 206 cycles to 103 cycles
Relaxing scrub interval from 103 cycles to 128 cycles
Relaxing scrub interval from 128 cycles to 160 cycles
Relaxing scrub interval from 160 cycles to 200 cycles
Relaxing scrub interval from 200 cycles to 250 cycles
Tightening scrub interval from 250 cycles to 125 cycles
Relaxing scrub interval from 125 cycles to 156 cycles
Relaxing scrub interval from 156 cycles to 195 cycles
Relaxing scrub interval from 195 cycles to 243 cycles
Relaxing scrub interval from 243 cycles to 303 cycles
Tightening scrub interval from 303 cycles to 151 cycles
Relaxing scrub interval from 151 cycles to 188 cycles
Relaxing scrub interval from 188 cycles to 235 cycles
Relaxing scrub interval from 235 cycles to 293 cycles
Relaxing scrub interval from 293 cycles to 366 cycles
Relaxing scrub interval from 366 cycles to 457 cycles
Relaxing scrub interval from 457 cycles to 571 cycles
Relaxing scrub interval from 571 cycles to 713 cycles
Relaxing scrub interval from 713 cycles to 891 cycles
Relaxing scrub interval from 891 cycles to 1113 cycles
Tightening scrub interval from 1113 cycles to 556 cycles
Relaxing scrub interval from 556 cycles to 695 cycles
Relaxing scrub interval from 695 cycles to 868 cycles
Relaxing scrub interval from 868 cycles to 1085 cycles
Tightening scrub interval from 1085 cycles to 542 cycles
Relaxing scrub interval from 542 cycles to 677 cycles
Tightening scrub interval from 677 cycles to 338 cycles
Relaxing scrub interval from 338 cycles to 422 cycles
Relaxing scrub interval from 422 cycles to 527 cycles
Tightening scrub interval from 527 cycles to 263 cycles
Tightening scrub interval from 263 cycles to 131 cycles
Relaxing scrub interval from 131 cycles to 163 cycles
Relaxing scrub interval from 163 cycles to 203 cycles
Relaxing scrub interval from 203 cycles to 253 cycles
Relaxing scrub interval from 253 cycles to 316 cycles
Relaxing scrub interval from 316 cycles to 395 cycles
Relaxing scrub interval from 395 cycles to 493 cycles
Relaxing scrub interval from 493 cycles to 616 cycles
Relaxing scrub interval from 616 cycles to 770 cycles
Relaxing scrub interval from 770 cycles to 962 cycles
Tightening scrub interval from 962 cycles to 481 cycles
Relaxing scrub interval from 481 cycles to 601 cycles
Tightening scrub interval from 601 cycles to 300 cycles
Tightening scrub interval from 300 cycles to 150 cycles
Relaxing scrub interval from 150 cycles to 187 cycles
Relaxing scrub interval from 187 cycles to 233 cycles
Tightening scrub interval from 233 cycles to 116 cycles
Tightening scrub interval from 116 cycles to 58 cycles
Relaxing scrub interval from 58 cycles to 72 cycles
Relaxing scrub interval from 72 cycles to 90 cycles
Relaxing scrub interval from 90 cycles to 112 cycles
Relaxing scrub interval from 112 cycles to 140 cycles
Relaxing scrub interval from 140 cycles to 175 cycles
Tightening scrub interval from 175 cycles to 87 cycles
Relaxing scrub interval from 87 cycles to 108 cycles
Relaxing scrub interval from 108 cycles to 135 cycles
Relaxing scrub interval from 135 cycles to 168 cycles
Relaxing scrub interval from 168 cycles to 210 cycles
Relaxing scrub interval from 210 cycles to 262 cycles
Relaxing scrub interval from 262 cycles to 327 cycles
Relaxing scrub interval from 327 cycles to 408 cycles
Relaxing scrub interval from 408 cycles to 510 cycles
Relaxing scrub interval from 510 cycles to 637 cycles
Relaxing scrub interval from 637 cycles to 796 cycles
Relaxing scrub interval from 796 cycles to 995 cycles
Tightening scrub interval from 995 cycles to 497 cycles
Tightening scrub interval from 497 cycles to 248 cycles
Relaxing scrub interval from 248 cycles to 310 cycles
Relaxing scrub interval from 310 cycles to 387 cycles
Tightening scrub interval from 387 cycles to 193 cycles
Relaxing scrub interval from 193 cycles to 241 cycles
Relaxing scrub interval from 241 cycles to 301 cycles
Relaxing scrub interval from 301 cycles to 376 cycles
Tightening scrub interval from 376 cycles to 188 cycles
Relaxing scrub interval from 188 cycles to 235 cycles
Tightening scrub interval from 235 cycles to 117 cycles
Relaxing scrub interval from 117 cycles to 146 cycles
Relaxing scrub interval from 146 cycles to 182 cycles
Relaxing scrub interval from 182 cycles to 227 cycles
Relaxing scrub interval from 227 cycles to 283 cycles
Tightening scrub interval from 283 cycles to 141 cycles
Relaxing scrub interval from 141 cycles to 176 cycles
Tightening scrub interval from 176 cycles to 88 cycles
Relaxing scrub interval from 88 cycles to 110 cycles
Relaxing scrub interval from 110 cycles to 137 cycles
Tightening scrub interval from 137 cycles to 68 cycles
Relaxing scrub interval from 68 cycles to 85 cycles
Relaxing scrub interval from 85 cycles to 106 cycles
Tightening scrub interval from 106 cycles to 53 cycles
Relaxing scrub interval from 53 cycles to 66 cycles
Relaxing scrub interval from 66 cycles to 82 cycles
Relaxing scrub interval from 82 cycles to 102 cycles
Tightening scrub interval from 102 cycles to 51 cycles
Relaxing scrub interval from 51 cycles to 63 cycles
Relaxing scrub interval from 63 cycles to 78 cycles
Relaxing scrub interval from 78 cycles to 97 cycles
Relaxing scrub interval from 97 cycles to 121 cycles
Relaxing scrub interval from 121 cycles to 151 cycles
Relaxing scrub interval from 151 cycles to 188 cycles
Relaxing scrub interval from 188 cycles to 235 cycles
Relaxing scrub interval from 235 cycles to 293 cycles
Relaxing scrub interval from 293 cycles to 366 cycles
Tightening scrub interval from 366 cycles to 183 cycles
Relaxing scrub interval from 183 cycles to 228 cycles
Relaxing scrub interval from 228 cycles to 285 cycles
Tightening scrub interval from 285 cycles to 142 cycles
Tightening scrub interval from 142 cycles to 71 cycles
Relaxing scrub interval from 71 cycles to 88 cycles
Relaxing scrub interval from 88 cycles to 110 cycles
Relaxing scrub interval from 110 cycles to 137 cycles
Relaxing scrub interval from 137 cycles to 171 cycles
Relaxing scrub interval from 171 cycles to 213 cycles
Tightening scrub interval from 213 cycles to 106 cycles
Relaxing scrub interval from 106 cycles to 132 cycles
Relaxing scrub interval from 132 cycles to 165 cycles
Relaxing scrub interval from 165 cycles to 206 cycles
Relaxing scrub interval from 206 cycles to 257 cycles
Relaxing scrub interval from 257 cycles to 321 cycles
Relaxing scrub interval from 321 cycles to 401 cycles
Relaxing scrub interval from 401 cycles to 501 cycles
Tightening scrub interval from 501 cycles to 250 cycles
Relaxing scrub interval from 250 cycles to 312 cycles
Relaxing scrub interval from 312 cycles to 390 cycles
Relaxing scrub interval from 390 cycles to 487 cycles
Tightening scrub interval from 487 cycles to 243 cycles
Relaxing scrub interval from 243 cycles to 303 cycles
Relaxing scrub interval from 303 cycles to 378 cycles
Relaxing scrub interval from 378 cycles to 472 cycles
Relaxing scrub interval from 472 cycles to 590 cycles
Relaxing scrub interval from 590 cycles to 737 cycles
Tightening scrub interval from 737 cycles to 368 cycles
Relaxing scrub interval from 368 cycles to 460 cycles
Relaxing scrub interval from 460 cycles to 575 cycles
Tightening scrub interval from 575 cycles to 287 cycles
Relaxing scrub interval from 287 cycles to 358 cycles
Relaxing scrub interval from 358 cycles to 447 cycles
Relaxing scrub interval from 447 cycles to 558 cycles
Relaxing scrub interval from 558 cycles to 697 cycles
Tightening scrub interval from 697 cycles to 348 cycles
Relaxing scrub interval from 348 cycles to 435 cycles
Relaxing scrub interval from 435 cycles to 543 cycles
Relaxing scrub interval from 543 cycles to 678 cycles
Relaxing scrub interval from 678 cycles to 847 cycles
Tightening scrub interval from 847 cycles to 423 cycles
Relaxing scrub interval from 423 cycles to 528 cycles
Tightening scrub interval from 528 cycles to 264 cycles
Relaxing scrub interval from 264 cycles to 330 cycles
Relaxing scrub interval from 330 cycles to 412 cycles
Relaxing scrub interval from 412 cycles to 515 cycles
Relaxing scrub interval from 515 cycles to 643 cycles
Tightening scrub interval from 643 cycles to 321 cycles
Relaxing scrub interval from 321 cycles to 401 cycles
Relaxing scrub interval from 401 cycles to 501 cycles
Tightening scrub interval from 501 cycles to 250 cycles
Relaxing scrub interval from 250 cycles to 312 cycles
Tightening scrub interval from 312 cycles to 156 cycles
Relaxing scrub interval from 156 cycles to 195 cycles
Relaxing scrub interval from 195 cycles to 243 cycles
Tightening scrub interval from 243 cycles to 121 cycles
Relaxing scrub interval from 121 cycles to 151 cycles
Relaxing scrub interval from 151 cycles to 188 cycles
Relaxing scrub interval from 188 cycles to 235 cycles
Relaxing scrub interval from 235 cycles to 293 cycles
Relaxing scrub interval from 293 cycles to 366 cycles
Relaxing scrub interval from 366 cycles to 457 cycles
Tightening scrub interval from 457 cycles to 228 cycles
Relaxing scrub interval from 228 cycles to 285 cycles
Relaxing scrub interval from 285 cycles to 356 cycles
Relaxing scrub interval from 356 cycles to 445 cycles
Relaxing scrub interval from 445 cycles to 556 cycles
Tightening scrub interval from 556 cycles to 278 cycles
Relaxing scrub interval from 278 cycles to 347 cycles
Tightening scrub interval from 347 cycles to 173 cycles
Tightening scrub interval from 173 cycles to 86 cycles
Relaxing scrub interval from 86 cycles to 107 cycles
Relaxing scrub interval from 107 cycles to 133 cycles
Relaxing scrub interval from 133 cycles to 166 cycles
Relaxing scrub interval from 166 cycles to 207 cycles
Relaxing scrub interval from 207 cycles to 258 cycles
Tightening scrub interval from 258 cycles to 129 cycles
Relaxing scrub interval from 129 cycles to 161 cycles
Relaxing scrub interval from 161 cycles to 201 cycles
Relaxing scrub interval from 201 cycles to 251 cycles
Relaxing scrub interval from 251 cycles to 313 cycles
Relaxing scrub interval from 313 cycles to 391 cycles
Relaxing scrub interval from 391 cycles to 488 cycles
Relaxing scrub interval from 488 cycles to 610 cycles
Relaxing scrub interval from 610 cycles to 762 cycles
Relaxing scrub interval from 762 cycles to 952 cycles
Tightening scrub interval from 952 cycles to 476 cycles
Relaxing scrub interval from 476 cycles to 595 cycles
Relaxing scrub interval from 595 cycles to 743 cycles
Tightening scrub interval from 743 cycles to 371 cycles
Relaxing scrub interval from 371 cycles to 463 cycles
Tightening scrub interval from 463 cycles to 231 cycles
Relaxing scrub interval from 231 cycles to 288 cycles
Relaxing scrub interval from 288 cycles to 360 cycles
Tightening scrub interval from 360 cycles to 180 cycles
Relaxing scrub interval from 180 cycles to 225 cycles
Relaxing scrub interval from 225 cycles to 281 cycles
Relaxing scrub interval from 281 cycles to 351 cycles
Relaxing scrub interval from 351 cycles to 438 cycles
Relaxing scrub interval from 438 cycles to 547 cycles
Relaxing scrub interval from 547 cycles to 683 cycles
Relaxing scrub interval from 683 cycles to 853 cycles
Relaxing scrub interval from 853 cycles to 1066 cycles
Tightening scrub interval from 1066 cycles to 533 cycles
Relaxing scrub interval from 533 cycles to 666 cycles
Tightening scrub interval from 666 cycles to 333 cycles
Relaxing scrub interval from 333 cycles to 416 cycles
Relaxing scrub interval from 416 cycles to 520 cycles
Tightening scrub interval from 520 cycles to 260 cycles
Relaxing scrub interval from 260 cycles to 325 cycles
Relaxing scrub interval from 325 cycles to 406 cycles
Tightening scrub interval from 406 cycles to 203 cycles
Tightening scrub interval from 203 cycles to 101 cycles
Relaxing scrub interval from 101 cycles to 126 cycles
Relaxing scrub interval from 126 cycles to 157 cycles
Relaxing scrub interval from 157 cycles to 196 cycles
Relaxing scrub interval from 196 cycles to 245 cycles
Relaxing scrub interval from 245 cycles to 306 cycles
Relaxing scrub interval from 306 cycles to 382 cycles
Tightening scrub interval from 382 cycles to 191 cycles
Relaxing scrub interval from 191 cycles to 238 cycles
Relaxing scrub interval from 238 cycles to 297 cycles
Relaxing scrub interval from 297 cycles to 371 cycles
Relaxing scrub interval from 371 cycles to 463 cycles
Tightening scrub interval from 463 cycles to 231 cycles
Relaxing scrub interval from 231 cycles to 288 cycles
Relaxing scrub interval from 288 cycles to 360 cycles
Relaxing scrub interval from 360 cycles to 450 cycles
Tightening scrub interval from 450 cycles to 225 cycles
Tightening scrub interval from 225 cycles to 112 cycles
Relaxing scrub interval from 112 cycles to 140 cycles
Relaxing scrub interval from 140 cycles to 175 cycles
Relaxing scrub interval from 175 cycles to 218 cycles
Tightening scrub interval from 218 cycles to 109 cycles
Relaxing scrub interval from 109 cycles to 136 cycles
Relaxing scrub interval from 136 cycles to 170 cycles
Relaxing scrub interval from 170 cycles to 212 cycles
Relaxing scrub interval from 212 cycles to 265 cycles
Tightening scrub interval from 265 cycles to 132 cycles
Relaxing scrub interval from 132 cycles to 165 cycles
Relaxing scrub interval from 165 cycles to 206 cycles
Tightening scrub interval from 206 cycles to 103 cycles
Relaxing scrub interval from 103 cycles to 128 cycles
Tightening scrub interval from 128 cycles to 64 cycles
Relaxing scrub interval from 64 cycles to 80 cycles
Relaxing scrub interval from 80 cycles to 100 cycles
Relaxing scrub interval from 100 cycles to 125 cycles
Tightening scrub interval from 125 cycles to 62 cycles
Relaxing scrub interval from 62 cycles to 77 cycles
Relaxing scrub interval from 77 cycles to 96 cycles
Relaxing scrub interval from 96 cycles to 120 cycles
Tightening scrub interval from 120 cycles to 60 cycles
Relaxing scrub interval from 60 cycles to 75 cycles
Relaxing scrub interval from 75 cycles to 93 cycles
Relaxing scrub interval from 93 cycles to 116 cycles
Relaxing scrub interval from 116 cycles to 145 cycles
Relaxing scrub interval from 145 cycles to 181 cycles
Relaxing scrub interval from 181 cycles to 226 cycles
Relaxing scrub interval from 226 cycles to 282 cycles
Relaxing scrub interval from 282 cycles to 352 cycles
Tightening scrub interval from 352 cycles to 176 cycles
Relaxing scrub interval from 176 cycles to 220 cycles
Relaxing scrub interval from 220 cycles to 275 cycles
Relaxing scrub interval from 275 cycles to 343 cycles
Tightening scrub interval from 343 cycles to 171 cycles
Relaxing scrub interval from 171 cycles to 213 cycles
Relaxing scrub interval from 213 cycles to 266 cycles
Relaxing scrub interval from 266 cycles to 332 cycles
Tightening scrub interval from 332 cycles to 166 cycles
Relaxing scrub interval from 166 cycles to 207 cycles
Relaxing scrub interval from 207 cycles to 258 cycles
Relaxing scrub interval from 258 cycles to 322 cycles
Relaxing scrub interval from 322 cycles to 402 cycles
Tightening scrub interval from 402 cycles to 201 cycles
Relaxing scrub interval from 201 cycles to 251 cycles
Tightening scrub interval from 251 cycles to 125 cycles
Relaxing scrub interval from 125 cycles to 156 cycles
Tightening scrub interval from 156 cycles to 78 cycles
Relaxing scrub interval from 78 cycles to 97 cycles
Relaxing scrub interval from 97 cycles to 121 cycles
Relaxing scrub interval from 121 cycles to 151 cycles
Relaxing scrub interval from 151 cycles to 188 cycles
Relaxing scrub interval from 188 cycles to 235 cycles
Relaxing scrub interval from 235 cycles to 293 cycles
Relaxing scrub interval from 293 cycles to 366 cycles
Tightening scrub interval from 366 cycles to 183 cycles
Relaxing scrub interval from 183 cycles to 228 cycles
Tightening scrub interval from 228 cycles to 114 cycles
Relaxing scrub interval from 114 cycles to 142 cycles
Relaxing scrub interval from 142 cycles to 177 cycles
Relaxing scrub interval from 177 cycles to 221 cycles
Tightening scrub interval from 221 cycles to 110 cycles
Tightening scrub interval from 110 cycles to 55 cycles
Relaxing scrub interval from 55 cycles to 68 cycles
Tightening scrub interval from 68 cycles to 34 cycles
Relaxing scrub interval from 34 cycles to 42 cycles
Relaxing scrub interval from 42 cycles to 52 cycles
Relaxing scrub interval from 52 cycles to 65 cycles
Relaxing scrub interval from 65 cycles to 81 cycles
Relaxing scrub interval from 81 cycles to 101 cycles
Relaxing scrub interval from 101 cycles to 126 cycles
Relaxing scrub interval from 126 cycles to 157 cycles
Relaxing scrub interval from 157 cycles to 196 cycles
Tightening scrub interval from 196 cycles to 98 cycles
Relaxing scrub interval from 98 cycles to 122 cycles
Relaxing scrub interval from 122 cycles to 152 cycles
Relaxing scrub interval from 152 cycles to 190 cycles
Relaxing scrub interval from 190 cycles to 237 cycles
Tightening scrub interval from 237 cycles to 118 cycles
Relaxing scrub interval from 118 cycles to 147 cycles
Relaxing scrub interval from 147 cycles to 183 cycles
Relaxing scrub interval from 183 cycles to 228 cycles
Relaxing scrub interval from 228 cycles to 285 cycles
Tightening scrub interval from 285 cycles to 142 cycles
Relaxing scrub interval from 142 cycles to 177 cycles
Relaxing scrub interval from 177 cycles to 221 cycles
Relaxing scrub interval from 221 cycles to 276 cycles
Relaxing scrub interval from 276 cycles to 345 cycles
Relaxing scrub interval from 345 cycles to 431 cycles
Tightening scrub interval from 431 cycles to 215 cycles
Relaxing scrub interval from 215 cycles to 268 cycles
Relaxing scrub interval from 268 cycles to 335 cycles
Tightening scrub interval from 335 cycles to 167 cycles
Tightening scrub interval from 167 cycles to 83 cycles
Relaxing scrub interval from 83 cycles to 103 cycles
Relaxing scrub interval from 103 cycles to 128 cycles
Relaxing scrub interval from 128 cycles to 160 cycles
Relaxing scrub interval from 160 cycles to 200 cycles
Relaxing scrub interval from 200 cycles to 250 cycles
Relaxing scrub interval from 250 cycles to 312 cycles
Relaxing scrub interval from 312 cycles to 390 cycles
Relaxing scrub interval from 390 cycles to 487 cycles
Tightening scrub interval from 487 cycles to 243 cycles
Relaxing scrub interval from 243 cycles to 303 cycles
Tightening scrub interval from 303 cycles to 151 cycles
Tightening scrub interval from 151 cycles to 75 cycles
Relaxing scrub interval from 75 cycles to 93 cycles
Relaxing scrub interval from 93 cycles to 116 cycles
Relaxing scrub interval from 116 cycles to 145 cycles
Relaxing scrub interval from 145 cycles to 181 cycles
Relaxing scrub interval from 181 cycles to 226 cycles
Relaxing scrub interval from 226 cycles to 282 cycles
Relaxing scrub interval from 282 cycles to 352 cycles
Relaxing scrub interval from 352 cycles to 440 cycles
Relaxing scrub interval from 440 cycles to 550 cycles
Relaxing scrub interval from 550 cycles to 687 cycles
Relaxing scrub interval from 687 cycles to 858 cycles
Tightening scrub interval from 858 cycles to 429 cycles
Tightening scrub interval from 429 cycles to 214 cycles
Relaxing scrub interval from 214 cycles to 267 cycles
Relaxing scrub interval from 267 cycles to 333 cycles
Relaxing scrub interval from 333 cycles to 416 cycles
Tightening scrub interval from 416 cycles to 208 cycles
Relaxing scrub interval from 208 cycles to 260 cycles
Tightening scrub interval from 260 cycles to 130 cycles
Relaxing scrub interval from 130 cycles to 162 cycles
Relaxing scrub interval from 162 cycles to 202 cycles
Relaxing scrub interval from 202 cycles to 252 cycles
Relaxing scrub interval from 252 cycles to 315 cycles
Relaxing scrub interval from 315 cycles to 393 cycles
Relaxing scrub interval from 393 cycles to 491 cycles
Tightening scrub interval from 491 cycles to 245 cycles
Relaxing scrub interval from 245 cycles to 306 cycles
Relaxing scrub interval from 306 cycles to 382 cycles
Tightening scrub interval from 382 cycles to 191 cycles
Tightening scrub interval from 191 cycles to 95 cycles
Relaxing scrub interval from 95 cycles to 118 cycles
Relaxing scrub interval from 118 cycles to 147 cycles
Relaxing scrub interval from 147 cycles to 183 cycles
Relaxing scrub interval from 183 cycles to 228 cycles
Relaxing scrub interval from 228 cycles to 285 cycles
Relaxing scrub interval from 285 cycles to 356 cycles
Tightening scrub interval from 356 cycles to 178 cycles
Relaxing scrub interval from 178 cycles to 222 cycles
Relaxing scrub interval from 222 cycles to 277 cycles
Tightening scrub interval from 277 cycles to 138 cycles
Tightening scrub interval from 138 cycles to 69 cycles
Relaxing scrub interval from 69 cycles to 86 cycles
Relaxing scrub interval from 86 cycles to 107 cycles
Relaxing scrub interval from 107 cycles to 133 cycles
Relaxing scrub interval from 133 cycles to 166 cycles
Relaxing scrub interval from 166 cycles to 207 cycles
Tightening scrub interval from 207 cycles to 103 cycles
Relaxing scrub interval from 103 cycles to 128 cycles
Relaxing scrub interval from 128 cycles to 160 cycles
Relaxing scrub interval from 160 cycles to 200 cycles
Tightening scrub interval from 200 cycles to 100 cycles
Relaxing scrub interval from 100 cycles to 125 cycles
Relaxing scrub interval from 125 cycles to 156 cycles
Relaxing scrub interval from 156 cycles to 195 cycles
Relaxing scrub interval from 195 cycles to 243 cycles
Relaxing scrub interval from 243 cycles to 303 cycles
Relaxing scrub interval from 303 cycles to 378 cycles
Relaxing scrub interval from 378 cycles to 472 cycles
Tightening scrub interval from 472 cycles to 236 cycles
Relaxing scrub interval from 236 cycles to 295 cycles
Tightening scrub interval from 295 cycles to 147 cycles
