warn: No dot file generated. Please install pydot to generate the dot file and pdf.
Scrubbing enabled with adaptive interval starting at 10 cycles, tightening factor 2, relax factor 1.25
src/arch/riscv/isa.cc:275: info: RVV enabled, VLEN = 256 bits, ELEN = 64 bits
src/arch/riscv/linux/se_workload.cc:60: warn: Unknown operating system; assuming Linux.
src/base/statistics.hh:279: warn: One of the stats is a legacy stat. Legacy stat is a stat that does not belong to any statistics::Group. Legacy stat is deprecated.
src/base/remote_gdb.cc:418: warn: Sockets disabled, not accepting gdb connections
src/sim/simulate.cc:199: info: Entering event queue @ 0.  Starting simulation...
Relaxing scrub interval from 10 cycles to 12 cycles
Relaxing scrub interval from 12 cycles to 15 cycles
Relaxing scrub interval from 15 cycles to 18 cycles
Relaxing scrub interval from 18 cycles to 22 cycles
Relaxing scrub interval from 22 cycles to 27 cycles
Relaxing scrub interval from 27 cycles to 33 cycles
Relaxing scrub interval from 33 cycles to 41 cycles
Relaxing scrub interval from 41 cycles to 51 cycles
Relaxing scrub interval from 51 cycles to 63 cycles
Relaxing scrub interval from 63 cycles to 78 cycles
Relaxing scrub interval from 78 cycles to 97 cycles
Relaxing scrub interval from 97 cycles to 121 cycles
Relaxing scrub interval from 121 cycles to 151 cycles
Relaxing scrub interval from 151 cycles to 188 cycles
Relaxing scrub interval from 188 cycles to 235 cycles
Relaxing scrub interval from 235 cycles to 293 cycles
Relaxing scrub interval from 293 cycles to 366 cycles
Relaxing scrub interval from 366 cycles to 457 cycles
Relaxing scrub interval from 457 cycles to 571 cycles
Relaxing scrub interval from 571 cycles to 713 cycles
Relaxing scrub interval from 713 cycles to 891 cycles
Relaxing scrub interval from 891 cycles to 1113 cycles
Relaxing scrub interval from 1113 cycles to 1391 cycles
Relaxing scrub interval from 1391 cycles to 1738 cycles
Relaxing scrub interval from 1738 cycles to 2172 cycles
Relaxing scrub interval from 2172 cycles to 2715 cycles
Relaxing scrub interval from 2715 cycles to 3393 cycles
Relaxing scrub interval from 3393 cycles to 4241 cycles
Relaxing scrub interval from 4241 cycles to 5301 cycles
Relaxing scrub interval from 5301 cycles to 6626 cycles
Relaxing scrub interval from 6626 cycles to 8282 cycles
Relaxing scrub interval from 8282 cycles to 10352 cycles
Relaxing scrub interval from 10352 cycles to 12940 cycles
Tightening scrub interval from 12940 cycles to 6470 cycles
Tightening scrub interval from 6470 cycles to 3235 cycles
Tightening scrub interval from 3235 cycles to 1617 cycles
Tightening scrub interval from 1617 cycles to 808 cycles
Tightening scrub interval from 808 cycles to 404 cycles
Relaxing scrub interval from 404 cycles to 505 cycles
Relaxing scrub interval from 505 cycles to 631 cycles
Relaxing scrub interval from 631 cycles to 788 cycles
Tightening scrub interval from 788 cycles to 394 cycles
Relaxing scrub interval from 394 cycles to 492 cycles
Relaxing scrub interval from 492 cycles to 615 cycles
Relaxing scrub interval from 615 cycles to 768 cycles
Relaxing scrub interval from 768 cycles to 960 cycles
Tightening scrub interval from 960 cycles to 480 cycles
Tightening scrub interval from 480 cycles to 240 cycles
Relaxing scrub interval from 240 cycles to 300 cycles
Relaxing scrub interval from 300 cycles to 375 cycles
Relaxing scrub interval from 375 cycles to 468 cycles
Tightening scrub interval from 468 cycles to 234 cycles
Tightening scrub interval from 234 cycles to 117 cycles
Tightening scrub interval from 117 cycles to 58 cycles
Relaxing scrub interval from 58 cycles to 72 cycles
Relaxing scrub interval from 72 cycles to 90 cycles
Tightening scrub interval from 90 cycles to 45 cycles
Relaxing scrub interval from 45 cycles to 56 cycles
Relaxing scrub interval from 56 cycles to 70 cycles
Relaxing scrub interval from 70 cycles to 87 cycles
Relaxing scrub interval from 87 cycles to 108 cycles
Relaxing scrub interval from 108 cycles to 135 cycles
Relaxing scrub interval from 135 cycles to 168 cycles
Relaxing scrub interval from 168 cycles to 210 cycles
Relaxing scrub interval from 210 cycles to 262 cycles
Relaxing scrub interval from 262 cycles to 327 cycles
Relaxing scrub interval from 327 cycles to 408 cycles
Relaxing scrub interval from 408 cycles to 510 cycles
Tightening scrub interval from 510 cycles to 255 cycles
Relaxing scrub interval from 255 cycles to 318 cycles
Relaxing scrub interval from 318 cycles to 397 cycles
Tightening scrub interval from 397 cycles to 198 cycles
Tightening scrub interval from 198 cycles to 99 cycles
Relaxing scrub interval from 99 cycles to 123 cycles
Tightening scrub interval from 123 cycles to 61 cycles
Relaxing scrub interval from 61 cycles to 76 cycles
Relaxing scrub interval from 76 cycles to 95 cycles
Relaxing scrub interval from 95 cycles to 118 cycles
Relaxing scrub interval from 118 cycles to 147 cycles
Relaxing scrub interval from 147 cycles to 183 cycles
Relaxing scrub interval from 183 cycles to 228 cycles
Relaxing scrub interval from 228 cycles to 285 cycles
Relaxing scrub interval from 285 cycles to 356 cycles
Relaxing scrub interval from 356 cycles to 445 cycles
Relaxing scrub interval from 445 cycles to 556 cycles
Relaxing scrub interval from 556 cycles to 695 cycles
Tightening scrub interval from 695 cycles to 347 cycles
Relaxing scrub interval from 347 cycles to 433 cycles
Relaxing scrub interval from 433 cycles to 541 cycles
Relaxing scrub interval from 541 cycles to 676 cycles
Relaxing scrub interval from 676 cycles to 845 cycles
Relaxing scrub interval from 845 cycles to 1056 cycles
Tightening scrub interval from 1056 cycles to 528 cycles
Relaxing scrub interval from 528 cycles to 660 cycles
Tightening scrub interval from 660 cycles to 330 cycles
Tightening scrub interval from 330 cycles to 165 cycles
Relaxing scrub interval from 165 cycles to 206 cycles
Relaxing scrub interval from 206 cycles to 257 cycles
Tightening scrub interval from 257 cycles to 128 cycles
Relaxing scrub interval from 128 cycles to 160 cycles
Relaxing scrub interval from 160 cycles to 200 cycles
Relaxing scrub interval from 200 cycles to 250 cycles
Relaxing scrub interval from 250 cycles to 312 cycles
Tightening scrub interval from 312 cycles to 156 cycles
Tightening scrub interval from 156 cycles to 78 cycles
Relaxing scrub interval from 78 cycles to 97 cycles
Relaxing scrub interval from 97 cycles to 121 cycles
Relaxing scrub interval from 121 cycles to 151 cycles
Tightening scrub interval from 151 cycles to 75 cycles
