warn: No dot file generated. Please install pydot to generate the dot file and pdf.
Scrubbing enabled with adaptive interval starting at 10 cycles, tightening factor 2, relax factor 1.25
src/arch/riscv/isa.cc:275: info: RVV enabled, VLEN = 256 bits, ELEN = 64 bits
src/arch/riscv/linux/se_workload.cc:60: warn: Unknown operating system; assuming Linux.
src/base/statistics.hh:279: warn: One of the stats is a legacy stat. Legacy stat is a stat that does not belong to any statistics::Group. Legacy stat is deprecated.
src/base/remote_gdb.cc:418: warn: Sockets disabled, not accepting gdb connections
src/sim/simulate.cc:199: info: Entering event queue @ 0.  Starting simulation...
Relaxing scrub interval from 10 cycles to 12 cycles
Relaxing scrub interval from 12 cycles to 15 cycles
Relaxing scrub interval from 15 cycles to 18 cycles
Relaxing scrub interval from 18 cycles to 22 cycles
Relaxing scrub interval from 22 cycles to 27 cycles
Relaxing scrub interval from 27 cycles to 33 cycles
Relaxing scrub interval from 33 cycles to 41 cycles
Relaxing scrub interval from 41 cycles to 51 cycles
Relaxing scrub interval from 51 cycles to 63 cycles
Relaxing scrub interval from 63 cycles to 78 cycles
Relaxing scrub interval from 78 cycles to 97 cycles
Relaxing scrub interval from 97 cycles to 121 cycles
Relaxing scrub interval from 121 cycles to 151 cycles
Relaxing scrub interval from 151 cycles to 188 cycles
Relaxing scrub interval from 188 cycles to 235 cycles
Relaxing scrub interval from 235 cycles to 293 cycles
Relaxing scrub interval from 293 cycles to 366 cycles
Relaxing scrub interval from 366 cycles to 457 cycles
Relaxing scrub interval from 457 cycles to 571 cycles
Relaxing scrub interval from 571 cycles to 713 cycles
Relaxing scrub interval from 713 cycles to 891 cycles
Relaxing scrub interval from 891 cycles to 1113 cycles
Relaxing scrub interval from 1113 cycles to 1391 cycles
Relaxing scrub interval from 1391 cycles to 1738 cycles
Relaxing scrub interval from 1738 cycles to 2172 cycles
Relaxing scrub interval from 2172 cycles to 2715 cycles
Relaxing scrub interval from 2715 cycles to 3393 cycles
Relaxing scrub interval from 3393 cycles to 4241 cycles
Relaxing scrub interval from 4241 cycles to 5301 cycles
Relaxing scrub interval from 5301 cycles to 6626 cycles
Relaxing scrub interval from 6626 cycles to 8282 cycles
Relaxing scrub interval from 8282 cycles to 10352 cycles
Relaxing scrub interval from 10352 cycles to 12940 cycles
Tightening scrub interval from 12940 cycles to 6470 cycles
Tightening scrub interval from 6470 cycles to 3235 cycles
Tightening scrub interval from 3235 cycles to 1617 cycles
Relaxing scrub interval from 1617 cycles to 2021 cycles
Tightening scrub interval from 2021 cycles to 1010 cycles
Tightening scrub interval from 1010 cycles to 505 cycles
Tightening scrub interval from 505 cycles to 252 cycles
Relaxing scrub interval from 252 cycles to 315 cycles
Tightening scrub interval from 315 cycles to 157 cycles
Relaxing scrub interval from 157 cycles to 196 cycles
Relaxing scrub interval from 196 cycles to 245 cycles
Tightening scrub interval from 245 cycles to 122 cycles
Relaxing scrub interval from 122 cycles to 152 cycles
Relaxing scrub interval from 152 cycles to 190 cycles
Relaxing scrub interval from 190 cycles to 237 cycles
Relaxing scrub interval from 237 cycles to 296 cycles
Relaxing scrub interval from 296 cycles to 370 cycles
Relaxing scrub interval from 370 cycles to 462 cycles
Tightening scrub interval from 462 cycles to 231 cycles
Relaxing scrub interval from 231 cycles to 288 cycles
Tightening scrub interval from 288 cycles to 144 cycles
Relaxing scrub interval from 144 cycles to 180 cycles
Relaxing scrub interval from 180 cycles to 225 cycles
Relaxing scrub interval from 225 cycles to 281 cycles
Relaxing scrub interval from 281 cycles to 351 cycles
Relaxing scrub interval from 351 cycles to 438 cycles
Relaxing scrub interval from 438 cycles to 547 cycles
Relaxing scrub interval from 547 cycles to 683 cycles
Relaxing scrub interval from 683 cycles to 853 cycles
Relaxing scrub interval from 853 cycles to 1066 cycles
Relaxing scrub interval from 1066 cycles to 1332 cycles
Relaxing scrub interval from 1332 cycles to 1665 cycles
Tightening scrub interval from 1665 cycles to 832 cycles
Tightening scrub interval from 832 cycles to 416 cycles
Relaxing scrub interval from 416 cycles to 520 cycles
Relaxing scrub interval from 520 cycles to 650 cycles
Relaxing scrub interval from 650 cycles to 812 cycles
Tightening scrub interval from 812 cycles to 406 cycles
Relaxing scrub interval from 406 cycles to 507 cycles
Relaxing scrub interval from 507 cycles to 633 cycles
Relaxing scrub interval from 633 cycles to 791 cycles
Tightening scrub interval from 791 cycles to 395 cycles
Relaxing scrub interval from 395 cycles to 493 cycles
Tightening scrub interval from 493 cycles to 246 cycles
Relaxing scrub interval from 246 cycles to 307 cycles
Relaxing scrub interval from 307 cycles to 383 cycles
Relaxing scrub interval from 383 cycles to 478 cycles
Relaxing scrub interval from 478 cycles to 597 cycles
Tightening scrub interval from 597 cycles to 298 cycles
Relaxing scrub interval from 298 cycles to 372 cycles
Relaxing scrub interval from 372 cycles to 465 cycles
Tightening scrub interval from 465 cycles to 232 cycles
Relaxing scrub interval from 232 cycles to 290 cycles
Relaxing scrub interval from 290 cycles to 362 cycles
Relaxing scrub interval from 362 cycles to 452 cycles
Relaxing scrub interval from 452 cycles to 565 cycles
Relaxing scrub interval from 565 cycles to 706 cycles
Relaxing scrub interval from 706 cycles to 882 cycles
Tightening scrub interval from 882 cycles to 441 cycles
Relaxing scrub interval from 441 cycles to 551 cycles
Tightening scrub interval from 551 cycles to 275 cycles
Relaxing scrub interval from 275 cycles to 343 cycles
Tightening scrub interval from 343 cycles to 171 cycles
Relaxing scrub interval from 171 cycles to 213 cycles
Relaxing scrub interval from 213 cycles to 266 cycles
Relaxing scrub interval from 266 cycles to 332 cycles
Relaxing scrub interval from 332 cycles to 415 cycles
Relaxing scrub interval from 415 cycles to 518 cycles
Relaxing scrub interval from 518 cycles to 647 cycles
Tightening scrub interval from 647 cycles to 323 cycles
Relaxing scrub interval from 323 cycles to 403 cycles
Relaxing scrub interval from 403 cycles to 503 cycles
Relaxing scrub interval from 503 cycles to 628 cycles
Relaxing scrub interval from 628 cycles to 785 cycles
Relaxing scrub interval from 785 cycles to 981 cycles
Tightening scrub interval from 981 cycles to 490 cycles
Tightening scrub interval from 490 cycles to 245 cycles
Relaxing scrub interval from 245 cycles to 306 cycles
Relaxing scrub interval from 306 cycles to 382 cycles
Relaxing scrub interval from 382 cycles to 477 cycles
Relaxing scrub interval from 477 cycles to 596 cycles
Relaxing scrub interval from 596 cycles to 745 cycles
Tightening scrub interval from 745 cycles to 372 cycles
Relaxing scrub interval from 372 cycles to 465 cycles
Relaxing scrub interval from 465 cycles to 581 cycles
Tightening scrub interval from 581 cycles to 290 cycles
Relaxing scrub interval from 290 cycles to 362 cycles
Tightening scrub interval from 362 cycles to 181 cycles
Relaxing scrub interval from 181 cycles to 226 cycles
Relaxing scrub interval from 226 cycles to 282 cycles
Tightening scrub interval from 282 cycles to 141 cycles
Relaxing scrub interval from 141 cycles to 176 cycles
Tightening scrub interval from 176 cycles to 88 cycles
Relaxing scrub interval from 88 cycles to 110 cycles
Relaxing scrub interval from 110 cycles to 137 cycles
Relaxing scrub interval from 137 cycles to 171 cycles
Relaxing scrub interval from 171 cycles to 213 cycles
Relaxing scrub interval from 213 cycles to 266 cycles
Relaxing scrub interval from 266 cycles to 332 cycles
Relaxing scrub interval from 332 cycles to 415 cycles
Relaxing scrub interval from 415 cycles to 518 cycles
Relaxing scrub interval from 518 cycles to 647 cycles
Relaxing scrub interval from 647 cycles to 808 cycles
Relaxing scrub interval from 808 cycles to 1010 cycles
Tightening scrub interval from 1010 cycles to 505 cycles
Relaxing scrub interval from 505 cycles to 631 cycles
Relaxing scrub interval from 631 cycles to 788 cycles
Relaxing scrub interval from 788 cycles to 985 cycles
Tightening scrub interval from 985 cycles to 492 cycles
Relaxing scrub interval from 492 cycles to 615 cycles
Tightening scrub interval from 615 cycles to 307 cycles
Relaxing scrub interval from 307 cycles to 383 cycles
Relaxing scrub interval from 383 cycles to 478 cycles
Relaxing scrub interval from 478 cycles to 597 cycles
Relaxing scrub interval from 597 cycles to 746 cycles
Tightening scrub interval from 746 cycles to 373 cycles
Relaxing scrub interval from 373 cycles to 466 cycles
Relaxing scrub interval from 466 cycles to 582 cycles
Tightening scrub interval from 582 cycles to 291 cycles
Relaxing scrub interval from 291 cycles to 363 cycles
Tightening scrub interval from 363 cycles to 181 cycles
Relaxing scrub interval from 181 cycles to 226 cycles
Relaxing scrub interval from 226 cycles to 282 cycles
Relaxing scrub interval from 282 cycles to 352 cycles
Relaxing scrub interval from 352 cycles to 440 cycles
Relaxing scrub interval from 440 cycles to 550 cycles
Tightening scrub interval from 550 cycles to 275 cycles
Relaxing scrub interval from 275 cycles to 343 cycles
Relaxing scrub interval from 343 cycles to 428 cycles
Relaxing scrub interval from 428 cycles to 535 cycles
Relaxing scrub interval from 535 cycles to 668 cycles
Tightening scrub interval from 668 cycles to 334 cycles
Relaxing scrub interval from 334 cycles to 417 cycles
Relaxing scrub interval from 417 cycles to 521 cycles
Tightening scrub interval from 521 cycles to 260 cycles
Relaxing scrub interval from 260 cycles to 325 cycles
Relaxing scrub interval from 325 cycles to 406 cycles
Tightening scrub interval from 406 cycles to 203 cycles
Relaxing scrub interval from 203 cycles to 253 cycles
Relaxing scrub interval from 253 cycles to 316 cycles
Tightening scrub interval from 316 cycles to 158 cycles
Relaxing scrub interval from 158 cycles to 197 cycles
Relaxing scrub interval from 197 cycles to 246 cycles
Tightening scrub interval from 246 cycles to 123 cycles
Relaxing scrub interval from 123 cycles to 153 cycles
Relaxing scrub interval from 153 cycles to 191 cycles
Relaxing scrub interval from 191 cycles to 238 cycles
Relaxing scrub interval from 238 cycles to 297 cycles
Relaxing scrub interval from 297 cycles to 371 cycles
Relaxing scrub interval from 371 cycles to 463 cycles
Tightening scrub interval from 463 cycles to 231 cycles
Relaxing scrub interval from 231 cycles to 288 cycles
Relaxing scrub interval from 288 cycles to 360 cycles
Relaxing scrub interval from 360 cycles to 450 cycles
Relaxing scrub interval from 450 cycles to 562 cycles
Relaxing scrub interval from 562 cycles to 702 cycles
Tightening scrub interval from 702 cycles to 351 cycles
Tightening scrub interval from 351 cycles to 175 cycles
Relaxing scrub interval from 175 cycles to 218 cycles
Relaxing scrub interval from 218 cycles to 272 cycles
Relaxing scrub interval from 272 cycles to 340 cycles
Relaxing scrub interval from 340 cycles to 425 cycles
Relaxing scrub interval from 425 cycles to 531 cycles
Tightening scrub interval from 531 cycles to 265 cycles
Relaxing scrub interval from 265 cycles to 331 cycles
Relaxing scrub interval from 331 cycles to 413 cycles
Relaxing scrub interval from 413 cycles to 516 cycles
Tightening scrub interval from 516 cycles to 258 cycles
Tightening scrub interval from 258 cycles to 129 cycles
Relaxing scrub interval from 129 cycles to 161 cycles
Relaxing scrub interval from 161 cycles to 201 cycles
Tightening scrub interval from 201 cycles to 100 cycles
Tightening scrub interval from 100 cycles to 50 cycles
Relaxing scrub interval from 50 cycles to 62 cycles
Relaxing scrub interval from 62 cycles to 77 cycles
Relaxing scrub interval from 77 cycles to 96 cycles
Tightening scrub interval from 96 cycles to 48 cycles
Relaxing scrub interval from 48 cycles to 60 cycles
Relaxing scrub interval from 60 cycles to 75 cycles
Relaxing scrub interval from 75 cycles to 93 cycles
Relaxing scrub interval from 93 cycles to 116 cycles
Relaxing scrub interval from 116 cycles to 145 cycles
Relaxing scrub interval from 145 cycles to 181 cycles
Relaxing scrub interval from 181 cycles to 226 cycles
Relaxing scrub interval from 226 cycles to 282 cycles
Relaxing scrub interval from 282 cycles to 352 cycles
Relaxing scrub interval from 352 cycles to 440 cycles
Relaxing scrub interval from 440 cycles to 550 cycles
Tightening scrub interval from 550 cycles to 275 cycles
Relaxing scrub interval from 275 cycles to 343 cycles
Relaxing scrub interval from 343 cycles to 428 cycles
Relaxing scrub interval from 428 cycles to 535 cycles
Tightening scrub interval from 535 cycles to 267 cycles
Relaxing scrub interval from 267 cycles to 333 cycles
Tightening scrub interval from 333 cycles to 166 cycles
Relaxing scrub interval from 166 cycles to 207 cycles
Relaxing scrub interval from 207 cycles to 258 cycles
Relaxing scrub interval from 258 cycles to 322 cycles
Relaxing scrub interval from 322 cycles to 402 cycles
Tightening scrub interval from 402 cycles to 201 cycles
Tightening scrub interval from 201 cycles to 100 cycles
Relaxing scrub interval from 100 cycles to 125 cycles
Tightening scrub interval from 125 cycles to 62 cycles
Relaxing scrub interval from 62 cycles to 77 cycles
Relaxing scrub interval from 77 cycles to 96 cycles
Relaxing scrub interval from 96 cycles to 120 cycles
Tightening scrub interval from 120 cycles to 60 cycles
Relaxing scrub interval from 60 cycles to 75 cycles
Relaxing scrub interval from 75 cycles to 93 cycles
Relaxing scrub interval from 93 cycles to 116 cycles
Relaxing scrub interval from 116 cycles to 145 cycles
Tightening scrub interval from 145 cycles to 72 cycles
Relaxing scrub interval from 72 cycles to 90 cycles
Relaxing scrub interval from 90 cycles to 112 cycles
Relaxing scrub interval from 112 cycles to 140 cycles
Tightening scrub interval from 140 cycles to 70 cycles
Relaxing scrub interval from 70 cycles to 87 cycles
Relaxing scrub interval from 87 cycles to 108 cycles
Relaxing scrub interval from 108 cycles to 135 cycles
Relaxing scrub interval from 135 cycles to 168 cycles
Relaxing scrub interval from 168 cycles to 210 cycles
Relaxing scrub interval from 210 cycles to 262 cycles
Relaxing scrub interval from 262 cycles to 327 cycles
Relaxing scrub interval from 327 cycles to 408 cycles
Relaxing scrub interval from 408 cycles to 510 cycles
Tightening scrub interval from 510 cycles to 255 cycles
Relaxing scrub interval from 255 cycles to 318 cycles
Relaxing scrub interval from 318 cycles to 397 cycles
Relaxing scrub interval from 397 cycles to 496 cycles
Relaxing scrub interval from 496 cycles to 620 cycles
Tightening scrub interval from 620 cycles to 310 cycles
Relaxing scrub interval from 310 cycles to 387 cycles
Relaxing scrub interval from 387 cycles to 483 cycles
Tightening scrub interval from 483 cycles to 241 cycles
Relaxing scrub interval from 241 cycles to 301 cycles
Relaxing scrub interval from 301 cycles to 376 cycles
Relaxing scrub interval from 376 cycles to 470 cycles
Relaxing scrub interval from 470 cycles to 587 cycles
Tightening scrub interval from 587 cycles to 293 cycles
Tightening scrub interval from 293 cycles to 146 cycles
Relaxing scrub interval from 146 cycles to 182 cycles
Tightening scrub interval from 182 cycles to 91 cycles
Relaxing scrub interval from 91 cycles to 113 cycles
Tightening scrub interval from 113 cycles to 56 cycles
Relaxing scrub interval from 56 cycles to 70 cycles
Relaxing scrub interval from 70 cycles to 87 cycles
Relaxing scrub interval from 87 cycles to 108 cycles
Relaxing scrub interval from 108 cycles to 135 cycles
Relaxing scrub interval from 135 cycles to 168 cycles
Relaxing scrub interval from 168 cycles to 210 cycles
Relaxing scrub interval from 210 cycles to 262 cycles
Relaxing scrub interval from 262 cycles to 327 cycles
Relaxing scrub interval from 327 cycles to 408 cycles
Relaxing scrub interval from 408 cycles to 510 cycles
Relaxing scrub interval from 510 cycles to 637 cycles
Relaxing scrub interval from 637 cycles to 796 cycles
Tightening scrub interval from 796 cycles to 398 cycles
Tightening scrub interval from 398 cycles to 199 cycles
Relaxing scrub interval from 199 cycles to 248 cycles
Relaxing scrub interval from 248 cycles to 310 cycles
Relaxing scrub interval from 310 cycles to 387 cycles
Relaxing scrub interval from 387 cycles to 483 cycles
Relaxing scrub interval from 483 cycles to 603 cycles
Tightening scrub interval from 603 cycles to 301 cycles
Relaxing scrub interval from 301 cycles to 376 cycles
Tightening scrub interval from 376 cycles to 188 cycles
Relaxing scrub interval from 188 cycles to 235 cycles
Relaxing scrub interval from 235 cycles to 293 cycles
Relaxing scrub interval from 293 cycles to 366 cycles
Relaxing scrub interval from 366 cycles to 457 cycles
Relaxing scrub interval from 457 cycles to 571 cycles
Tightening scrub interval from 571 cycles to 285 cycles
Relaxing scrub interval from 285 cycles to 356 cycles
Relaxing scrub interval from 356 cycles to 445 cycles
Tightening scrub interval from 445 cycles to 222 cycles
Relaxing scrub interval from 222 cycles to 277 cycles
Relaxing scrub interval from 277 cycles to 346 cycles
Tightening scrub interval from 346 cycles to 173 cycles
Relaxing scrub interval from 173 cycles to 216 cycles
Relaxing scrub interval from 216 cycles to 270 cycles
Relaxing scrub interval from 270 cycles to 337 cycles
Tightening scrub interval from 337 cycles to 168 cycles
Relaxing scrub interval from 168 cycles to 210 cycles
Relaxing scrub interval from 210 cycles to 262 cycles
Relaxing scrub interval from 262 cycles to 327 cycles
Relaxing scrub interval from 327 cycles to 408 cycles
Tightening scrub interval from 408 cycles to 204 cycles
Relaxing scrub interval from 204 cycles to 255 cycles
Relaxing scrub interval from 255 cycles to 318 cycles
Relaxing scrub interval from 318 cycles to 397 cycles
Relaxing scrub interval from 397 cycles to 496 cycles
Relaxing scrub interval from 496 cycles to 620 cycles
Relaxing scrub interval from 620 cycles to 775 cycles
Relaxing scrub interval from 775 cycles to 968 cycles
Tightening scrub interval from 968 cycles to 484 cycles
Tightening scrub interval from 484 cycles to 242 cycles
Relaxing scrub interval from 242 cycles to 302 cycles
Relaxing scrub interval from 302 cycles to 377 cycles
Relaxing scrub interval from 377 cycles to 471 cycles
Relaxing scrub interval from 471 cycles to 588 cycles
Relaxing scrub interval from 588 cycles to 735 cycles
Relaxing scrub interval from 735 cycles to 918 cycles
Tightening scrub interval from 918 cycles to 459 cycles
Relaxing scrub interval from 459 cycles to 573 cycles
Tightening scrub interval from 573 cycles to 286 cycles
Relaxing scrub interval from 286 cycles to 357 cycles
Relaxing scrub interval from 357 cycles to 446 cycles
Relaxing scrub interval from 446 cycles to 557 cycles
Relaxing scrub interval from 557 cycles to 696 cycles
Relaxing scrub interval from 696 cycles to 870 cycles
Tightening scrub interval from 870 cycles to 435 cycles
Tightening scrub interval from 435 cycles to 217 cycles
Relaxing scrub interval from 217 cycles to 271 cycles
Relaxing scrub interval from 271 cycles to 338 cycles
Relaxing scrub interval from 338 cycles to 422 cycles
Tightening scrub interval from 422 cycles to 211 cycles
Relaxing scrub interval from 211 cycles to 263 cycles
Tightening scrub interval from 263 cycles to 131 cycles
Tightening scrub interval from 131 cycles to 65 cycles
Relaxing scrub interval from 65 cycles to 81 cycles
Relaxing scrub interval from 81 cycles to 101 cycles
Tightening scrub interval from 101 cycles to 50 cycles
Relaxing scrub interval from 50 cycles to 62 cycles
Relaxing scrub interval from 62 cycles to 77 cycles
Relaxing scrub interval from 77 cycles to 96 cycles
Relaxing scrub interval from 96 cycles to 120 cycles
Relaxing scrub interval from 120 cycles to 150 cycles
Relaxing scrub interval from 150 cycles to 187 cycles
Relaxing scrub interval from 187 cycles to 233 cycles
Relaxing scrub interval from 233 cycles to 291 cycles
Relaxing scrub interval from 291 cycles to 363 cycles
Relaxing scrub interval from 363 cycles to 453 cycles
Tightening scrub interval from 453 cycles to 226 cycles
Relaxing scrub interval from 226 cycles to 282 cycles
Relaxing scrub interval from 282 cycles to 352 cycles
Tightening scrub interval from 352 cycles to 176 cycles
Relaxing scrub interval from 176 cycles to 220 cycles
Relaxing scrub interval from 220 cycles to 275 cycles
Relaxing scrub interval from 275 cycles to 343 cycles
Tightening scrub interval from 343 cycles to 171 cycles
Relaxing scrub interval from 171 cycles to 213 cycles
Tightening scrub interval from 213 cycles to 106 cycles
Relaxing scrub interval from 106 cycles to 132 cycles
Tightening scrub interval from 132 cycles to 66 cycles
Relaxing scrub interval from 66 cycles to 82 cycles
Tightening scrub interval from 82 cycles to 41 cycles
Tightening scrub interval from 41 cycles to 20 cycles
Relaxing scrub interval from 20 cycles to 25 cycles
Relaxing scrub interval from 25 cycles to 31 cycles
Relaxing scrub interval from 31 cycles to 38 cycles
Relaxing scrub interval from 38 cycles to 47 cycles
Relaxing scrub interval from 47 cycles to 58 cycles
Relaxing scrub interval from 58 cycles to 72 cycles
Relaxing scrub interval from 72 cycles to 90 cycles
Relaxing scrub interval from 90 cycles to 112 cycles
Relaxing scrub interval from 112 cycles to 140 cycles
Relaxing scrub interval from 140 cycles to 175 cycles
Relaxing scrub interval from 175 cycles to 218 cycles
Relaxing scrub interval from 218 cycles to 272 cycles
Relaxing scrub interval from 272 cycles to 340 cycles
Relaxing scrub interval from 340 cycles to 425 cycles
Relaxing scrub interval from 425 cycles to 531 cycles
Tightening scrub interval from 531 cycles to 265 cycles
Relaxing scrub interval from 265 cycles to 331 cycles
Relaxing scrub interval from 331 cycles to 413 cycles
Relaxing scrub interval from 413 cycles to 516 cycles
Tightening scrub interval from 516 cycles to 258 cycles
Tightening scrub interval from 258 cycles to 129 cycles
Relaxing scrub interval from 129 cycles to 161 cycles
Relaxing scrub interval from 161 cycles to 201 cycles
Relaxing scrub interval from 201 cycles to 251 cycles
Tightening scrub interval from 251 cycles to 125 cycles
Tightening scrub interval from 125 cycles to 62 cycles
Relaxing scrub interval from 62 cycles to 77 cycles
Relaxing scrub interval from 77 cycles to 96 cycles
Relaxing scrub interval from 96 cycles to 120 cycles
Relaxing scrub interval from 120 cycles to 150 cycles
Tightening scrub interval from 150 cycles to 75 cycles
Tightening scrub interval from 75 cycles to 37 cycles
Relaxing scrub interval from 37 cycles to 46 cycles
Relaxing scrub interval from 46 cycles to 57 cycles
Relaxing scrub interval from 57 cycles to 71 cycles
Relaxing scrub interval from 71 cycles to 88 cycles
Relaxing scrub interval from 88 cycles to 110 cycles
Relaxing scrub interval from 110 cycles to 137 cycles
Relaxing scrub interval from 137 cycles to 171 cycles
Relaxing scrub interval from 171 cycles to 213 cycles
Relaxing scrub interval from 213 cycles to 266 cycles
Relaxing scrub interval from 266 cycles to 332 cycles
Relaxing scrub interval from 332 cycles to 415 cycles
Relaxing scrub interval from 415 cycles to 518 cycles
Relaxing scrub interval from 518 cycles to 647 cycles
Relaxing scrub interval from 647 cycles to 808 cycles
Tightening scrub interval from 808 cycles to 404 cycles
Tightening scrub interval from 404 cycles to 202 cycles
Relaxing scrub interval from 202 cycles to 252 cycles
Relaxing scrub interval from 252 cycles to 315 cycles
Relaxing scrub interval from 315 cycles to 393 cycles
Relaxing scrub interval from 393 cycles to 491 cycles
Relaxing scrub interval from 491 cycles to 613 cycles
Relaxing scrub interval from 613 cycles to 766 cycles
Tightening scrub interval from 766 cycles to 383 cycles
Relaxing scrub interval from 383 cycles to 478 cycles
Relaxing scrub interval from 478 cycles to 597 cycles
Relaxing scrub interval from 597 cycles to 746 cycles
Relaxing scrub interval from 746 cycles to 932 cycles
Tightening scrub interval from 932 cycles to 466 cycles
Relaxing scrub interval from 466 cycles to 582 cycles
Tightening scrub interval from 582 cycles to 291 cycles
Tightening scrub interval from 291 cycles to 145 cycles
Relaxing scrub interval from 145 cycles to 181 cycles
Relaxing scrub interval from 181 cycles to 226 cycles
Relaxing scrub interval from 226 cycles to 282 cycles
Relaxing scrub interval from 282 cycles to 352 cycles
Tightening scrub interval from 352 cycles to 176 cycles
Relaxing scrub interval from 176 cycles to 220 cycles
Relaxing scrub interval from 220 cycles to 275 cycles
Relaxing scrub interval from 275 cycles to 343 cycles
Tightening scrub interval from 343 cycles to 171 cycles
Relaxing scrub interval from 171 cycles to 213 cycles
Relaxing scrub interval from 213 cycles to 266 cycles
Relaxing scrub interval from 266 cycles to 332 cycles
Tightening scrub interval from 332 cycles to 166 cycles
Relaxing scrub interval from 166 cycles to 207 cycles
Relaxing scrub interval from 207 cycles to 258 cycles
Relaxing scrub interval from 258 cycles to 322 cycles
Relaxing scrub interval from 322 cycles to 402 cycles
Relaxing scrub interval from 402 cycles to 502 cycles
Relaxing scrub interval from 502 cycles to 627 cycles
Tightening scrub interval from 627 cycles to 313 cycles
Relaxing scrub interval from 313 cycles to 391 cycles
Relaxing scrub interval from 391 cycles to 488 cycles
Relaxing scrub interval from 488 cycles to 610 cycles
Tightening scrub interval from 610 cycles to 305 cycles
Relaxing scrub interval from 305 cycles to 381 cycles
Relaxing scrub interval from 381 cycles to 476 cycles
Relaxing scrub interval from 476 cycles to 595 cycles
Tightening scrub interval from 595 cycles to 297 cycles
Relaxing scrub interval from 297 cycles to 371 cycles
Tightening scrub interval from 371 cycles to 185 cycles
Relaxing scrub interval from 185 cycles to 231 cycles
Relaxing scrub interval from 231 cycles to 288 cycles
Relaxing scrub interval from 288 cycles to 360 cycles
Relaxing scrub interval from 360 cycles to 450 cycles
Relaxing scrub interval from 450 cycles to 562 cycles
Relaxing scrub interval from 562 cycles to 702 cycles
Tightening scrub interval from 702 cycles to 351 cycles
Relaxing scrub interval from 351 cycles to 438 cycles
Relaxing scrub interval from 438 cycles to 547 cycles
Relaxing scrub interval from 547 cycles to 683 cycles
Tightening scrub interval from 683 cycles to 341 cycles
Relaxing scrub interval from 341 cycles to 426 cycles
Relaxing scrub interval from 426 cycles to 532 cycles
Relaxing scrub interval from 532 cycles to 665 cycles
Relaxing scrub interval from 665 cycles to 831 cycles
Tightening scrub interval from 831 cycles to 415 cycles
Relaxing scrub interval from 415 cycles to 518 cycles
Relaxing scrub interval from 518 cycles to 647 cycles
Tightening scrub interval from 647 cycles to 323 cycles
Relaxing scrub interval from 323 cycles to 403 cycles
Tightening scrub interval from 403 cycles to 201 cycles
Relaxing scrub interval from 201 cycles to 251 cycles
Tightening scrub interval from 251 cycles to 125 cycles
Relaxing scrub interval from 125 cycles to 156 cycles
Relaxing scrub interval from 156 cycles to 195 cycles
Relaxing scrub interval from 195 cycles to 243 cycles
Tightening scrub interval from 243 cycles to 121 cycles
Relaxing scrub interval from 121 cycles to 151 cycles
Relaxing scrub interval from 151 cycles to 188 cycles
Relaxing scrub interval from 188 cycles to 235 cycles
Relaxing scrub interval from 235 cycles to 293 cycles
Relaxing scrub interval from 293 cycles to 366 cycles
Tightening scrub interval from 366 cycles to 183 cycles
Relaxing scrub interval from 183 cycles to 228 cycles
Tightening scrub interval from 228 cycles to 114 cycles
Relaxing scrub interval from 114 cycles to 142 cycles
Relaxing scrub interval from 142 cycles to 177 cycles
Relaxing scrub interval from 177 cycles to 221 cycles
Relaxing scrub interval from 221 cycles to 276 cycles
Relaxing scrub interval from 276 cycles to 345 cycles
Tightening scrub interval from 345 cycles to 172 cycles
Relaxing scrub interval from 172 cycles to 215 cycles
Relaxing scrub interval from 215 cycles to 268 cycles
Relaxing scrub interval from 268 cycles to 335 cycles
Tightening scrub interval from 335 cycles to 167 cycles
Relaxing scrub interval from 167 cycles to 208 cycles
Relaxing scrub interval from 208 cycles to 260 cycles
Relaxing scrub interval from 260 cycles to 325 cycles
Relaxing scrub interval from 325 cycles to 406 cycles
Relaxing scrub interval from 406 cycles to 507 cycles
Relaxing scrub interval from 507 cycles to 633 cycles
Relaxing scrub interval from 633 cycles to 791 cycles
Relaxing scrub interval from 791 cycles to 988 cycles
Tightening scrub interval from 988 cycles to 494 cycles
Relaxing scrub interval from 494 cycles to 617 cycles
Relaxing scrub interval from 617 cycles to 771 cycles
Relaxing scrub interval from 771 cycles to 963 cycles
Tightening scrub interval from 963 cycles to 481 cycles
Relaxing scrub interval from 481 cycles to 601 cycles
Relaxing scrub interval from 601 cycles to 751 cycles
Tightening scrub interval from 751 cycles to 375 cycles
Tightening scrub interval from 375 cycles to 187 cycles
Relaxing scrub interval from 187 cycles to 233 cycles
Relaxing scrub interval from 233 cycles to 291 cycles
Tightening scrub interval from 291 cycles to 145 cycles
Relaxing scrub interval from 145 cycles to 181 cycles
Relaxing scrub interval from 181 cycles to 226 cycles
Relaxing scrub interval from 226 cycles to 282 cycles
Relaxing scrub interval from 282 cycles to 352 cycles
Relaxing scrub interval from 352 cycles to 440 cycles
Tightening scrub interval from 440 cycles to 220 cycles
Relaxing scrub interval from 220 cycles to 275 cycles
Tightening scrub interval from 275 cycles to 137 cycles
Relaxing scrub interval from 137 cycles to 171 cycles
Relaxing scrub interval from 171 cycles to 213 cycles
Tightening scrub interval from 213 cycles to 106 cycles
Relaxing scrub interval from 106 cycles to 132 cycles
Relaxing scrub interval from 132 cycles to 165 cycles
Tightening scrub interval from 165 cycles to 82 cycles
Relaxing scrub interval from 82 cycles to 102 cycles
Relaxing scrub interval from 102 cycles to 127 cycles
Relaxing scrub interval from 127 cycles to 158 cycles
Relaxing scrub interval from 158 cycles to 197 cycles
Tightening scrub interval from 197 cycles to 98 cycles
Relaxing scrub interval from 98 cycles to 122 cycles
Relaxing scrub interval from 122 cycles to 152 cycles
Relaxing scrub interval from 152 cycles to 190 cycles
Relaxing scrub interval from 190 cycles to 237 cycles
Relaxing scrub interval from 237 cycles to 296 cycles
Tightening scrub interval from 296 cycles to 148 cycles
Relaxing scrub interval from 148 cycles to 185 cycles
Relaxing scrub interval from 185 cycles to 231 cycles
Relaxing scrub interval from 231 cycles to 288 cycles
Relaxing scrub interval from 288 cycles to 360 cycles
Relaxing scrub interval from 360 cycles to 450 cycles
Relaxing scrub interval from 450 cycles to 562 cycles
Relaxing scrub interval from 562 cycles to 702 cycles
Tightening scrub interval from 702 cycles to 351 cycles
Tightening scrub interval from 351 cycles to 175 cycles
Relaxing scrub interval from 175 cycles to 218 cycles
Relaxing scrub interval from 218 cycles to 272 cycles
Tightening scrub interval from 272 cycles to 136 cycles
Relaxing scrub interval from 136 cycles to 170 cycles
Relaxing scrub interval from 170 cycles to 212 cycles
Tightening scrub interval from 212 cycles to 106 cycles
Relaxing scrub interval from 106 cycles to 132 cycles
Relaxing scrub interval from 132 cycles to 165 cycles
Relaxing scrub interval from 165 cycles to 206 cycles
Tightening scrub interval from 206 cycles to 103 cycles
Relaxing scrub interval from 103 cycles to 128 cycles
Relaxing scrub interval from 128 cycles to 160 cycles
Relaxing scrub interval from 160 cycles to 200 cycles
Relaxing scrub interval from 200 cycles to 250 cycles
Relaxing scrub interval from 250 cycles to 312 cycles
Relaxing scrub interval from 312 cycles to 390 cycles
Relaxing scrub interval from 390 cycles to 487 cycles
Tightening scrub interval from 487 cycles to 243 cycles
Relaxing scrub interval from 243 cycles to 303 cycles
Tightening scrub interval from 303 cycles to 151 cycles
Relaxing scrub interval from 151 cycles to 188 cycles
Tightening scrub interval from 188 cycles to 94 cycles
Relaxing scrub interval from 94 cycles to 117 cycles
Relaxing scrub interval from 117 cycles to 146 cycles
Tightening scrub interval from 146 cycles to 73 cycles
Relaxing scrub interval from 73 cycles to 91 cycles
Relaxing scrub interval from 91 cycles to 113 cycles
Relaxing scrub interval from 113 cycles to 141 cycles
Relaxing scrub interval from 141 cycles to 176 cycles
Relaxing scrub interval from 176 cycles to 220 cycles
Tightening scrub interval from 220 cycles to 110 cycles
Relaxing scrub interval from 110 cycles to 137 cycles
Tightening scrub interval from 137 cycles to 68 cycles
Relaxing scrub interval from 68 cycles to 85 cycles
Relaxing scrub interval from 85 cycles to 106 cycles
Relaxing scrub interval from 106 cycles to 132 cycles
Relaxing scrub interval from 132 cycles to 165 cycles
Tightening scrub interval from 165 cycles to 82 cycles
Relaxing scrub interval from 82 cycles to 102 cycles
Relaxing scrub interval from 102 cycles to 127 cycles
Relaxing scrub interval from 127 cycles to 158 cycles
Relaxing scrub interval from 158 cycles to 197 cycles
Relaxing scrub interval from 197 cycles to 246 cycles
Tightening scrub interval from 246 cycles to 123 cycles
Relaxing scrub interval from 123 cycles to 153 cycles
Relaxing scrub interval from 153 cycles to 191 cycles
Relaxing scrub interval from 191 cycles to 238 cycles
Relaxing scrub interval from 238 cycles to 297 cycles
Tightening scrub interval from 297 cycles to 148 cycles
Relaxing scrub interval from 148 cycles to 185 cycles
Relaxing scrub interval from 185 cycles to 231 cycles
Relaxing scrub interval from 231 cycles to 288 cycles
Tightening scrub interval from 288 cycles to 144 cycles
Relaxing scrub interval from 144 cycles to 180 cycles
Relaxing scrub interval from 180 cycles to 225 cycles
Tightening scrub interval from 225 cycles to 112 cycles
Relaxing scrub interval from 112 cycles to 140 cycles
Relaxing scrub interval from 140 cycles to 175 cycles
Relaxing scrub interval from 175 cycles to 218 cycles
Relaxing scrub interval from 218 cycles to 272 cycles
Relaxing scrub interval from 272 cycles to 340 cycles
Relaxing scrub interval from 340 cycles to 425 cycles
Tightening scrub interval from 425 cycles to 212 cycles
Relaxing scrub interval from 212 cycles to 265 cycles
Tightening scrub interval from 265 cycles to 132 cycles
Relaxing scrub interval from 132 cycles to 165 cycles
Relaxing scrub interval from 165 cycles to 206 cycles
Relaxing scrub interval from 206 cycles to 257 cycles
Relaxing scrub interval from 257 cycles to 321 cycles
Tightening scrub interval from 321 cycles to 160 cycles
Relaxing scrub interval from 160 cycles to 200 cycles
Relaxing scrub interval from 200 cycles to 250 cycles
Relaxing scrub interval from 250 cycles to 312 cycles
Relaxing scrub interval from 312 cycles to 390 cycles
Relaxing scrub interval from 390 cycles to 487 cycles
Relaxing scrub interval from 487 cycles to 608 cycles
Relaxing scrub interval from 608 cycles to 760 cycles
Tightening scrub interval from 760 cycles to 380 cycles
Relaxing scrub interval from 380 cycles to 475 cycles
Tightening scrub interval from 475 cycles to 237 cycles
Relaxing scrub interval from 237 cycles to 296 cycles
Relaxing scrub interval from 296 cycles to 370 cycles
Tightening scrub interval from 370 cycles to 185 cycles
Relaxing scrub interval from 185 cycles to 231 cycles
Relaxing scrub interval from 231 cycles to 288 cycles
Relaxing scrub interval from 288 cycles to 360 cycles
Tightening scrub interval from 360 cycles to 180 cycles
Relaxing scrub interval from 180 cycles to 225 cycles
Relaxing scrub interval from 225 cycles to 281 cycles
Relaxing scrub interval from 281 cycles to 351 cycles
Tightening scrub interval from 351 cycles to 175 cycles
Relaxing scrub interval from 175 cycles to 218 cycles
Tightening scrub interval from 218 cycles to 109 cycles
Relaxing scrub interval from 109 cycles to 136 cycles
Relaxing scrub interval from 136 cycles to 170 cycles
Relaxing scrub interval from 170 cycles to 212 cycles
Relaxing scrub interval from 212 cycles to 265 cycles
Relaxing scrub interval from 265 cycles to 331 cycles
Relaxing scrub interval from 331 cycles to 413 cycles
Relaxing scrub interval from 413 cycles to 516 cycles
Tightening scrub interval from 516 cycles to 258 cycles
Relaxing scrub interval from 258 cycles to 322 cycles
Relaxing scrub interval from 322 cycles to 402 cycles
Relaxing scrub interval from 402 cycles to 502 cycles
Relaxing scrub interval from 502 cycles to 627 cycles
Tightening scrub interval from 627 cycles to 313 cycles
Tightening scrub interval from 313 cycles to 156 cycles
Tightening scrub interval from 156 cycles to 78 cycles
Relaxing scrub interval from 78 cycles to 97 cycles
Relaxing scrub interval from 97 cycles to 121 cycles
Relaxing scrub interval from 121 cycles to 151 cycles
Relaxing scrub interval from 151 cycles to 188 cycles
Relaxing scrub interval from 188 cycles to 235 cycles
Relaxing scrub interval from 235 cycles to 293 cycles
Relaxing scrub interval from 293 cycles to 366 cycles
Relaxing scrub interval from 366 cycles to 457 cycles
Relaxing scrub interval from 457 cycles to 571 cycles
Tightening scrub interval from 571 cycles to 285 cycles
Relaxing scrub interval from 285 cycles to 356 cycles
Relaxing scrub interval from 356 cycles to 445 cycles
Tightening scrub interval from 445 cycles to 222 cycles
Relaxing scrub interval from 222 cycles to 277 cycles
Relaxing scrub interval from 277 cycles to 346 cycles
Relaxing scrub interval from 346 cycles to 432 cycles
Relaxing scrub interval from 432 cycles to 540 cycles
Tightening scrub interval from 540 cycles to 270 cycles
Relaxing scrub interval from 270 cycles to 337 cycles
Tightening scrub interval from 337 cycles to 168 cycles
Relaxing scrub interval from 168 cycles to 210 cycles
Relaxing scrub interval from 210 cycles to 262 cycles
Relaxing scrub interval from 262 cycles to 327 cycles
Relaxing scrub interval from 327 cycles to 408 cycles
Relaxing scrub interval from 408 cycles to 510 cycles
Relaxing scrub interval from 510 cycles to 637 cycles
Relaxing scrub interval from 637 cycles to 796 cycles
Tightening scrub interval from 796 cycles to 398 cycles
Relaxing scrub interval from 398 cycles to 497 cycles
Tightening scrub interval from 497 cycles to 248 cycles
Relaxing scrub interval from 248 cycles to 310 cycles
Relaxing scrub interval from 310 cycles to 387 cycles
Tightening scrub interval from 387 cycles to 193 cycles
Tightening scrub interval from 193 cycles to 96 cycles
Relaxing scrub interval from 96 cycles to 120 cycles
Relaxing scrub interval from 120 cycles to 150 cycles
Relaxing scrub interval from 150 cycles to 187 cycles
Relaxing scrub interval from 187 cycles to 233 cycles
Relaxing scrub interval from 233 cycles to 291 cycles
Relaxing scrub interval from 291 cycles to 363 cycles
Relaxing scrub interval from 363 cycles to 453 cycles
Relaxing scrub interval from 453 cycles to 566 cycles
Tightening scrub interval from 566 cycles to 283 cycles
Tightening scrub interval from 283 cycles to 141 cycles
Relaxing scrub interval from 141 cycles to 176 cycles
Relaxing scrub interval from 176 cycles to 220 cycles
Relaxing scrub interval from 220 cycles to 275 cycles
Relaxing scrub interval from 275 cycles to 343 cycles
Relaxing scrub interval from 343 cycles to 428 cycles
Relaxing scrub interval from 428 cycles to 535 cycles
Tightening scrub interval from 535 cycles to 267 cycles
Relaxing scrub interval from 267 cycles to 333 cycles
Relaxing scrub interval from 333 cycles to 416 cycles
Relaxing scrub interval from 416 cycles to 520 cycles
Relaxing scrub interval from 520 cycles to 650 cycles
Relaxing scrub interval from 650 cycles to 812 cycles
Relaxing scrub interval from 812 cycles to 1015 cycles
Tightening scrub interval from 1015 cycles to 507 cycles
Relaxing scrub interval from 507 cycles to 633 cycles
Tightening scrub interval from 633 cycles to 316 cycles
Relaxing scrub interval from 316 cycles to 395 cycles
Relaxing scrub interval from 395 cycles to 493 cycles
Tightening scrub interval from 493 cycles to 246 cycles
Relaxing scrub interval from 246 cycles to 307 cycles
Tightening scrub interval from 307 cycles to 153 cycles
Relaxing scrub interval from 153 cycles to 191 cycles
Relaxing scrub interval from 191 cycles to 238 cycles
Tightening scrub interval from 238 cycles to 119 cycles
Relaxing scrub interval from 119 cycles to 148 cycles
Relaxing scrub interval from 148 cycles to 185 cycles
Relaxing scrub interval from 185 cycles to 231 cycles
Relaxing scrub interval from 231 cycles to 288 cycles
Relaxing scrub interval from 288 cycles to 360 cycles
Relaxing scrub interval from 360 cycles to 450 cycles
Relaxing scrub interval from 450 cycles to 562 cycles
Relaxing scrub interval from 562 cycles to 702 cycles
Relaxing scrub interval from 702 cycles to 877 cycles
Relaxing scrub interval from 877 cycles to 1096 cycles
Tightening scrub interval from 1096 cycles to 548 cycles
Tightening scrub interval from 548 cycles to 274 cycles
Relaxing scrub interval from 274 cycles to 342 cycles
Relaxing scrub interval from 342 cycles to 427 cycles
Tightening scrub interval from 427 cycles to 213 cycles
Relaxing scrub interval from 213 cycles to 266 cycles
Tightening scrub interval from 266 cycles to 133 cycles
Relaxing scrub interval from 133 cycles to 166 cycles
Relaxing scrub interval from 166 cycles to 207 cycles
Relaxing scrub interval from 207 cycles to 258 cycles
Relaxing scrub interval from 258 cycles to 322 cycles
Relaxing scrub interval from 322 cycles to 402 cycles
Tightening scrub interval from 402 cycles to 201 cycles
Relaxing scrub interval from 201 cycles to 251 cycles
Relaxing scrub interval from 251 cycles to 313 cycles
Relaxing scrub interval from 313 cycles to 391 cycles
Relaxing scrub interval from 391 cycles to 488 cycles
Relaxing scrub interval from 488 cycles to 610 cycles
Tightening scrub interval from 610 cycles to 305 cycles
Tightening scrub interval from 305 cycles to 152 cycles
Tightening scrub interval from 152 cycles to 76 cycles
Relaxing scrub interval from 76 cycles to 95 cycles
Relaxing scrub interval from 95 cycles to 118 cycles
Relaxing scrub interval from 118 cycles to 147 cycles
Relaxing scrub interval from 147 cycles to 183 cycles
Tightening scrub interval from 183 cycles to 91 cycles
Relaxing scrub interval from 91 cycles to 113 cycles
Relaxing scrub interval from 113 cycles to 141 cycles
Relaxing scrub interval from 141 cycles to 176 cycles
Relaxing scrub interval from 176 cycles to 220 cycles
Relaxing scrub interval from 220 cycles to 275 cycles
Relaxing scrub interval from 275 cycles to 343 cycles
Relaxing scrub interval from 343 cycles to 428 cycles
Relaxing scrub interval from 428 cycles to 535 cycles
Tightening scrub interval from 535 cycles to 267 cycles
Relaxing scrub interval from 267 cycles to 333 cycles
Relaxing scrub interval from 333 cycles to 416 cycles
Relaxing scrub interval from 416 cycles to 520 cycles
Relaxing scrub interval from 520 cycles to 650 cycles
Relaxing scrub interval from 650 cycles to 812 cycles
Relaxing scrub interval from 812 cycles to 1015 cycles
Relaxing scrub interval from 1015 cycles to 1268 cycles
Tightening scrub interval from 1268 cycles to 634 cycles
Tightening scrub interval from 634 cycles to 317 cycles
Relaxing scrub interval from 317 cycles to 396 cycles
Relaxing scrub interval from 396 cycles to 495 cycles
Tightening scrub interval from 495 cycles to 247 cycles
Tightening scrub interval from 247 cycles to 123 cycles
Relaxing scrub interval from 123 cycles to 153 cycles
Relaxing scrub interval from 153 cycles to 191 cycles
Relaxing scrub interval from 191 cycles to 238 cycles
Relaxing scrub interval from 238 cycles to 297 cycles
Relaxing scrub interval from 297 cycles to 371 cycles
Relaxing scrub interval from 371 cycles to 463 cycles
Tightening scrub interval from 463 cycles to 231 cycles
Relaxing scrub interval from 231 cycles to 288 cycles
Relaxing scrub interval from 288 cycles to 360 cycles
Relaxing scrub interval from 360 cycles to 450 cycles
Tightening scrub interval from 450 cycles to 225 cycles
Relaxing scrub interval from 225 cycles to 281 cycles
Relaxing scrub interval from 281 cycles to 351 cycles
Relaxing scrub interval from 351 cycles to 438 cycles
Relaxing scrub interval from 438 cycles to 547 cycles
Relaxing scrub interval from 547 cycles to 683 cycles
Tightening scrub interval from 683 cycles to 341 cycles
Relaxing scrub interval from 341 cycles to 426 cycles
Tightening scrub interval from 426 cycles to 213 cycles
Relaxing scrub interval from 213 cycles to 266 cycles
Relaxing scrub interval from 266 cycles to 332 cycles
Tightening scrub interval from 332 cycles to 166 cycles
Relaxing scrub interval from 166 cycles to 207 cycles
Relaxing scrub interval from 207 cycles to 258 cycles
Tightening scrub interval from 258 cycles to 129 cycles
Relaxing scrub interval from 129 cycles to 161 cycles
Tightening scrub interval from 161 cycles to 80 cycles
Relaxing scrub interval from 80 cycles to 100 cycles
Relaxing scrub interval from 100 cycles to 125 cycles
Tightening scrub interval from 125 cycles to 62 cycles
Relaxing scrub interval from 62 cycles to 77 cycles
Relaxing scrub interval from 77 cycles to 96 cycles
Relaxing scrub interval from 96 cycles to 120 cycles
Relaxing scrub interval from 120 cycles to 150 cycles
Relaxing scrub interval from 150 cycles to 187 cycles
Relaxing scrub interval from 187 cycles to 233 cycles
Relaxing scrub interval from 233 cycles to 291 cycles
Relaxing scrub interval from 291 cycles to 363 cycles
Relaxing scrub interval from 363 cycles to 453 cycles
Relaxing scrub interval from 453 cycles to 566 cycles
Tightening scrub interval from 566 cycles to 283 cycles
Relaxing scrub interval from 283 cycles to 353 cycles
Tightening scrub interval from 353 cycles to 176 cycles
Relaxing scrub interval from 176 cycles to 220 cycles
Relaxing scrub interval from 220 cycles to 275 cycles
Relaxing scrub interval from 275 cycles to 343 cycles
Relaxing scrub interval from 343 cycles to 428 cycles
Tightening scrub interval from 428 cycles to 214 cycles
Relaxing scrub interval from 214 cycles to 267 cycles
Relaxing scrub interval from 267 cycles to 333 cycles
Relaxing scrub interval from 333 cycles to 416 cycles
Tightening scrub interval from 416 cycles to 208 cycles
Relaxing scrub interval from 208 cycles to 260 cycles
Tightening scrub interval from 260 cycles to 130 cycles
Relaxing scrub interval from 130 cycles to 162 cycles
Relaxing scrub interval from 162 cycles to 202 cycles
Tightening scrub interval from 202 cycles to 101 cycles
Relaxing scrub interval from 101 cycles to 126 cycles
Relaxing scrub interval from 126 cycles to 157 cycles
Relaxing scrub interval from 157 cycles to 196 cycles
Relaxing scrub interval from 196 cycles to 245 cycles
Relaxing scrub interval from 245 cycles to 306 cycles
Relaxing scrub interval from 306 cycles to 382 cycles
Relaxing scrub interval from 382 cycles to 477 cycles
Tightening scrub interval from 477 cycles to 238 cycles
Relaxing scrub interval from 238 cycles to 297 cycles
Relaxing scrub interval from 297 cycles to 371 cycles
Relaxing scrub interval from 371 cycles to 463 cycles
Relaxing scrub interval from 463 cycles to 578 cycles
Tightening scrub interval from 578 cycles to 289 cycles
Relaxing scrub interval from 289 cycles to 361 cycles
Relaxing scrub interval from 361 cycles to 451 cycles
Tightening scrub interval from 451 cycles to 225 cycles
Relaxing scrub interval from 225 cycles to 281 cycles
Relaxing scrub interval from 281 cycles to 351 cycles
Tightening scrub interval from 351 cycles to 175 cycles
Tightening scrub interval from 175 cycles to 87 cycles
Relaxing scrub interval from 87 cycles to 108 cycles
Relaxing scrub interval from 108 cycles to 135 cycles
Relaxing scrub interval from 135 cycles to 168 cycles
Relaxing scrub interval from 168 cycles to 210 cycles
Relaxing scrub interval from 210 cycles to 262 cycles
Relaxing scrub interval from 262 cycles to 327 cycles
Relaxing scrub interval from 327 cycles to 408 cycles
Tightening scrub interval from 408 cycles to 204 cycles
Relaxing scrub interval from 204 cycles to 255 cycles
Relaxing scrub interval from 255 cycles to 318 cycles
Tightening scrub interval from 318 cycles to 159 cycles
Relaxing scrub interval from 159 cycles to 198 cycles
Relaxing scrub interval from 198 cycles to 247 cycles
