warn: No dot file generated. Please install pydot to generate the dot file and pdf.
Scrubbing enabled with adaptive interval starting at 10 cycles, tightening factor 2, relax factor 1.25
src/arch/riscv/isa.cc:275: info: RVV enabled, VLEN = 256 bits, ELEN = 64 bits
src/arch/riscv/linux/se_workload.cc:60: warn: Unknown operating system; assuming Linux.
src/base/statistics.hh:279: warn: One of the stats is a legacy stat. Legacy stat is a stat that does not belong to any statistics::Group. Legacy stat is deprecated.
src/base/remote_gdb.cc:418: warn: Sockets disabled, not accepting gdb connections
src/sim/simulate.cc:199: info: Entering event queue @ 0.  Starting simulation...
Relaxing scrub interval from 10 cycles to 12 cycles
Relaxing scrub interval from 12 cycles to 15 cycles
Relaxing scrub interval from 15 cycles to 18 cycles
Relaxing scrub interval from 18 cycles to 22 cycles
Relaxing scrub interval from 22 cycles to 27 cycles
Relaxing scrub interval from 27 cycles to 33 cycles
Relaxing scrub interval from 33 cycles to 41 cycles
Relaxing scrub interval from 41 cycles to 51 cycles
Relaxing scrub interval from 51 cycles to 63 cycles
Relaxing scrub interval from 63 cycles to 78 cycles
Relaxing scrub interval from 78 cycles to 97 cycles
Relaxing scrub interval from 97 cycles to 121 cycles
Relaxing scrub interval from 121 cycles to 151 cycles
Relaxing scrub interval from 151 cycles to 188 cycles
Relaxing scrub interval from 188 cycles to 235 cycles
Relaxing scrub interval from 235 cycles to 293 cycles
Relaxing scrub interval from 293 cycles to 366 cycles
Relaxing scrub interval from 366 cycles to 457 cycles
Relaxing scrub interval from 457 cycles to 571 cycles
Relaxing scrub interval from 571 cycles to 713 cycles
Relaxing scrub interval from 713 cycles to 891 cycles
Relaxing scrub interval from 891 cycles to 1113 cycles
Relaxing scrub interval from 1113 cycles to 1391 cycles
Relaxing scrub interval from 1391 cycles to 1738 cycles
Relaxing scrub interval from 1738 cycles to 2172 cycles
Relaxing scrub interval from 2172 cycles to 2715 cycles
Relaxing scrub interval from 2715 cycles to 3393 cycles
Relaxing scrub interval from 3393 cycles to 4241 cycles
Relaxing scrub interval from 4241 cycles to 5301 cycles
Relaxing scrub interval from 5301 cycles to 6626 cycles
Relaxing scrub interval from 6626 cycles to 8282 cycles
Relaxing scrub interval from 8282 cycles to 10352 cycles
Relaxing scrub interval from 10352 cycles to 12940 cycles
Tightening scrub interval from 12940 cycles to 6470 cycles
Tightening scrub interval from 6470 cycles to 3235 cycles
Tightening scrub interval from 3235 cycles to 1617 cycles
Tightening scrub interval from 1617 cycles to 808 cycles
Tightening scrub interval from 808 cycles to 404 cycles
Tightening scrub interval from 404 cycles to 202 cycles
Relaxing scrub interval from 202 cycles to 252 cycles
Tightening scrub interval from 252 cycles to 126 cycles
Relaxing scrub interval from 126 cycles to 157 cycles
Relaxing scrub interval from 157 cycles to 196 cycles
Relaxing scrub interval from 196 cycles to 245 cycles
Relaxing scrub interval from 245 cycles to 306 cycles
Tightening scrub interval from 306 cycles to 153 cycles
Relaxing scrub interval from 153 cycles to 191 cycles
Tightening scrub interval from 191 cycles to 95 cycles
Relaxing scrub interval from 95 cycles to 118 cycles
Relaxing scrub interval from 118 cycles to 147 cycles
Relaxing scrub interval from 147 cycles to 183 cycles
Relaxing scrub interval from 183 cycles to 228 cycles
Tightening scrub interval from 228 cycles to 114 cycles
Relaxing scrub interval from 114 cycles to 142 cycles
Relaxing scrub interval from 142 cycles to 177 cycles
Relaxing scrub interval from 177 cycles to 221 cycles
Relaxing scrub interval from 221 cycles to 276 cycles
Relaxing scrub interval from 276 cycles to 345 cycles
Relaxing scrub interval from 345 cycles to 431 cycles
Relaxing scrub interval from 431 cycles to 538 cycles
Relaxing scrub interval from 538 cycles to 672 cycles
Relaxing scrub interval from 672 cycles to 840 cycles
Relaxing scrub interval from 840 cycles to 1050 cycles
Tightening scrub interval from 1050 cycles to 525 cycles
Relaxing scrub interval from 525 cycles to 656 cycles
Tightening scrub interval from 656 cycles to 328 cycles
Tightening scrub interval from 328 cycles to 164 cycles
Relaxing scrub interval from 164 cycles to 205 cycles
Relaxing scrub interval from 205 cycles to 256 cycles
Relaxing scrub interval from 256 cycles to 320 cycles
Relaxing scrub interval from 320 cycles to 400 cycles
Tightening scrub interval from 400 cycles to 200 cycles
Relaxing scrub interval from 200 cycles to 250 cycles
Relaxing scrub interval from 250 cycles to 312 cycles
Tightening scrub interval from 312 cycles to 156 cycles
Tightening scrub interval from 156 cycles to 78 cycles
Relaxing scrub interval from 78 cycles to 97 cycles
Relaxing scrub interval from 97 cycles to 121 cycles
Relaxing scrub interval from 121 cycles to 151 cycles
Relaxing scrub interval from 151 cycles to 188 cycles
Relaxing scrub interval from 188 cycles to 235 cycles
Relaxing scrub interval from 235 cycles to 293 cycles
Relaxing scrub interval from 293 cycles to 366 cycles
Relaxing scrub interval from 366 cycles to 457 cycles
Relaxing scrub interval from 457 cycles to 571 cycles
Relaxing scrub interval from 571 cycles to 713 cycles
Relaxing scrub interval from 713 cycles to 891 cycles
Relaxing scrub interval from 891 cycles to 1113 cycles
Relaxing scrub interval from 1113 cycles to 1391 cycles
Tightening scrub interval from 1391 cycles to 695 cycles
Tightening scrub interval from 695 cycles to 347 cycles
Relaxing scrub interval from 347 cycles to 433 cycles
Relaxing scrub interval from 433 cycles to 541 cycles
Tightening scrub interval from 541 cycles to 270 cycles
Tightening scrub interval from 270 cycles to 135 cycles
Relaxing scrub interval from 135 cycles to 168 cycles
Relaxing scrub interval from 168 cycles to 210 cycles
Relaxing scrub interval from 210 cycles to 262 cycles
Relaxing scrub interval from 262 cycles to 327 cycles
Relaxing scrub interval from 327 cycles to 408 cycles
Tightening scrub interval from 408 cycles to 204 cycles
Tightening scrub interval from 204 cycles to 102 cycles
Relaxing scrub interval from 102 cycles to 127 cycles
Relaxing scrub interval from 127 cycles to 158 cycles
Tightening scrub interval from 158 cycles to 79 cycles
Tightening scrub interval from 79 cycles to 39 cycles
Relaxing scrub interval from 39 cycles to 48 cycles
Relaxing scrub interval from 48 cycles to 60 cycles
Relaxing scrub interval from 60 cycles to 75 cycles
Tightening scrub interval from 75 cycles to 37 cycles
Relaxing scrub interval from 37 cycles to 46 cycles
Relaxing scrub interval from 46 cycles to 57 cycles
Relaxing scrub interval from 57 cycles to 71 cycles
Relaxing scrub interval from 71 cycles to 88 cycles
Relaxing scrub interval from 88 cycles to 110 cycles
Relaxing scrub interval from 110 cycles to 137 cycles
Relaxing scrub interval from 137 cycles to 171 cycles
Relaxing scrub interval from 171 cycles to 213 cycles
src/sim/faults.cc:102: panic: panic condition !handled && !tc->getSystemPtr()->trapToGdb(GDBSignal::SEGV, tc->contextId()) occurred: Page table fault when accessing virtual address 0x40000000021eb0
Memory Usage: 8529124 KBytes
Program aborted at tick 100709000
--- BEGIN LIBC BACKTRACE ---
/gem5_build/gem5.debug(_ZN4gem515print_backtraceEv+0x32)[0x556c15c8f061]
/gem5_build/gem5.debug(_ZN4gem512abortHandlerEi+0x7e)[0x556c15cb4ea8]
/lib/x86_64-linux-gnu/libc.so.6(+0x42520)[0x7ff445b99520]
/lib/x86_64-linux-gnu/libc.so.6(pthread_kill+0x12c)[0x7ff445bed9fc]
/lib/x86_64-linux-gnu/libc.so.6(raise+0x16)[0x7ff445b99476]
/lib/x86_64-linux-gnu/libc.so.6(abort+0xd3)[0x7ff445b7f7f3]
/gem5_build/gem5.debug(_ZNSt12__shared_ptrIN4gem59FaultBaseELN9__gnu_cxx12_Lock_policyE2EED1Ev+0x0)[0x556c141c5028]
/gem5_build/gem5.debug(_ZN4gem521GenericPageTableFault6invokeEPNS_13ThreadContextERKNS_14RefCountingPtrINS_10StaticInstEEE+0x139)[0x556c15d09f0b]
/gem5_build/gem5.debug(_ZN4gem52o33CPU4trapERKSt10shared_ptrINS_9FaultBaseEEsRKNS_14RefCountingPtrINS_10StaticInstEEE+0x65)[0x556c14d7e387]
/gem5_build/gem5.debug(_ZN4gem52o36Commit10commitHeadERKNS_14RefCountingPtrINS0_7DynInstEEEj+0xc3f)[0x556c14d6c90f]
/gem5_build/gem5.debug(_ZN4gem52o36Commit11commitInstsEv+0x54a)[0x556c14d6adcc]
/gem5_build/gem5.debug(_ZN4gem52o36Commit6commitEv+0xaf9)[0x556c14d6a49b]
/gem5_build/gem5.debug(_ZN4gem52o36Commit4tickEv+0x2aa)[0x556c14d68aee]
/gem5_build/gem5.debug(_ZN4gem52o33CPU4tickEv+0x1d7)[0x556c14d7c421]
/gem5_build/gem5.debug(+0x351f903)[0x556c14d79903]
/gem5_build/gem5.debug(+0x35293a2)[0x556c14d833a2]
/gem5_build/gem5.debug(+0x3529134)[0x556c14d83134]
/gem5_build/gem5.debug(+0x3528f2e)[0x556c14d82f2e]
/gem5_build/gem5.debug(_ZNKSt8functionIFvvEEclEv+0x36)[0x556c142af956]
/gem5_build/gem5.debug(_ZN4gem520EventFunctionWrapper7processEv+0x20)[0x556c142ae188]
/gem5_build/gem5.debug(_ZN4gem510EventQueue10serviceOneEv+0x121)[0x556c15ca3015]
/gem5_build/gem5.debug(_ZN4gem59doSimLoopEPNS_10EventQueueE+0x240)[0x556c15cc67d7]
/gem5_build/gem5.debug(_ZN4gem58simulateEm+0x23e)[0x556c15cc626e]
/gem5_build/gem5.debug(+0x4392cbe)[0x556c15beccbe]
/gem5_build/gem5.debug(+0x439111c)[0x556c15beb11c]
/gem5_build/gem5.debug(+0x438cdcd)[0x556c15be6dcd]
/gem5_build/gem5.debug(+0x438ce38)[0x556c15be6e38]
/gem5_build/gem5.debug(+0x297cb39)[0x556c141d6b39]
/lib/x86_64-linux-gnu/libpython3.10.so.1.0(+0x128033)[0x7ff4464bc033]
/lib/x86_64-linux-gnu/libpython3.10.so.1.0(_PyObject_Call+0x5c)[0x7ff446475ffc]
/lib/x86_64-linux-gnu/libpython3.10.so.1.0(_PyEval_EvalFrameDefault+0x4b16)[0x7ff44640a776]
/lib/x86_64-linux-gnu/libpython3.10.so.1.0(+0x1c24df)[0x7ff4465564df]
--- END LIBC BACKTRACE ---
For more info on how to address this issue, please visit https://www.gem5.org/documentation/general_docs/common-errors/ 

/home/cs1952y-user/gem5/1952y-fp/gem5/scripts/run-test.sh: line 82: 74619 Killed                  timeout --signal=KILL 15 "$GEM5_BIN" --outdir="$OUTDIR" "$CONFIG" "$BINARY_REL" --chaos-prob "$CHAOS_PROB" --chaos-bits "$CHAOS_BITS" --delay "$DELAY" --scrub-interval "$SCRUB_INTERVAL" --scrub-tighten-factor "$SCRUB_TIGHTEN_FACTOR" --scrub-relax-factor "$SCRUB_RELAX_FACTOR" --cache-size "$CACHE_SIZE" "${EXTRA[@]}"
