warn: No dot file generated. Please install pydot to generate the dot file and pdf.
Scrubbing enabled with adaptive interval starting at 10 cycles, tightening factor 2, relax factor 1.25
src/arch/riscv/isa.cc:275: info: RVV enabled, VLEN = 256 bits, ELEN = 64 bits
src/arch/riscv/linux/se_workload.cc:60: warn: Unknown operating system; assuming Linux.
src/base/statistics.hh:279: warn: One of the stats is a legacy stat. Legacy stat is a stat that does not belong to any statistics::Group. Legacy stat is deprecated.
src/base/remote_gdb.cc:418: warn: Sockets disabled, not accepting gdb connections
src/sim/simulate.cc:199: info: Entering event queue @ 0.  Starting simulation...
Relaxing scrub interval from 10 cycles to 12 cycles
Relaxing scrub interval from 12 cycles to 15 cycles
Relaxing scrub interval from 15 cycles to 18 cycles
Relaxing scrub interval from 18 cycles to 22 cycles
Relaxing scrub interval from 22 cycles to 27 cycles
Relaxing scrub interval from 27 cycles to 33 cycles
Relaxing scrub interval from 33 cycles to 41 cycles
Relaxing scrub interval from 41 cycles to 51 cycles
Relaxing scrub interval from 51 cycles to 63 cycles
Relaxing scrub interval from 63 cycles to 78 cycles
Relaxing scrub interval from 78 cycles to 97 cycles
Relaxing scrub interval from 97 cycles to 121 cycles
Relaxing scrub interval from 121 cycles to 151 cycles
Relaxing scrub interval from 151 cycles to 188 cycles
Relaxing scrub interval from 188 cycles to 235 cycles
Relaxing scrub interval from 235 cycles to 293 cycles
Relaxing scrub interval from 293 cycles to 366 cycles
Relaxing scrub interval from 366 cycles to 457 cycles
Relaxing scrub interval from 457 cycles to 571 cycles
Relaxing scrub interval from 571 cycles to 713 cycles
Relaxing scrub interval from 713 cycles to 891 cycles
Relaxing scrub interval from 891 cycles to 1113 cycles
Relaxing scrub interval from 1113 cycles to 1391 cycles
Relaxing scrub interval from 1391 cycles to 1738 cycles
Relaxing scrub interval from 1738 cycles to 2172 cycles
Relaxing scrub interval from 2172 cycles to 2715 cycles
Relaxing scrub interval from 2715 cycles to 3393 cycles
Relaxing scrub interval from 3393 cycles to 4241 cycles
Relaxing scrub interval from 4241 cycles to 5301 cycles
Relaxing scrub interval from 5301 cycles to 6626 cycles
Relaxing scrub interval from 6626 cycles to 8282 cycles
Relaxing scrub interval from 8282 cycles to 10352 cycles
Relaxing scrub interval from 10352 cycles to 12940 cycles
Tightening scrub interval from 12940 cycles to 6470 cycles
Tightening scrub interval from 6470 cycles to 3235 cycles
Tightening scrub interval from 3235 cycles to 1617 cycles
Tightening scrub interval from 1617 cycles to 808 cycles
Tightening scrub interval from 808 cycles to 404 cycles
Relaxing scrub interval from 404 cycles to 505 cycles
Tightening scrub interval from 505 cycles to 252 cycles
Relaxing scrub interval from 252 cycles to 315 cycles
Tightening scrub interval from 315 cycles to 157 cycles
Relaxing scrub interval from 157 cycles to 196 cycles
Relaxing scrub interval from 196 cycles to 245 cycles
Tightening scrub interval from 245 cycles to 122 cycles
Relaxing scrub interval from 122 cycles to 152 cycles
Relaxing scrub interval from 152 cycles to 190 cycles
Tightening scrub interval from 190 cycles to 95 cycles
Relaxing scrub interval from 95 cycles to 118 cycles
Relaxing scrub interval from 118 cycles to 147 cycles
Relaxing scrub interval from 147 cycles to 183 cycles
Relaxing scrub interval from 183 cycles to 228 cycles
Tightening scrub interval from 228 cycles to 114 cycles
Relaxing scrub interval from 114 cycles to 142 cycles
Relaxing scrub interval from 142 cycles to 177 cycles
Relaxing scrub interval from 177 cycles to 221 cycles
Relaxing scrub interval from 221 cycles to 276 cycles
Tightening scrub interval from 276 cycles to 138 cycles
Relaxing scrub interval from 138 cycles to 172 cycles
Relaxing scrub interval from 172 cycles to 215 cycles
Relaxing scrub interval from 215 cycles to 268 cycles
Relaxing scrub interval from 268 cycles to 335 cycles
Tightening scrub interval from 335 cycles to 167 cycles
Relaxing scrub interval from 167 cycles to 208 cycles
Relaxing scrub interval from 208 cycles to 260 cycles
Relaxing scrub interval from 260 cycles to 325 cycles
Relaxing scrub interval from 325 cycles to 406 cycles
Relaxing scrub interval from 406 cycles to 507 cycles
Relaxing scrub interval from 507 cycles to 633 cycles
Relaxing scrub interval from 633 cycles to 791 cycles
Relaxing scrub interval from 791 cycles to 988 cycles
Tightening scrub interval from 988 cycles to 494 cycles
Relaxing scrub interval from 494 cycles to 617 cycles
Relaxing scrub interval from 617 cycles to 771 cycles
Relaxing scrub interval from 771 cycles to 963 cycles
Relaxing scrub interval from 963 cycles to 1203 cycles
Relaxing scrub interval from 1203 cycles to 1503 cycles
Tightening scrub interval from 1503 cycles to 751 cycles
Relaxing scrub interval from 751 cycles to 938 cycles
Tightening scrub interval from 938 cycles to 469 cycles
Relaxing scrub interval from 469 cycles to 586 cycles
Relaxing scrub interval from 586 cycles to 732 cycles
Tightening scrub interval from 732 cycles to 366 cycles
Relaxing scrub interval from 366 cycles to 457 cycles
Relaxing scrub interval from 457 cycles to 571 cycles
Relaxing scrub interval from 571 cycles to 713 cycles
Relaxing scrub interval from 713 cycles to 891 cycles
Tightening scrub interval from 891 cycles to 445 cycles
Relaxing scrub interval from 445 cycles to 556 cycles
Relaxing scrub interval from 556 cycles to 695 cycles
Tightening scrub interval from 695 cycles to 347 cycles
Relaxing scrub interval from 347 cycles to 433 cycles
Tightening scrub interval from 433 cycles to 216 cycles
Relaxing scrub interval from 216 cycles to 270 cycles
Tightening scrub interval from 270 cycles to 135 cycles
Relaxing scrub interval from 135 cycles to 168 cycles
Relaxing scrub interval from 168 cycles to 210 cycles
Relaxing scrub interval from 210 cycles to 262 cycles
Relaxing scrub interval from 262 cycles to 327 cycles
Relaxing scrub interval from 327 cycles to 408 cycles
Relaxing scrub interval from 408 cycles to 510 cycles
Relaxing scrub interval from 510 cycles to 637 cycles
Tightening scrub interval from 637 cycles to 318 cycles
Tightening scrub interval from 318 cycles to 159 cycles
Relaxing scrub interval from 159 cycles to 198 cycles
Tightening scrub interval from 198 cycles to 99 cycles
Relaxing scrub interval from 99 cycles to 123 cycles
Relaxing scrub interval from 123 cycles to 153 cycles
Relaxing scrub interval from 153 cycles to 191 cycles
Relaxing scrub interval from 191 cycles to 238 cycles
Relaxing scrub interval from 238 cycles to 297 cycles
Tightening scrub interval from 297 cycles to 148 cycles
Relaxing scrub interval from 148 cycles to 185 cycles
Relaxing scrub interval from 185 cycles to 231 cycles
Relaxing scrub interval from 231 cycles to 288 cycles
Relaxing scrub interval from 288 cycles to 360 cycles
Tightening scrub interval from 360 cycles to 180 cycles
Relaxing scrub interval from 180 cycles to 225 cycles
Relaxing scrub interval from 225 cycles to 281 cycles
Tightening scrub interval from 281 cycles to 140 cycles
Relaxing scrub interval from 140 cycles to 175 cycles
Relaxing scrub interval from 175 cycles to 218 cycles
Tightening scrub interval from 218 cycles to 109 cycles
Relaxing scrub interval from 109 cycles to 136 cycles
Relaxing scrub interval from 136 cycles to 170 cycles
Relaxing scrub interval from 170 cycles to 212 cycles
Tightening scrub interval from 212 cycles to 106 cycles
Relaxing scrub interval from 106 cycles to 132 cycles
Relaxing scrub interval from 132 cycles to 165 cycles
Tightening scrub interval from 165 cycles to 82 cycles
Relaxing scrub interval from 82 cycles to 102 cycles
Relaxing scrub interval from 102 cycles to 127 cycles
Relaxing scrub interval from 127 cycles to 158 cycles
Relaxing scrub interval from 158 cycles to 197 cycles
Relaxing scrub interval from 197 cycles to 246 cycles
Relaxing scrub interval from 246 cycles to 307 cycles
Tightening scrub interval from 307 cycles to 153 cycles
Relaxing scrub interval from 153 cycles to 191 cycles
Relaxing scrub interval from 191 cycles to 238 cycles
Relaxing scrub interval from 238 cycles to 297 cycles
Relaxing scrub interval from 297 cycles to 371 cycles
Tightening scrub interval from 371 cycles to 185 cycles
Relaxing scrub interval from 185 cycles to 231 cycles
Tightening scrub interval from 231 cycles to 115 cycles
Relaxing scrub interval from 115 cycles to 143 cycles
Tightening scrub interval from 143 cycles to 71 cycles
Relaxing scrub interval from 71 cycles to 88 cycles
Relaxing scrub interval from 88 cycles to 110 cycles
Relaxing scrub interval from 110 cycles to 137 cycles
Tightening scrub interval from 137 cycles to 68 cycles
Relaxing scrub interval from 68 cycles to 85 cycles
Relaxing scrub interval from 85 cycles to 106 cycles
Relaxing scrub interval from 106 cycles to 132 cycles
Relaxing scrub interval from 132 cycles to 165 cycles
Relaxing scrub interval from 165 cycles to 206 cycles
Relaxing scrub interval from 206 cycles to 257 cycles
Relaxing scrub interval from 257 cycles to 321 cycles
Tightening scrub interval from 321 cycles to 160 cycles
Relaxing scrub interval from 160 cycles to 200 cycles
Tightening scrub interval from 200 cycles to 100 cycles
Relaxing scrub interval from 100 cycles to 125 cycles
Relaxing scrub interval from 125 cycles to 156 cycles
Relaxing scrub interval from 156 cycles to 195 cycles
Relaxing scrub interval from 195 cycles to 243 cycles
Relaxing scrub interval from 243 cycles to 303 cycles
Tightening scrub interval from 303 cycles to 151 cycles
Relaxing scrub interval from 151 cycles to 188 cycles
Relaxing scrub interval from 188 cycles to 235 cycles
Relaxing scrub interval from 235 cycles to 293 cycles
Relaxing scrub interval from 293 cycles to 366 cycles
Relaxing scrub interval from 366 cycles to 457 cycles
Tightening scrub interval from 457 cycles to 228 cycles
Tightening scrub interval from 228 cycles to 114 cycles
Relaxing scrub interval from 114 cycles to 142 cycles
Relaxing scrub interval from 142 cycles to 177 cycles
Relaxing scrub interval from 177 cycles to 221 cycles
Relaxing scrub interval from 221 cycles to 276 cycles
Tightening scrub interval from 276 cycles to 138 cycles
Relaxing scrub interval from 138 cycles to 172 cycles
Relaxing scrub interval from 172 cycles to 215 cycles
Relaxing scrub interval from 215 cycles to 268 cycles
Relaxing scrub interval from 268 cycles to 335 cycles
Relaxing scrub interval from 335 cycles to 418 cycles
Tightening scrub interval from 418 cycles to 209 cycles
Relaxing scrub interval from 209 cycles to 261 cycles
Relaxing scrub interval from 261 cycles to 326 cycles
Relaxing scrub interval from 326 cycles to 407 cycles
Relaxing scrub interval from 407 cycles to 508 cycles
Relaxing scrub interval from 508 cycles to 635 cycles
Tightening scrub interval from 635 cycles to 317 cycles
Tightening scrub interval from 317 cycles to 158 cycles
Tightening scrub interval from 158 cycles to 79 cycles
Relaxing scrub interval from 79 cycles to 98 cycles
Relaxing scrub interval from 98 cycles to 122 cycles
Relaxing scrub interval from 122 cycles to 152 cycles
Tightening scrub interval from 152 cycles to 76 cycles
Tightening scrub interval from 76 cycles to 38 cycles
Relaxing scrub interval from 38 cycles to 47 cycles
Relaxing scrub interval from 47 cycles to 58 cycles
Relaxing scrub interval from 58 cycles to 72 cycles
Relaxing scrub interval from 72 cycles to 90 cycles
Relaxing scrub interval from 90 cycles to 112 cycles
Relaxing scrub interval from 112 cycles to 140 cycles
Relaxing scrub interval from 140 cycles to 175 cycles
Tightening scrub interval from 175 cycles to 87 cycles
Relaxing scrub interval from 87 cycles to 108 cycles
Relaxing scrub interval from 108 cycles to 135 cycles
Relaxing scrub interval from 135 cycles to 168 cycles
Relaxing scrub interval from 168 cycles to 210 cycles
Relaxing scrub interval from 210 cycles to 262 cycles
Tightening scrub interval from 262 cycles to 131 cycles
Relaxing scrub interval from 131 cycles to 163 cycles
Relaxing scrub interval from 163 cycles to 203 cycles
Relaxing scrub interval from 203 cycles to 253 cycles
Relaxing scrub interval from 253 cycles to 316 cycles
Tightening scrub interval from 316 cycles to 158 cycles
Tightening scrub interval from 158 cycles to 79 cycles
Relaxing scrub interval from 79 cycles to 98 cycles
Tightening scrub interval from 98 cycles to 49 cycles
Relaxing scrub interval from 49 cycles to 61 cycles
Relaxing scrub interval from 61 cycles to 76 cycles
Relaxing scrub interval from 76 cycles to 95 cycles
Relaxing scrub interval from 95 cycles to 118 cycles
Relaxing scrub interval from 118 cycles to 147 cycles
Relaxing scrub interval from 147 cycles to 183 cycles
Relaxing scrub interval from 183 cycles to 228 cycles
Relaxing scrub interval from 228 cycles to 285 cycles
Tightening scrub interval from 285 cycles to 142 cycles
Relaxing scrub interval from 142 cycles to 177 cycles
Relaxing scrub interval from 177 cycles to 221 cycles
Relaxing scrub interval from 221 cycles to 276 cycles
Relaxing scrub interval from 276 cycles to 345 cycles
Relaxing scrub interval from 345 cycles to 431 cycles
Relaxing scrub interval from 431 cycles to 538 cycles
Tightening scrub interval from 538 cycles to 269 cycles
Relaxing scrub interval from 269 cycles to 336 cycles
Tightening scrub interval from 336 cycles to 168 cycles
Relaxing scrub interval from 168 cycles to 210 cycles
Relaxing scrub interval from 210 cycles to 262 cycles
Relaxing scrub interval from 262 cycles to 327 cycles
Relaxing scrub interval from 327 cycles to 408 cycles
Relaxing scrub interval from 408 cycles to 510 cycles
Tightening scrub interval from 510 cycles to 255 cycles
Relaxing scrub interval from 255 cycles to 318 cycles
Tightening scrub interval from 318 cycles to 159 cycles
Tightening scrub interval from 159 cycles to 79 cycles
Relaxing scrub interval from 79 cycles to 98 cycles
Relaxing scrub interval from 98 cycles to 122 cycles
Relaxing scrub interval from 122 cycles to 152 cycles
Relaxing scrub interval from 152 cycles to 190 cycles
Relaxing scrub interval from 190 cycles to 237 cycles
Relaxing scrub interval from 237 cycles to 296 cycles
Tightening scrub interval from 296 cycles to 148 cycles
Relaxing scrub interval from 148 cycles to 185 cycles
Relaxing scrub interval from 185 cycles to 231 cycles
Tightening scrub interval from 231 cycles to 115 cycles
Relaxing scrub interval from 115 cycles to 143 cycles
Relaxing scrub interval from 143 cycles to 178 cycles
Relaxing scrub interval from 178 cycles to 222 cycles
Tightening scrub interval from 222 cycles to 111 cycles
Relaxing scrub interval from 111 cycles to 138 cycles
Relaxing scrub interval from 138 cycles to 172 cycles
Relaxing scrub interval from 172 cycles to 215 cycles
Relaxing scrub interval from 215 cycles to 268 cycles
Tightening scrub interval from 268 cycles to 134 cycles
Tightening scrub interval from 134 cycles to 67 cycles
Relaxing scrub interval from 67 cycles to 83 cycles
Relaxing scrub interval from 83 cycles to 103 cycles
Tightening scrub interval from 103 cycles to 51 cycles
Relaxing scrub interval from 51 cycles to 63 cycles
Relaxing scrub interval from 63 cycles to 78 cycles
Relaxing scrub interval from 78 cycles to 97 cycles
Relaxing scrub interval from 97 cycles to 121 cycles
Relaxing scrub interval from 121 cycles to 151 cycles
Tightening scrub interval from 151 cycles to 75 cycles
Relaxing scrub interval from 75 cycles to 93 cycles
Relaxing scrub interval from 93 cycles to 116 cycles
Relaxing scrub interval from 116 cycles to 145 cycles
Relaxing scrub interval from 145 cycles to 181 cycles
Relaxing scrub interval from 181 cycles to 226 cycles
Relaxing scrub interval from 226 cycles to 282 cycles
Relaxing scrub interval from 282 cycles to 352 cycles
Relaxing scrub interval from 352 cycles to 440 cycles
Tightening scrub interval from 440 cycles to 220 cycles
Relaxing scrub interval from 220 cycles to 275 cycles
Relaxing scrub interval from 275 cycles to 343 cycles
Relaxing scrub interval from 343 cycles to 428 cycles
Relaxing scrub interval from 428 cycles to 535 cycles
Tightening scrub interval from 535 cycles to 267 cycles
Relaxing scrub interval from 267 cycles to 333 cycles
Tightening scrub interval from 333 cycles to 166 cycles
Relaxing scrub interval from 166 cycles to 207 cycles
Relaxing scrub interval from 207 cycles to 258 cycles
Tightening scrub interval from 258 cycles to 129 cycles
Relaxing scrub interval from 129 cycles to 161 cycles
Relaxing scrub interval from 161 cycles to 201 cycles
Relaxing scrub interval from 201 cycles to 251 cycles
Relaxing scrub interval from 251 cycles to 313 cycles
Relaxing scrub interval from 313 cycles to 391 cycles
Tightening scrub interval from 391 cycles to 195 cycles
Relaxing scrub interval from 195 cycles to 243 cycles
Relaxing scrub interval from 243 cycles to 303 cycles
Tightening scrub interval from 303 cycles to 151 cycles
Relaxing scrub interval from 151 cycles to 188 cycles
Relaxing scrub interval from 188 cycles to 235 cycles
Relaxing scrub interval from 235 cycles to 293 cycles
Tightening scrub interval from 293 cycles to 146 cycles
Relaxing scrub interval from 146 cycles to 182 cycles
Relaxing scrub interval from 182 cycles to 227 cycles
Relaxing scrub interval from 227 cycles to 283 cycles
Relaxing scrub interval from 283 cycles to 353 cycles
Relaxing scrub interval from 353 cycles to 441 cycles
Relaxing scrub interval from 441 cycles to 551 cycles
Relaxing scrub interval from 551 cycles to 688 cycles
Tightening scrub interval from 688 cycles to 344 cycles
Relaxing scrub interval from 344 cycles to 430 cycles
Tightening scrub interval from 430 cycles to 215 cycles
Relaxing scrub interval from 215 cycles to 268 cycles
Relaxing scrub interval from 268 cycles to 335 cycles
Relaxing scrub interval from 335 cycles to 418 cycles
Relaxing scrub interval from 418 cycles to 522 cycles
Tightening scrub interval from 522 cycles to 261 cycles
Relaxing scrub interval from 261 cycles to 326 cycles
Relaxing scrub interval from 326 cycles to 407 cycles
Relaxing scrub interval from 407 cycles to 508 cycles
Relaxing scrub interval from 508 cycles to 635 cycles
Tightening scrub interval from 635 cycles to 317 cycles
Relaxing scrub interval from 317 cycles to 396 cycles
Relaxing scrub interval from 396 cycles to 495 cycles
Relaxing scrub interval from 495 cycles to 618 cycles
Relaxing scrub interval from 618 cycles to 772 cycles
Relaxing scrub interval from 772 cycles to 965 cycles
Tightening scrub interval from 965 cycles to 482 cycles
Tightening scrub interval from 482 cycles to 241 cycles
Relaxing scrub interval from 241 cycles to 301 cycles
Relaxing scrub interval from 301 cycles to 376 cycles
Relaxing scrub interval from 376 cycles to 470 cycles
Relaxing scrub interval from 470 cycles to 587 cycles
Relaxing scrub interval from 587 cycles to 733 cycles
Tightening scrub interval from 733 cycles to 366 cycles
Relaxing scrub interval from 366 cycles to 457 cycles
Tightening scrub interval from 457 cycles to 228 cycles
Relaxing scrub interval from 228 cycles to 285 cycles
Relaxing scrub interval from 285 cycles to 356 cycles
Tightening scrub interval from 356 cycles to 178 cycles
Relaxing scrub interval from 178 cycles to 222 cycles
Tightening scrub interval from 222 cycles to 111 cycles
Relaxing scrub interval from 111 cycles to 138 cycles
Relaxing scrub interval from 138 cycles to 172 cycles
Relaxing scrub interval from 172 cycles to 215 cycles
Relaxing scrub interval from 215 cycles to 268 cycles
Tightening scrub interval from 268 cycles to 134 cycles
Relaxing scrub interval from 134 cycles to 167 cycles
Relaxing scrub interval from 167 cycles to 208 cycles
Relaxing scrub interval from 208 cycles to 260 cycles
Relaxing scrub interval from 260 cycles to 325 cycles
Relaxing scrub interval from 325 cycles to 406 cycles
Relaxing scrub interval from 406 cycles to 507 cycles
Relaxing scrub interval from 507 cycles to 633 cycles
Relaxing scrub interval from 633 cycles to 791 cycles
Tightening scrub interval from 791 cycles to 395 cycles
Tightening scrub interval from 395 cycles to 197 cycles
Relaxing scrub interval from 197 cycles to 246 cycles
Relaxing scrub interval from 246 cycles to 307 cycles
Relaxing scrub interval from 307 cycles to 383 cycles
Relaxing scrub interval from 383 cycles to 478 cycles
Relaxing scrub interval from 478 cycles to 597 cycles
Relaxing scrub interval from 597 cycles to 746 cycles
Tightening scrub interval from 746 cycles to 373 cycles
Tightening scrub interval from 373 cycles to 186 cycles
Relaxing scrub interval from 186 cycles to 232 cycles
Relaxing scrub interval from 232 cycles to 290 cycles
Tightening scrub interval from 290 cycles to 145 cycles
Relaxing scrub interval from 145 cycles to 181 cycles
Relaxing scrub interval from 181 cycles to 226 cycles
Relaxing scrub interval from 226 cycles to 282 cycles
Relaxing scrub interval from 282 cycles to 352 cycles
Relaxing scrub interval from 352 cycles to 440 cycles
Tightening scrub interval from 440 cycles to 220 cycles
Relaxing scrub interval from 220 cycles to 275 cycles
Tightening scrub interval from 275 cycles to 137 cycles
Tightening scrub interval from 137 cycles to 68 cycles
Tightening scrub interval from 68 cycles to 34 cycles
Relaxing scrub interval from 34 cycles to 42 cycles
Relaxing scrub interval from 42 cycles to 52 cycles
Relaxing scrub interval from 52 cycles to 65 cycles
Tightening scrub interval from 65 cycles to 32 cycles
Relaxing scrub interval from 32 cycles to 40 cycles
Relaxing scrub interval from 40 cycles to 50 cycles
Relaxing scrub interval from 50 cycles to 62 cycles
Relaxing scrub interval from 62 cycles to 77 cycles
Relaxing scrub interval from 77 cycles to 96 cycles
Relaxing scrub interval from 96 cycles to 120 cycles
Relaxing scrub interval from 120 cycles to 150 cycles
Relaxing scrub interval from 150 cycles to 187 cycles
Tightening scrub interval from 187 cycles to 93 cycles
Relaxing scrub interval from 93 cycles to 116 cycles
Relaxing scrub interval from 116 cycles to 145 cycles
Relaxing scrub interval from 145 cycles to 181 cycles
Relaxing scrub interval from 181 cycles to 226 cycles
Relaxing scrub interval from 226 cycles to 282 cycles
Relaxing scrub interval from 282 cycles to 352 cycles
Relaxing scrub interval from 352 cycles to 440 cycles
Relaxing scrub interval from 440 cycles to 550 cycles
Tightening scrub interval from 550 cycles to 275 cycles
Relaxing scrub interval from 275 cycles to 343 cycles
Tightening scrub interval from 343 cycles to 171 cycles
Tightening scrub interval from 171 cycles to 85 cycles
Relaxing scrub interval from 85 cycles to 106 cycles
Relaxing scrub interval from 106 cycles to 132 cycles
Relaxing scrub interval from 132 cycles to 165 cycles
Tightening scrub interval from 165 cycles to 82 cycles
Relaxing scrub interval from 82 cycles to 102 cycles
Relaxing scrub interval from 102 cycles to 127 cycles
Relaxing scrub interval from 127 cycles to 158 cycles
Relaxing scrub interval from 158 cycles to 197 cycles
Tightening scrub interval from 197 cycles to 98 cycles
Relaxing scrub interval from 98 cycles to 122 cycles
Relaxing scrub interval from 122 cycles to 152 cycles
Relaxing scrub interval from 152 cycles to 190 cycles
Relaxing scrub interval from 190 cycles to 237 cycles
Relaxing scrub interval from 237 cycles to 296 cycles
Relaxing scrub interval from 296 cycles to 370 cycles
Tightening scrub interval from 370 cycles to 185 cycles
Relaxing scrub interval from 185 cycles to 231 cycles
Relaxing scrub interval from 231 cycles to 288 cycles
Relaxing scrub interval from 288 cycles to 360 cycles
Relaxing scrub interval from 360 cycles to 450 cycles
Tightening scrub interval from 450 cycles to 225 cycles
Relaxing scrub interval from 225 cycles to 281 cycles
Relaxing scrub interval from 281 cycles to 351 cycles
Relaxing scrub interval from 351 cycles to 438 cycles
Relaxing scrub interval from 438 cycles to 547 cycles
Tightening scrub interval from 547 cycles to 273 cycles
Tightening scrub interval from 273 cycles to 136 cycles
Tightening scrub interval from 136 cycles to 68 cycles
Relaxing scrub interval from 68 cycles to 85 cycles
Relaxing scrub interval from 85 cycles to 106 cycles
Relaxing scrub interval from 106 cycles to 132 cycles
Tightening scrub interval from 132 cycles to 66 cycles
Relaxing scrub interval from 66 cycles to 82 cycles
Relaxing scrub interval from 82 cycles to 102 cycles
Relaxing scrub interval from 102 cycles to 127 cycles
Relaxing scrub interval from 127 cycles to 158 cycles
Relaxing scrub interval from 158 cycles to 197 cycles
Relaxing scrub interval from 197 cycles to 246 cycles
Relaxing scrub interval from 246 cycles to 307 cycles
Tightening scrub interval from 307 cycles to 153 cycles
Relaxing scrub interval from 153 cycles to 191 cycles
Relaxing scrub interval from 191 cycles to 238 cycles
Tightening scrub interval from 238 cycles to 119 cycles
Relaxing scrub interval from 119 cycles to 148 cycles
Tightening scrub interval from 148 cycles to 74 cycles
Relaxing scrub interval from 74 cycles to 92 cycles
Relaxing scrub interval from 92 cycles to 115 cycles
Relaxing scrub interval from 115 cycles to 143 cycles
Relaxing scrub interval from 143 cycles to 178 cycles
Relaxing scrub interval from 178 cycles to 222 cycles
Relaxing scrub interval from 222 cycles to 277 cycles
Relaxing scrub interval from 277 cycles to 346 cycles
Relaxing scrub interval from 346 cycles to 432 cycles
Tightening scrub interval from 432 cycles to 216 cycles
Relaxing scrub interval from 216 cycles to 270 cycles
Relaxing scrub interval from 270 cycles to 337 cycles
Relaxing scrub interval from 337 cycles to 421 cycles
Relaxing scrub interval from 421 cycles to 526 cycles
Relaxing scrub interval from 526 cycles to 657 cycles
Tightening scrub interval from 657 cycles to 328 cycles
Relaxing scrub interval from 328 cycles to 410 cycles
Relaxing scrub interval from 410 cycles to 512 cycles
Tightening scrub interval from 512 cycles to 256 cycles
Relaxing scrub interval from 256 cycles to 320 cycles
Relaxing scrub interval from 320 cycles to 400 cycles
Tightening scrub interval from 400 cycles to 200 cycles
Relaxing scrub interval from 200 cycles to 250 cycles
Tightening scrub interval from 250 cycles to 125 cycles
Relaxing scrub interval from 125 cycles to 156 cycles
Relaxing scrub interval from 156 cycles to 195 cycles
Tightening scrub interval from 195 cycles to 97 cycles
Relaxing scrub interval from 97 cycles to 121 cycles
Relaxing scrub interval from 121 cycles to 151 cycles
Relaxing scrub interval from 151 cycles to 188 cycles
Relaxing scrub interval from 188 cycles to 235 cycles
Relaxing scrub interval from 235 cycles to 293 cycles
Relaxing scrub interval from 293 cycles to 366 cycles
Relaxing scrub interval from 366 cycles to 457 cycles
Tightening scrub interval from 457 cycles to 228 cycles
Relaxing scrub interval from 228 cycles to 285 cycles
Tightening scrub interval from 285 cycles to 142 cycles
Relaxing scrub interval from 142 cycles to 177 cycles
Relaxing scrub interval from 177 cycles to 221 cycles
Relaxing scrub interval from 221 cycles to 276 cycles
Tightening scrub interval from 276 cycles to 138 cycles
Relaxing scrub interval from 138 cycles to 172 cycles
Relaxing scrub interval from 172 cycles to 215 cycles
Tightening scrub interval from 215 cycles to 107 cycles
Relaxing scrub interval from 107 cycles to 133 cycles
Tightening scrub interval from 133 cycles to 66 cycles
Relaxing scrub interval from 66 cycles to 82 cycles
Relaxing scrub interval from 82 cycles to 102 cycles
Relaxing scrub interval from 102 cycles to 127 cycles
Relaxing scrub interval from 127 cycles to 158 cycles
Relaxing scrub interval from 158 cycles to 197 cycles
Relaxing scrub interval from 197 cycles to 246 cycles
Relaxing scrub interval from 246 cycles to 307 cycles
Relaxing scrub interval from 307 cycles to 383 cycles
Relaxing scrub interval from 383 cycles to 478 cycles
Relaxing scrub interval from 478 cycles to 597 cycles
Relaxing scrub interval from 597 cycles to 746 cycles
Relaxing scrub interval from 746 cycles to 932 cycles
Tightening scrub interval from 932 cycles to 466 cycles
Relaxing scrub interval from 466 cycles to 582 cycles
Tightening scrub interval from 582 cycles to 291 cycles
Relaxing scrub interval from 291 cycles to 363 cycles
Relaxing scrub interval from 363 cycles to 453 cycles
Tightening scrub interval from 453 cycles to 226 cycles
Relaxing scrub interval from 226 cycles to 282 cycles
Tightening scrub interval from 282 cycles to 141 cycles
Relaxing scrub interval from 141 cycles to 176 cycles
Relaxing scrub interval from 176 cycles to 220 cycles
Relaxing scrub interval from 220 cycles to 275 cycles
Relaxing scrub interval from 275 cycles to 343 cycles
Relaxing scrub interval from 343 cycles to 428 cycles
Relaxing scrub interval from 428 cycles to 535 cycles
Relaxing scrub interval from 535 cycles to 668 cycles
Relaxing scrub interval from 668 cycles to 835 cycles
Relaxing scrub interval from 835 cycles to 1043 cycles
Tightening scrub interval from 1043 cycles to 521 cycles
Relaxing scrub interval from 521 cycles to 651 cycles
Tightening scrub interval from 651 cycles to 325 cycles
Relaxing scrub interval from 325 cycles to 406 cycles
Relaxing scrub interval from 406 cycles to 507 cycles
Relaxing scrub interval from 507 cycles to 633 cycles
Tightening scrub interval from 633 cycles to 316 cycles
Tightening scrub interval from 316 cycles to 158 cycles
Relaxing scrub interval from 158 cycles to 197 cycles
Relaxing scrub interval from 197 cycles to 246 cycles
Relaxing scrub interval from 246 cycles to 307 cycles
Relaxing scrub interval from 307 cycles to 383 cycles
Relaxing scrub interval from 383 cycles to 478 cycles
Tightening scrub interval from 478 cycles to 239 cycles
Relaxing scrub interval from 239 cycles to 298 cycles
Relaxing scrub interval from 298 cycles to 372 cycles
Tightening scrub interval from 372 cycles to 186 cycles
Relaxing scrub interval from 186 cycles to 232 cycles
Tightening scrub interval from 232 cycles to 116 cycles
Relaxing scrub interval from 116 cycles to 145 cycles
Relaxing scrub interval from 145 cycles to 181 cycles
Relaxing scrub interval from 181 cycles to 226 cycles
Relaxing scrub interval from 226 cycles to 282 cycles
Tightening scrub interval from 282 cycles to 141 cycles
Relaxing scrub interval from 141 cycles to 176 cycles
Relaxing scrub interval from 176 cycles to 220 cycles
Relaxing scrub interval from 220 cycles to 275 cycles
Relaxing scrub interval from 275 cycles to 343 cycles
Relaxing scrub interval from 343 cycles to 428 cycles
Tightening scrub interval from 428 cycles to 214 cycles
Tightening scrub interval from 214 cycles to 107 cycles
Relaxing scrub interval from 107 cycles to 133 cycles
Relaxing scrub interval from 133 cycles to 166 cycles
Relaxing scrub interval from 166 cycles to 207 cycles
Tightening scrub interval from 207 cycles to 103 cycles
Relaxing scrub interval from 103 cycles to 128 cycles
Relaxing scrub interval from 128 cycles to 160 cycles
Relaxing scrub interval from 160 cycles to 200 cycles
Tightening scrub interval from 200 cycles to 100 cycles
Relaxing scrub interval from 100 cycles to 125 cycles
Relaxing scrub interval from 125 cycles to 156 cycles
Relaxing scrub interval from 156 cycles to 195 cycles
Relaxing scrub interval from 195 cycles to 243 cycles
Relaxing scrub interval from 243 cycles to 303 cycles
Relaxing scrub interval from 303 cycles to 378 cycles
Relaxing scrub interval from 378 cycles to 472 cycles
Relaxing scrub interval from 472 cycles to 590 cycles
Relaxing scrub interval from 590 cycles to 737 cycles
Relaxing scrub interval from 737 cycles to 921 cycles
Tightening scrub interval from 921 cycles to 460 cycles
Relaxing scrub interval from 460 cycles to 575 cycles
Tightening scrub interval from 575 cycles to 287 cycles
Relaxing scrub interval from 287 cycles to 358 cycles
Tightening scrub interval from 358 cycles to 179 cycles
Relaxing scrub interval from 179 cycles to 223 cycles
Tightening scrub interval from 223 cycles to 111 cycles
Relaxing scrub interval from 111 cycles to 138 cycles
Relaxing scrub interval from 138 cycles to 172 cycles
Relaxing scrub interval from 172 cycles to 215 cycles
Relaxing scrub interval from 215 cycles to 268 cycles
Relaxing scrub interval from 268 cycles to 335 cycles
Relaxing scrub interval from 335 cycles to 418 cycles
Relaxing scrub interval from 418 cycles to 522 cycles
Relaxing scrub interval from 522 cycles to 652 cycles
Relaxing scrub interval from 652 cycles to 815 cycles
Tightening scrub interval from 815 cycles to 407 cycles
Tightening scrub interval from 407 cycles to 203 cycles
Relaxing scrub interval from 203 cycles to 253 cycles
Relaxing scrub interval from 253 cycles to 316 cycles
Relaxing scrub interval from 316 cycles to 395 cycles
Tightening scrub interval from 395 cycles to 197 cycles
Relaxing scrub interval from 197 cycles to 246 cycles
Tightening scrub interval from 246 cycles to 123 cycles
Relaxing scrub interval from 123 cycles to 153 cycles
Relaxing scrub interval from 153 cycles to 191 cycles
Relaxing scrub interval from 191 cycles to 238 cycles
Relaxing scrub interval from 238 cycles to 297 cycles
Tightening scrub interval from 297 cycles to 148 cycles
Tightening scrub interval from 148 cycles to 74 cycles
Relaxing scrub interval from 74 cycles to 92 cycles
Relaxing scrub interval from 92 cycles to 115 cycles
Relaxing scrub interval from 115 cycles to 143 cycles
Relaxing scrub interval from 143 cycles to 178 cycles
Relaxing scrub interval from 178 cycles to 222 cycles
Relaxing scrub interval from 222 cycles to 277 cycles
Relaxing scrub interval from 277 cycles to 346 cycles
Relaxing scrub interval from 346 cycles to 432 cycles
Tightening scrub interval from 432 cycles to 216 cycles
Relaxing scrub interval from 216 cycles to 270 cycles
Tightening scrub interval from 270 cycles to 135 cycles
Tightening scrub interval from 135 cycles to 67 cycles
Relaxing scrub interval from 67 cycles to 83 cycles
Relaxing scrub interval from 83 cycles to 103 cycles
Relaxing scrub interval from 103 cycles to 128 cycles
Relaxing scrub interval from 128 cycles to 160 cycles
Relaxing scrub interval from 160 cycles to 200 cycles
Relaxing scrub interval from 200 cycles to 250 cycles
Relaxing scrub interval from 250 cycles to 312 cycles
Relaxing scrub interval from 312 cycles to 390 cycles
Relaxing scrub interval from 390 cycles to 487 cycles
Tightening scrub interval from 487 cycles to 243 cycles
Relaxing scrub interval from 243 cycles to 303 cycles
Relaxing scrub interval from 303 cycles to 378 cycles
Tightening scrub interval from 378 cycles to 189 cycles
Relaxing scrub interval from 189 cycles to 236 cycles
Relaxing scrub interval from 236 cycles to 295 cycles
Relaxing scrub interval from 295 cycles to 368 cycles
Relaxing scrub interval from 368 cycles to 460 cycles
Relaxing scrub interval from 460 cycles to 575 cycles
Tightening scrub interval from 575 cycles to 287 cycles
Relaxing scrub interval from 287 cycles to 358 cycles
Tightening scrub interval from 358 cycles to 179 cycles
Relaxing scrub interval from 179 cycles to 223 cycles
Relaxing scrub interval from 223 cycles to 278 cycles
Relaxing scrub interval from 278 cycles to 347 cycles
Relaxing scrub interval from 347 cycles to 433 cycles
Relaxing scrub interval from 433 cycles to 541 cycles
Relaxing scrub interval from 541 cycles to 676 cycles
Relaxing scrub interval from 676 cycles to 845 cycles
Tightening scrub interval from 845 cycles to 422 cycles
Relaxing scrub interval from 422 cycles to 527 cycles
Relaxing scrub interval from 527 cycles to 658 cycles
Tightening scrub interval from 658 cycles to 329 cycles
Relaxing scrub interval from 329 cycles to 411 cycles
Tightening scrub interval from 411 cycles to 205 cycles
Relaxing scrub interval from 205 cycles to 256 cycles
Relaxing scrub interval from 256 cycles to 320 cycles
Relaxing scrub interval from 320 cycles to 400 cycles
Relaxing scrub interval from 400 cycles to 500 cycles
Relaxing scrub interval from 500 cycles to 625 cycles
Tightening scrub interval from 625 cycles to 312 cycles
Relaxing scrub interval from 312 cycles to 390 cycles
Tightening scrub interval from 390 cycles to 195 cycles
Relaxing scrub interval from 195 cycles to 243 cycles
Relaxing scrub interval from 243 cycles to 303 cycles
Relaxing scrub interval from 303 cycles to 378 cycles
Relaxing scrub interval from 378 cycles to 472 cycles
Relaxing scrub interval from 472 cycles to 590 cycles
Tightening scrub interval from 590 cycles to 295 cycles
Tightening scrub interval from 295 cycles to 147 cycles
Relaxing scrub interval from 147 cycles to 183 cycles
Tightening scrub interval from 183 cycles to 91 cycles
Relaxing scrub interval from 91 cycles to 113 cycles
Relaxing scrub interval from 113 cycles to 141 cycles
Relaxing scrub interval from 141 cycles to 176 cycles
Tightening scrub interval from 176 cycles to 88 cycles
Relaxing scrub interval from 88 cycles to 110 cycles
Relaxing scrub interval from 110 cycles to 137 cycles
Relaxing scrub interval from 137 cycles to 171 cycles
Relaxing scrub interval from 171 cycles to 213 cycles
Relaxing scrub interval from 213 cycles to 266 cycles
Tightening scrub interval from 266 cycles to 133 cycles
Relaxing scrub interval from 133 cycles to 166 cycles
Relaxing scrub interval from 166 cycles to 207 cycles
Relaxing scrub interval from 207 cycles to 258 cycles
Relaxing scrub interval from 258 cycles to 322 cycles
Relaxing scrub interval from 322 cycles to 402 cycles
Relaxing scrub interval from 402 cycles to 502 cycles
Relaxing scrub interval from 502 cycles to 627 cycles
Relaxing scrub interval from 627 cycles to 783 cycles
Tightening scrub interval from 783 cycles to 391 cycles
Relaxing scrub interval from 391 cycles to 488 cycles
Relaxing scrub interval from 488 cycles to 610 cycles
Tightening scrub interval from 610 cycles to 305 cycles
Relaxing scrub interval from 305 cycles to 381 cycles
Relaxing scrub interval from 381 cycles to 476 cycles
Relaxing scrub interval from 476 cycles to 595 cycles
Relaxing scrub interval from 595 cycles to 743 cycles
Tightening scrub interval from 743 cycles to 371 cycles
Relaxing scrub interval from 371 cycles to 463 cycles
Relaxing scrub interval from 463 cycles to 578 cycles
Tightening scrub interval from 578 cycles to 289 cycles
Relaxing scrub interval from 289 cycles to 361 cycles
Relaxing scrub interval from 361 cycles to 451 cycles
Relaxing scrub interval from 451 cycles to 563 cycles
Relaxing scrub interval from 563 cycles to 703 cycles
Relaxing scrub interval from 703 cycles to 878 cycles
Tightening scrub interval from 878 cycles to 439 cycles
Tightening scrub interval from 439 cycles to 219 cycles
Tightening scrub interval from 219 cycles to 109 cycles
Relaxing scrub interval from 109 cycles to 136 cycles
Relaxing scrub interval from 136 cycles to 170 cycles
Tightening scrub interval from 170 cycles to 85 cycles
Relaxing scrub interval from 85 cycles to 106 cycles
Relaxing scrub interval from 106 cycles to 132 cycles
Relaxing scrub interval from 132 cycles to 165 cycles
Relaxing scrub interval from 165 cycles to 206 cycles
Relaxing scrub interval from 206 cycles to 257 cycles
Tightening scrub interval from 257 cycles to 128 cycles
Tightening scrub interval from 128 cycles to 64 cycles
Relaxing scrub interval from 64 cycles to 80 cycles
Relaxing scrub interval from 80 cycles to 100 cycles
Tightening scrub interval from 100 cycles to 50 cycles
Relaxing scrub interval from 50 cycles to 62 cycles
Relaxing scrub interval from 62 cycles to 77 cycles
Relaxing scrub interval from 77 cycles to 96 cycles
Relaxing scrub interval from 96 cycles to 120 cycles
Relaxing scrub interval from 120 cycles to 150 cycles
Relaxing scrub interval from 150 cycles to 187 cycles
Relaxing scrub interval from 187 cycles to 233 cycles
Relaxing scrub interval from 233 cycles to 291 cycles
Relaxing scrub interval from 291 cycles to 363 cycles
Tightening scrub interval from 363 cycles to 181 cycles
Tightening scrub interval from 181 cycles to 90 cycles
Relaxing scrub interval from 90 cycles to 112 cycles
Relaxing scrub interval from 112 cycles to 140 cycles
Relaxing scrub interval from 140 cycles to 175 cycles
Relaxing scrub interval from 175 cycles to 218 cycles
Relaxing scrub interval from 218 cycles to 272 cycles
Relaxing scrub interval from 272 cycles to 340 cycles
Relaxing scrub interval from 340 cycles to 425 cycles
Tightening scrub interval from 425 cycles to 212 cycles
Relaxing scrub interval from 212 cycles to 265 cycles
Relaxing scrub interval from 265 cycles to 331 cycles
Relaxing scrub interval from 331 cycles to 413 cycles
Tightening scrub interval from 413 cycles to 206 cycles
Relaxing scrub interval from 206 cycles to 257 cycles
Tightening scrub interval from 257 cycles to 128 cycles
Tightening scrub interval from 128 cycles to 64 cycles
Relaxing scrub interval from 64 cycles to 80 cycles
Relaxing scrub interval from 80 cycles to 100 cycles
Relaxing scrub interval from 100 cycles to 125 cycles
Relaxing scrub interval from 125 cycles to 156 cycles
Relaxing scrub interval from 156 cycles to 195 cycles
Relaxing scrub interval from 195 cycles to 243 cycles
Relaxing scrub interval from 243 cycles to 303 cycles
Relaxing scrub interval from 303 cycles to 378 cycles
Tightening scrub interval from 378 cycles to 189 cycles
Relaxing scrub interval from 189 cycles to 236 cycles
Tightening scrub interval from 236 cycles to 118 cycles
Relaxing scrub interval from 118 cycles to 147 cycles
Relaxing scrub interval from 147 cycles to 183 cycles
Relaxing scrub interval from 183 cycles to 228 cycles
Relaxing scrub interval from 228 cycles to 285 cycles
Relaxing scrub interval from 285 cycles to 356 cycles
Tightening scrub interval from 356 cycles to 178 cycles
Relaxing scrub interval from 178 cycles to 222 cycles
Relaxing scrub interval from 222 cycles to 277 cycles
Relaxing scrub interval from 277 cycles to 346 cycles
Relaxing scrub interval from 346 cycles to 432 cycles
Relaxing scrub interval from 432 cycles to 540 cycles
Relaxing scrub interval from 540 cycles to 675 cycles
Tightening scrub interval from 675 cycles to 337 cycles
Relaxing scrub interval from 337 cycles to 421 cycles
Relaxing scrub interval from 421 cycles to 526 cycles
Tightening scrub interval from 526 cycles to 263 cycles
Relaxing scrub interval from 263 cycles to 328 cycles
Tightening scrub interval from 328 cycles to 164 cycles
Relaxing scrub interval from 164 cycles to 205 cycles
Relaxing scrub interval from 205 cycles to 256 cycles
Relaxing scrub interval from 256 cycles to 320 cycles
Relaxing scrub interval from 320 cycles to 400 cycles
Tightening scrub interval from 400 cycles to 200 cycles
Relaxing scrub interval from 200 cycles to 250 cycles
Relaxing scrub interval from 250 cycles to 312 cycles
Relaxing scrub interval from 312 cycles to 390 cycles
Relaxing scrub interval from 390 cycles to 487 cycles
Tightening scrub interval from 487 cycles to 243 cycles
Relaxing scrub interval from 243 cycles to 303 cycles
Relaxing scrub interval from 303 cycles to 378 cycles
Relaxing scrub interval from 378 cycles to 472 cycles
Relaxing scrub interval from 472 cycles to 590 cycles
Tightening scrub interval from 590 cycles to 295 cycles
Relaxing scrub interval from 295 cycles to 368 cycles
Relaxing scrub interval from 368 cycles to 460 cycles
Relaxing scrub interval from 460 cycles to 575 cycles
Relaxing scrub interval from 575 cycles to 718 cycles
Relaxing scrub interval from 718 cycles to 897 cycles
Relaxing scrub interval from 897 cycles to 1121 cycles
Tightening scrub interval from 1121 cycles to 560 cycles
Relaxing scrub interval from 560 cycles to 700 cycles
Relaxing scrub interval from 700 cycles to 875 cycles
Relaxing scrub interval from 875 cycles to 1093 cycles
Tightening scrub interval from 1093 cycles to 546 cycles
Tightening scrub interval from 546 cycles to 273 cycles
Relaxing scrub interval from 273 cycles to 341 cycles
Relaxing scrub interval from 341 cycles to 426 cycles
Relaxing scrub interval from 426 cycles to 532 cycles
Tightening scrub interval from 532 cycles to 266 cycles
Relaxing scrub interval from 266 cycles to 332 cycles
Relaxing scrub interval from 332 cycles to 415 cycles
Relaxing scrub interval from 415 cycles to 518 cycles
Relaxing scrub interval from 518 cycles to 647 cycles
Relaxing scrub interval from 647 cycles to 808 cycles
Tightening scrub interval from 808 cycles to 404 cycles
Relaxing scrub interval from 404 cycles to 505 cycles
Relaxing scrub interval from 505 cycles to 631 cycles
Tightening scrub interval from 631 cycles to 315 cycles
Relaxing scrub interval from 315 cycles to 393 cycles
Relaxing scrub interval from 393 cycles to 491 cycles
Relaxing scrub interval from 491 cycles to 613 cycles
Relaxing scrub interval from 613 cycles to 766 cycles
Tightening scrub interval from 766 cycles to 383 cycles
Relaxing scrub interval from 383 cycles to 478 cycles
Tightening scrub interval from 478 cycles to 239 cycles
Tightening scrub interval from 239 cycles to 119 cycles
Relaxing scrub interval from 119 cycles to 148 cycles
Relaxing scrub interval from 148 cycles to 185 cycles
Relaxing scrub interval from 185 cycles to 231 cycles
Relaxing scrub interval from 231 cycles to 288 cycles
Tightening scrub interval from 288 cycles to 144 cycles
Relaxing scrub interval from 144 cycles to 180 cycles
Relaxing scrub interval from 180 cycles to 225 cycles
Relaxing scrub interval from 225 cycles to 281 cycles
Tightening scrub interval from 281 cycles to 140 cycles
Relaxing scrub interval from 140 cycles to 175 cycles
Tightening scrub interval from 175 cycles to 87 cycles
Tightening scrub interval from 87 cycles to 43 cycles
Relaxing scrub interval from 43 cycles to 53 cycles
Relaxing scrub interval from 53 cycles to 66 cycles
Relaxing scrub interval from 66 cycles to 82 cycles
Relaxing scrub interval from 82 cycles to 102 cycles
Relaxing scrub interval from 102 cycles to 127 cycles
Relaxing scrub interval from 127 cycles to 158 cycles
Relaxing scrub interval from 158 cycles to 197 cycles
Tightening scrub interval from 197 cycles to 98 cycles
Relaxing scrub interval from 98 cycles to 122 cycles
Relaxing scrub interval from 122 cycles to 152 cycles
Relaxing scrub interval from 152 cycles to 190 cycles
Relaxing scrub interval from 190 cycles to 237 cycles
Tightening scrub interval from 237 cycles to 118 cycles
Tightening scrub interval from 118 cycles to 59 cycles
Relaxing scrub interval from 59 cycles to 73 cycles
Tightening scrub interval from 73 cycles to 36 cycles
Relaxing scrub interval from 36 cycles to 45 cycles
Relaxing scrub interval from 45 cycles to 56 cycles
Relaxing scrub interval from 56 cycles to 70 cycles
Relaxing scrub interval from 70 cycles to 87 cycles
Tightening scrub interval from 87 cycles to 43 cycles
Relaxing scrub interval from 43 cycles to 53 cycles
Relaxing scrub interval from 53 cycles to 66 cycles
Relaxing scrub interval from 66 cycles to 82 cycles
Relaxing scrub interval from 82 cycles to 102 cycles
Relaxing scrub interval from 102 cycles to 127 cycles
Relaxing scrub interval from 127 cycles to 158 cycles
Relaxing scrub interval from 158 cycles to 197 cycles
Tightening scrub interval from 197 cycles to 98 cycles
Relaxing scrub interval from 98 cycles to 122 cycles
Tightening scrub interval from 122 cycles to 61 cycles
Relaxing scrub interval from 61 cycles to 76 cycles
Relaxing scrub interval from 76 cycles to 95 cycles
Relaxing scrub interval from 95 cycles to 118 cycles
Tightening scrub interval from 118 cycles to 59 cycles
Relaxing scrub interval from 59 cycles to 73 cycles
Relaxing scrub interval from 73 cycles to 91 cycles
Relaxing scrub interval from 91 cycles to 113 cycles
Relaxing scrub interval from 113 cycles to 141 cycles
Relaxing scrub interval from 141 cycles to 176 cycles
Relaxing scrub interval from 176 cycles to 220 cycles
Tightening scrub interval from 220 cycles to 110 cycles
Relaxing scrub interval from 110 cycles to 137 cycles
Relaxing scrub interval from 137 cycles to 171 cycles
Relaxing scrub interval from 171 cycles to 213 cycles
Relaxing scrub interval from 213 cycles to 266 cycles
Relaxing scrub interval from 266 cycles to 332 cycles
Relaxing scrub interval from 332 cycles to 415 cycles
Relaxing scrub interval from 415 cycles to 518 cycles
Tightening scrub interval from 518 cycles to 259 cycles
Relaxing scrub interval from 259 cycles to 323 cycles
Relaxing scrub interval from 323 cycles to 403 cycles
Tightening scrub interval from 403 cycles to 201 cycles
Relaxing scrub interval from 201 cycles to 251 cycles
Relaxing scrub interval from 251 cycles to 313 cycles
Tightening scrub interval from 313 cycles to 156 cycles
Relaxing scrub interval from 156 cycles to 195 cycles
Relaxing scrub interval from 195 cycles to 243 cycles
Relaxing scrub interval from 243 cycles to 303 cycles
Relaxing scrub interval from 303 cycles to 378 cycles
Relaxing scrub interval from 378 cycles to 472 cycles
Relaxing scrub interval from 472 cycles to 590 cycles
Relaxing scrub interval from 590 cycles to 737 cycles
Relaxing scrub interval from 737 cycles to 921 cycles
Relaxing scrub interval from 921 cycles to 1151 cycles
Relaxing scrub interval from 1151 cycles to 1438 cycles
Tightening scrub interval from 1438 cycles to 719 cycles
Tightening scrub interval from 719 cycles to 359 cycles
Tightening scrub interval from 359 cycles to 179 cycles
Relaxing scrub interval from 179 cycles to 223 cycles
Relaxing scrub interval from 223 cycles to 278 cycles
Relaxing scrub interval from 278 cycles to 347 cycles
Tightening scrub interval from 347 cycles to 173 cycles
Relaxing scrub interval from 173 cycles to 216 cycles
Tightening scrub interval from 216 cycles to 108 cycles
Tightening scrub interval from 108 cycles to 54 cycles
Relaxing scrub interval from 54 cycles to 67 cycles
Relaxing scrub interval from 67 cycles to 83 cycles
Relaxing scrub interval from 83 cycles to 103 cycles
Relaxing scrub interval from 103 cycles to 128 cycles
Relaxing scrub interval from 128 cycles to 160 cycles
Relaxing scrub interval from 160 cycles to 200 cycles
Tightening scrub interval from 200 cycles to 100 cycles
Relaxing scrub interval from 100 cycles to 125 cycles
Relaxing scrub interval from 125 cycles to 156 cycles
Relaxing scrub interval from 156 cycles to 195 cycles
Relaxing scrub interval from 195 cycles to 243 cycles
Relaxing scrub interval from 243 cycles to 303 cycles
Relaxing scrub interval from 303 cycles to 378 cycles
Relaxing scrub interval from 378 cycles to 472 cycles
Tightening scrub interval from 472 cycles to 236 cycles
Relaxing scrub interval from 236 cycles to 295 cycles
Relaxing scrub interval from 295 cycles to 368 cycles
Relaxing scrub interval from 368 cycles to 460 cycles
Relaxing scrub interval from 460 cycles to 575 cycles
Tightening scrub interval from 575 cycles to 287 cycles
Relaxing scrub interval from 287 cycles to 358 cycles
Relaxing scrub interval from 358 cycles to 447 cycles
Relaxing scrub interval from 447 cycles to 558 cycles
Relaxing scrub interval from 558 cycles to 697 cycles
Relaxing scrub interval from 697 cycles to 871 cycles
Relaxing scrub interval from 871 cycles to 1088 cycles
Relaxing scrub interval from 1088 cycles to 1360 cycles
Tightening scrub interval from 1360 cycles to 680 cycles
Tightening scrub interval from 680 cycles to 340 cycles
Relaxing scrub interval from 340 cycles to 425 cycles
Tightening scrub interval from 425 cycles to 212 cycles
Relaxing scrub interval from 212 cycles to 265 cycles
Relaxing scrub interval from 265 cycles to 331 cycles
Tightening scrub interval from 331 cycles to 165 cycles
Tightening scrub interval from 165 cycles to 82 cycles
Relaxing scrub interval from 82 cycles to 102 cycles
Relaxing scrub interval from 102 cycles to 127 cycles
Relaxing scrub interval from 127 cycles to 158 cycles
Relaxing scrub interval from 158 cycles to 197 cycles
Relaxing scrub interval from 197 cycles to 246 cycles
Tightening scrub interval from 246 cycles to 123 cycles
Relaxing scrub interval from 123 cycles to 153 cycles
Relaxing scrub interval from 153 cycles to 191 cycles
Relaxing scrub interval from 191 cycles to 238 cycles
Relaxing scrub interval from 238 cycles to 297 cycles
Relaxing scrub interval from 297 cycles to 371 cycles
Relaxing scrub interval from 371 cycles to 463 cycles
Relaxing scrub interval from 463 cycles to 578 cycles
Relaxing scrub interval from 578 cycles to 722 cycles
Relaxing scrub interval from 722 cycles to 902 cycles
Tightening scrub interval from 902 cycles to 451 cycles
Tightening scrub interval from 451 cycles to 225 cycles
Relaxing scrub interval from 225 cycles to 281 cycles
Relaxing scrub interval from 281 cycles to 351 cycles
Relaxing scrub interval from 351 cycles to 438 cycles
Relaxing scrub interval from 438 cycles to 547 cycles
Relaxing scrub interval from 547 cycles to 683 cycles
Tightening scrub interval from 683 cycles to 341 cycles
Relaxing scrub interval from 341 cycles to 426 cycles
Relaxing scrub interval from 426 cycles to 532 cycles
Tightening scrub interval from 532 cycles to 266 cycles
Tightening scrub interval from 266 cycles to 133 cycles
Relaxing scrub interval from 133 cycles to 166 cycles
Relaxing scrub interval from 166 cycles to 207 cycles
