warn: No dot file generated. Please install pydot to generate the dot file and pdf.
Scrubbing enabled with adaptive interval starting at 10 cycles, tightening factor 2, relax factor 1.25
src/arch/riscv/isa.cc:275: info: RVV enabled, VLEN = 256 bits, ELEN = 64 bits
src/arch/riscv/linux/se_workload.cc:60: warn: Unknown operating system; assuming Linux.
src/base/statistics.hh:279: warn: One of the stats is a legacy stat. Legacy stat is a stat that does not belong to any statistics::Group. Legacy stat is deprecated.
src/base/remote_gdb.cc:418: warn: Sockets disabled, not accepting gdb connections
src/sim/simulate.cc:199: info: Entering event queue @ 0.  Starting simulation...
Relaxing scrub interval from 10 cycles to 12 cycles
Relaxing scrub interval from 12 cycles to 15 cycles
Relaxing scrub interval from 15 cycles to 18 cycles
Relaxing scrub interval from 18 cycles to 22 cycles
Relaxing scrub interval from 22 cycles to 27 cycles
Relaxing scrub interval from 27 cycles to 33 cycles
Relaxing scrub interval from 33 cycles to 41 cycles
Relaxing scrub interval from 41 cycles to 51 cycles
Relaxing scrub interval from 51 cycles to 63 cycles
Relaxing scrub interval from 63 cycles to 78 cycles
Relaxing scrub interval from 78 cycles to 97 cycles
Relaxing scrub interval from 97 cycles to 121 cycles
Relaxing scrub interval from 121 cycles to 151 cycles
Relaxing scrub interval from 151 cycles to 188 cycles
Relaxing scrub interval from 188 cycles to 235 cycles
Relaxing scrub interval from 235 cycles to 293 cycles
Relaxing scrub interval from 293 cycles to 366 cycles
Relaxing scrub interval from 366 cycles to 457 cycles
Relaxing scrub interval from 457 cycles to 571 cycles
Relaxing scrub interval from 571 cycles to 713 cycles
Relaxing scrub interval from 713 cycles to 891 cycles
Relaxing scrub interval from 891 cycles to 1113 cycles
Relaxing scrub interval from 1113 cycles to 1391 cycles
Relaxing scrub interval from 1391 cycles to 1738 cycles
Relaxing scrub interval from 1738 cycles to 2172 cycles
Relaxing scrub interval from 2172 cycles to 2715 cycles
Relaxing scrub interval from 2715 cycles to 3393 cycles
Relaxing scrub interval from 3393 cycles to 4241 cycles
Relaxing scrub interval from 4241 cycles to 5301 cycles
Relaxing scrub interval from 5301 cycles to 6626 cycles
Relaxing scrub interval from 6626 cycles to 8282 cycles
Relaxing scrub interval from 8282 cycles to 10352 cycles
Relaxing scrub interval from 10352 cycles to 12940 cycles
Tightening scrub interval from 12940 cycles to 6470 cycles
Tightening scrub interval from 6470 cycles to 3235 cycles
Tightening scrub interval from 3235 cycles to 1617 cycles
Tightening scrub interval from 1617 cycles to 808 cycles
Tightening scrub interval from 808 cycles to 404 cycles
Tightening scrub interval from 404 cycles to 202 cycles
Relaxing scrub interval from 202 cycles to 252 cycles
Relaxing scrub interval from 252 cycles to 315 cycles
Relaxing scrub interval from 315 cycles to 393 cycles
Relaxing scrub interval from 393 cycles to 491 cycles
Tightening scrub interval from 491 cycles to 245 cycles
Relaxing scrub interval from 245 cycles to 306 cycles
Tightening scrub interval from 306 cycles to 153 cycles
Relaxing scrub interval from 153 cycles to 191 cycles
Relaxing scrub interval from 191 cycles to 238 cycles
Relaxing scrub interval from 238 cycles to 297 cycles
Relaxing scrub interval from 297 cycles to 371 cycles
Tightening scrub interval from 371 cycles to 185 cycles
Relaxing scrub interval from 185 cycles to 231 cycles
Relaxing scrub interval from 231 cycles to 288 cycles
Tightening scrub interval from 288 cycles to 144 cycles
Relaxing scrub interval from 144 cycles to 180 cycles
Relaxing scrub interval from 180 cycles to 225 cycles
Relaxing scrub interval from 225 cycles to 281 cycles
Relaxing scrub interval from 281 cycles to 351 cycles
Relaxing scrub interval from 351 cycles to 438 cycles
Tightening scrub interval from 438 cycles to 219 cycles
Relaxing scrub interval from 219 cycles to 273 cycles
Relaxing scrub interval from 273 cycles to 341 cycles
Tightening scrub interval from 341 cycles to 170 cycles
Tightening scrub interval from 170 cycles to 85 cycles
Relaxing scrub interval from 85 cycles to 106 cycles
Relaxing scrub interval from 106 cycles to 132 cycles
Relaxing scrub interval from 132 cycles to 165 cycles
Relaxing scrub interval from 165 cycles to 206 cycles
Relaxing scrub interval from 206 cycles to 257 cycles
Relaxing scrub interval from 257 cycles to 321 cycles
Relaxing scrub interval from 321 cycles to 401 cycles
Relaxing scrub interval from 401 cycles to 501 cycles
Tightening scrub interval from 501 cycles to 250 cycles
Relaxing scrub interval from 250 cycles to 312 cycles
Relaxing scrub interval from 312 cycles to 390 cycles
Relaxing scrub interval from 390 cycles to 487 cycles
Relaxing scrub interval from 487 cycles to 608 cycles
Tightening scrub interval from 608 cycles to 304 cycles
Relaxing scrub interval from 304 cycles to 380 cycles
Tightening scrub interval from 380 cycles to 190 cycles
Relaxing scrub interval from 190 cycles to 237 cycles
Tightening scrub interval from 237 cycles to 118 cycles
Tightening scrub interval from 118 cycles to 59 cycles
Relaxing scrub interval from 59 cycles to 73 cycles
Relaxing scrub interval from 73 cycles to 91 cycles
Relaxing scrub interval from 91 cycles to 113 cycles
Relaxing scrub interval from 113 cycles to 141 cycles
Relaxing scrub interval from 141 cycles to 176 cycles
Relaxing scrub interval from 176 cycles to 220 cycles
Relaxing scrub interval from 220 cycles to 275 cycles
Relaxing scrub interval from 275 cycles to 343 cycles
Tightening scrub interval from 343 cycles to 171 cycles
Relaxing scrub interval from 171 cycles to 213 cycles
Relaxing scrub interval from 213 cycles to 266 cycles
Relaxing scrub interval from 266 cycles to 332 cycles
Relaxing scrub interval from 332 cycles to 415 cycles
Tightening scrub interval from 415 cycles to 207 cycles
Relaxing scrub interval from 207 cycles to 258 cycles
Relaxing scrub interval from 258 cycles to 322 cycles
Relaxing scrub interval from 322 cycles to 402 cycles
Relaxing scrub interval from 402 cycles to 502 cycles
Relaxing scrub interval from 502 cycles to 627 cycles
Tightening scrub interval from 627 cycles to 313 cycles
Tightening scrub interval from 313 cycles to 156 cycles
Relaxing scrub interval from 156 cycles to 195 cycles
Relaxing scrub interval from 195 cycles to 243 cycles
Tightening scrub interval from 243 cycles to 121 cycles
Relaxing scrub interval from 121 cycles to 151 cycles
Relaxing scrub interval from 151 cycles to 188 cycles
Relaxing scrub interval from 188 cycles to 235 cycles
Relaxing scrub interval from 235 cycles to 293 cycles
Relaxing scrub interval from 293 cycles to 366 cycles
Relaxing scrub interval from 366 cycles to 457 cycles
Relaxing scrub interval from 457 cycles to 571 cycles
Relaxing scrub interval from 571 cycles to 713 cycles
Tightening scrub interval from 713 cycles to 356 cycles
Relaxing scrub interval from 356 cycles to 445 cycles
Tightening scrub interval from 445 cycles to 222 cycles
Tightening scrub interval from 222 cycles to 111 cycles
Relaxing scrub interval from 111 cycles to 138 cycles
Relaxing scrub interval from 138 cycles to 172 cycles
Relaxing scrub interval from 172 cycles to 215 cycles
Relaxing scrub interval from 215 cycles to 268 cycles
Relaxing scrub interval from 268 cycles to 335 cycles
Tightening scrub interval from 335 cycles to 167 cycles
Tightening scrub interval from 167 cycles to 83 cycles
Relaxing scrub interval from 83 cycles to 103 cycles
Relaxing scrub interval from 103 cycles to 128 cycles
Relaxing scrub interval from 128 cycles to 160 cycles
Relaxing scrub interval from 160 cycles to 200 cycles
Relaxing scrub interval from 200 cycles to 250 cycles
Relaxing scrub interval from 250 cycles to 312 cycles
Relaxing scrub interval from 312 cycles to 390 cycles
Tightening scrub interval from 390 cycles to 195 cycles
Relaxing scrub interval from 195 cycles to 243 cycles
Tightening scrub interval from 243 cycles to 121 cycles
Relaxing scrub interval from 121 cycles to 151 cycles
Relaxing scrub interval from 151 cycles to 188 cycles
Tightening scrub interval from 188 cycles to 94 cycles
Relaxing scrub interval from 94 cycles to 117 cycles
Relaxing scrub interval from 117 cycles to 146 cycles
Relaxing scrub interval from 146 cycles to 182 cycles
Tightening scrub interval from 182 cycles to 91 cycles
Relaxing scrub interval from 91 cycles to 113 cycles
Relaxing scrub interval from 113 cycles to 141 cycles
Relaxing scrub interval from 141 cycles to 176 cycles
Tightening scrub interval from 176 cycles to 88 cycles
Relaxing scrub interval from 88 cycles to 110 cycles
Relaxing scrub interval from 110 cycles to 137 cycles
Relaxing scrub interval from 137 cycles to 171 cycles
Relaxing scrub interval from 171 cycles to 213 cycles
Tightening scrub interval from 213 cycles to 106 cycles
Relaxing scrub interval from 106 cycles to 132 cycles
Relaxing scrub interval from 132 cycles to 165 cycles
Relaxing scrub interval from 165 cycles to 206 cycles
Relaxing scrub interval from 206 cycles to 257 cycles
Relaxing scrub interval from 257 cycles to 321 cycles
Tightening scrub interval from 321 cycles to 160 cycles
Relaxing scrub interval from 160 cycles to 200 cycles
Relaxing scrub interval from 200 cycles to 250 cycles
Relaxing scrub interval from 250 cycles to 312 cycles
Relaxing scrub interval from 312 cycles to 390 cycles
Tightening scrub interval from 390 cycles to 195 cycles
Relaxing scrub interval from 195 cycles to 243 cycles
Tightening scrub interval from 243 cycles to 121 cycles
Relaxing scrub interval from 121 cycles to 151 cycles
Relaxing scrub interval from 151 cycles to 188 cycles
Relaxing scrub interval from 188 cycles to 235 cycles
Relaxing scrub interval from 235 cycles to 293 cycles
Tightening scrub interval from 293 cycles to 146 cycles
Relaxing scrub interval from 146 cycles to 182 cycles
Relaxing scrub interval from 182 cycles to 227 cycles
Relaxing scrub interval from 227 cycles to 283 cycles
Relaxing scrub interval from 283 cycles to 353 cycles
Tightening scrub interval from 353 cycles to 176 cycles
Relaxing scrub interval from 176 cycles to 220 cycles
Relaxing scrub interval from 220 cycles to 275 cycles
Relaxing scrub interval from 275 cycles to 343 cycles
Tightening scrub interval from 343 cycles to 171 cycles
Tightening scrub interval from 171 cycles to 85 cycles
Relaxing scrub interval from 85 cycles to 106 cycles
Relaxing scrub interval from 106 cycles to 132 cycles
Relaxing scrub interval from 132 cycles to 165 cycles
Relaxing scrub interval from 165 cycles to 206 cycles
Relaxing scrub interval from 206 cycles to 257 cycles
Relaxing scrub interval from 257 cycles to 321 cycles
Relaxing scrub interval from 321 cycles to 401 cycles
Relaxing scrub interval from 401 cycles to 501 cycles
Relaxing scrub interval from 501 cycles to 626 cycles
Relaxing scrub interval from 626 cycles to 782 cycles
Relaxing scrub interval from 782 cycles to 977 cycles
Relaxing scrub interval from 977 cycles to 1221 cycles
Relaxing scrub interval from 1221 cycles to 1526 cycles
Relaxing scrub interval from 1526 cycles to 1907 cycles
Tightening scrub interval from 1907 cycles to 953 cycles
Relaxing scrub interval from 953 cycles to 1191 cycles
Relaxing scrub interval from 1191 cycles to 1488 cycles
Tightening scrub interval from 1488 cycles to 744 cycles
Tightening scrub interval from 744 cycles to 372 cycles
Relaxing scrub interval from 372 cycles to 465 cycles
Tightening scrub interval from 465 cycles to 232 cycles
Tightening scrub interval from 232 cycles to 116 cycles
Relaxing scrub interval from 116 cycles to 145 cycles
Tightening scrub interval from 145 cycles to 72 cycles
Relaxing scrub interval from 72 cycles to 90 cycles
Relaxing scrub interval from 90 cycles to 112 cycles
Relaxing scrub interval from 112 cycles to 140 cycles
Relaxing scrub interval from 140 cycles to 175 cycles
Relaxing scrub interval from 175 cycles to 218 cycles
Relaxing scrub interval from 218 cycles to 272 cycles
Relaxing scrub interval from 272 cycles to 340 cycles
Tightening scrub interval from 340 cycles to 170 cycles
Tightening scrub interval from 170 cycles to 85 cycles
Relaxing scrub interval from 85 cycles to 106 cycles
Relaxing scrub interval from 106 cycles to 132 cycles
Relaxing scrub interval from 132 cycles to 165 cycles
Relaxing scrub interval from 165 cycles to 206 cycles
Tightening scrub interval from 206 cycles to 103 cycles
Relaxing scrub interval from 103 cycles to 128 cycles
Tightening scrub interval from 128 cycles to 64 cycles
Relaxing scrub interval from 64 cycles to 80 cycles
Relaxing scrub interval from 80 cycles to 100 cycles
Relaxing scrub interval from 100 cycles to 125 cycles
Relaxing scrub interval from 125 cycles to 156 cycles
Relaxing scrub interval from 156 cycles to 195 cycles
Relaxing scrub interval from 195 cycles to 243 cycles
Relaxing scrub interval from 243 cycles to 303 cycles
Tightening scrub interval from 303 cycles to 151 cycles
Relaxing scrub interval from 151 cycles to 188 cycles
Tightening scrub interval from 188 cycles to 94 cycles
Relaxing scrub interval from 94 cycles to 117 cycles
Relaxing scrub interval from 117 cycles to 146 cycles
Relaxing scrub interval from 146 cycles to 182 cycles
Relaxing scrub interval from 182 cycles to 227 cycles
Relaxing scrub interval from 227 cycles to 283 cycles
Tightening scrub interval from 283 cycles to 141 cycles
Relaxing scrub interval from 141 cycles to 176 cycles
Tightening scrub interval from 176 cycles to 88 cycles
Relaxing scrub interval from 88 cycles to 110 cycles
Relaxing scrub interval from 110 cycles to 137 cycles
Relaxing scrub interval from 137 cycles to 171 cycles
Relaxing scrub interval from 171 cycles to 213 cycles
Relaxing scrub interval from 213 cycles to 266 cycles
Relaxing scrub interval from 266 cycles to 332 cycles
Relaxing scrub interval from 332 cycles to 415 cycles
Relaxing scrub interval from 415 cycles to 518 cycles
Relaxing scrub interval from 518 cycles to 647 cycles
Relaxing scrub interval from 647 cycles to 808 cycles
Relaxing scrub interval from 808 cycles to 1010 cycles
Tightening scrub interval from 1010 cycles to 505 cycles
Tightening scrub interval from 505 cycles to 252 cycles
Relaxing scrub interval from 252 cycles to 315 cycles
Relaxing scrub interval from 315 cycles to 393 cycles
Relaxing scrub interval from 393 cycles to 491 cycles
Tightening scrub interval from 491 cycles to 245 cycles
Tightening scrub interval from 245 cycles to 122 cycles
Relaxing scrub interval from 122 cycles to 152 cycles
Relaxing scrub interval from 152 cycles to 190 cycles
Tightening scrub interval from 190 cycles to 95 cycles
Tightening scrub interval from 95 cycles to 47 cycles
Relaxing scrub interval from 47 cycles to 58 cycles
Relaxing scrub interval from 58 cycles to 72 cycles
Relaxing scrub interval from 72 cycles to 90 cycles
Relaxing scrub interval from 90 cycles to 112 cycles
Relaxing scrub interval from 112 cycles to 140 cycles
Relaxing scrub interval from 140 cycles to 175 cycles
Relaxing scrub interval from 175 cycles to 218 cycles
Relaxing scrub interval from 218 cycles to 272 cycles
Relaxing scrub interval from 272 cycles to 340 cycles
Relaxing scrub interval from 340 cycles to 425 cycles
Relaxing scrub interval from 425 cycles to 531 cycles
Tightening scrub interval from 531 cycles to 265 cycles
Relaxing scrub interval from 265 cycles to 331 cycles
Relaxing scrub interval from 331 cycles to 413 cycles
Tightening scrub interval from 413 cycles to 206 cycles
Relaxing scrub interval from 206 cycles to 257 cycles
Tightening scrub interval from 257 cycles to 128 cycles
Relaxing scrub interval from 128 cycles to 160 cycles
Relaxing scrub interval from 160 cycles to 200 cycles
Relaxing scrub interval from 200 cycles to 250 cycles
Relaxing scrub interval from 250 cycles to 312 cycles
Relaxing scrub interval from 312 cycles to 390 cycles
Tightening scrub interval from 390 cycles to 195 cycles
Relaxing scrub interval from 195 cycles to 243 cycles
Relaxing scrub interval from 243 cycles to 303 cycles
Tightening scrub interval from 303 cycles to 151 cycles
Relaxing scrub interval from 151 cycles to 188 cycles
Relaxing scrub interval from 188 cycles to 235 cycles
Relaxing scrub interval from 235 cycles to 293 cycles
Tightening scrub interval from 293 cycles to 146 cycles
Relaxing scrub interval from 146 cycles to 182 cycles
Relaxing scrub interval from 182 cycles to 227 cycles
Relaxing scrub interval from 227 cycles to 283 cycles
Relaxing scrub interval from 283 cycles to 353 cycles
Relaxing scrub interval from 353 cycles to 441 cycles
Relaxing scrub interval from 441 cycles to 551 cycles
Relaxing scrub interval from 551 cycles to 688 cycles
Relaxing scrub interval from 688 cycles to 860 cycles
Tightening scrub interval from 860 cycles to 430 cycles
Relaxing scrub interval from 430 cycles to 537 cycles
Relaxing scrub interval from 537 cycles to 671 cycles
Relaxing scrub interval from 671 cycles to 838 cycles
Tightening scrub interval from 838 cycles to 419 cycles
Tightening scrub interval from 419 cycles to 209 cycles
Relaxing scrub interval from 209 cycles to 261 cycles
Tightening scrub interval from 261 cycles to 130 cycles
Tightening scrub interval from 130 cycles to 65 cycles
Relaxing scrub interval from 65 cycles to 81 cycles
Relaxing scrub interval from 81 cycles to 101 cycles
Relaxing scrub interval from 101 cycles to 126 cycles
Relaxing scrub interval from 126 cycles to 157 cycles
Relaxing scrub interval from 157 cycles to 196 cycles
Relaxing scrub interval from 196 cycles to 245 cycles
Tightening scrub interval from 245 cycles to 122 cycles
Relaxing scrub interval from 122 cycles to 152 cycles
Tightening scrub interval from 152 cycles to 76 cycles
Relaxing scrub interval from 76 cycles to 95 cycles
Relaxing scrub interval from 95 cycles to 118 cycles
Relaxing scrub interval from 118 cycles to 147 cycles
Relaxing scrub interval from 147 cycles to 183 cycles
Relaxing scrub interval from 183 cycles to 228 cycles
Relaxing scrub interval from 228 cycles to 285 cycles
Relaxing scrub interval from 285 cycles to 356 cycles
Relaxing scrub interval from 356 cycles to 445 cycles
Relaxing scrub interval from 445 cycles to 556 cycles
Tightening scrub interval from 556 cycles to 278 cycles
Tightening scrub interval from 278 cycles to 139 cycles
Relaxing scrub interval from 139 cycles to 173 cycles
Relaxing scrub interval from 173 cycles to 216 cycles
Tightening scrub interval from 216 cycles to 108 cycles
Tightening scrub interval from 108 cycles to 54 cycles
Relaxing scrub interval from 54 cycles to 67 cycles
Relaxing scrub interval from 67 cycles to 83 cycles
Tightening scrub interval from 83 cycles to 41 cycles
Relaxing scrub interval from 41 cycles to 51 cycles
Relaxing scrub interval from 51 cycles to 63 cycles
Relaxing scrub interval from 63 cycles to 78 cycles
Relaxing scrub interval from 78 cycles to 97 cycles
Relaxing scrub interval from 97 cycles to 121 cycles
Relaxing scrub interval from 121 cycles to 151 cycles
Relaxing scrub interval from 151 cycles to 188 cycles
Relaxing scrub interval from 188 cycles to 235 cycles
Relaxing scrub interval from 235 cycles to 293 cycles
Tightening scrub interval from 293 cycles to 146 cycles
Relaxing scrub interval from 146 cycles to 182 cycles
Relaxing scrub interval from 182 cycles to 227 cycles
Relaxing scrub interval from 227 cycles to 283 cycles
Relaxing scrub interval from 283 cycles to 353 cycles
Relaxing scrub interval from 353 cycles to 441 cycles
Relaxing scrub interval from 441 cycles to 551 cycles
Relaxing scrub interval from 551 cycles to 688 cycles
Relaxing scrub interval from 688 cycles to 860 cycles
Tightening scrub interval from 860 cycles to 430 cycles
Relaxing scrub interval from 430 cycles to 537 cycles
Relaxing scrub interval from 537 cycles to 671 cycles
Relaxing scrub interval from 671 cycles to 838 cycles
Relaxing scrub interval from 838 cycles to 1047 cycles
Relaxing scrub interval from 1047 cycles to 1308 cycles
Tightening scrub interval from 1308 cycles to 654 cycles
Tightening scrub interval from 654 cycles to 327 cycles
Relaxing scrub interval from 327 cycles to 408 cycles
Relaxing scrub interval from 408 cycles to 510 cycles
Relaxing scrub interval from 510 cycles to 637 cycles
Tightening scrub interval from 637 cycles to 318 cycles
Relaxing scrub interval from 318 cycles to 397 cycles
Relaxing scrub interval from 397 cycles to 496 cycles
Relaxing scrub interval from 496 cycles to 620 cycles
Relaxing scrub interval from 620 cycles to 775 cycles
Tightening scrub interval from 775 cycles to 387 cycles
Tightening scrub interval from 387 cycles to 193 cycles
Relaxing scrub interval from 193 cycles to 241 cycles
Relaxing scrub interval from 241 cycles to 301 cycles
Tightening scrub interval from 301 cycles to 150 cycles
Relaxing scrub interval from 150 cycles to 187 cycles
Tightening scrub interval from 187 cycles to 93 cycles
Relaxing scrub interval from 93 cycles to 116 cycles
Relaxing scrub interval from 116 cycles to 145 cycles
Relaxing scrub interval from 145 cycles to 181 cycles
Relaxing scrub interval from 181 cycles to 226 cycles
Relaxing scrub interval from 226 cycles to 282 cycles
Relaxing scrub interval from 282 cycles to 352 cycles
Tightening scrub interval from 352 cycles to 176 cycles
Relaxing scrub interval from 176 cycles to 220 cycles
Tightening scrub interval from 220 cycles to 110 cycles
Relaxing scrub interval from 110 cycles to 137 cycles
Relaxing scrub interval from 137 cycles to 171 cycles
Relaxing scrub interval from 171 cycles to 213 cycles
Relaxing scrub interval from 213 cycles to 266 cycles
Relaxing scrub interval from 266 cycles to 332 cycles
Tightening scrub interval from 332 cycles to 166 cycles
Relaxing scrub interval from 166 cycles to 207 cycles
Relaxing scrub interval from 207 cycles to 258 cycles
Relaxing scrub interval from 258 cycles to 322 cycles
Relaxing scrub interval from 322 cycles to 402 cycles
Tightening scrub interval from 402 cycles to 201 cycles
Relaxing scrub interval from 201 cycles to 251 cycles
Relaxing scrub interval from 251 cycles to 313 cycles
Relaxing scrub interval from 313 cycles to 391 cycles
Relaxing scrub interval from 391 cycles to 488 cycles
Relaxing scrub interval from 488 cycles to 610 cycles
Relaxing scrub interval from 610 cycles to 762 cycles
Relaxing scrub interval from 762 cycles to 952 cycles
Tightening scrub interval from 952 cycles to 476 cycles
Relaxing scrub interval from 476 cycles to 595 cycles
Tightening scrub interval from 595 cycles to 297 cycles
Tightening scrub interval from 297 cycles to 148 cycles
Relaxing scrub interval from 148 cycles to 185 cycles
Tightening scrub interval from 185 cycles to 92 cycles
Relaxing scrub interval from 92 cycles to 115 cycles
Relaxing scrub interval from 115 cycles to 143 cycles
Relaxing scrub interval from 143 cycles to 178 cycles
Relaxing scrub interval from 178 cycles to 222 cycles
Tightening scrub interval from 222 cycles to 111 cycles
Relaxing scrub interval from 111 cycles to 138 cycles
Relaxing scrub interval from 138 cycles to 172 cycles
Tightening scrub interval from 172 cycles to 86 cycles
Relaxing scrub interval from 86 cycles to 107 cycles
Relaxing scrub interval from 107 cycles to 133 cycles
Relaxing scrub interval from 133 cycles to 166 cycles
Relaxing scrub interval from 166 cycles to 207 cycles
Relaxing scrub interval from 207 cycles to 258 cycles
Relaxing scrub interval from 258 cycles to 322 cycles
Tightening scrub interval from 322 cycles to 161 cycles
Relaxing scrub interval from 161 cycles to 201 cycles
Relaxing scrub interval from 201 cycles to 251 cycles
Tightening scrub interval from 251 cycles to 125 cycles
Tightening scrub interval from 125 cycles to 62 cycles
Relaxing scrub interval from 62 cycles to 77 cycles
Relaxing scrub interval from 77 cycles to 96 cycles
Relaxing scrub interval from 96 cycles to 120 cycles
Relaxing scrub interval from 120 cycles to 150 cycles
Relaxing scrub interval from 150 cycles to 187 cycles
Relaxing scrub interval from 187 cycles to 233 cycles
Relaxing scrub interval from 233 cycles to 291 cycles
Relaxing scrub interval from 291 cycles to 363 cycles
Relaxing scrub interval from 363 cycles to 453 cycles
Tightening scrub interval from 453 cycles to 226 cycles
Relaxing scrub interval from 226 cycles to 282 cycles
Relaxing scrub interval from 282 cycles to 352 cycles
Relaxing scrub interval from 352 cycles to 440 cycles
Relaxing scrub interval from 440 cycles to 550 cycles
Relaxing scrub interval from 550 cycles to 687 cycles
Relaxing scrub interval from 687 cycles to 858 cycles
Relaxing scrub interval from 858 cycles to 1072 cycles
Tightening scrub interval from 1072 cycles to 536 cycles
Tightening scrub interval from 536 cycles to 268 cycles
Relaxing scrub interval from 268 cycles to 335 cycles
Relaxing scrub interval from 335 cycles to 418 cycles
Tightening scrub interval from 418 cycles to 209 cycles
Tightening scrub interval from 209 cycles to 104 cycles
Relaxing scrub interval from 104 cycles to 130 cycles
Relaxing scrub interval from 130 cycles to 162 cycles
Relaxing scrub interval from 162 cycles to 202 cycles
Relaxing scrub interval from 202 cycles to 252 cycles
Tightening scrub interval from 252 cycles to 126 cycles
Relaxing scrub interval from 126 cycles to 157 cycles
Relaxing scrub interval from 157 cycles to 196 cycles
Tightening scrub interval from 196 cycles to 98 cycles
Relaxing scrub interval from 98 cycles to 122 cycles
Relaxing scrub interval from 122 cycles to 152 cycles
Relaxing scrub interval from 152 cycles to 190 cycles
Relaxing scrub interval from 190 cycles to 237 cycles
Relaxing scrub interval from 237 cycles to 296 cycles
Relaxing scrub interval from 296 cycles to 370 cycles
Relaxing scrub interval from 370 cycles to 462 cycles
Relaxing scrub interval from 462 cycles to 577 cycles
Relaxing scrub interval from 577 cycles to 721 cycles
Relaxing scrub interval from 721 cycles to 901 cycles
Tightening scrub interval from 901 cycles to 450 cycles
Relaxing scrub interval from 450 cycles to 562 cycles
Tightening scrub interval from 562 cycles to 281 cycles
Relaxing scrub interval from 281 cycles to 351 cycles
Relaxing scrub interval from 351 cycles to 438 cycles
Relaxing scrub interval from 438 cycles to 547 cycles
Relaxing scrub interval from 547 cycles to 683 cycles
Relaxing scrub interval from 683 cycles to 853 cycles
Relaxing scrub interval from 853 cycles to 1066 cycles
Tightening scrub interval from 1066 cycles to 533 cycles
Tightening scrub interval from 533 cycles to 266 cycles
Relaxing scrub interval from 266 cycles to 332 cycles
Relaxing scrub interval from 332 cycles to 415 cycles
Tightening scrub interval from 415 cycles to 207 cycles
Relaxing scrub interval from 207 cycles to 258 cycles
Relaxing scrub interval from 258 cycles to 322 cycles
Relaxing scrub interval from 322 cycles to 402 cycles
Relaxing scrub interval from 402 cycles to 502 cycles
Relaxing scrub interval from 502 cycles to 627 cycles
Tightening scrub interval from 627 cycles to 313 cycles
Relaxing scrub interval from 313 cycles to 391 cycles
Relaxing scrub interval from 391 cycles to 488 cycles
Relaxing scrub interval from 488 cycles to 610 cycles
Relaxing scrub interval from 610 cycles to 762 cycles
Relaxing scrub interval from 762 cycles to 952 cycles
Tightening scrub interval from 952 cycles to 476 cycles
Tightening scrub interval from 476 cycles to 238 cycles
Relaxing scrub interval from 238 cycles to 297 cycles
Relaxing scrub interval from 297 cycles to 371 cycles
Relaxing scrub interval from 371 cycles to 463 cycles
Tightening scrub interval from 463 cycles to 231 cycles
Tightening scrub interval from 231 cycles to 115 cycles
Relaxing scrub interval from 115 cycles to 143 cycles
Relaxing scrub interval from 143 cycles to 178 cycles
Relaxing scrub interval from 178 cycles to 222 cycles
Relaxing scrub interval from 222 cycles to 277 cycles
Tightening scrub interval from 277 cycles to 138 cycles
Tightening scrub interval from 138 cycles to 69 cycles
Tightening scrub interval from 69 cycles to 34 cycles
Relaxing scrub interval from 34 cycles to 42 cycles
Relaxing scrub interval from 42 cycles to 52 cycles
Tightening scrub interval from 52 cycles to 26 cycles
Relaxing scrub interval from 26 cycles to 32 cycles
Relaxing scrub interval from 32 cycles to 40 cycles
Relaxing scrub interval from 40 cycles to 50 cycles
Tightening scrub interval from 50 cycles to 25 cycles
Relaxing scrub interval from 25 cycles to 31 cycles
Relaxing scrub interval from 31 cycles to 38 cycles
Relaxing scrub interval from 38 cycles to 47 cycles
Relaxing scrub interval from 47 cycles to 58 cycles
Relaxing scrub interval from 58 cycles to 72 cycles
Relaxing scrub interval from 72 cycles to 90 cycles
Relaxing scrub interval from 90 cycles to 112 cycles
Relaxing scrub interval from 112 cycles to 140 cycles
Relaxing scrub interval from 140 cycles to 175 cycles
Relaxing scrub interval from 175 cycles to 218 cycles
Relaxing scrub interval from 218 cycles to 272 cycles
Relaxing scrub interval from 272 cycles to 340 cycles
Relaxing scrub interval from 340 cycles to 425 cycles
Relaxing scrub interval from 425 cycles to 531 cycles
Relaxing scrub interval from 531 cycles to 663 cycles
Tightening scrub interval from 663 cycles to 331 cycles
Tightening scrub interval from 331 cycles to 165 cycles
Relaxing scrub interval from 165 cycles to 206 cycles
Tightening scrub interval from 206 cycles to 103 cycles
Relaxing scrub interval from 103 cycles to 128 cycles
Relaxing scrub interval from 128 cycles to 160 cycles
Relaxing scrub interval from 160 cycles to 200 cycles
Relaxing scrub interval from 200 cycles to 250 cycles
Relaxing scrub interval from 250 cycles to 312 cycles
Tightening scrub interval from 312 cycles to 156 cycles
Relaxing scrub interval from 156 cycles to 195 cycles
Tightening scrub interval from 195 cycles to 97 cycles
Relaxing scrub interval from 97 cycles to 121 cycles
Relaxing scrub interval from 121 cycles to 151 cycles
Tightening scrub interval from 151 cycles to 75 cycles
Relaxing scrub interval from 75 cycles to 93 cycles
Relaxing scrub interval from 93 cycles to 116 cycles
Relaxing scrub interval from 116 cycles to 145 cycles
Tightening scrub interval from 145 cycles to 72 cycles
Relaxing scrub interval from 72 cycles to 90 cycles
Relaxing scrub interval from 90 cycles to 112 cycles
Relaxing scrub interval from 112 cycles to 140 cycles
Relaxing scrub interval from 140 cycles to 175 cycles
Relaxing scrub interval from 175 cycles to 218 cycles
Relaxing scrub interval from 218 cycles to 272 cycles
Relaxing scrub interval from 272 cycles to 340 cycles
Relaxing scrub interval from 340 cycles to 425 cycles
Relaxing scrub interval from 425 cycles to 531 cycles
Tightening scrub interval from 531 cycles to 265 cycles
Relaxing scrub interval from 265 cycles to 331 cycles
Relaxing scrub interval from 331 cycles to 413 cycles
Relaxing scrub interval from 413 cycles to 516 cycles
Relaxing scrub interval from 516 cycles to 645 cycles
Tightening scrub interval from 645 cycles to 322 cycles
Relaxing scrub interval from 322 cycles to 402 cycles
Relaxing scrub interval from 402 cycles to 502 cycles
Tightening scrub interval from 502 cycles to 251 cycles
Relaxing scrub interval from 251 cycles to 313 cycles
Relaxing scrub interval from 313 cycles to 391 cycles
Relaxing scrub interval from 391 cycles to 488 cycles
Relaxing scrub interval from 488 cycles to 610 cycles
Relaxing scrub interval from 610 cycles to 762 cycles
Relaxing scrub interval from 762 cycles to 952 cycles
Tightening scrub interval from 952 cycles to 476 cycles
Relaxing scrub interval from 476 cycles to 595 cycles
Relaxing scrub interval from 595 cycles to 743 cycles
Tightening scrub interval from 743 cycles to 371 cycles
Tightening scrub interval from 371 cycles to 185 cycles
Relaxing scrub interval from 185 cycles to 231 cycles
Relaxing scrub interval from 231 cycles to 288 cycles
Relaxing scrub interval from 288 cycles to 360 cycles
Relaxing scrub interval from 360 cycles to 450 cycles
Tightening scrub interval from 450 cycles to 225 cycles
Relaxing scrub interval from 225 cycles to 281 cycles
Relaxing scrub interval from 281 cycles to 351 cycles
Relaxing scrub interval from 351 cycles to 438 cycles
Tightening scrub interval from 438 cycles to 219 cycles
Relaxing scrub interval from 219 cycles to 273 cycles
Relaxing scrub interval from 273 cycles to 341 cycles
Relaxing scrub interval from 341 cycles to 426 cycles
Tightening scrub interval from 426 cycles to 213 cycles
Relaxing scrub interval from 213 cycles to 266 cycles
Tightening scrub interval from 266 cycles to 133 cycles
Relaxing scrub interval from 133 cycles to 166 cycles
Tightening scrub interval from 166 cycles to 83 cycles
Tightening scrub interval from 83 cycles to 41 cycles
Relaxing scrub interval from 41 cycles to 51 cycles
Relaxing scrub interval from 51 cycles to 63 cycles
Relaxing scrub interval from 63 cycles to 78 cycles
Relaxing scrub interval from 78 cycles to 97 cycles
Relaxing scrub interval from 97 cycles to 121 cycles
Relaxing scrub interval from 121 cycles to 151 cycles
Relaxing scrub interval from 151 cycles to 188 cycles
Relaxing scrub interval from 188 cycles to 235 cycles
Relaxing scrub interval from 235 cycles to 293 cycles
Tightening scrub interval from 293 cycles to 146 cycles
Relaxing scrub interval from 146 cycles to 182 cycles
Relaxing scrub interval from 182 cycles to 227 cycles
Relaxing scrub interval from 227 cycles to 283 cycles
Relaxing scrub interval from 283 cycles to 353 cycles
Relaxing scrub interval from 353 cycles to 441 cycles
Relaxing scrub interval from 441 cycles to 551 cycles
Relaxing scrub interval from 551 cycles to 688 cycles
Tightening scrub interval from 688 cycles to 344 cycles
Relaxing scrub interval from 344 cycles to 430 cycles
Relaxing scrub interval from 430 cycles to 537 cycles
Relaxing scrub interval from 537 cycles to 671 cycles
Tightening scrub interval from 671 cycles to 335 cycles
Relaxing scrub interval from 335 cycles to 418 cycles
Relaxing scrub interval from 418 cycles to 522 cycles
Tightening scrub interval from 522 cycles to 261 cycles
Tightening scrub interval from 261 cycles to 130 cycles
Relaxing scrub interval from 130 cycles to 162 cycles
Relaxing scrub interval from 162 cycles to 202 cycles
Relaxing scrub interval from 202 cycles to 252 cycles
Relaxing scrub interval from 252 cycles to 315 cycles
Relaxing scrub interval from 315 cycles to 393 cycles
Relaxing scrub interval from 393 cycles to 491 cycles
Tightening scrub interval from 491 cycles to 245 cycles
Relaxing scrub interval from 245 cycles to 306 cycles
Tightening scrub interval from 306 cycles to 153 cycles
Relaxing scrub interval from 153 cycles to 191 cycles
Tightening scrub interval from 191 cycles to 95 cycles
Tightening scrub interval from 95 cycles to 47 cycles
Relaxing scrub interval from 47 cycles to 58 cycles
Relaxing scrub interval from 58 cycles to 72 cycles
Relaxing scrub interval from 72 cycles to 90 cycles
Relaxing scrub interval from 90 cycles to 112 cycles
Relaxing scrub interval from 112 cycles to 140 cycles
Relaxing scrub interval from 140 cycles to 175 cycles
Relaxing scrub interval from 175 cycles to 218 cycles
Relaxing scrub interval from 218 cycles to 272 cycles
Relaxing scrub interval from 272 cycles to 340 cycles
Relaxing scrub interval from 340 cycles to 425 cycles
Tightening scrub interval from 425 cycles to 212 cycles
Relaxing scrub interval from 212 cycles to 265 cycles
Relaxing scrub interval from 265 cycles to 331 cycles
Relaxing scrub interval from 331 cycles to 413 cycles
Tightening scrub interval from 413 cycles to 206 cycles
Tightening scrub interval from 206 cycles to 103 cycles
Relaxing scrub interval from 103 cycles to 128 cycles
Relaxing scrub interval from 128 cycles to 160 cycles
Relaxing scrub interval from 160 cycles to 200 cycles
Relaxing scrub interval from 200 cycles to 250 cycles
Tightening scrub interval from 250 cycles to 125 cycles
Tightening scrub interval from 125 cycles to 62 cycles
Relaxing scrub interval from 62 cycles to 77 cycles
Tightening scrub interval from 77 cycles to 38 cycles
Relaxing scrub interval from 38 cycles to 47 cycles
Relaxing scrub interval from 47 cycles to 58 cycles
Relaxing scrub interval from 58 cycles to 72 cycles
Relaxing scrub interval from 72 cycles to 90 cycles
Relaxing scrub interval from 90 cycles to 112 cycles
Relaxing scrub interval from 112 cycles to 140 cycles
Relaxing scrub interval from 140 cycles to 175 cycles
Relaxing scrub interval from 175 cycles to 218 cycles
Tightening scrub interval from 218 cycles to 109 cycles
Tightening scrub interval from 109 cycles to 54 cycles
Relaxing scrub interval from 54 cycles to 67 cycles
Relaxing scrub interval from 67 cycles to 83 cycles
Tightening scrub interval from 83 cycles to 41 cycles
Relaxing scrub interval from 41 cycles to 51 cycles
Relaxing scrub interval from 51 cycles to 63 cycles
Relaxing scrub interval from 63 cycles to 78 cycles
Relaxing scrub interval from 78 cycles to 97 cycles
Relaxing scrub interval from 97 cycles to 121 cycles
Relaxing scrub interval from 121 cycles to 151 cycles
Relaxing scrub interval from 151 cycles to 188 cycles
Relaxing scrub interval from 188 cycles to 235 cycles
Relaxing scrub interval from 235 cycles to 293 cycles
Relaxing scrub interval from 293 cycles to 366 cycles
Relaxing scrub interval from 366 cycles to 457 cycles
Relaxing scrub interval from 457 cycles to 571 cycles
Tightening scrub interval from 571 cycles to 285 cycles
Relaxing scrub interval from 285 cycles to 356 cycles
Tightening scrub interval from 356 cycles to 178 cycles
Relaxing scrub interval from 178 cycles to 222 cycles
Relaxing scrub interval from 222 cycles to 277 cycles
Relaxing scrub interval from 277 cycles to 346 cycles
Tightening scrub interval from 346 cycles to 173 cycles
Relaxing scrub interval from 173 cycles to 216 cycles
Relaxing scrub interval from 216 cycles to 270 cycles
Relaxing scrub interval from 270 cycles to 337 cycles
Relaxing scrub interval from 337 cycles to 421 cycles
Relaxing scrub interval from 421 cycles to 526 cycles
Tightening scrub interval from 526 cycles to 263 cycles
Relaxing scrub interval from 263 cycles to 328 cycles
Tightening scrub interval from 328 cycles to 164 cycles
Relaxing scrub interval from 164 cycles to 205 cycles
Relaxing scrub interval from 205 cycles to 256 cycles
Relaxing scrub interval from 256 cycles to 320 cycles
Tightening scrub interval from 320 cycles to 160 cycles
Tightening scrub interval from 160 cycles to 80 cycles
Tightening scrub interval from 80 cycles to 40 cycles
Relaxing scrub interval from 40 cycles to 50 cycles
Relaxing scrub interval from 50 cycles to 62 cycles
Relaxing scrub interval from 62 cycles to 77 cycles
Relaxing scrub interval from 77 cycles to 96 cycles
Relaxing scrub interval from 96 cycles to 120 cycles
Relaxing scrub interval from 120 cycles to 150 cycles
Relaxing scrub interval from 150 cycles to 187 cycles
Relaxing scrub interval from 187 cycles to 233 cycles
Relaxing scrub interval from 233 cycles to 291 cycles
Relaxing scrub interval from 291 cycles to 363 cycles
Tightening scrub interval from 363 cycles to 181 cycles
Relaxing scrub interval from 181 cycles to 226 cycles
Relaxing scrub interval from 226 cycles to 282 cycles
Relaxing scrub interval from 282 cycles to 352 cycles
Relaxing scrub interval from 352 cycles to 440 cycles
Relaxing scrub interval from 440 cycles to 550 cycles
Tightening scrub interval from 550 cycles to 275 cycles
Relaxing scrub interval from 275 cycles to 343 cycles
Relaxing scrub interval from 343 cycles to 428 cycles
Tightening scrub interval from 428 cycles to 214 cycles
Relaxing scrub interval from 214 cycles to 267 cycles
Tightening scrub interval from 267 cycles to 133 cycles
Relaxing scrub interval from 133 cycles to 166 cycles
Tightening scrub interval from 166 cycles to 83 cycles
Tightening scrub interval from 83 cycles to 41 cycles
Relaxing scrub interval from 41 cycles to 51 cycles
Relaxing scrub interval from 51 cycles to 63 cycles
Relaxing scrub interval from 63 cycles to 78 cycles
Relaxing scrub interval from 78 cycles to 97 cycles
Relaxing scrub interval from 97 cycles to 121 cycles
Relaxing scrub interval from 121 cycles to 151 cycles
Tightening scrub interval from 151 cycles to 75 cycles
Relaxing scrub interval from 75 cycles to 93 cycles
Relaxing scrub interval from 93 cycles to 116 cycles
Relaxing scrub interval from 116 cycles to 145 cycles
Relaxing scrub interval from 145 cycles to 181 cycles
Relaxing scrub interval from 181 cycles to 226 cycles
Relaxing scrub interval from 226 cycles to 282 cycles
Relaxing scrub interval from 282 cycles to 352 cycles
Tightening scrub interval from 352 cycles to 176 cycles
Relaxing scrub interval from 176 cycles to 220 cycles
Tightening scrub interval from 220 cycles to 110 cycles
Relaxing scrub interval from 110 cycles to 137 cycles
Tightening scrub interval from 137 cycles to 68 cycles
Relaxing scrub interval from 68 cycles to 85 cycles
Relaxing scrub interval from 85 cycles to 106 cycles
Relaxing scrub interval from 106 cycles to 132 cycles
Relaxing scrub interval from 132 cycles to 165 cycles
Relaxing scrub interval from 165 cycles to 206 cycles
Relaxing scrub interval from 206 cycles to 257 cycles
Relaxing scrub interval from 257 cycles to 321 cycles
Relaxing scrub interval from 321 cycles to 401 cycles
Relaxing scrub interval from 401 cycles to 501 cycles
Relaxing scrub interval from 501 cycles to 626 cycles
Tightening scrub interval from 626 cycles to 313 cycles
Relaxing scrub interval from 313 cycles to 391 cycles
Relaxing scrub interval from 391 cycles to 488 cycles
Relaxing scrub interval from 488 cycles to 610 cycles
Relaxing scrub interval from 610 cycles to 762 cycles
Tightening scrub interval from 762 cycles to 381 cycles
Relaxing scrub interval from 381 cycles to 476 cycles
Relaxing scrub interval from 476 cycles to 595 cycles
Tightening scrub interval from 595 cycles to 297 cycles
Relaxing scrub interval from 297 cycles to 371 cycles
Relaxing scrub interval from 371 cycles to 463 cycles
Tightening scrub interval from 463 cycles to 231 cycles
Relaxing scrub interval from 231 cycles to 288 cycles
Relaxing scrub interval from 288 cycles to 360 cycles
Relaxing scrub interval from 360 cycles to 450 cycles
Relaxing scrub interval from 450 cycles to 562 cycles
Relaxing scrub interval from 562 cycles to 702 cycles
Relaxing scrub interval from 702 cycles to 877 cycles
Tightening scrub interval from 877 cycles to 438 cycles
Relaxing scrub interval from 438 cycles to 547 cycles
Tightening scrub interval from 547 cycles to 273 cycles
Tightening scrub interval from 273 cycles to 136 cycles
Relaxing scrub interval from 136 cycles to 170 cycles
Tightening scrub interval from 170 cycles to 85 cycles
Relaxing scrub interval from 85 cycles to 106 cycles
Relaxing scrub interval from 106 cycles to 132 cycles
Relaxing scrub interval from 132 cycles to 165 cycles
Relaxing scrub interval from 165 cycles to 206 cycles
Tightening scrub interval from 206 cycles to 103 cycles
Relaxing scrub interval from 103 cycles to 128 cycles
Relaxing scrub interval from 128 cycles to 160 cycles
Relaxing scrub interval from 160 cycles to 200 cycles
Relaxing scrub interval from 200 cycles to 250 cycles
Tightening scrub interval from 250 cycles to 125 cycles
Relaxing scrub interval from 125 cycles to 156 cycles
Relaxing scrub interval from 156 cycles to 195 cycles
Relaxing scrub interval from 195 cycles to 243 cycles
Relaxing scrub interval from 243 cycles to 303 cycles
Relaxing scrub interval from 303 cycles to 378 cycles
Tightening scrub interval from 378 cycles to 189 cycles
Relaxing scrub interval from 189 cycles to 236 cycles
Tightening scrub interval from 236 cycles to 118 cycles
Relaxing scrub interval from 118 cycles to 147 cycles
Relaxing scrub interval from 147 cycles to 183 cycles
Relaxing scrub interval from 183 cycles to 228 cycles
Relaxing scrub interval from 228 cycles to 285 cycles
Tightening scrub interval from 285 cycles to 142 cycles
Tightening scrub interval from 142 cycles to 71 cycles
Relaxing scrub interval from 71 cycles to 88 cycles
Relaxing scrub interval from 88 cycles to 110 cycles
Relaxing scrub interval from 110 cycles to 137 cycles
Relaxing scrub interval from 137 cycles to 171 cycles
Relaxing scrub interval from 171 cycles to 213 cycles
Relaxing scrub interval from 213 cycles to 266 cycles
Relaxing scrub interval from 266 cycles to 332 cycles
Tightening scrub interval from 332 cycles to 166 cycles
Relaxing scrub interval from 166 cycles to 207 cycles
Relaxing scrub interval from 207 cycles to 258 cycles
Relaxing scrub interval from 258 cycles to 322 cycles
Relaxing scrub interval from 322 cycles to 402 cycles
Tightening scrub interval from 402 cycles to 201 cycles
Relaxing scrub interval from 201 cycles to 251 cycles
Relaxing scrub interval from 251 cycles to 313 cycles
Relaxing scrub interval from 313 cycles to 391 cycles
Tightening scrub interval from 391 cycles to 195 cycles
Relaxing scrub interval from 195 cycles to 243 cycles
Tightening scrub interval from 243 cycles to 121 cycles
Relaxing scrub interval from 121 cycles to 151 cycles
Tightening scrub interval from 151 cycles to 75 cycles
Relaxing scrub interval from 75 cycles to 93 cycles
Relaxing scrub interval from 93 cycles to 116 cycles
Relaxing scrub interval from 116 cycles to 145 cycles
Relaxing scrub interval from 145 cycles to 181 cycles
Relaxing scrub interval from 181 cycles to 226 cycles
Relaxing scrub interval from 226 cycles to 282 cycles
Relaxing scrub interval from 282 cycles to 352 cycles
Relaxing scrub interval from 352 cycles to 440 cycles
Tightening scrub interval from 440 cycles to 220 cycles
Relaxing scrub interval from 220 cycles to 275 cycles
Relaxing scrub interval from 275 cycles to 343 cycles
Relaxing scrub interval from 343 cycles to 428 cycles
Relaxing scrub interval from 428 cycles to 535 cycles
Relaxing scrub interval from 535 cycles to 668 cycles
Relaxing scrub interval from 668 cycles to 835 cycles
Tightening scrub interval from 835 cycles to 417 cycles
Relaxing scrub interval from 417 cycles to 521 cycles
Relaxing scrub interval from 521 cycles to 651 cycles
Relaxing scrub interval from 651 cycles to 813 cycles
Relaxing scrub interval from 813 cycles to 1016 cycles
Relaxing scrub interval from 1016 cycles to 1270 cycles
Tightening scrub interval from 1270 cycles to 635 cycles
Relaxing scrub interval from 635 cycles to 793 cycles
Relaxing scrub interval from 793 cycles to 991 cycles
Relaxing scrub interval from 991 cycles to 1238 cycles
Relaxing scrub interval from 1238 cycles to 1547 cycles
Tightening scrub interval from 1547 cycles to 773 cycles
Relaxing scrub interval from 773 cycles to 966 cycles
Relaxing scrub interval from 966 cycles to 1207 cycles
Relaxing scrub interval from 1207 cycles to 1508 cycles
Tightening scrub interval from 1508 cycles to 754 cycles
Relaxing scrub interval from 754 cycles to 942 cycles
Tightening scrub interval from 942 cycles to 471 cycles
Relaxing scrub interval from 471 cycles to 588 cycles
Relaxing scrub interval from 588 cycles to 735 cycles
Relaxing scrub interval from 735 cycles to 918 cycles
Relaxing scrub interval from 918 cycles to 1147 cycles
Tightening scrub interval from 1147 cycles to 573 cycles
Relaxing scrub interval from 573 cycles to 716 cycles
Relaxing scrub interval from 716 cycles to 895 cycles
Tightening scrub interval from 895 cycles to 447 cycles
Tightening scrub interval from 447 cycles to 223 cycles
Relaxing scrub interval from 223 cycles to 278 cycles
Relaxing scrub interval from 278 cycles to 347 cycles
Tightening scrub interval from 347 cycles to 173 cycles
Relaxing scrub interval from 173 cycles to 216 cycles
Relaxing scrub interval from 216 cycles to 270 cycles
Relaxing scrub interval from 270 cycles to 337 cycles
Relaxing scrub interval from 337 cycles to 421 cycles
Relaxing scrub interval from 421 cycles to 526 cycles
Relaxing scrub interval from 526 cycles to 657 cycles
Relaxing scrub interval from 657 cycles to 821 cycles
Relaxing scrub interval from 821 cycles to 1026 cycles
Relaxing scrub interval from 1026 cycles to 1282 cycles
Tightening scrub interval from 1282 cycles to 641 cycles
Relaxing scrub interval from 641 cycles to 801 cycles
Tightening scrub interval from 801 cycles to 400 cycles
Relaxing scrub interval from 400 cycles to 500 cycles
Relaxing scrub interval from 500 cycles to 625 cycles
Relaxing scrub interval from 625 cycles to 781 cycles
Tightening scrub interval from 781 cycles to 390 cycles
Tightening scrub interval from 390 cycles to 195 cycles
Relaxing scrub interval from 195 cycles to 243 cycles
Relaxing scrub interval from 243 cycles to 303 cycles
Relaxing scrub interval from 303 cycles to 378 cycles
Relaxing scrub interval from 378 cycles to 472 cycles
Relaxing scrub interval from 472 cycles to 590 cycles
Tightening scrub interval from 590 cycles to 295 cycles
Relaxing scrub interval from 295 cycles to 368 cycles
Tightening scrub interval from 368 cycles to 184 cycles
Relaxing scrub interval from 184 cycles to 230 cycles
Relaxing scrub interval from 230 cycles to 287 cycles
Relaxing scrub interval from 287 cycles to 358 cycles
Relaxing scrub interval from 358 cycles to 447 cycles
Relaxing scrub interval from 447 cycles to 558 cycles
Tightening scrub interval from 558 cycles to 279 cycles
Relaxing scrub interval from 279 cycles to 348 cycles
Tightening scrub interval from 348 cycles to 174 cycles
Tightening scrub interval from 174 cycles to 87 cycles
Relaxing scrub interval from 87 cycles to 108 cycles
Relaxing scrub interval from 108 cycles to 135 cycles
Tightening scrub interval from 135 cycles to 67 cycles
Tightening scrub interval from 67 cycles to 33 cycles
Relaxing scrub interval from 33 cycles to 41 cycles
Relaxing scrub interval from 41 cycles to 51 cycles
Relaxing scrub interval from 51 cycles to 63 cycles
Relaxing scrub interval from 63 cycles to 78 cycles
Relaxing scrub interval from 78 cycles to 97 cycles
Tightening scrub interval from 97 cycles to 48 cycles
Relaxing scrub interval from 48 cycles to 60 cycles
Relaxing scrub interval from 60 cycles to 75 cycles
Relaxing scrub interval from 75 cycles to 93 cycles
Relaxing scrub interval from 93 cycles to 116 cycles
Relaxing scrub interval from 116 cycles to 145 cycles
Relaxing scrub interval from 145 cycles to 181 cycles
Relaxing scrub interval from 181 cycles to 226 cycles
Relaxing scrub interval from 226 cycles to 282 cycles
Tightening scrub interval from 282 cycles to 141 cycles
Relaxing scrub interval from 141 cycles to 176 cycles
Relaxing scrub interval from 176 cycles to 220 cycles
Relaxing scrub interval from 220 cycles to 275 cycles
Relaxing scrub interval from 275 cycles to 343 cycles
Tightening scrub interval from 343 cycles to 171 cycles
Relaxing scrub interval from 171 cycles to 213 cycles
Relaxing scrub interval from 213 cycles to 266 cycles
Tightening scrub interval from 266 cycles to 133 cycles
Relaxing scrub interval from 133 cycles to 166 cycles
Relaxing scrub interval from 166 cycles to 207 cycles
Tightening scrub interval from 207 cycles to 103 cycles
Relaxing scrub interval from 103 cycles to 128 cycles
Relaxing scrub interval from 128 cycles to 160 cycles
Relaxing scrub interval from 160 cycles to 200 cycles
Relaxing scrub interval from 200 cycles to 250 cycles
Relaxing scrub interval from 250 cycles to 312 cycles
Relaxing scrub interval from 312 cycles to 390 cycles
Tightening scrub interval from 390 cycles to 195 cycles
Relaxing scrub interval from 195 cycles to 243 cycles
Relaxing scrub interval from 243 cycles to 303 cycles
Relaxing scrub interval from 303 cycles to 378 cycles
Relaxing scrub interval from 378 cycles to 472 cycles
Relaxing scrub interval from 472 cycles to 590 cycles
