warn: No dot file generated. Please install pydot to generate the dot file and pdf.
Scrubbing enabled with adaptive interval starting at 10 cycles, tightening factor 2, relax factor 1.25
src/arch/riscv/isa.cc:275: info: RVV enabled, VLEN = 256 bits, ELEN = 64 bits
src/arch/riscv/linux/se_workload.cc:60: warn: Unknown operating system; assuming Linux.
src/base/statistics.hh:279: warn: One of the stats is a legacy stat. Legacy stat is a stat that does not belong to any statistics::Group. Legacy stat is deprecated.
src/base/remote_gdb.cc:418: warn: Sockets disabled, not accepting gdb connections
src/sim/simulate.cc:199: info: Entering event queue @ 0.  Starting simulation...
Relaxing scrub interval from 10 cycles to 12 cycles
Relaxing scrub interval from 12 cycles to 15 cycles
Relaxing scrub interval from 15 cycles to 18 cycles
Relaxing scrub interval from 18 cycles to 22 cycles
Relaxing scrub interval from 22 cycles to 27 cycles
Relaxing scrub interval from 27 cycles to 33 cycles
Relaxing scrub interval from 33 cycles to 41 cycles
Relaxing scrub interval from 41 cycles to 51 cycles
Relaxing scrub interval from 51 cycles to 63 cycles
Relaxing scrub interval from 63 cycles to 78 cycles
Relaxing scrub interval from 78 cycles to 97 cycles
Relaxing scrub interval from 97 cycles to 121 cycles
Relaxing scrub interval from 121 cycles to 151 cycles
Relaxing scrub interval from 151 cycles to 188 cycles
Relaxing scrub interval from 188 cycles to 235 cycles
Relaxing scrub interval from 235 cycles to 293 cycles
Relaxing scrub interval from 293 cycles to 366 cycles
Relaxing scrub interval from 366 cycles to 457 cycles
Relaxing scrub interval from 457 cycles to 571 cycles
Relaxing scrub interval from 571 cycles to 713 cycles
Relaxing scrub interval from 713 cycles to 891 cycles
Relaxing scrub interval from 891 cycles to 1113 cycles
Relaxing scrub interval from 1113 cycles to 1391 cycles
Relaxing scrub interval from 1391 cycles to 1738 cycles
Relaxing scrub interval from 1738 cycles to 2172 cycles
Relaxing scrub interval from 2172 cycles to 2715 cycles
Relaxing scrub interval from 2715 cycles to 3393 cycles
Relaxing scrub interval from 3393 cycles to 4241 cycles
Relaxing scrub interval from 4241 cycles to 5301 cycles
Relaxing scrub interval from 5301 cycles to 6626 cycles
Relaxing scrub interval from 6626 cycles to 8282 cycles
Relaxing scrub interval from 8282 cycles to 10352 cycles
Relaxing scrub interval from 10352 cycles to 12940 cycles
Tightening scrub interval from 12940 cycles to 6470 cycles
Tightening scrub interval from 6470 cycles to 3235 cycles
Tightening scrub interval from 3235 cycles to 1617 cycles
Tightening scrub interval from 1617 cycles to 808 cycles
Tightening scrub interval from 808 cycles to 404 cycles
Tightening scrub interval from 404 cycles to 202 cycles
Tightening scrub interval from 202 cycles to 101 cycles
Tightening scrub interval from 101 cycles to 50 cycles
Tightening scrub interval from 50 cycles to 25 cycles
Relaxing scrub interval from 25 cycles to 31 cycles
Tightening scrub interval from 31 cycles to 15 cycles
Relaxing scrub interval from 15 cycles to 18 cycles
Tightening scrub interval from 18 cycles to 10 cycles
Relaxing scrub interval from 10 cycles to 12 cycles
Relaxing scrub interval from 12 cycles to 15 cycles
Relaxing scrub interval from 15 cycles to 18 cycles
Relaxing scrub interval from 18 cycles to 22 cycles
Tightening scrub interval from 22 cycles to 11 cycles
Relaxing scrub interval from 11 cycles to 13 cycles
Relaxing scrub interval from 13 cycles to 16 cycles
Tightening scrub interval from 16 cycles to 10 cycles
Relaxing scrub interval from 10 cycles to 12 cycles
Relaxing scrub interval from 12 cycles to 15 cycles
Relaxing scrub interval from 15 cycles to 18 cycles
Relaxing scrub interval from 18 cycles to 22 cycles
Relaxing scrub interval from 22 cycles to 27 cycles
Tightening scrub interval from 27 cycles to 13 cycles
Relaxing scrub interval from 13 cycles to 16 cycles
Relaxing scrub interval from 16 cycles to 20 cycles
Relaxing scrub interval from 20 cycles to 25 cycles
Relaxing scrub interval from 25 cycles to 31 cycles
Relaxing scrub interval from 31 cycles to 38 cycles
Relaxing scrub interval from 38 cycles to 47 cycles
Relaxing scrub interval from 47 cycles to 58 cycles
Tightening scrub interval from 58 cycles to 29 cycles
Relaxing scrub interval from 29 cycles to 36 cycles
Relaxing scrub interval from 36 cycles to 45 cycles
Relaxing scrub interval from 45 cycles to 56 cycles
Relaxing scrub interval from 56 cycles to 70 cycles
Relaxing scrub interval from 70 cycles to 87 cycles
Tightening scrub interval from 87 cycles to 43 cycles
Relaxing scrub interval from 43 cycles to 53 cycles
Tightening scrub interval from 53 cycles to 26 cycles
Tightening scrub interval from 26 cycles to 13 cycles
Relaxing scrub interval from 13 cycles to 16 cycles
Tightening scrub interval from 16 cycles to 10 cycles
Relaxing scrub interval from 10 cycles to 12 cycles
Relaxing scrub interval from 12 cycles to 15 cycles
Tightening scrub interval from 15 cycles to 10 cycles
Relaxing scrub interval from 10 cycles to 12 cycles
Relaxing scrub interval from 12 cycles to 15 cycles
Relaxing scrub interval from 15 cycles to 18 cycles
Relaxing scrub interval from 18 cycles to 22 cycles
Relaxing scrub interval from 22 cycles to 27 cycles
Relaxing scrub interval from 27 cycles to 33 cycles
Relaxing scrub interval from 33 cycles to 41 cycles
Tightening scrub interval from 41 cycles to 20 cycles
Relaxing scrub interval from 20 cycles to 25 cycles
Relaxing scrub interval from 25 cycles to 31 cycles
Relaxing scrub interval from 31 cycles to 38 cycles
Relaxing scrub interval from 38 cycles to 47 cycles
Relaxing scrub interval from 47 cycles to 58 cycles
Tightening scrub interval from 58 cycles to 29 cycles
Relaxing scrub interval from 29 cycles to 36 cycles
Relaxing scrub interval from 36 cycles to 45 cycles
Relaxing scrub interval from 45 cycles to 56 cycles
Relaxing scrub interval from 56 cycles to 70 cycles
Relaxing scrub interval from 70 cycles to 87 cycles
Tightening scrub interval from 87 cycles to 43 cycles
Tightening scrub interval from 43 cycles to 21 cycles
Tightening scrub interval from 21 cycles to 10 cycles
Relaxing scrub interval from 10 cycles to 12 cycles
Tightening scrub interval from 12 cycles to 10 cycles
Relaxing scrub interval from 10 cycles to 12 cycles
Relaxing scrub interval from 12 cycles to 15 cycles
Relaxing scrub interval from 15 cycles to 18 cycles
Relaxing scrub interval from 18 cycles to 22 cycles
Tightening scrub interval from 22 cycles to 11 cycles
Relaxing scrub interval from 11 cycles to 13 cycles
Relaxing scrub interval from 13 cycles to 16 cycles
Relaxing scrub interval from 16 cycles to 20 cycles
Relaxing scrub interval from 20 cycles to 25 cycles
Relaxing scrub interval from 25 cycles to 31 cycles
Tightening scrub interval from 31 cycles to 15 cycles
Relaxing scrub interval from 15 cycles to 18 cycles
Relaxing scrub interval from 18 cycles to 22 cycles
Relaxing scrub interval from 22 cycles to 27 cycles
Relaxing scrub interval from 27 cycles to 33 cycles
Relaxing scrub interval from 33 cycles to 41 cycles
Relaxing scrub interval from 41 cycles to 51 cycles
Relaxing scrub interval from 51 cycles to 63 cycles
Relaxing scrub interval from 63 cycles to 78 cycles
Tightening scrub interval from 78 cycles to 39 cycles
Relaxing scrub interval from 39 cycles to 48 cycles
Tightening scrub interval from 48 cycles to 24 cycles
Relaxing scrub interval from 24 cycles to 30 cycles
Relaxing scrub interval from 30 cycles to 37 cycles
Relaxing scrub interval from 37 cycles to 46 cycles
Relaxing scrub interval from 46 cycles to 57 cycles
Tightening scrub interval from 57 cycles to 28 cycles
Relaxing scrub interval from 28 cycles to 35 cycles
Relaxing scrub interval from 35 cycles to 43 cycles
Relaxing scrub interval from 43 cycles to 53 cycles
Tightening scrub interval from 53 cycles to 26 cycles
Tightening scrub interval from 26 cycles to 13 cycles
Relaxing scrub interval from 13 cycles to 16 cycles
Relaxing scrub interval from 16 cycles to 20 cycles
Relaxing scrub interval from 20 cycles to 25 cycles
Relaxing scrub interval from 25 cycles to 31 cycles
Relaxing scrub interval from 31 cycles to 38 cycles
Relaxing scrub interval from 38 cycles to 47 cycles
Relaxing scrub interval from 47 cycles to 58 cycles
Relaxing scrub interval from 58 cycles to 72 cycles
Relaxing scrub interval from 72 cycles to 90 cycles
Relaxing scrub interval from 90 cycles to 112 cycles
Tightening scrub interval from 112 cycles to 56 cycles
Tightening scrub interval from 56 cycles to 28 cycles
Relaxing scrub interval from 28 cycles to 35 cycles
Tightening scrub interval from 35 cycles to 17 cycles
Relaxing scrub interval from 17 cycles to 21 cycles
Relaxing scrub interval from 21 cycles to 26 cycles
Relaxing scrub interval from 26 cycles to 32 cycles
Tightening scrub interval from 32 cycles to 16 cycles
Relaxing scrub interval from 16 cycles to 20 cycles
Relaxing scrub interval from 20 cycles to 25 cycles
Relaxing scrub interval from 25 cycles to 31 cycles
Relaxing scrub interval from 31 cycles to 38 cycles
Relaxing scrub interval from 38 cycles to 47 cycles
Relaxing scrub interval from 47 cycles to 58 cycles
Tightening scrub interval from 58 cycles to 29 cycles
Tightening scrub interval from 29 cycles to 14 cycles
Relaxing scrub interval from 14 cycles to 17 cycles
Relaxing scrub interval from 17 cycles to 21 cycles
Relaxing scrub interval from 21 cycles to 26 cycles
Relaxing scrub interval from 26 cycles to 32 cycles
Tightening scrub interval from 32 cycles to 16 cycles
Relaxing scrub interval from 16 cycles to 20 cycles
Tightening scrub interval from 20 cycles to 10 cycles
Relaxing scrub interval from 10 cycles to 12 cycles
Relaxing scrub interval from 12 cycles to 15 cycles
Relaxing scrub interval from 15 cycles to 18 cycles
Relaxing scrub interval from 18 cycles to 22 cycles
Relaxing scrub interval from 22 cycles to 27 cycles
Relaxing scrub interval from 27 cycles to 33 cycles
Relaxing scrub interval from 33 cycles to 41 cycles
Relaxing scrub interval from 41 cycles to 51 cycles
Relaxing scrub interval from 51 cycles to 63 cycles
Relaxing scrub interval from 63 cycles to 78 cycles
Relaxing scrub interval from 78 cycles to 97 cycles
Tightening scrub interval from 97 cycles to 48 cycles
Relaxing scrub interval from 48 cycles to 60 cycles
Relaxing scrub interval from 60 cycles to 75 cycles
Tightening scrub interval from 75 cycles to 37 cycles
Relaxing scrub interval from 37 cycles to 46 cycles
Tightening scrub interval from 46 cycles to 23 cycles
Tightening scrub interval from 23 cycles to 11 cycles
Relaxing scrub interval from 11 cycles to 13 cycles
Tightening scrub interval from 13 cycles to 10 cycles
Relaxing scrub interval from 10 cycles to 12 cycles
Relaxing scrub interval from 12 cycles to 15 cycles
Relaxing scrub interval from 15 cycles to 18 cycles
Relaxing scrub interval from 18 cycles to 22 cycles
Relaxing scrub interval from 22 cycles to 27 cycles
Relaxing scrub interval from 27 cycles to 33 cycles
Relaxing scrub interval from 33 cycles to 41 cycles
Relaxing scrub interval from 41 cycles to 51 cycles
Relaxing scrub interval from 51 cycles to 63 cycles
Relaxing scrub interval from 63 cycles to 78 cycles
Tightening scrub interval from 78 cycles to 39 cycles
Relaxing scrub interval from 39 cycles to 48 cycles
Tightening scrub interval from 48 cycles to 24 cycles
Tightening scrub interval from 24 cycles to 12 cycles
Relaxing scrub interval from 12 cycles to 15 cycles
Relaxing scrub interval from 15 cycles to 18 cycles
Relaxing scrub interval from 18 cycles to 22 cycles
Relaxing scrub interval from 22 cycles to 27 cycles
Relaxing scrub interval from 27 cycles to 33 cycles
Relaxing scrub interval from 33 cycles to 41 cycles
Tightening scrub interval from 41 cycles to 20 cycles
Relaxing scrub interval from 20 cycles to 25 cycles
Relaxing scrub interval from 25 cycles to 31 cycles
Relaxing scrub interval from 31 cycles to 38 cycles
Relaxing scrub interval from 38 cycles to 47 cycles
Tightening scrub interval from 47 cycles to 23 cycles
Relaxing scrub interval from 23 cycles to 28 cycles
Relaxing scrub interval from 28 cycles to 35 cycles
Relaxing scrub interval from 35 cycles to 43 cycles
Relaxing scrub interval from 43 cycles to 53 cycles
Relaxing scrub interval from 53 cycles to 66 cycles
Tightening scrub interval from 66 cycles to 33 cycles
Relaxing scrub interval from 33 cycles to 41 cycles
Relaxing scrub interval from 41 cycles to 51 cycles
Relaxing scrub interval from 51 cycles to 63 cycles
Tightening scrub interval from 63 cycles to 31 cycles
Relaxing scrub interval from 31 cycles to 38 cycles
Relaxing scrub interval from 38 cycles to 47 cycles
Tightening scrub interval from 47 cycles to 23 cycles
Relaxing scrub interval from 23 cycles to 28 cycles
Relaxing scrub interval from 28 cycles to 35 cycles
Tightening scrub interval from 35 cycles to 17 cycles
Tightening scrub interval from 17 cycles to 10 cycles
Relaxing scrub interval from 10 cycles to 12 cycles
Relaxing scrub interval from 12 cycles to 15 cycles
Tightening scrub interval from 15 cycles to 10 cycles
Relaxing scrub interval from 10 cycles to 12 cycles
Relaxing scrub interval from 12 cycles to 15 cycles
Relaxing scrub interval from 15 cycles to 18 cycles
Relaxing scrub interval from 18 cycles to 22 cycles
Relaxing scrub interval from 22 cycles to 27 cycles
Relaxing scrub interval from 27 cycles to 33 cycles
Relaxing scrub interval from 33 cycles to 41 cycles
Relaxing scrub interval from 41 cycles to 51 cycles
Tightening scrub interval from 51 cycles to 25 cycles
Tightening scrub interval from 25 cycles to 12 cycles
Relaxing scrub interval from 12 cycles to 15 cycles
Relaxing scrub interval from 15 cycles to 18 cycles
Relaxing scrub interval from 18 cycles to 22 cycles
Tightening scrub interval from 22 cycles to 11 cycles
Relaxing scrub interval from 11 cycles to 13 cycles
Relaxing scrub interval from 13 cycles to 16 cycles
Relaxing scrub interval from 16 cycles to 20 cycles
Relaxing scrub interval from 20 cycles to 25 cycles
Relaxing scrub interval from 25 cycles to 31 cycles
Tightening scrub interval from 31 cycles to 15 cycles
Relaxing scrub interval from 15 cycles to 18 cycles
Relaxing scrub interval from 18 cycles to 22 cycles
Relaxing scrub interval from 22 cycles to 27 cycles
Tightening scrub interval from 27 cycles to 13 cycles
Relaxing scrub interval from 13 cycles to 16 cycles
Relaxing scrub interval from 16 cycles to 20 cycles
Relaxing scrub interval from 20 cycles to 25 cycles
Relaxing scrub interval from 25 cycles to 31 cycles
Tightening scrub interval from 31 cycles to 15 cycles
Relaxing scrub interval from 15 cycles to 18 cycles
Relaxing scrub interval from 18 cycles to 22 cycles
Relaxing scrub interval from 22 cycles to 27 cycles
Relaxing scrub interval from 27 cycles to 33 cycles
Relaxing scrub interval from 33 cycles to 41 cycles
Tightening scrub interval from 41 cycles to 20 cycles
Relaxing scrub interval from 20 cycles to 25 cycles
Relaxing scrub interval from 25 cycles to 31 cycles
Relaxing scrub interval from 31 cycles to 38 cycles
Relaxing scrub interval from 38 cycles to 47 cycles
Tightening scrub interval from 47 cycles to 23 cycles
Tightening scrub interval from 23 cycles to 11 cycles
Relaxing scrub interval from 11 cycles to 13 cycles
Relaxing scrub interval from 13 cycles to 16 cycles
Relaxing scrub interval from 16 cycles to 20 cycles
Relaxing scrub interval from 20 cycles to 25 cycles
Relaxing scrub interval from 25 cycles to 31 cycles
Relaxing scrub interval from 31 cycles to 38 cycles
Relaxing scrub interval from 38 cycles to 47 cycles
Tightening scrub interval from 47 cycles to 23 cycles
Relaxing scrub interval from 23 cycles to 28 cycles
Relaxing scrub interval from 28 cycles to 35 cycles
Tightening scrub interval from 35 cycles to 17 cycles
Relaxing scrub interval from 17 cycles to 21 cycles
Relaxing scrub interval from 21 cycles to 26 cycles
Relaxing scrub interval from 26 cycles to 32 cycles
Relaxing scrub interval from 32 cycles to 40 cycles
Relaxing scrub interval from 40 cycles to 50 cycles
Relaxing scrub interval from 50 cycles to 62 cycles
Tightening scrub interval from 62 cycles to 31 cycles
Relaxing scrub interval from 31 cycles to 38 cycles
Tightening scrub interval from 38 cycles to 19 cycles
Relaxing scrub interval from 19 cycles to 23 cycles
Relaxing scrub interval from 23 cycles to 28 cycles
Tightening scrub interval from 28 cycles to 14 cycles
Relaxing scrub interval from 14 cycles to 17 cycles
Tightening scrub interval from 17 cycles to 10 cycles
Relaxing scrub interval from 10 cycles to 12 cycles
Relaxing scrub interval from 12 cycles to 15 cycles
Relaxing scrub interval from 15 cycles to 18 cycles
Relaxing scrub interval from 18 cycles to 22 cycles
Relaxing scrub interval from 22 cycles to 27 cycles
Relaxing scrub interval from 27 cycles to 33 cycles
Relaxing scrub interval from 33 cycles to 41 cycles
Relaxing scrub interval from 41 cycles to 51 cycles
Relaxing scrub interval from 51 cycles to 63 cycles
Relaxing scrub interval from 63 cycles to 78 cycles
Tightening scrub interval from 78 cycles to 39 cycles
Tightening scrub interval from 39 cycles to 19 cycles
Relaxing scrub interval from 19 cycles to 23 cycles
Relaxing scrub interval from 23 cycles to 28 cycles
Relaxing scrub interval from 28 cycles to 35 cycles
Tightening scrub interval from 35 cycles to 17 cycles
Tightening scrub interval from 17 cycles to 10 cycles
Relaxing scrub interval from 10 cycles to 12 cycles
Relaxing scrub interval from 12 cycles to 15 cycles
Relaxing scrub interval from 15 cycles to 18 cycles
Relaxing scrub interval from 18 cycles to 22 cycles
Relaxing scrub interval from 22 cycles to 27 cycles
Relaxing scrub interval from 27 cycles to 33 cycles
Relaxing scrub interval from 33 cycles to 41 cycles
Relaxing scrub interval from 41 cycles to 51 cycles
Relaxing scrub interval from 51 cycles to 63 cycles
Relaxing scrub interval from 63 cycles to 78 cycles
Tightening scrub interval from 78 cycles to 39 cycles
Relaxing scrub interval from 39 cycles to 48 cycles
Relaxing scrub interval from 48 cycles to 60 cycles
Relaxing scrub interval from 60 cycles to 75 cycles
Relaxing scrub interval from 75 cycles to 93 cycles
Relaxing scrub interval from 93 cycles to 116 cycles
Relaxing scrub interval from 116 cycles to 145 cycles
Tightening scrub interval from 145 cycles to 72 cycles
Tightening scrub interval from 72 cycles to 36 cycles
Tightening scrub interval from 36 cycles to 18 cycles
Tightening scrub interval from 18 cycles to 10 cycles
Relaxing scrub interval from 10 cycles to 12 cycles
Relaxing scrub interval from 12 cycles to 15 cycles
Relaxing scrub interval from 15 cycles to 18 cycles
Relaxing scrub interval from 18 cycles to 22 cycles
Tightening scrub interval from 22 cycles to 11 cycles
Relaxing scrub interval from 11 cycles to 13 cycles
Relaxing scrub interval from 13 cycles to 16 cycles
Relaxing scrub interval from 16 cycles to 20 cycles
Relaxing scrub interval from 20 cycles to 25 cycles
Relaxing scrub interval from 25 cycles to 31 cycles
Tightening scrub interval from 31 cycles to 15 cycles
Tightening scrub interval from 15 cycles to 10 cycles
Relaxing scrub interval from 10 cycles to 12 cycles
Relaxing scrub interval from 12 cycles to 15 cycles
Relaxing scrub interval from 15 cycles to 18 cycles
Relaxing scrub interval from 18 cycles to 22 cycles
Relaxing scrub interval from 22 cycles to 27 cycles
Tightening scrub interval from 27 cycles to 13 cycles
Relaxing scrub interval from 13 cycles to 16 cycles
Relaxing scrub interval from 16 cycles to 20 cycles
Relaxing scrub interval from 20 cycles to 25 cycles
Tightening scrub interval from 25 cycles to 12 cycles
Relaxing scrub interval from 12 cycles to 15 cycles
Relaxing scrub interval from 15 cycles to 18 cycles
Relaxing scrub interval from 18 cycles to 22 cycles
Relaxing scrub interval from 22 cycles to 27 cycles
Relaxing scrub interval from 27 cycles to 33 cycles
Tightening scrub interval from 33 cycles to 16 cycles
Relaxing scrub interval from 16 cycles to 20 cycles
Relaxing scrub interval from 20 cycles to 25 cycles
Relaxing scrub interval from 25 cycles to 31 cycles
Relaxing scrub interval from 31 cycles to 38 cycles
Relaxing scrub interval from 38 cycles to 47 cycles
Relaxing scrub interval from 47 cycles to 58 cycles
Tightening scrub interval from 58 cycles to 29 cycles
Relaxing scrub interval from 29 cycles to 36 cycles
Relaxing scrub interval from 36 cycles to 45 cycles
Tightening scrub interval from 45 cycles to 22 cycles
Relaxing scrub interval from 22 cycles to 27 cycles
Relaxing scrub interval from 27 cycles to 33 cycles
Tightening scrub interval from 33 cycles to 16 cycles
Relaxing scrub interval from 16 cycles to 20 cycles
Tightening scrub interval from 20 cycles to 10 cycles
Relaxing scrub interval from 10 cycles to 12 cycles
Relaxing scrub interval from 12 cycles to 15 cycles
Relaxing scrub interval from 15 cycles to 18 cycles
Relaxing scrub interval from 18 cycles to 22 cycles
Relaxing scrub interval from 22 cycles to 27 cycles
Tightening scrub interval from 27 cycles to 13 cycles
Relaxing scrub interval from 13 cycles to 16 cycles
Relaxing scrub interval from 16 cycles to 20 cycles
Relaxing scrub interval from 20 cycles to 25 cycles
Relaxing scrub interval from 25 cycles to 31 cycles
Relaxing scrub interval from 31 cycles to 38 cycles
Relaxing scrub interval from 38 cycles to 47 cycles
Relaxing scrub interval from 47 cycles to 58 cycles
Relaxing scrub interval from 58 cycles to 72 cycles
Tightening scrub interval from 72 cycles to 36 cycles
Relaxing scrub interval from 36 cycles to 45 cycles
Tightening scrub interval from 45 cycles to 22 cycles
Tightening scrub interval from 22 cycles to 11 cycles
Relaxing scrub interval from 11 cycles to 13 cycles
Relaxing scrub interval from 13 cycles to 16 cycles
Relaxing scrub interval from 16 cycles to 20 cycles
Relaxing scrub interval from 20 cycles to 25 cycles
Relaxing scrub interval from 25 cycles to 31 cycles
Tightening scrub interval from 31 cycles to 15 cycles
Relaxing scrub interval from 15 cycles to 18 cycles
Relaxing scrub interval from 18 cycles to 22 cycles
Relaxing scrub interval from 22 cycles to 27 cycles
Relaxing scrub interval from 27 cycles to 33 cycles
Relaxing scrub interval from 33 cycles to 41 cycles
Tightening scrub interval from 41 cycles to 20 cycles
Relaxing scrub interval from 20 cycles to 25 cycles
Relaxing scrub interval from 25 cycles to 31 cycles
Relaxing scrub interval from 31 cycles to 38 cycles
Relaxing scrub interval from 38 cycles to 47 cycles
Relaxing scrub interval from 47 cycles to 58 cycles
Relaxing scrub interval from 58 cycles to 72 cycles
Tightening scrub interval from 72 cycles to 36 cycles
Relaxing scrub interval from 36 cycles to 45 cycles
Relaxing scrub interval from 45 cycles to 56 cycles
Relaxing scrub interval from 56 cycles to 70 cycles
Tightening scrub interval from 70 cycles to 35 cycles
Tightening scrub interval from 35 cycles to 17 cycles
Relaxing scrub interval from 17 cycles to 21 cycles
Relaxing scrub interval from 21 cycles to 26 cycles
Relaxing scrub interval from 26 cycles to 32 cycles
Relaxing scrub interval from 32 cycles to 40 cycles
Tightening scrub interval from 40 cycles to 20 cycles
Tightening scrub interval from 20 cycles to 10 cycles
Relaxing scrub interval from 10 cycles to 12 cycles
Tightening scrub interval from 12 cycles to 10 cycles
Relaxing scrub interval from 10 cycles to 12 cycles
Relaxing scrub interval from 12 cycles to 15 cycles
Relaxing scrub interval from 15 cycles to 18 cycles
Relaxing scrub interval from 18 cycles to 22 cycles
Relaxing scrub interval from 22 cycles to 27 cycles
Tightening scrub interval from 27 cycles to 13 cycles
Relaxing scrub interval from 13 cycles to 16 cycles
Tightening scrub interval from 16 cycles to 10 cycles
Relaxing scrub interval from 10 cycles to 12 cycles
Relaxing scrub interval from 12 cycles to 15 cycles
Relaxing scrub interval from 15 cycles to 18 cycles
Relaxing scrub interval from 18 cycles to 22 cycles
Relaxing scrub interval from 22 cycles to 27 cycles
Relaxing scrub interval from 27 cycles to 33 cycles
Relaxing scrub interval from 33 cycles to 41 cycles
Tightening scrub interval from 41 cycles to 20 cycles
Relaxing scrub interval from 20 cycles to 25 cycles
Relaxing scrub interval from 25 cycles to 31 cycles
Relaxing scrub interval from 31 cycles to 38 cycles
Tightening scrub interval from 38 cycles to 19 cycles
Tightening scrub interval from 19 cycles to 10 cycles
Relaxing scrub interval from 10 cycles to 12 cycles
Relaxing scrub interval from 12 cycles to 15 cycles
Relaxing scrub interval from 15 cycles to 18 cycles
Relaxing scrub interval from 18 cycles to 22 cycles
Relaxing scrub interval from 22 cycles to 27 cycles
Relaxing scrub interval from 27 cycles to 33 cycles
Relaxing scrub interval from 33 cycles to 41 cycles
Relaxing scrub interval from 41 cycles to 51 cycles
Relaxing scrub interval from 51 cycles to 63 cycles
Tightening scrub interval from 63 cycles to 31 cycles
Tightening scrub interval from 31 cycles to 15 cycles
Relaxing scrub interval from 15 cycles to 18 cycles
Relaxing scrub interval from 18 cycles to 22 cycles
Relaxing scrub interval from 22 cycles to 27 cycles
Relaxing scrub interval from 27 cycles to 33 cycles
Relaxing scrub interval from 33 cycles to 41 cycles
Tightening scrub interval from 41 cycles to 20 cycles
Relaxing scrub interval from 20 cycles to 25 cycles
Relaxing scrub interval from 25 cycles to 31 cycles
Tightening scrub interval from 31 cycles to 15 cycles
Relaxing scrub interval from 15 cycles to 18 cycles
Relaxing scrub interval from 18 cycles to 22 cycles
Relaxing scrub interval from 22 cycles to 27 cycles
Relaxing scrub interval from 27 cycles to 33 cycles
Tightening scrub interval from 33 cycles to 16 cycles
Relaxing scrub interval from 16 cycles to 20 cycles
Relaxing scrub interval from 20 cycles to 25 cycles
Relaxing scrub interval from 25 cycles to 31 cycles
Relaxing scrub interval from 31 cycles to 38 cycles
Relaxing scrub interval from 38 cycles to 47 cycles
Relaxing scrub interval from 47 cycles to 58 cycles
Tightening scrub interval from 58 cycles to 29 cycles
Relaxing scrub interval from 29 cycles to 36 cycles
Relaxing scrub interval from 36 cycles to 45 cycles
Relaxing scrub interval from 45 cycles to 56 cycles
Relaxing scrub interval from 56 cycles to 70 cycles
Relaxing scrub interval from 70 cycles to 87 cycles
Relaxing scrub interval from 87 cycles to 108 cycles
Relaxing scrub interval from 108 cycles to 135 cycles
Tightening scrub interval from 135 cycles to 67 cycles
Tightening scrub interval from 67 cycles to 33 cycles
Relaxing scrub interval from 33 cycles to 41 cycles
Relaxing scrub interval from 41 cycles to 51 cycles
Tightening scrub interval from 51 cycles to 25 cycles
Relaxing scrub interval from 25 cycles to 31 cycles
Relaxing scrub interval from 31 cycles to 38 cycles
Relaxing scrub interval from 38 cycles to 47 cycles
Relaxing scrub interval from 47 cycles to 58 cycles
Tightening scrub interval from 58 cycles to 29 cycles
Relaxing scrub interval from 29 cycles to 36 cycles
Relaxing scrub interval from 36 cycles to 45 cycles
Relaxing scrub interval from 45 cycles to 56 cycles
Tightening scrub interval from 56 cycles to 28 cycles
Relaxing scrub interval from 28 cycles to 35 cycles
Relaxing scrub interval from 35 cycles to 43 cycles
Tightening scrub interval from 43 cycles to 21 cycles
Relaxing scrub interval from 21 cycles to 26 cycles
Relaxing scrub interval from 26 cycles to 32 cycles
Relaxing scrub interval from 32 cycles to 40 cycles
Relaxing scrub interval from 40 cycles to 50 cycles
Tightening scrub interval from 50 cycles to 25 cycles
Relaxing scrub interval from 25 cycles to 31 cycles
Tightening scrub interval from 31 cycles to 15 cycles
Relaxing scrub interval from 15 cycles to 18 cycles
Tightening scrub interval from 18 cycles to 10 cycles
Relaxing scrub interval from 10 cycles to 12 cycles
Relaxing scrub interval from 12 cycles to 15 cycles
Relaxing scrub interval from 15 cycles to 18 cycles
Relaxing scrub interval from 18 cycles to 22 cycles
Relaxing scrub interval from 22 cycles to 27 cycles
Relaxing scrub interval from 27 cycles to 33 cycles
Relaxing scrub interval from 33 cycles to 41 cycles
Relaxing scrub interval from 41 cycles to 51 cycles
Relaxing scrub interval from 51 cycles to 63 cycles
Relaxing scrub interval from 63 cycles to 78 cycles
Tightening scrub interval from 78 cycles to 39 cycles
Relaxing scrub interval from 39 cycles to 48 cycles
Tightening scrub interval from 48 cycles to 24 cycles
Relaxing scrub interval from 24 cycles to 30 cycles
Tightening scrub interval from 30 cycles to 15 cycles
Relaxing scrub interval from 15 cycles to 18 cycles
Relaxing scrub interval from 18 cycles to 22 cycles
Relaxing scrub interval from 22 cycles to 27 cycles
Relaxing scrub interval from 27 cycles to 33 cycles
Relaxing scrub interval from 33 cycles to 41 cycles
Relaxing scrub interval from 41 cycles to 51 cycles
Tightening scrub interval from 51 cycles to 25 cycles
Relaxing scrub interval from 25 cycles to 31 cycles
Tightening scrub interval from 31 cycles to 15 cycles
Tightening scrub interval from 15 cycles to 10 cycles
Relaxing scrub interval from 10 cycles to 12 cycles
Relaxing scrub interval from 12 cycles to 15 cycles
Tightening scrub interval from 15 cycles to 10 cycles
Relaxing scrub interval from 10 cycles to 12 cycles
Relaxing scrub interval from 12 cycles to 15 cycles
Relaxing scrub interval from 15 cycles to 18 cycles
Relaxing scrub interval from 18 cycles to 22 cycles
Relaxing scrub interval from 22 cycles to 27 cycles
Relaxing scrub interval from 27 cycles to 33 cycles
Relaxing scrub interval from 33 cycles to 41 cycles
Tightening scrub interval from 41 cycles to 20 cycles
Tightening scrub interval from 20 cycles to 10 cycles
Relaxing scrub interval from 10 cycles to 12 cycles
Relaxing scrub interval from 12 cycles to 15 cycles
Relaxing scrub interval from 15 cycles to 18 cycles
Relaxing scrub interval from 18 cycles to 22 cycles
Relaxing scrub interval from 22 cycles to 27 cycles
Relaxing scrub interval from 27 cycles to 33 cycles
Tightening scrub interval from 33 cycles to 16 cycles
Relaxing scrub interval from 16 cycles to 20 cycles
Relaxing scrub interval from 20 cycles to 25 cycles
Relaxing scrub interval from 25 cycles to 31 cycles
Relaxing scrub interval from 31 cycles to 38 cycles
Relaxing scrub interval from 38 cycles to 47 cycles
Relaxing scrub interval from 47 cycles to 58 cycles
Relaxing scrub interval from 58 cycles to 72 cycles
Relaxing scrub interval from 72 cycles to 90 cycles
Tightening scrub interval from 90 cycles to 45 cycles
Tightening scrub interval from 45 cycles to 22 cycles
Tightening scrub interval from 22 cycles to 11 cycles
Relaxing scrub interval from 11 cycles to 13 cycles
Relaxing scrub interval from 13 cycles to 16 cycles
Tightening scrub interval from 16 cycles to 10 cycles
Relaxing scrub interval from 10 cycles to 12 cycles
Relaxing scrub interval from 12 cycles to 15 cycles
Relaxing scrub interval from 15 cycles to 18 cycles
Relaxing scrub interval from 18 cycles to 22 cycles
Relaxing scrub interval from 22 cycles to 27 cycles
Relaxing scrub interval from 27 cycles to 33 cycles
Relaxing scrub interval from 33 cycles to 41 cycles
Relaxing scrub interval from 41 cycles to 51 cycles
Relaxing scrub interval from 51 cycles to 63 cycles
Relaxing scrub interval from 63 cycles to 78 cycles
Relaxing scrub interval from 78 cycles to 97 cycles
Tightening scrub interval from 97 cycles to 48 cycles
Tightening scrub interval from 48 cycles to 24 cycles
Tightening scrub interval from 24 cycles to 12 cycles
Relaxing scrub interval from 12 cycles to 15 cycles
Relaxing scrub interval from 15 cycles to 18 cycles
Relaxing scrub interval from 18 cycles to 22 cycles
Tightening scrub interval from 22 cycles to 11 cycles
Relaxing scrub interval from 11 cycles to 13 cycles
Relaxing scrub interval from 13 cycles to 16 cycles
Relaxing scrub interval from 16 cycles to 20 cycles
Relaxing scrub interval from 20 cycles to 25 cycles
Relaxing scrub interval from 25 cycles to 31 cycles
Relaxing scrub interval from 31 cycles to 38 cycles
Relaxing scrub interval from 38 cycles to 47 cycles
Relaxing scrub interval from 47 cycles to 58 cycles
Tightening scrub interval from 58 cycles to 29 cycles
Relaxing scrub interval from 29 cycles to 36 cycles
Relaxing scrub interval from 36 cycles to 45 cycles
Relaxing scrub interval from 45 cycles to 56 cycles
Tightening scrub interval from 56 cycles to 28 cycles
Relaxing scrub interval from 28 cycles to 35 cycles
Relaxing scrub interval from 35 cycles to 43 cycles
Tightening scrub interval from 43 cycles to 21 cycles
Tightening scrub interval from 21 cycles to 10 cycles
Relaxing scrub interval from 10 cycles to 12 cycles
Relaxing scrub interval from 12 cycles to 15 cycles
Relaxing scrub interval from 15 cycles to 18 cycles
Relaxing scrub interval from 18 cycles to 22 cycles
Tightening scrub interval from 22 cycles to 11 cycles
Relaxing scrub interval from 11 cycles to 13 cycles
Relaxing scrub interval from 13 cycles to 16 cycles
Relaxing scrub interval from 16 cycles to 20 cycles
Relaxing scrub interval from 20 cycles to 25 cycles
Relaxing scrub interval from 25 cycles to 31 cycles
Tightening scrub interval from 31 cycles to 15 cycles
Tightening scrub interval from 15 cycles to 10 cycles
Relaxing scrub interval from 10 cycles to 12 cycles
Relaxing scrub interval from 12 cycles to 15 cycles
Relaxing scrub interval from 15 cycles to 18 cycles
Relaxing scrub interval from 18 cycles to 22 cycles
Relaxing scrub interval from 22 cycles to 27 cycles
Relaxing scrub interval from 27 cycles to 33 cycles
Tightening scrub interval from 33 cycles to 16 cycles
Relaxing scrub interval from 16 cycles to 20 cycles
Relaxing scrub interval from 20 cycles to 25 cycles
Tightening scrub interval from 25 cycles to 12 cycles
Relaxing scrub interval from 12 cycles to 15 cycles
Relaxing scrub interval from 15 cycles to 18 cycles
Relaxing scrub interval from 18 cycles to 22 cycles
Relaxing scrub interval from 22 cycles to 27 cycles
Relaxing scrub interval from 27 cycles to 33 cycles
Relaxing scrub interval from 33 cycles to 41 cycles
Tightening scrub interval from 41 cycles to 20 cycles
Relaxing scrub interval from 20 cycles to 25 cycles
Relaxing scrub interval from 25 cycles to 31 cycles
Relaxing scrub interval from 31 cycles to 38 cycles
Relaxing scrub interval from 38 cycles to 47 cycles
Relaxing scrub interval from 47 cycles to 58 cycles
Tightening scrub interval from 58 cycles to 29 cycles
Relaxing scrub interval from 29 cycles to 36 cycles
Tightening scrub interval from 36 cycles to 18 cycles
Relaxing scrub interval from 18 cycles to 22 cycles
Tightening scrub interval from 22 cycles to 11 cycles
Relaxing scrub interval from 11 cycles to 13 cycles
Relaxing scrub interval from 13 cycles to 16 cycles
Relaxing scrub interval from 16 cycles to 20 cycles
Relaxing scrub interval from 20 cycles to 25 cycles
Relaxing scrub interval from 25 cycles to 31 cycles
Relaxing scrub interval from 31 cycles to 38 cycles
Relaxing scrub interval from 38 cycles to 47 cycles
Relaxing scrub interval from 47 cycles to 58 cycles
Relaxing scrub interval from 58 cycles to 72 cycles
Relaxing scrub interval from 72 cycles to 90 cycles
Relaxing scrub interval from 90 cycles to 112 cycles
Tightening scrub interval from 112 cycles to 56 cycles
Tightening scrub interval from 56 cycles to 28 cycles
Relaxing scrub interval from 28 cycles to 35 cycles
Relaxing scrub interval from 35 cycles to 43 cycles
Relaxing scrub interval from 43 cycles to 53 cycles
Relaxing scrub interval from 53 cycles to 66 cycles
Relaxing scrub interval from 66 cycles to 82 cycles
Tightening scrub interval from 82 cycles to 41 cycles
Tightening scrub interval from 41 cycles to 20 cycles
Relaxing scrub interval from 20 cycles to 25 cycles
Relaxing scrub interval from 25 cycles to 31 cycles
Relaxing scrub interval from 31 cycles to 38 cycles
Tightening scrub interval from 38 cycles to 19 cycles
Tightening scrub interval from 19 cycles to 10 cycles
Relaxing scrub interval from 10 cycles to 12 cycles
Relaxing scrub interval from 12 cycles to 15 cycles
Relaxing scrub interval from 15 cycles to 18 cycles
Tightening scrub interval from 18 cycles to 10 cycles
Relaxing scrub interval from 10 cycles to 12 cycles
Relaxing scrub interval from 12 cycles to 15 cycles
Relaxing scrub interval from 15 cycles to 18 cycles
Tightening scrub interval from 18 cycles to 10 cycles
Relaxing scrub interval from 10 cycles to 12 cycles
Relaxing scrub interval from 12 cycles to 15 cycles
Relaxing scrub interval from 15 cycles to 18 cycles
Relaxing scrub interval from 18 cycles to 22 cycles
Tightening scrub interval from 22 cycles to 11 cycles
Tightening scrub interval from 11 cycles to 10 cycles
Relaxing scrub interval from 10 cycles to 12 cycles
Relaxing scrub interval from 12 cycles to 15 cycles
Relaxing scrub interval from 15 cycles to 18 cycles
Relaxing scrub interval from 18 cycles to 22 cycles
Relaxing scrub interval from 22 cycles to 27 cycles
Tightening scrub interval from 27 cycles to 13 cycles
Relaxing scrub interval from 13 cycles to 16 cycles
Relaxing scrub interval from 16 cycles to 20 cycles
Relaxing scrub interval from 20 cycles to 25 cycles
Relaxing scrub interval from 25 cycles to 31 cycles
Tightening scrub interval from 31 cycles to 15 cycles
Relaxing scrub interval from 15 cycles to 18 cycles
Relaxing scrub interval from 18 cycles to 22 cycles
Tightening scrub interval from 22 cycles to 11 cycles
Tightening scrub interval from 11 cycles to 10 cycles
Relaxing scrub interval from 10 cycles to 12 cycles
Tightening scrub interval from 12 cycles to 10 cycles
Relaxing scrub interval from 10 cycles to 12 cycles
Relaxing scrub interval from 12 cycles to 15 cycles
Relaxing scrub interval from 15 cycles to 18 cycles
Relaxing scrub interval from 18 cycles to 22 cycles
Relaxing scrub interval from 22 cycles to 27 cycles
Relaxing scrub interval from 27 cycles to 33 cycles
Tightening scrub interval from 33 cycles to 16 cycles
Relaxing scrub interval from 16 cycles to 20 cycles
Tightening scrub interval from 20 cycles to 10 cycles
Relaxing scrub interval from 10 cycles to 12 cycles
Relaxing scrub interval from 12 cycles to 15 cycles
Relaxing scrub interval from 15 cycles to 18 cycles
Relaxing scrub interval from 18 cycles to 22 cycles
Relaxing scrub interval from 22 cycles to 27 cycles
Tightening scrub interval from 27 cycles to 13 cycles
Relaxing scrub interval from 13 cycles to 16 cycles
Relaxing scrub interval from 16 cycles to 20 cycles
Relaxing scrub interval from 20 cycles to 25 cycles
Tightening scrub interval from 25 cycles to 12 cycles
Relaxing scrub interval from 12 cycles to 15 cycles
Relaxing scrub interval from 15 cycles to 18 cycles
Tightening scrub interval from 18 cycles to 10 cycles
Relaxing scrub interval from 10 cycles to 12 cycles
Relaxing scrub interval from 12 cycles to 15 cycles
Relaxing scrub interval from 15 cycles to 18 cycles
Relaxing scrub interval from 18 cycles to 22 cycles
Tightening scrub interval from 22 cycles to 11 cycles
Relaxing scrub interval from 11 cycles to 13 cycles
Relaxing scrub interval from 13 cycles to 16 cycles
Relaxing scrub interval from 16 cycles to 20 cycles
Relaxing scrub interval from 20 cycles to 25 cycles
Tightening scrub interval from 25 cycles to 12 cycles
Relaxing scrub interval from 12 cycles to 15 cycles
Relaxing scrub interval from 15 cycles to 18 cycles
Relaxing scrub interval from 18 cycles to 22 cycles
Tightening scrub interval from 22 cycles to 11 cycles
Relaxing scrub interval from 11 cycles to 13 cycles
Relaxing scrub interval from 13 cycles to 16 cycles
Tightening scrub interval from 16 cycles to 10 cycles
Relaxing scrub interval from 10 cycles to 12 cycles
Relaxing scrub interval from 12 cycles to 15 cycles
Relaxing scrub interval from 15 cycles to 18 cycles
Relaxing scrub interval from 18 cycles to 22 cycles
Relaxing scrub interval from 22 cycles to 27 cycles
Relaxing scrub interval from 27 cycles to 33 cycles
Tightening scrub interval from 33 cycles to 16 cycles
Relaxing scrub interval from 16 cycles to 20 cycles
Relaxing scrub interval from 20 cycles to 25 cycles
Relaxing scrub interval from 25 cycles to 31 cycles
Relaxing scrub interval from 31 cycles to 38 cycles
Tightening scrub interval from 38 cycles to 19 cycles
Relaxing scrub interval from 19 cycles to 23 cycles
Relaxing scrub interval from 23 cycles to 28 cycles
Relaxing scrub interval from 28 cycles to 35 cycles
Relaxing scrub interval from 35 cycles to 43 cycles
Tightening scrub interval from 43 cycles to 21 cycles
Relaxing scrub interval from 21 cycles to 26 cycles
Tightening scrub interval from 26 cycles to 13 cycles
Relaxing scrub interval from 13 cycles to 16 cycles
Relaxing scrub interval from 16 cycles to 20 cycles
Tightening scrub interval from 20 cycles to 10 cycles
Relaxing scrub interval from 10 cycles to 12 cycles
Relaxing scrub interval from 12 cycles to 15 cycles
Relaxing scrub interval from 15 cycles to 18 cycles
Relaxing scrub interval from 18 cycles to 22 cycles
Tightening scrub interval from 22 cycles to 11 cycles
Relaxing scrub interval from 11 cycles to 13 cycles
Relaxing scrub interval from 13 cycles to 16 cycles
Relaxing scrub interval from 16 cycles to 20 cycles
src/sim/faults.cc:102: panic: panic condition !handled && !tc->getSystemPtr()->trapToGdb(GDBSignal::SEGV, tc->contextId()) occurred: Page table fault when accessing virtual address 0x80218d0
Memory Usage: 8529028 KBytes
Program aborted at tick 99124000
--- BEGIN LIBC BACKTRACE ---
/gem5_build/gem5.debug(_ZN4gem515print_backtraceEv+0x32)[0x55d2ad087061]
/gem5_build/gem5.debug(_ZN4gem512abortHandlerEi+0x7e)[0x55d2ad0acea8]
/lib/x86_64-linux-gnu/libc.so.6(+0x42520)[0x7f16d3200520]
/lib/x86_64-linux-gnu/libc.so.6(pthread_kill+0x12c)[0x7f16d32549fc]
/lib/x86_64-linux-gnu/libc.so.6(raise+0x16)[0x7f16d3200476]
/lib/x86_64-linux-gnu/libc.so.6(abort+0xd3)[0x7f16d31e67f3]
/gem5_build/gem5.debug(_ZNSt12__shared_ptrIN4gem59FaultBaseELN9__gnu_cxx12_Lock_policyE2EED1Ev+0x0)[0x55d2ab5bd028]
/gem5_build/gem5.debug(_ZN4gem521GenericPageTableFault6invokeEPNS_13ThreadContextERKNS_14RefCountingPtrINS_10StaticInstEEE+0x139)[0x55d2ad101f0b]
/gem5_build/gem5.debug(_ZN4gem52o33CPU4trapERKSt10shared_ptrINS_9FaultBaseEEsRKNS_14RefCountingPtrINS_10StaticInstEEE+0x65)[0x55d2ac176387]
/gem5_build/gem5.debug(_ZN4gem52o36Commit10commitHeadERKNS_14RefCountingPtrINS0_7DynInstEEEj+0xc3f)[0x55d2ac16490f]
/gem5_build/gem5.debug(_ZN4gem52o36Commit11commitInstsEv+0x54a)[0x55d2ac162dcc]
/gem5_build/gem5.debug(_ZN4gem52o36Commit6commitEv+0xaf9)[0x55d2ac16249b]
/gem5_build/gem5.debug(_ZN4gem52o36Commit4tickEv+0x2aa)[0x55d2ac160aee]
/gem5_build/gem5.debug(_ZN4gem52o33CPU4tickEv+0x1d7)[0x55d2ac174421]
/gem5_build/gem5.debug(+0x351f903)[0x55d2ac171903]
/gem5_build/gem5.debug(+0x35293a2)[0x55d2ac17b3a2]
/gem5_build/gem5.debug(+0x3529134)[0x55d2ac17b134]
/gem5_build/gem5.debug(+0x3528f2e)[0x55d2ac17af2e]
/gem5_build/gem5.debug(_ZNKSt8functionIFvvEEclEv+0x36)[0x55d2ab6a7956]
/gem5_build/gem5.debug(_ZN4gem520EventFunctionWrapper7processEv+0x20)[0x55d2ab6a6188]
/gem5_build/gem5.debug(_ZN4gem510EventQueue10serviceOneEv+0x121)[0x55d2ad09b015]
/gem5_build/gem5.debug(_ZN4gem59doSimLoopEPNS_10EventQueueE+0x240)[0x55d2ad0be7d7]
/gem5_build/gem5.debug(_ZN4gem58simulateEm+0x23e)[0x55d2ad0be26e]
/gem5_build/gem5.debug(+0x4392cbe)[0x55d2acfe4cbe]
/gem5_build/gem5.debug(+0x439111c)[0x55d2acfe311c]
/gem5_build/gem5.debug(+0x438cdcd)[0x55d2acfdedcd]
/gem5_build/gem5.debug(+0x438ce38)[0x55d2acfdee38]
/gem5_build/gem5.debug(+0x297cb39)[0x55d2ab5ceb39]
/lib/x86_64-linux-gnu/libpython3.10.so.1.0(+0x128033)[0x7f16d3b23033]
/lib/x86_64-linux-gnu/libpython3.10.so.1.0(_PyObject_Call+0x5c)[0x7f16d3adcffc]
/lib/x86_64-linux-gnu/libpython3.10.so.1.0(_PyEval_EvalFrameDefault+0x4b16)[0x7f16d3a71776]
/lib/x86_64-linux-gnu/libpython3.10.so.1.0(+0x1c24df)[0x7f16d3bbd4df]
--- END LIBC BACKTRACE ---
For more info on how to address this issue, please visit https://www.gem5.org/documentation/general_docs/common-errors/ 

/home/cs1952y-user/gem5/1952y-fp/gem5/scripts/run-test.sh: line 82: 76764 Killed                  timeout --signal=KILL 15 "$GEM5_BIN" --outdir="$OUTDIR" "$CONFIG" "$BINARY_REL" --chaos-prob "$CHAOS_PROB" --chaos-bits "$CHAOS_BITS" --delay "$DELAY" --scrub-interval "$SCRUB_INTERVAL" --scrub-tighten-factor "$SCRUB_TIGHTEN_FACTOR" --scrub-relax-factor "$SCRUB_RELAX_FACTOR" --cache-size "$CACHE_SIZE" "${EXTRA[@]}"
