warn: No dot file generated. Please install pydot to generate the dot file and pdf.
Scrubbing enabled with adaptive interval starting at 10 cycles, tightening factor 2, relax factor 1.25
src/arch/riscv/isa.cc:275: info: RVV enabled, VLEN = 256 bits, ELEN = 64 bits
src/arch/riscv/linux/se_workload.cc:60: warn: Unknown operating system; assuming Linux.
src/base/statistics.hh:279: warn: One of the stats is a legacy stat. Legacy stat is a stat that does not belong to any statistics::Group. Legacy stat is deprecated.
src/base/remote_gdb.cc:418: warn: Sockets disabled, not accepting gdb connections
src/sim/simulate.cc:199: info: Entering event queue @ 0.  Starting simulation...
Relaxing scrub interval from 10 cycles to 12 cycles
Relaxing scrub interval from 12 cycles to 15 cycles
Relaxing scrub interval from 15 cycles to 18 cycles
Relaxing scrub interval from 18 cycles to 22 cycles
Relaxing scrub interval from 22 cycles to 27 cycles
Relaxing scrub interval from 27 cycles to 33 cycles
Relaxing scrub interval from 33 cycles to 41 cycles
Relaxing scrub interval from 41 cycles to 51 cycles
Relaxing scrub interval from 51 cycles to 63 cycles
Relaxing scrub interval from 63 cycles to 78 cycles
Relaxing scrub interval from 78 cycles to 97 cycles
Relaxing scrub interval from 97 cycles to 121 cycles
Relaxing scrub interval from 121 cycles to 151 cycles
Relaxing scrub interval from 151 cycles to 188 cycles
Relaxing scrub interval from 188 cycles to 235 cycles
Relaxing scrub interval from 235 cycles to 293 cycles
Relaxing scrub interval from 293 cycles to 366 cycles
Relaxing scrub interval from 366 cycles to 457 cycles
Relaxing scrub interval from 457 cycles to 571 cycles
Relaxing scrub interval from 571 cycles to 713 cycles
Relaxing scrub interval from 713 cycles to 891 cycles
Relaxing scrub interval from 891 cycles to 1113 cycles
Relaxing scrub interval from 1113 cycles to 1391 cycles
Relaxing scrub interval from 1391 cycles to 1738 cycles
Relaxing scrub interval from 1738 cycles to 2172 cycles
Relaxing scrub interval from 2172 cycles to 2715 cycles
Relaxing scrub interval from 2715 cycles to 3393 cycles
Relaxing scrub interval from 3393 cycles to 4241 cycles
Relaxing scrub interval from 4241 cycles to 5301 cycles
Relaxing scrub interval from 5301 cycles to 6626 cycles
Relaxing scrub interval from 6626 cycles to 8282 cycles
Relaxing scrub interval from 8282 cycles to 10352 cycles
Relaxing scrub interval from 10352 cycles to 12940 cycles
Tightening scrub interval from 12940 cycles to 6470 cycles
Tightening scrub interval from 6470 cycles to 3235 cycles
Relaxing scrub interval from 3235 cycles to 4043 cycles
Relaxing scrub interval from 4043 cycles to 5053 cycles
Relaxing scrub interval from 5053 cycles to 6316 cycles
Tightening scrub interval from 6316 cycles to 3158 cycles
Relaxing scrub interval from 3158 cycles to 3947 cycles
Tightening scrub interval from 3947 cycles to 1973 cycles
Relaxing scrub interval from 1973 cycles to 2466 cycles
Tightening scrub interval from 2466 cycles to 1233 cycles
Relaxing scrub interval from 1233 cycles to 1541 cycles
Relaxing scrub interval from 1541 cycles to 1926 cycles
Relaxing scrub interval from 1926 cycles to 2407 cycles
Relaxing scrub interval from 2407 cycles to 3008 cycles
Relaxing scrub interval from 3008 cycles to 3760 cycles
Tightening scrub interval from 3760 cycles to 1880 cycles
Relaxing scrub interval from 1880 cycles to 2350 cycles
Tightening scrub interval from 2350 cycles to 1175 cycles
Relaxing scrub interval from 1175 cycles to 1468 cycles
Relaxing scrub interval from 1468 cycles to 1835 cycles
Relaxing scrub interval from 1835 cycles to 2293 cycles
Tightening scrub interval from 2293 cycles to 1146 cycles
Relaxing scrub interval from 1146 cycles to 1432 cycles
Relaxing scrub interval from 1432 cycles to 1790 cycles
Relaxing scrub interval from 1790 cycles to 2237 cycles
Relaxing scrub interval from 2237 cycles to 2796 cycles
Relaxing scrub interval from 2796 cycles to 3495 cycles
Relaxing scrub interval from 3495 cycles to 4368 cycles
Relaxing scrub interval from 4368 cycles to 5460 cycles
Relaxing scrub interval from 5460 cycles to 6825 cycles
Tightening scrub interval from 6825 cycles to 3412 cycles
Relaxing scrub interval from 3412 cycles to 4265 cycles
Tightening scrub interval from 4265 cycles to 2132 cycles
Relaxing scrub interval from 2132 cycles to 2665 cycles
Relaxing scrub interval from 2665 cycles to 3331 cycles
Relaxing scrub interval from 3331 cycles to 4163 cycles
Relaxing scrub interval from 4163 cycles to 5203 cycles
Relaxing scrub interval from 5203 cycles to 6503 cycles
Tightening scrub interval from 6503 cycles to 3251 cycles
Tightening scrub interval from 3251 cycles to 1625 cycles
Relaxing scrub interval from 1625 cycles to 2031 cycles
Relaxing scrub interval from 2031 cycles to 2538 cycles
Relaxing scrub interval from 2538 cycles to 3172 cycles
Relaxing scrub interval from 3172 cycles to 3965 cycles
Relaxing scrub interval from 3965 cycles to 4956 cycles
Relaxing scrub interval from 4956 cycles to 6195 cycles
Tightening scrub interval from 6195 cycles to 3097 cycles
Tightening scrub interval from 3097 cycles to 1548 cycles
Relaxing scrub interval from 1548 cycles to 1935 cycles
Relaxing scrub interval from 1935 cycles to 2418 cycles
Tightening scrub interval from 2418 cycles to 1209 cycles
Relaxing scrub interval from 1209 cycles to 1511 cycles
Relaxing scrub interval from 1511 cycles to 1888 cycles
Relaxing scrub interval from 1888 cycles to 2360 cycles
Relaxing scrub interval from 2360 cycles to 2950 cycles
Relaxing scrub interval from 2950 cycles to 3687 cycles
Relaxing scrub interval from 3687 cycles to 4608 cycles
Tightening scrub interval from 4608 cycles to 2304 cycles
Relaxing scrub interval from 2304 cycles to 2880 cycles
Tightening scrub interval from 2880 cycles to 1440 cycles
Relaxing scrub interval from 1440 cycles to 1800 cycles
Relaxing scrub interval from 1800 cycles to 2250 cycles
Relaxing scrub interval from 2250 cycles to 2812 cycles
Relaxing scrub interval from 2812 cycles to 3515 cycles
Tightening scrub interval from 3515 cycles to 1757 cycles
Relaxing scrub interval from 1757 cycles to 2196 cycles
Relaxing scrub interval from 2196 cycles to 2745 cycles
Relaxing scrub interval from 2745 cycles to 3431 cycles
Relaxing scrub interval from 3431 cycles to 4288 cycles
Relaxing scrub interval from 4288 cycles to 5360 cycles
Relaxing scrub interval from 5360 cycles to 6700 cycles
Relaxing scrub interval from 6700 cycles to 8375 cycles
Relaxing scrub interval from 8375 cycles to 10468 cycles
Tightening scrub interval from 10468 cycles to 5234 cycles
Tightening scrub interval from 5234 cycles to 2617 cycles
Relaxing scrub interval from 2617 cycles to 3271 cycles
Tightening scrub interval from 3271 cycles to 1635 cycles
Relaxing scrub interval from 1635 cycles to 2043 cycles
Relaxing scrub interval from 2043 cycles to 2553 cycles
Relaxing scrub interval from 2553 cycles to 3191 cycles
Relaxing scrub interval from 3191 cycles to 3988 cycles
Relaxing scrub interval from 3988 cycles to 4985 cycles
Relaxing scrub interval from 4985 cycles to 6231 cycles
Relaxing scrub interval from 6231 cycles to 7788 cycles
