warn: No dot file generated. Please install pydot to generate the dot file and pdf.
Scrubbing enabled with adaptive interval starting at 10 cycles, tightening factor 2, relax factor 1.25
src/arch/riscv/isa.cc:275: info: RVV enabled, VLEN = 256 bits, ELEN = 64 bits
src/arch/riscv/linux/se_workload.cc:60: warn: Unknown operating system; assuming Linux.
src/base/statistics.hh:279: warn: One of the stats is a legacy stat. Legacy stat is a stat that does not belong to any statistics::Group. Legacy stat is deprecated.
src/base/remote_gdb.cc:418: warn: Sockets disabled, not accepting gdb connections
src/sim/simulate.cc:199: info: Entering event queue @ 0.  Starting simulation...
Relaxing scrub interval from 10 cycles to 12 cycles
Relaxing scrub interval from 12 cycles to 15 cycles
Relaxing scrub interval from 15 cycles to 18 cycles
Relaxing scrub interval from 18 cycles to 22 cycles
Relaxing scrub interval from 22 cycles to 27 cycles
Relaxing scrub interval from 27 cycles to 33 cycles
Relaxing scrub interval from 33 cycles to 41 cycles
Relaxing scrub interval from 41 cycles to 51 cycles
Relaxing scrub interval from 51 cycles to 63 cycles
Relaxing scrub interval from 63 cycles to 78 cycles
Relaxing scrub interval from 78 cycles to 97 cycles
Relaxing scrub interval from 97 cycles to 121 cycles
Relaxing scrub interval from 121 cycles to 151 cycles
Relaxing scrub interval from 151 cycles to 188 cycles
Relaxing scrub interval from 188 cycles to 235 cycles
Relaxing scrub interval from 235 cycles to 293 cycles
Relaxing scrub interval from 293 cycles to 366 cycles
Relaxing scrub interval from 366 cycles to 457 cycles
Relaxing scrub interval from 457 cycles to 571 cycles
Relaxing scrub interval from 571 cycles to 713 cycles
Relaxing scrub interval from 713 cycles to 891 cycles
Relaxing scrub interval from 891 cycles to 1113 cycles
Relaxing scrub interval from 1113 cycles to 1391 cycles
Relaxing scrub interval from 1391 cycles to 1738 cycles
Relaxing scrub interval from 1738 cycles to 2172 cycles
Relaxing scrub interval from 2172 cycles to 2715 cycles
Relaxing scrub interval from 2715 cycles to 3393 cycles
Relaxing scrub interval from 3393 cycles to 4241 cycles
Relaxing scrub interval from 4241 cycles to 5301 cycles
Relaxing scrub interval from 5301 cycles to 6626 cycles
Relaxing scrub interval from 6626 cycles to 8282 cycles
Relaxing scrub interval from 8282 cycles to 10352 cycles
Relaxing scrub interval from 10352 cycles to 12940 cycles
Tightening scrub interval from 12940 cycles to 6470 cycles
Relaxing scrub interval from 6470 cycles to 8087 cycles
Tightening scrub interval from 8087 cycles to 4043 cycles
Relaxing scrub interval from 4043 cycles to 5053 cycles
Relaxing scrub interval from 5053 cycles to 6316 cycles
Relaxing scrub interval from 6316 cycles to 7895 cycles
Tightening scrub interval from 7895 cycles to 3947 cycles
Relaxing scrub interval from 3947 cycles to 4933 cycles
Tightening scrub interval from 4933 cycles to 2466 cycles
Relaxing scrub interval from 2466 cycles to 3082 cycles
Tightening scrub interval from 3082 cycles to 1541 cycles
Relaxing scrub interval from 1541 cycles to 1926 cycles
Tightening scrub interval from 1926 cycles to 963 cycles
Relaxing scrub interval from 963 cycles to 1203 cycles
Relaxing scrub interval from 1203 cycles to 1503 cycles
Relaxing scrub interval from 1503 cycles to 1878 cycles
Relaxing scrub interval from 1878 cycles to 2347 cycles
Relaxing scrub interval from 2347 cycles to 2933 cycles
Tightening scrub interval from 2933 cycles to 1466 cycles
Tightening scrub interval from 1466 cycles to 733 cycles
Relaxing scrub interval from 733 cycles to 916 cycles
Relaxing scrub interval from 916 cycles to 1145 cycles
Relaxing scrub interval from 1145 cycles to 1431 cycles
Relaxing scrub interval from 1431 cycles to 1788 cycles
Tightening scrub interval from 1788 cycles to 894 cycles
Relaxing scrub interval from 894 cycles to 1117 cycles
Relaxing scrub interval from 1117 cycles to 1396 cycles
Relaxing scrub interval from 1396 cycles to 1745 cycles
Relaxing scrub interval from 1745 cycles to 2181 cycles
Relaxing scrub interval from 2181 cycles to 2726 cycles
Relaxing scrub interval from 2726 cycles to 3407 cycles
Relaxing scrub interval from 3407 cycles to 4258 cycles
Tightening scrub interval from 4258 cycles to 2129 cycles
Tightening scrub interval from 2129 cycles to 1064 cycles
Tightening scrub interval from 1064 cycles to 532 cycles
Relaxing scrub interval from 532 cycles to 665 cycles
Relaxing scrub interval from 665 cycles to 831 cycles
Relaxing scrub interval from 831 cycles to 1038 cycles
Relaxing scrub interval from 1038 cycles to 1297 cycles
Relaxing scrub interval from 1297 cycles to 1621 cycles
Tightening scrub interval from 1621 cycles to 810 cycles
Relaxing scrub interval from 810 cycles to 1012 cycles
Relaxing scrub interval from 1012 cycles to 1265 cycles
Relaxing scrub interval from 1265 cycles to 1581 cycles
Relaxing scrub interval from 1581 cycles to 1976 cycles
Tightening scrub interval from 1976 cycles to 988 cycles
Relaxing scrub interval from 988 cycles to 1235 cycles
Relaxing scrub interval from 1235 cycles to 1543 cycles
Relaxing scrub interval from 1543 cycles to 1928 cycles
Relaxing scrub interval from 1928 cycles to 2410 cycles
Relaxing scrub interval from 2410 cycles to 3012 cycles
Relaxing scrub interval from 3012 cycles to 3765 cycles
Relaxing scrub interval from 3765 cycles to 4706 cycles
Relaxing scrub interval from 4706 cycles to 5882 cycles
Relaxing scrub interval from 5882 cycles to 7352 cycles
Tightening scrub interval from 7352 cycles to 3676 cycles
Tightening scrub interval from 3676 cycles to 1838 cycles
Relaxing scrub interval from 1838 cycles to 2297 cycles
Relaxing scrub interval from 2297 cycles to 2871 cycles
Relaxing scrub interval from 2871 cycles to 3588 cycles
Relaxing scrub interval from 3588 cycles to 4485 cycles
Tightening scrub interval from 4485 cycles to 2242 cycles
Relaxing scrub interval from 2242 cycles to 2802 cycles
Relaxing scrub interval from 2802 cycles to 3502 cycles
Relaxing scrub interval from 3502 cycles to 4377 cycles
Relaxing scrub interval from 4377 cycles to 5471 cycles
Tightening scrub interval from 5471 cycles to 2735 cycles
Relaxing scrub interval from 2735 cycles to 3418 cycles
Relaxing scrub interval from 3418 cycles to 4272 cycles
Tightening scrub interval from 4272 cycles to 2136 cycles
Relaxing scrub interval from 2136 cycles to 2670 cycles
Relaxing scrub interval from 2670 cycles to 3337 cycles
Relaxing scrub interval from 3337 cycles to 4171 cycles
Relaxing scrub interval from 4171 cycles to 5213 cycles
Tightening scrub interval from 5213 cycles to 2606 cycles
Relaxing scrub interval from 2606 cycles to 3257 cycles
Tightening scrub interval from 3257 cycles to 1628 cycles
Relaxing scrub interval from 1628 cycles to 2035 cycles
Tightening scrub interval from 2035 cycles to 1017 cycles
Relaxing scrub interval from 1017 cycles to 1271 cycles
Relaxing scrub interval from 1271 cycles to 1588 cycles
Relaxing scrub interval from 1588 cycles to 1985 cycles
Tightening scrub interval from 1985 cycles to 992 cycles
Relaxing scrub interval from 992 cycles to 1240 cycles
Relaxing scrub interval from 1240 cycles to 1550 cycles
Relaxing scrub interval from 1550 cycles to 1937 cycles
Relaxing scrub interval from 1937 cycles to 2421 cycles
Tightening scrub interval from 2421 cycles to 1210 cycles
Relaxing scrub interval from 1210 cycles to 1512 cycles
Relaxing scrub interval from 1512 cycles to 1890 cycles
Tightening scrub interval from 1890 cycles to 945 cycles
Relaxing scrub interval from 945 cycles to 1181 cycles
Relaxing scrub interval from 1181 cycles to 1476 cycles
Relaxing scrub interval from 1476 cycles to 1845 cycles
Relaxing scrub interval from 1845 cycles to 2306 cycles
Relaxing scrub interval from 2306 cycles to 2882 cycles
Relaxing scrub interval from 2882 cycles to 3602 cycles
Tightening scrub interval from 3602 cycles to 1801 cycles
Relaxing scrub interval from 1801 cycles to 2251 cycles
Tightening scrub interval from 2251 cycles to 1125 cycles
Relaxing scrub interval from 1125 cycles to 1406 cycles
Relaxing scrub interval from 1406 cycles to 1757 cycles
Relaxing scrub interval from 1757 cycles to 2196 cycles
Relaxing scrub interval from 2196 cycles to 2745 cycles
Relaxing scrub interval from 2745 cycles to 3431 cycles
Relaxing scrub interval from 3431 cycles to 4288 cycles
Relaxing scrub interval from 4288 cycles to 5360 cycles
Relaxing scrub interval from 5360 cycles to 6700 cycles
Tightening scrub interval from 6700 cycles to 3350 cycles
