warn: No dot file generated. Please install pydot to generate the dot file and pdf.
Scrubbing enabled with adaptive interval starting at 10 cycles, tightening factor 2, relax factor 1.25
src/arch/riscv/isa.cc:275: info: RVV enabled, VLEN = 256 bits, ELEN = 64 bits
src/arch/riscv/linux/se_workload.cc:60: warn: Unknown operating system; assuming Linux.
src/base/statistics.hh:279: warn: One of the stats is a legacy stat. Legacy stat is a stat that does not belong to any statistics::Group. Legacy stat is deprecated.
src/base/remote_gdb.cc:418: warn: Sockets disabled, not accepting gdb connections
src/sim/simulate.cc:199: info: Entering event queue @ 0.  Starting simulation...
Relaxing scrub interval from 10 cycles to 12 cycles
Relaxing scrub interval from 12 cycles to 15 cycles
Relaxing scrub interval from 15 cycles to 18 cycles
Relaxing scrub interval from 18 cycles to 22 cycles
Relaxing scrub interval from 22 cycles to 27 cycles
Relaxing scrub interval from 27 cycles to 33 cycles
Relaxing scrub interval from 33 cycles to 41 cycles
Relaxing scrub interval from 41 cycles to 51 cycles
Relaxing scrub interval from 51 cycles to 63 cycles
Relaxing scrub interval from 63 cycles to 78 cycles
Relaxing scrub interval from 78 cycles to 97 cycles
Relaxing scrub interval from 97 cycles to 121 cycles
Relaxing scrub interval from 121 cycles to 151 cycles
Relaxing scrub interval from 151 cycles to 188 cycles
Relaxing scrub interval from 188 cycles to 235 cycles
Relaxing scrub interval from 235 cycles to 293 cycles
Relaxing scrub interval from 293 cycles to 366 cycles
Relaxing scrub interval from 366 cycles to 457 cycles
Relaxing scrub interval from 457 cycles to 571 cycles
Relaxing scrub interval from 571 cycles to 713 cycles
Relaxing scrub interval from 713 cycles to 891 cycles
Relaxing scrub interval from 891 cycles to 1113 cycles
Relaxing scrub interval from 1113 cycles to 1391 cycles
Relaxing scrub interval from 1391 cycles to 1738 cycles
Relaxing scrub interval from 1738 cycles to 2172 cycles
Relaxing scrub interval from 2172 cycles to 2715 cycles
Relaxing scrub interval from 2715 cycles to 3393 cycles
Relaxing scrub interval from 3393 cycles to 4241 cycles
Relaxing scrub interval from 4241 cycles to 5301 cycles
Relaxing scrub interval from 5301 cycles to 6626 cycles
Relaxing scrub interval from 6626 cycles to 8282 cycles
Relaxing scrub interval from 8282 cycles to 10352 cycles
Relaxing scrub interval from 10352 cycles to 12940 cycles
Tightening scrub interval from 12940 cycles to 6470 cycles
Relaxing scrub interval from 6470 cycles to 8087 cycles
Relaxing scrub interval from 8087 cycles to 10108 cycles
Tightening scrub interval from 10108 cycles to 5054 cycles
Tightening scrub interval from 5054 cycles to 2527 cycles
Relaxing scrub interval from 2527 cycles to 3158 cycles
Relaxing scrub interval from 3158 cycles to 3947 cycles
Relaxing scrub interval from 3947 cycles to 4933 cycles
Tightening scrub interval from 4933 cycles to 2466 cycles
Relaxing scrub interval from 2466 cycles to 3082 cycles
Relaxing scrub interval from 3082 cycles to 3852 cycles
Relaxing scrub interval from 3852 cycles to 4815 cycles
Tightening scrub interval from 4815 cycles to 2407 cycles
Tightening scrub interval from 2407 cycles to 1203 cycles
Relaxing scrub interval from 1203 cycles to 1503 cycles
Tightening scrub interval from 1503 cycles to 751 cycles
Relaxing scrub interval from 751 cycles to 938 cycles
Relaxing scrub interval from 938 cycles to 1172 cycles
Relaxing scrub interval from 1172 cycles to 1465 cycles
Tightening scrub interval from 1465 cycles to 732 cycles
Relaxing scrub interval from 732 cycles to 915 cycles
Relaxing scrub interval from 915 cycles to 1143 cycles
Relaxing scrub interval from 1143 cycles to 1428 cycles
Relaxing scrub interval from 1428 cycles to 1785 cycles
Tightening scrub interval from 1785 cycles to 892 cycles
Relaxing scrub interval from 892 cycles to 1115 cycles
Relaxing scrub interval from 1115 cycles to 1393 cycles
Relaxing scrub interval from 1393 cycles to 1741 cycles
Tightening scrub interval from 1741 cycles to 870 cycles
Relaxing scrub interval from 870 cycles to 1087 cycles
Relaxing scrub interval from 1087 cycles to 1358 cycles
Relaxing scrub interval from 1358 cycles to 1697 cycles
Relaxing scrub interval from 1697 cycles to 2121 cycles
Relaxing scrub interval from 2121 cycles to 2651 cycles
Tightening scrub interval from 2651 cycles to 1325 cycles
Relaxing scrub interval from 1325 cycles to 1656 cycles
Relaxing scrub interval from 1656 cycles to 2070 cycles
Tightening scrub interval from 2070 cycles to 1035 cycles
Relaxing scrub interval from 1035 cycles to 1293 cycles
Relaxing scrub interval from 1293 cycles to 1616 cycles
Tightening scrub interval from 1616 cycles to 808 cycles
Relaxing scrub interval from 808 cycles to 1010 cycles
Relaxing scrub interval from 1010 cycles to 1262 cycles
Relaxing scrub interval from 1262 cycles to 1577 cycles
Tightening scrub interval from 1577 cycles to 788 cycles
Relaxing scrub interval from 788 cycles to 985 cycles
Relaxing scrub interval from 985 cycles to 1231 cycles
Relaxing scrub interval from 1231 cycles to 1538 cycles
Relaxing scrub interval from 1538 cycles to 1922 cycles
Relaxing scrub interval from 1922 cycles to 2402 cycles
Relaxing scrub interval from 2402 cycles to 3002 cycles
Tightening scrub interval from 3002 cycles to 1501 cycles
Relaxing scrub interval from 1501 cycles to 1876 cycles
Relaxing scrub interval from 1876 cycles to 2345 cycles
Relaxing scrub interval from 2345 cycles to 2931 cycles
Relaxing scrub interval from 2931 cycles to 3663 cycles
Relaxing scrub interval from 3663 cycles to 4578 cycles
Relaxing scrub interval from 4578 cycles to 5722 cycles
Tightening scrub interval from 5722 cycles to 2861 cycles
Relaxing scrub interval from 2861 cycles to 3576 cycles
Tightening scrub interval from 3576 cycles to 1788 cycles
Relaxing scrub interval from 1788 cycles to 2235 cycles
Relaxing scrub interval from 2235 cycles to 2793 cycles
Tightening scrub interval from 2793 cycles to 1396 cycles
Relaxing scrub interval from 1396 cycles to 1745 cycles
Tightening scrub interval from 1745 cycles to 872 cycles
Relaxing scrub interval from 872 cycles to 1090 cycles
Relaxing scrub interval from 1090 cycles to 1362 cycles
Relaxing scrub interval from 1362 cycles to 1702 cycles
Relaxing scrub interval from 1702 cycles to 2127 cycles
Relaxing scrub interval from 2127 cycles to 2658 cycles
Tightening scrub interval from 2658 cycles to 1329 cycles
Relaxing scrub interval from 1329 cycles to 1661 cycles
Tightening scrub interval from 1661 cycles to 830 cycles
Relaxing scrub interval from 830 cycles to 1037 cycles
Relaxing scrub interval from 1037 cycles to 1296 cycles
Tightening scrub interval from 1296 cycles to 648 cycles
Relaxing scrub interval from 648 cycles to 810 cycles
Relaxing scrub interval from 810 cycles to 1012 cycles
Tightening scrub interval from 1012 cycles to 506 cycles
Relaxing scrub interval from 506 cycles to 632 cycles
Relaxing scrub interval from 632 cycles to 790 cycles
Relaxing scrub interval from 790 cycles to 987 cycles
Relaxing scrub interval from 987 cycles to 1233 cycles
Tightening scrub interval from 1233 cycles to 616 cycles
Relaxing scrub interval from 616 cycles to 770 cycles
Relaxing scrub interval from 770 cycles to 962 cycles
Relaxing scrub interval from 962 cycles to 1202 cycles
Tightening scrub interval from 1202 cycles to 601 cycles
Relaxing scrub interval from 601 cycles to 751 cycles
Relaxing scrub interval from 751 cycles to 938 cycles
Relaxing scrub interval from 938 cycles to 1172 cycles
Relaxing scrub interval from 1172 cycles to 1465 cycles
Relaxing scrub interval from 1465 cycles to 1831 cycles
Relaxing scrub interval from 1831 cycles to 2288 cycles
Tightening scrub interval from 2288 cycles to 1144 cycles
Relaxing scrub interval from 1144 cycles to 1430 cycles
Tightening scrub interval from 1430 cycles to 715 cycles
Relaxing scrub interval from 715 cycles to 893 cycles
Relaxing scrub interval from 893 cycles to 1116 cycles
Relaxing scrub interval from 1116 cycles to 1395 cycles
Relaxing scrub interval from 1395 cycles to 1743 cycles
Relaxing scrub interval from 1743 cycles to 2178 cycles
Tightening scrub interval from 2178 cycles to 1089 cycles
Tightening scrub interval from 1089 cycles to 544 cycles
Relaxing scrub interval from 544 cycles to 680 cycles
Relaxing scrub interval from 680 cycles to 850 cycles
Relaxing scrub interval from 850 cycles to 1062 cycles
Relaxing scrub interval from 1062 cycles to 1327 cycles
Relaxing scrub interval from 1327 cycles to 1658 cycles
Tightening scrub interval from 1658 cycles to 829 cycles
Relaxing scrub interval from 829 cycles to 1036 cycles
Relaxing scrub interval from 1036 cycles to 1295 cycles
Relaxing scrub interval from 1295 cycles to 1618 cycles
Relaxing scrub interval from 1618 cycles to 2022 cycles
Relaxing scrub interval from 2022 cycles to 2527 cycles
Relaxing scrub interval from 2527 cycles to 3158 cycles
Relaxing scrub interval from 3158 cycles to 3947 cycles
Relaxing scrub interval from 3947 cycles to 4933 cycles
Relaxing scrub interval from 4933 cycles to 6166 cycles
Relaxing scrub interval from 6166 cycles to 7707 cycles
Relaxing scrub interval from 7707 cycles to 9633 cycles
Tightening scrub interval from 9633 cycles to 4816 cycles
Relaxing scrub interval from 4816 cycles to 6020 cycles
Tightening scrub interval from 6020 cycles to 3010 cycles
Relaxing scrub interval from 3010 cycles to 3762 cycles
Relaxing scrub interval from 3762 cycles to 4702 cycles
Relaxing scrub interval from 4702 cycles to 5877 cycles
Tightening scrub interval from 5877 cycles to 2938 cycles
Relaxing scrub interval from 2938 cycles to 3672 cycles
