warn: No dot file generated. Please install pydot to generate the dot file and pdf.
Scrubbing enabled with adaptive interval starting at 10 cycles, tightening factor 2, relax factor 1.25
src/arch/riscv/isa.cc:275: info: RVV enabled, VLEN = 256 bits, ELEN = 64 bits
src/arch/riscv/linux/se_workload.cc:60: warn: Unknown operating system; assuming Linux.
src/base/statistics.hh:279: warn: One of the stats is a legacy stat. Legacy stat is a stat that does not belong to any statistics::Group. Legacy stat is deprecated.
src/base/remote_gdb.cc:418: warn: Sockets disabled, not accepting gdb connections
src/sim/simulate.cc:199: info: Entering event queue @ 0.  Starting simulation...
Relaxing scrub interval from 10 cycles to 12 cycles
Relaxing scrub interval from 12 cycles to 15 cycles
Relaxing scrub interval from 15 cycles to 18 cycles
Relaxing scrub interval from 18 cycles to 22 cycles
Relaxing scrub interval from 22 cycles to 27 cycles
Relaxing scrub interval from 27 cycles to 33 cycles
Relaxing scrub interval from 33 cycles to 41 cycles
Relaxing scrub interval from 41 cycles to 51 cycles
Relaxing scrub interval from 51 cycles to 63 cycles
Relaxing scrub interval from 63 cycles to 78 cycles
Relaxing scrub interval from 78 cycles to 97 cycles
Relaxing scrub interval from 97 cycles to 121 cycles
Relaxing scrub interval from 121 cycles to 151 cycles
Relaxing scrub interval from 151 cycles to 188 cycles
Relaxing scrub interval from 188 cycles to 235 cycles
Relaxing scrub interval from 235 cycles to 293 cycles
Relaxing scrub interval from 293 cycles to 366 cycles
Relaxing scrub interval from 366 cycles to 457 cycles
Relaxing scrub interval from 457 cycles to 571 cycles
Relaxing scrub interval from 571 cycles to 713 cycles
Relaxing scrub interval from 713 cycles to 891 cycles
Relaxing scrub interval from 891 cycles to 1113 cycles
Relaxing scrub interval from 1113 cycles to 1391 cycles
Relaxing scrub interval from 1391 cycles to 1738 cycles
Relaxing scrub interval from 1738 cycles to 2172 cycles
Relaxing scrub interval from 2172 cycles to 2715 cycles
Relaxing scrub interval from 2715 cycles to 3393 cycles
Relaxing scrub interval from 3393 cycles to 4241 cycles
Relaxing scrub interval from 4241 cycles to 5301 cycles
Relaxing scrub interval from 5301 cycles to 6626 cycles
Relaxing scrub interval from 6626 cycles to 8282 cycles
Relaxing scrub interval from 8282 cycles to 10352 cycles
Relaxing scrub interval from 10352 cycles to 12940 cycles
Tightening scrub interval from 12940 cycles to 6470 cycles
Relaxing scrub interval from 6470 cycles to 8087 cycles
Tightening scrub interval from 8087 cycles to 4043 cycles
Relaxing scrub interval from 4043 cycles to 5053 cycles
Tightening scrub interval from 5053 cycles to 2526 cycles
Relaxing scrub interval from 2526 cycles to 3157 cycles
Relaxing scrub interval from 3157 cycles to 3946 cycles
Tightening scrub interval from 3946 cycles to 1973 cycles
Relaxing scrub interval from 1973 cycles to 2466 cycles
Tightening scrub interval from 2466 cycles to 1233 cycles
Relaxing scrub interval from 1233 cycles to 1541 cycles
Relaxing scrub interval from 1541 cycles to 1926 cycles
Relaxing scrub interval from 1926 cycles to 2407 cycles
Relaxing scrub interval from 2407 cycles to 3008 cycles
Relaxing scrub interval from 3008 cycles to 3760 cycles
Relaxing scrub interval from 3760 cycles to 4700 cycles
Tightening scrub interval from 4700 cycles to 2350 cycles
Relaxing scrub interval from 2350 cycles to 2937 cycles
Relaxing scrub interval from 2937 cycles to 3671 cycles
Relaxing scrub interval from 3671 cycles to 4588 cycles
Tightening scrub interval from 4588 cycles to 2294 cycles
Relaxing scrub interval from 2294 cycles to 2867 cycles
Relaxing scrub interval from 2867 cycles to 3583 cycles
Tightening scrub interval from 3583 cycles to 1791 cycles
Relaxing scrub interval from 1791 cycles to 2238 cycles
Relaxing scrub interval from 2238 cycles to 2797 cycles
Relaxing scrub interval from 2797 cycles to 3496 cycles
Relaxing scrub interval from 3496 cycles to 4370 cycles
Relaxing scrub interval from 4370 cycles to 5462 cycles
Tightening scrub interval from 5462 cycles to 2731 cycles
Relaxing scrub interval from 2731 cycles to 3413 cycles
Tightening scrub interval from 3413 cycles to 1706 cycles
Relaxing scrub interval from 1706 cycles to 2132 cycles
Relaxing scrub interval from 2132 cycles to 2665 cycles
Relaxing scrub interval from 2665 cycles to 3331 cycles
Relaxing scrub interval from 3331 cycles to 4163 cycles
Tightening scrub interval from 4163 cycles to 2081 cycles
Relaxing scrub interval from 2081 cycles to 2601 cycles
Tightening scrub interval from 2601 cycles to 1300 cycles
Tightening scrub interval from 1300 cycles to 650 cycles
Relaxing scrub interval from 650 cycles to 812 cycles
Relaxing scrub interval from 812 cycles to 1015 cycles
Relaxing scrub interval from 1015 cycles to 1268 cycles
Relaxing scrub interval from 1268 cycles to 1585 cycles
Relaxing scrub interval from 1585 cycles to 1981 cycles
Relaxing scrub interval from 1981 cycles to 2476 cycles
Relaxing scrub interval from 2476 cycles to 3095 cycles
Relaxing scrub interval from 3095 cycles to 3868 cycles
Relaxing scrub interval from 3868 cycles to 4835 cycles
Relaxing scrub interval from 4835 cycles to 6043 cycles
Relaxing scrub interval from 6043 cycles to 7553 cycles
Tightening scrub interval from 7553 cycles to 3776 cycles
Relaxing scrub interval from 3776 cycles to 4720 cycles
Relaxing scrub interval from 4720 cycles to 5900 cycles
Tightening scrub interval from 5900 cycles to 2950 cycles
Tightening scrub interval from 2950 cycles to 1475 cycles
Relaxing scrub interval from 1475 cycles to 1843 cycles
Relaxing scrub interval from 1843 cycles to 2303 cycles
Relaxing scrub interval from 2303 cycles to 2878 cycles
Relaxing scrub interval from 2878 cycles to 3597 cycles
Tightening scrub interval from 3597 cycles to 1798 cycles
Relaxing scrub interval from 1798 cycles to 2247 cycles
Relaxing scrub interval from 2247 cycles to 2808 cycles
Tightening scrub interval from 2808 cycles to 1404 cycles
Relaxing scrub interval from 1404 cycles to 1755 cycles
Relaxing scrub interval from 1755 cycles to 2193 cycles
Relaxing scrub interval from 2193 cycles to 2741 cycles
Relaxing scrub interval from 2741 cycles to 3426 cycles
Tightening scrub interval from 3426 cycles to 1713 cycles
Relaxing scrub interval from 1713 cycles to 2141 cycles
Relaxing scrub interval from 2141 cycles to 2676 cycles
Relaxing scrub interval from 2676 cycles to 3345 cycles
Relaxing scrub interval from 3345 cycles to 4181 cycles
Relaxing scrub interval from 4181 cycles to 5226 cycles
Tightening scrub interval from 5226 cycles to 2613 cycles
Tightening scrub interval from 2613 cycles to 1306 cycles
Relaxing scrub interval from 1306 cycles to 1632 cycles
Relaxing scrub interval from 1632 cycles to 2040 cycles
Tightening scrub interval from 2040 cycles to 1020 cycles
Relaxing scrub interval from 1020 cycles to 1275 cycles
Relaxing scrub interval from 1275 cycles to 1593 cycles
Relaxing scrub interval from 1593 cycles to 1991 cycles
Relaxing scrub interval from 1991 cycles to 2488 cycles
Tightening scrub interval from 2488 cycles to 1244 cycles
Relaxing scrub interval from 1244 cycles to 1555 cycles
Relaxing scrub interval from 1555 cycles to 1943 cycles
Relaxing scrub interval from 1943 cycles to 2428 cycles
Relaxing scrub interval from 2428 cycles to 3035 cycles
Relaxing scrub interval from 3035 cycles to 3793 cycles
Relaxing scrub interval from 3793 cycles to 4741 cycles
Tightening scrub interval from 4741 cycles to 2370 cycles
Relaxing scrub interval from 2370 cycles to 2962 cycles
Relaxing scrub interval from 2962 cycles to 3702 cycles
Tightening scrub interval from 3702 cycles to 1851 cycles
Relaxing scrub interval from 1851 cycles to 2313 cycles
Relaxing scrub interval from 2313 cycles to 2891 cycles
Relaxing scrub interval from 2891 cycles to 3613 cycles
Relaxing scrub interval from 3613 cycles to 4516 cycles
