warn: No dot file generated. Please install pydot to generate the dot file and pdf.
Scrubbing enabled with adaptive interval starting at 10 cycles, tightening factor 2, relax factor 1.25
src/arch/riscv/isa.cc:275: info: RVV enabled, VLEN = 256 bits, ELEN = 64 bits
src/arch/riscv/linux/se_workload.cc:60: warn: Unknown operating system; assuming Linux.
src/base/statistics.hh:279: warn: One of the stats is a legacy stat. Legacy stat is a stat that does not belong to any statistics::Group. Legacy stat is deprecated.
src/base/remote_gdb.cc:418: warn: Sockets disabled, not accepting gdb connections
src/sim/simulate.cc:199: info: Entering event queue @ 0.  Starting simulation...
Relaxing scrub interval from 10 cycles to 12 cycles
Relaxing scrub interval from 12 cycles to 15 cycles
Relaxing scrub interval from 15 cycles to 18 cycles
Relaxing scrub interval from 18 cycles to 22 cycles
Relaxing scrub interval from 22 cycles to 27 cycles
Relaxing scrub interval from 27 cycles to 33 cycles
Relaxing scrub interval from 33 cycles to 41 cycles
Relaxing scrub interval from 41 cycles to 51 cycles
Relaxing scrub interval from 51 cycles to 63 cycles
Relaxing scrub interval from 63 cycles to 78 cycles
Relaxing scrub interval from 78 cycles to 97 cycles
Relaxing scrub interval from 97 cycles to 121 cycles
Relaxing scrub interval from 121 cycles to 151 cycles
Relaxing scrub interval from 151 cycles to 188 cycles
Relaxing scrub interval from 188 cycles to 235 cycles
Relaxing scrub interval from 235 cycles to 293 cycles
Relaxing scrub interval from 293 cycles to 366 cycles
Relaxing scrub interval from 366 cycles to 457 cycles
Relaxing scrub interval from 457 cycles to 571 cycles
Relaxing scrub interval from 571 cycles to 713 cycles
Relaxing scrub interval from 713 cycles to 891 cycles
Relaxing scrub interval from 891 cycles to 1113 cycles
Relaxing scrub interval from 1113 cycles to 1391 cycles
Relaxing scrub interval from 1391 cycles to 1738 cycles
Relaxing scrub interval from 1738 cycles to 2172 cycles
Relaxing scrub interval from 2172 cycles to 2715 cycles
Relaxing scrub interval from 2715 cycles to 3393 cycles
Relaxing scrub interval from 3393 cycles to 4241 cycles
Relaxing scrub interval from 4241 cycles to 5301 cycles
Relaxing scrub interval from 5301 cycles to 6626 cycles
Relaxing scrub interval from 6626 cycles to 8282 cycles
Relaxing scrub interval from 8282 cycles to 10352 cycles
Relaxing scrub interval from 10352 cycles to 12940 cycles
Tightening scrub interval from 12940 cycles to 6470 cycles
Tightening scrub interval from 6470 cycles to 3235 cycles
Tightening scrub interval from 3235 cycles to 1617 cycles
Relaxing scrub interval from 1617 cycles to 2021 cycles
Relaxing scrub interval from 2021 cycles to 2526 cycles
Relaxing scrub interval from 2526 cycles to 3157 cycles
Relaxing scrub interval from 3157 cycles to 3946 cycles
Relaxing scrub interval from 3946 cycles to 4932 cycles
Tightening scrub interval from 4932 cycles to 2466 cycles
Relaxing scrub interval from 2466 cycles to 3082 cycles
Relaxing scrub interval from 3082 cycles to 3852 cycles
Tightening scrub interval from 3852 cycles to 1926 cycles
Relaxing scrub interval from 1926 cycles to 2407 cycles
Relaxing scrub interval from 2407 cycles to 3008 cycles
Relaxing scrub interval from 3008 cycles to 3760 cycles
Relaxing scrub interval from 3760 cycles to 4700 cycles
Relaxing scrub interval from 4700 cycles to 5875 cycles
Relaxing scrub interval from 5875 cycles to 7343 cycles
Relaxing scrub interval from 7343 cycles to 9178 cycles
Tightening scrub interval from 9178 cycles to 4589 cycles
Relaxing scrub interval from 4589 cycles to 5736 cycles
Relaxing scrub interval from 5736 cycles to 7170 cycles
Tightening scrub interval from 7170 cycles to 3585 cycles
Tightening scrub interval from 3585 cycles to 1792 cycles
Relaxing scrub interval from 1792 cycles to 2240 cycles
Relaxing scrub interval from 2240 cycles to 2800 cycles
Relaxing scrub interval from 2800 cycles to 3500 cycles
Relaxing scrub interval from 3500 cycles to 4375 cycles
Relaxing scrub interval from 4375 cycles to 5468 cycles
Relaxing scrub interval from 5468 cycles to 6835 cycles
Tightening scrub interval from 6835 cycles to 3417 cycles
Relaxing scrub interval from 3417 cycles to 4271 cycles
Tightening scrub interval from 4271 cycles to 2135 cycles
Relaxing scrub interval from 2135 cycles to 2668 cycles
Relaxing scrub interval from 2668 cycles to 3335 cycles
Relaxing scrub interval from 3335 cycles to 4168 cycles
Relaxing scrub interval from 4168 cycles to 5210 cycles
Relaxing scrub interval from 5210 cycles to 6512 cycles
Relaxing scrub interval from 6512 cycles to 8140 cycles
Tightening scrub interval from 8140 cycles to 4070 cycles
Relaxing scrub interval from 4070 cycles to 5087 cycles
Relaxing scrub interval from 5087 cycles to 6358 cycles
Relaxing scrub interval from 6358 cycles to 7947 cycles
Relaxing scrub interval from 7947 cycles to 9933 cycles
Tightening scrub interval from 9933 cycles to 4966 cycles
Tightening scrub interval from 4966 cycles to 2483 cycles
Relaxing scrub interval from 2483 cycles to 3103 cycles
Relaxing scrub interval from 3103 cycles to 3878 cycles
Relaxing scrub interval from 3878 cycles to 4847 cycles
Relaxing scrub interval from 4847 cycles to 6058 cycles
Tightening scrub interval from 6058 cycles to 3029 cycles
Relaxing scrub interval from 3029 cycles to 3786 cycles
Relaxing scrub interval from 3786 cycles to 4732 cycles
Relaxing scrub interval from 4732 cycles to 5915 cycles
Relaxing scrub interval from 5915 cycles to 7393 cycles
Tightening scrub interval from 7393 cycles to 3696 cycles
Relaxing scrub interval from 3696 cycles to 4620 cycles
Relaxing scrub interval from 4620 cycles to 5775 cycles
Tightening scrub interval from 5775 cycles to 2887 cycles
Relaxing scrub interval from 2887 cycles to 3608 cycles
Tightening scrub interval from 3608 cycles to 1804 cycles
Relaxing scrub interval from 1804 cycles to 2255 cycles
Relaxing scrub interval from 2255 cycles to 2818 cycles
Relaxing scrub interval from 2818 cycles to 3522 cycles
Relaxing scrub interval from 3522 cycles to 4402 cycles
Tightening scrub interval from 4402 cycles to 2201 cycles
