warn: No dot file generated. Please install pydot to generate the dot file and pdf.
Scrubbing enabled with adaptive interval starting at 10 cycles, tightening factor 2, relax factor 1.25
src/arch/riscv/isa.cc:275: info: RVV enabled, VLEN = 256 bits, ELEN = 64 bits
src/arch/riscv/linux/se_workload.cc:60: warn: Unknown operating system; assuming Linux.
src/base/statistics.hh:279: warn: One of the stats is a legacy stat. Legacy stat is a stat that does not belong to any statistics::Group. Legacy stat is deprecated.
src/base/remote_gdb.cc:418: warn: Sockets disabled, not accepting gdb connections
src/sim/simulate.cc:199: info: Entering event queue @ 0.  Starting simulation...
Relaxing scrub interval from 10 cycles to 12 cycles
Relaxing scrub interval from 12 cycles to 15 cycles
Relaxing scrub interval from 15 cycles to 18 cycles
Relaxing scrub interval from 18 cycles to 22 cycles
Relaxing scrub interval from 22 cycles to 27 cycles
Relaxing scrub interval from 27 cycles to 33 cycles
Relaxing scrub interval from 33 cycles to 41 cycles
Relaxing scrub interval from 41 cycles to 51 cycles
Relaxing scrub interval from 51 cycles to 63 cycles
Relaxing scrub interval from 63 cycles to 78 cycles
Relaxing scrub interval from 78 cycles to 97 cycles
Relaxing scrub interval from 97 cycles to 121 cycles
Relaxing scrub interval from 121 cycles to 151 cycles
Relaxing scrub interval from 151 cycles to 188 cycles
Relaxing scrub interval from 188 cycles to 235 cycles
Relaxing scrub interval from 235 cycles to 293 cycles
Relaxing scrub interval from 293 cycles to 366 cycles
Relaxing scrub interval from 366 cycles to 457 cycles
Relaxing scrub interval from 457 cycles to 571 cycles
Relaxing scrub interval from 571 cycles to 713 cycles
Relaxing scrub interval from 713 cycles to 891 cycles
Relaxing scrub interval from 891 cycles to 1113 cycles
Relaxing scrub interval from 1113 cycles to 1391 cycles
Relaxing scrub interval from 1391 cycles to 1738 cycles
Relaxing scrub interval from 1738 cycles to 2172 cycles
Relaxing scrub interval from 2172 cycles to 2715 cycles
Relaxing scrub interval from 2715 cycles to 3393 cycles
Relaxing scrub interval from 3393 cycles to 4241 cycles
Relaxing scrub interval from 4241 cycles to 5301 cycles
Relaxing scrub interval from 5301 cycles to 6626 cycles
Relaxing scrub interval from 6626 cycles to 8282 cycles
Relaxing scrub interval from 8282 cycles to 10352 cycles
Relaxing scrub interval from 10352 cycles to 12940 cycles
Tightening scrub interval from 12940 cycles to 6470 cycles
Tightening scrub interval from 6470 cycles to 3235 cycles
Tightening scrub interval from 3235 cycles to 1617 cycles
Relaxing scrub interval from 1617 cycles to 2021 cycles
Relaxing scrub interval from 2021 cycles to 2526 cycles
Relaxing scrub interval from 2526 cycles to 3157 cycles
Relaxing scrub interval from 3157 cycles to 3946 cycles
Relaxing scrub interval from 3946 cycles to 4932 cycles
Tightening scrub interval from 4932 cycles to 2466 cycles
Relaxing scrub interval from 2466 cycles to 3082 cycles
Relaxing scrub interval from 3082 cycles to 3852 cycles
Relaxing scrub interval from 3852 cycles to 4815 cycles
Relaxing scrub interval from 4815 cycles to 6018 cycles
Tightening scrub interval from 6018 cycles to 3009 cycles
Relaxing scrub interval from 3009 cycles to 3761 cycles
Tightening scrub interval from 3761 cycles to 1880 cycles
Relaxing scrub interval from 1880 cycles to 2350 cycles
Relaxing scrub interval from 2350 cycles to 2937 cycles
Relaxing scrub interval from 2937 cycles to 3671 cycles
Tightening scrub interval from 3671 cycles to 1835 cycles
Relaxing scrub interval from 1835 cycles to 2293 cycles
Tightening scrub interval from 2293 cycles to 1146 cycles
Tightening scrub interval from 1146 cycles to 573 cycles
Relaxing scrub interval from 573 cycles to 716 cycles
Relaxing scrub interval from 716 cycles to 895 cycles
Relaxing scrub interval from 895 cycles to 1118 cycles
Relaxing scrub interval from 1118 cycles to 1397 cycles
Relaxing scrub interval from 1397 cycles to 1746 cycles
Tightening scrub interval from 1746 cycles to 873 cycles
Relaxing scrub interval from 873 cycles to 1091 cycles
Relaxing scrub interval from 1091 cycles to 1363 cycles
Relaxing scrub interval from 1363 cycles to 1703 cycles
Relaxing scrub interval from 1703 cycles to 2128 cycles
Relaxing scrub interval from 2128 cycles to 2660 cycles
Relaxing scrub interval from 2660 cycles to 3325 cycles
Relaxing scrub interval from 3325 cycles to 4156 cycles
Tightening scrub interval from 4156 cycles to 2078 cycles
Relaxing scrub interval from 2078 cycles to 2597 cycles
Relaxing scrub interval from 2597 cycles to 3246 cycles
Relaxing scrub interval from 3246 cycles to 4057 cycles
Relaxing scrub interval from 4057 cycles to 5071 cycles
Relaxing scrub interval from 5071 cycles to 6338 cycles
Tightening scrub interval from 6338 cycles to 3169 cycles
Relaxing scrub interval from 3169 cycles to 3961 cycles
Relaxing scrub interval from 3961 cycles to 4951 cycles
Relaxing scrub interval from 4951 cycles to 6188 cycles
Relaxing scrub interval from 6188 cycles to 7735 cycles
Tightening scrub interval from 7735 cycles to 3867 cycles
Relaxing scrub interval from 3867 cycles to 4833 cycles
Tightening scrub interval from 4833 cycles to 2416 cycles
Tightening scrub interval from 2416 cycles to 1208 cycles
Relaxing scrub interval from 1208 cycles to 1510 cycles
Relaxing scrub interval from 1510 cycles to 1887 cycles
Relaxing scrub interval from 1887 cycles to 2358 cycles
Tightening scrub interval from 2358 cycles to 1179 cycles
Relaxing scrub interval from 1179 cycles to 1473 cycles
Tightening scrub interval from 1473 cycles to 736 cycles
Relaxing scrub interval from 736 cycles to 920 cycles
Relaxing scrub interval from 920 cycles to 1150 cycles
Relaxing scrub interval from 1150 cycles to 1437 cycles
Relaxing scrub interval from 1437 cycles to 1796 cycles
Relaxing scrub interval from 1796 cycles to 2245 cycles
Relaxing scrub interval from 2245 cycles to 2806 cycles
Relaxing scrub interval from 2806 cycles to 3507 cycles
Tightening scrub interval from 3507 cycles to 1753 cycles
Relaxing scrub interval from 1753 cycles to 2191 cycles
Relaxing scrub interval from 2191 cycles to 2738 cycles
Relaxing scrub interval from 2738 cycles to 3422 cycles
Tightening scrub interval from 3422 cycles to 1711 cycles
Relaxing scrub interval from 1711 cycles to 2138 cycles
Relaxing scrub interval from 2138 cycles to 2672 cycles
Relaxing scrub interval from 2672 cycles to 3340 cycles
Tightening scrub interval from 3340 cycles to 1670 cycles
Relaxing scrub interval from 1670 cycles to 2087 cycles
Relaxing scrub interval from 2087 cycles to 2608 cycles
Relaxing scrub interval from 2608 cycles to 3260 cycles
Relaxing scrub interval from 3260 cycles to 4075 cycles
Relaxing scrub interval from 4075 cycles to 5093 cycles
Tightening scrub interval from 5093 cycles to 2546 cycles
Tightening scrub interval from 2546 cycles to 1273 cycles
Relaxing scrub interval from 1273 cycles to 1591 cycles
Relaxing scrub interval from 1591 cycles to 1988 cycles
Relaxing scrub interval from 1988 cycles to 2485 cycles
Relaxing scrub interval from 2485 cycles to 3106 cycles
Relaxing scrub interval from 3106 cycles to 3882 cycles
Relaxing scrub interval from 3882 cycles to 4852 cycles
Tightening scrub interval from 4852 cycles to 2426 cycles
Tightening scrub interval from 2426 cycles to 1213 cycles
Relaxing scrub interval from 1213 cycles to 1516 cycles
Relaxing scrub interval from 1516 cycles to 1895 cycles
Relaxing scrub interval from 1895 cycles to 2368 cycles
Relaxing scrub interval from 2368 cycles to 2960 cycles
Relaxing scrub interval from 2960 cycles to 3700 cycles
Tightening scrub interval from 3700 cycles to 1850 cycles
Relaxing scrub interval from 1850 cycles to 2312 cycles
Relaxing scrub interval from 2312 cycles to 2890 cycles
Tightening scrub interval from 2890 cycles to 1445 cycles
Relaxing scrub interval from 1445 cycles to 1806 cycles
Relaxing scrub interval from 1806 cycles to 2257 cycles
Relaxing scrub interval from 2257 cycles to 2821 cycles
Relaxing scrub interval from 2821 cycles to 3526 cycles
Relaxing scrub interval from 3526 cycles to 4407 cycles
Relaxing scrub interval from 4407 cycles to 5508 cycles
