warn: No dot file generated. Please install pydot to generate the dot file and pdf.
Scrubbing enabled with adaptive interval starting at 10 cycles, tightening factor 2, relax factor 1.25
src/arch/riscv/isa.cc:275: info: RVV enabled, VLEN = 256 bits, ELEN = 64 bits
src/arch/riscv/linux/se_workload.cc:60: warn: Unknown operating system; assuming Linux.
src/base/statistics.hh:279: warn: One of the stats is a legacy stat. Legacy stat is a stat that does not belong to any statistics::Group. Legacy stat is deprecated.
src/base/remote_gdb.cc:418: warn: Sockets disabled, not accepting gdb connections
src/sim/simulate.cc:199: info: Entering event queue @ 0.  Starting simulation...
Relaxing scrub interval from 10 cycles to 12 cycles
Relaxing scrub interval from 12 cycles to 15 cycles
Relaxing scrub interval from 15 cycles to 18 cycles
Relaxing scrub interval from 18 cycles to 22 cycles
Relaxing scrub interval from 22 cycles to 27 cycles
Relaxing scrub interval from 27 cycles to 33 cycles
Relaxing scrub interval from 33 cycles to 41 cycles
Relaxing scrub interval from 41 cycles to 51 cycles
Relaxing scrub interval from 51 cycles to 63 cycles
Relaxing scrub interval from 63 cycles to 78 cycles
Relaxing scrub interval from 78 cycles to 97 cycles
Relaxing scrub interval from 97 cycles to 121 cycles
Relaxing scrub interval from 121 cycles to 151 cycles
Relaxing scrub interval from 151 cycles to 188 cycles
Relaxing scrub interval from 188 cycles to 235 cycles
Relaxing scrub interval from 235 cycles to 293 cycles
Relaxing scrub interval from 293 cycles to 366 cycles
Relaxing scrub interval from 366 cycles to 457 cycles
Relaxing scrub interval from 457 cycles to 571 cycles
Relaxing scrub interval from 571 cycles to 713 cycles
Relaxing scrub interval from 713 cycles to 891 cycles
Relaxing scrub interval from 891 cycles to 1113 cycles
Relaxing scrub interval from 1113 cycles to 1391 cycles
Relaxing scrub interval from 1391 cycles to 1738 cycles
Relaxing scrub interval from 1738 cycles to 2172 cycles
Relaxing scrub interval from 2172 cycles to 2715 cycles
Relaxing scrub interval from 2715 cycles to 3393 cycles
Relaxing scrub interval from 3393 cycles to 4241 cycles
Relaxing scrub interval from 4241 cycles to 5301 cycles
Relaxing scrub interval from 5301 cycles to 6626 cycles
Relaxing scrub interval from 6626 cycles to 8282 cycles
Relaxing scrub interval from 8282 cycles to 10352 cycles
Relaxing scrub interval from 10352 cycles to 12940 cycles
Tightening scrub interval from 12940 cycles to 6470 cycles
Tightening scrub interval from 6470 cycles to 3235 cycles
Relaxing scrub interval from 3235 cycles to 4043 cycles
Relaxing scrub interval from 4043 cycles to 5053 cycles
Relaxing scrub interval from 5053 cycles to 6316 cycles
Tightening scrub interval from 6316 cycles to 3158 cycles
Relaxing scrub interval from 3158 cycles to 3947 cycles
Relaxing scrub interval from 3947 cycles to 4933 cycles
Tightening scrub interval from 4933 cycles to 2466 cycles
Relaxing scrub interval from 2466 cycles to 3082 cycles
Relaxing scrub interval from 3082 cycles to 3852 cycles
Tightening scrub interval from 3852 cycles to 1926 cycles
Relaxing scrub interval from 1926 cycles to 2407 cycles
Relaxing scrub interval from 2407 cycles to 3008 cycles
Relaxing scrub interval from 3008 cycles to 3760 cycles
Relaxing scrub interval from 3760 cycles to 4700 cycles
Relaxing scrub interval from 4700 cycles to 5875 cycles
Relaxing scrub interval from 5875 cycles to 7343 cycles
Tightening scrub interval from 7343 cycles to 3671 cycles
Tightening scrub interval from 3671 cycles to 1835 cycles
Relaxing scrub interval from 1835 cycles to 2293 cycles
Relaxing scrub interval from 2293 cycles to 2866 cycles
Tightening scrub interval from 2866 cycles to 1433 cycles
Relaxing scrub interval from 1433 cycles to 1791 cycles
Relaxing scrub interval from 1791 cycles to 2238 cycles
Relaxing scrub interval from 2238 cycles to 2797 cycles
Relaxing scrub interval from 2797 cycles to 3496 cycles
Tightening scrub interval from 3496 cycles to 1748 cycles
Relaxing scrub interval from 1748 cycles to 2185 cycles
Tightening scrub interval from 2185 cycles to 1092 cycles
Relaxing scrub interval from 1092 cycles to 1365 cycles
Relaxing scrub interval from 1365 cycles to 1706 cycles
Tightening scrub interval from 1706 cycles to 853 cycles
Relaxing scrub interval from 853 cycles to 1066 cycles
Relaxing scrub interval from 1066 cycles to 1332 cycles
Relaxing scrub interval from 1332 cycles to 1665 cycles
Relaxing scrub interval from 1665 cycles to 2081 cycles
Relaxing scrub interval from 2081 cycles to 2601 cycles
Tightening scrub interval from 2601 cycles to 1300 cycles
Relaxing scrub interval from 1300 cycles to 1625 cycles
Relaxing scrub interval from 1625 cycles to 2031 cycles
Relaxing scrub interval from 2031 cycles to 2538 cycles
Relaxing scrub interval from 2538 cycles to 3172 cycles
Relaxing scrub interval from 3172 cycles to 3965 cycles
Tightening scrub interval from 3965 cycles to 1982 cycles
Relaxing scrub interval from 1982 cycles to 2477 cycles
Relaxing scrub interval from 2477 cycles to 3096 cycles
Relaxing scrub interval from 3096 cycles to 3870 cycles
Relaxing scrub interval from 3870 cycles to 4837 cycles
Tightening scrub interval from 4837 cycles to 2418 cycles
Tightening scrub interval from 2418 cycles to 1209 cycles
Relaxing scrub interval from 1209 cycles to 1511 cycles
Relaxing scrub interval from 1511 cycles to 1888 cycles
Tightening scrub interval from 1888 cycles to 944 cycles
Relaxing scrub interval from 944 cycles to 1180 cycles
Relaxing scrub interval from 1180 cycles to 1475 cycles
Relaxing scrub interval from 1475 cycles to 1843 cycles
Relaxing scrub interval from 1843 cycles to 2303 cycles
Relaxing scrub interval from 2303 cycles to 2878 cycles
Relaxing scrub interval from 2878 cycles to 3597 cycles
Relaxing scrub interval from 3597 cycles to 4496 cycles
Tightening scrub interval from 4496 cycles to 2248 cycles
Tightening scrub interval from 2248 cycles to 1124 cycles
Relaxing scrub interval from 1124 cycles to 1405 cycles
Relaxing scrub interval from 1405 cycles to 1756 cycles
Relaxing scrub interval from 1756 cycles to 2195 cycles
Relaxing scrub interval from 2195 cycles to 2743 cycles
Relaxing scrub interval from 2743 cycles to 3428 cycles
Tightening scrub interval from 3428 cycles to 1714 cycles
Relaxing scrub interval from 1714 cycles to 2142 cycles
Relaxing scrub interval from 2142 cycles to 2677 cycles
Relaxing scrub interval from 2677 cycles to 3346 cycles
Relaxing scrub interval from 3346 cycles to 4182 cycles
Relaxing scrub interval from 4182 cycles to 5227 cycles
Tightening scrub interval from 5227 cycles to 2613 cycles
Relaxing scrub interval from 2613 cycles to 3266 cycles
Relaxing scrub interval from 3266 cycles to 4082 cycles
Relaxing scrub interval from 4082 cycles to 5102 cycles
Relaxing scrub interval from 5102 cycles to 6377 cycles
Tightening scrub interval from 6377 cycles to 3188 cycles
Relaxing scrub interval from 3188 cycles to 3985 cycles
Tightening scrub interval from 3985 cycles to 1992 cycles
Relaxing scrub interval from 1992 cycles to 2490 cycles
Relaxing scrub interval from 2490 cycles to 3112 cycles
Relaxing scrub interval from 3112 cycles to 3890 cycles
Relaxing scrub interval from 3890 cycles to 4862 cycles
Relaxing scrub interval from 4862 cycles to 6077 cycles
Tightening scrub interval from 6077 cycles to 3038 cycles
Relaxing scrub interval from 3038 cycles to 3797 cycles
Relaxing scrub interval from 3797 cycles to 4746 cycles
Relaxing scrub interval from 4746 cycles to 5932 cycles
Tightening scrub interval from 5932 cycles to 2966 cycles
Tightening scrub interval from 2966 cycles to 1483 cycles
Tightening scrub interval from 1483 cycles to 741 cycles
Relaxing scrub interval from 741 cycles to 926 cycles
Relaxing scrub interval from 926 cycles to 1157 cycles
Relaxing scrub interval from 1157 cycles to 1446 cycles
