warn: No dot file generated. Please install pydot to generate the dot file and pdf.
Scrubbing enabled with adaptive interval starting at 10 cycles, tightening factor 2, relax factor 1.25
src/arch/riscv/isa.cc:275: info: RVV enabled, VLEN = 256 bits, ELEN = 64 bits
src/arch/riscv/linux/se_workload.cc:60: warn: Unknown operating system; assuming Linux.
src/base/statistics.hh:279: warn: One of the stats is a legacy stat. Legacy stat is a stat that does not belong to any statistics::Group. Legacy stat is deprecated.
src/base/remote_gdb.cc:418: warn: Sockets disabled, not accepting gdb connections
src/sim/simulate.cc:199: info: Entering event queue @ 0.  Starting simulation...
Relaxing scrub interval from 10 cycles to 12 cycles
Relaxing scrub interval from 12 cycles to 15 cycles
Relaxing scrub interval from 15 cycles to 18 cycles
Relaxing scrub interval from 18 cycles to 22 cycles
Relaxing scrub interval from 22 cycles to 27 cycles
Relaxing scrub interval from 27 cycles to 33 cycles
Relaxing scrub interval from 33 cycles to 41 cycles
Relaxing scrub interval from 41 cycles to 51 cycles
Relaxing scrub interval from 51 cycles to 63 cycles
Relaxing scrub interval from 63 cycles to 78 cycles
Relaxing scrub interval from 78 cycles to 97 cycles
Relaxing scrub interval from 97 cycles to 121 cycles
Relaxing scrub interval from 121 cycles to 151 cycles
Relaxing scrub interval from 151 cycles to 188 cycles
Relaxing scrub interval from 188 cycles to 235 cycles
Relaxing scrub interval from 235 cycles to 293 cycles
Relaxing scrub interval from 293 cycles to 366 cycles
Relaxing scrub interval from 366 cycles to 457 cycles
Relaxing scrub interval from 457 cycles to 571 cycles
Relaxing scrub interval from 571 cycles to 713 cycles
Relaxing scrub interval from 713 cycles to 891 cycles
Relaxing scrub interval from 891 cycles to 1113 cycles
Relaxing scrub interval from 1113 cycles to 1391 cycles
Relaxing scrub interval from 1391 cycles to 1738 cycles
Relaxing scrub interval from 1738 cycles to 2172 cycles
Relaxing scrub interval from 2172 cycles to 2715 cycles
Relaxing scrub interval from 2715 cycles to 3393 cycles
Relaxing scrub interval from 3393 cycles to 4241 cycles
Relaxing scrub interval from 4241 cycles to 5301 cycles
Relaxing scrub interval from 5301 cycles to 6626 cycles
Relaxing scrub interval from 6626 cycles to 8282 cycles
Relaxing scrub interval from 8282 cycles to 10352 cycles
Relaxing scrub interval from 10352 cycles to 12940 cycles
Tightening scrub interval from 12940 cycles to 6470 cycles
Relaxing scrub interval from 6470 cycles to 8087 cycles
Tightening scrub interval from 8087 cycles to 4043 cycles
Relaxing scrub interval from 4043 cycles to 5053 cycles
Relaxing scrub interval from 5053 cycles to 6316 cycles
Tightening scrub interval from 6316 cycles to 3158 cycles
Tightening scrub interval from 3158 cycles to 1579 cycles
Tightening scrub interval from 1579 cycles to 789 cycles
Tightening scrub interval from 789 cycles to 394 cycles
Relaxing scrub interval from 394 cycles to 492 cycles
Relaxing scrub interval from 492 cycles to 615 cycles
Relaxing scrub interval from 615 cycles to 768 cycles
Relaxing scrub interval from 768 cycles to 960 cycles
Relaxing scrub interval from 960 cycles to 1200 cycles
Relaxing scrub interval from 1200 cycles to 1500 cycles
Relaxing scrub interval from 1500 cycles to 1875 cycles
Relaxing scrub interval from 1875 cycles to 2343 cycles
Relaxing scrub interval from 2343 cycles to 2928 cycles
Relaxing scrub interval from 2928 cycles to 3660 cycles
Relaxing scrub interval from 3660 cycles to 4575 cycles
Relaxing scrub interval from 4575 cycles to 5718 cycles
Tightening scrub interval from 5718 cycles to 2859 cycles
Relaxing scrub interval from 2859 cycles to 3573 cycles
Tightening scrub interval from 3573 cycles to 1786 cycles
Relaxing scrub interval from 1786 cycles to 2232 cycles
Relaxing scrub interval from 2232 cycles to 2790 cycles
Relaxing scrub interval from 2790 cycles to 3487 cycles
Tightening scrub interval from 3487 cycles to 1743 cycles
Relaxing scrub interval from 1743 cycles to 2178 cycles
Relaxing scrub interval from 2178 cycles to 2722 cycles
Tightening scrub interval from 2722 cycles to 1361 cycles
Relaxing scrub interval from 1361 cycles to 1701 cycles
Relaxing scrub interval from 1701 cycles to 2126 cycles
Relaxing scrub interval from 2126 cycles to 2657 cycles
Relaxing scrub interval from 2657 cycles to 3321 cycles
Tightening scrub interval from 3321 cycles to 1660 cycles
Relaxing scrub interval from 1660 cycles to 2075 cycles
Relaxing scrub interval from 2075 cycles to 2593 cycles
Tightening scrub interval from 2593 cycles to 1296 cycles
Relaxing scrub interval from 1296 cycles to 1620 cycles
Relaxing scrub interval from 1620 cycles to 2025 cycles
Relaxing scrub interval from 2025 cycles to 2531 cycles
Relaxing scrub interval from 2531 cycles to 3163 cycles
Relaxing scrub interval from 3163 cycles to 3953 cycles
Relaxing scrub interval from 3953 cycles to 4941 cycles
Tightening scrub interval from 4941 cycles to 2470 cycles
Tightening scrub interval from 2470 cycles to 1235 cycles
Relaxing scrub interval from 1235 cycles to 1543 cycles
Relaxing scrub interval from 1543 cycles to 1928 cycles
Relaxing scrub interval from 1928 cycles to 2410 cycles
Relaxing scrub interval from 2410 cycles to 3012 cycles
Tightening scrub interval from 3012 cycles to 1506 cycles
Relaxing scrub interval from 1506 cycles to 1882 cycles
Relaxing scrub interval from 1882 cycles to 2352 cycles
Relaxing scrub interval from 2352 cycles to 2940 cycles
Relaxing scrub interval from 2940 cycles to 3675 cycles
Relaxing scrub interval from 3675 cycles to 4593 cycles
Tightening scrub interval from 4593 cycles to 2296 cycles
Relaxing scrub interval from 2296 cycles to 2870 cycles
Relaxing scrub interval from 2870 cycles to 3587 cycles
Relaxing scrub interval from 3587 cycles to 4483 cycles
Relaxing scrub interval from 4483 cycles to 5603 cycles
Relaxing scrub interval from 5603 cycles to 7003 cycles
Tightening scrub interval from 7003 cycles to 3501 cycles
Relaxing scrub interval from 3501 cycles to 4376 cycles
Relaxing scrub interval from 4376 cycles to 5470 cycles
Relaxing scrub interval from 5470 cycles to 6837 cycles
Relaxing scrub interval from 6837 cycles to 8546 cycles
Relaxing scrub interval from 8546 cycles to 10682 cycles
Tightening scrub interval from 10682 cycles to 5341 cycles
Relaxing scrub interval from 5341 cycles to 6676 cycles
Relaxing scrub interval from 6676 cycles to 8345 cycles
Tightening scrub interval from 8345 cycles to 4172 cycles
Tightening scrub interval from 4172 cycles to 2086 cycles
Relaxing scrub interval from 2086 cycles to 2607 cycles
Tightening scrub interval from 2607 cycles to 1303 cycles
Relaxing scrub interval from 1303 cycles to 1628 cycles
Tightening scrub interval from 1628 cycles to 814 cycles
Relaxing scrub interval from 814 cycles to 1017 cycles
Relaxing scrub interval from 1017 cycles to 1271 cycles
Relaxing scrub interval from 1271 cycles to 1588 cycles
Tightening scrub interval from 1588 cycles to 794 cycles
Relaxing scrub interval from 794 cycles to 992 cycles
Relaxing scrub interval from 992 cycles to 1240 cycles
Relaxing scrub interval from 1240 cycles to 1550 cycles
Relaxing scrub interval from 1550 cycles to 1937 cycles
Relaxing scrub interval from 1937 cycles to 2421 cycles
Tightening scrub interval from 2421 cycles to 1210 cycles
Relaxing scrub interval from 1210 cycles to 1512 cycles
Relaxing scrub interval from 1512 cycles to 1890 cycles
Relaxing scrub interval from 1890 cycles to 2362 cycles
Tightening scrub interval from 2362 cycles to 1181 cycles
Relaxing scrub interval from 1181 cycles to 1476 cycles
Relaxing scrub interval from 1476 cycles to 1845 cycles
Relaxing scrub interval from 1845 cycles to 2306 cycles
Relaxing scrub interval from 2306 cycles to 2882 cycles
Relaxing scrub interval from 2882 cycles to 3602 cycles
