warn: No dot file generated. Please install pydot to generate the dot file and pdf.
Scrubbing enabled with adaptive interval starting at 10 cycles, tightening factor 2, relax factor 1.25
src/arch/riscv/isa.cc:275: info: RVV enabled, VLEN = 256 bits, ELEN = 64 bits
src/arch/riscv/linux/se_workload.cc:60: warn: Unknown operating system; assuming Linux.
src/base/statistics.hh:279: warn: One of the stats is a legacy stat. Legacy stat is a stat that does not belong to any statistics::Group. Legacy stat is deprecated.
src/base/remote_gdb.cc:418: warn: Sockets disabled, not accepting gdb connections
src/sim/simulate.cc:199: info: Entering event queue @ 0.  Starting simulation...
Relaxing scrub interval from 10 cycles to 12 cycles
Relaxing scrub interval from 12 cycles to 15 cycles
Relaxing scrub interval from 15 cycles to 18 cycles
Relaxing scrub interval from 18 cycles to 22 cycles
Relaxing scrub interval from 22 cycles to 27 cycles
Relaxing scrub interval from 27 cycles to 33 cycles
Relaxing scrub interval from 33 cycles to 41 cycles
Relaxing scrub interval from 41 cycles to 51 cycles
Relaxing scrub interval from 51 cycles to 63 cycles
Relaxing scrub interval from 63 cycles to 78 cycles
Relaxing scrub interval from 78 cycles to 97 cycles
Relaxing scrub interval from 97 cycles to 121 cycles
Relaxing scrub interval from 121 cycles to 151 cycles
Relaxing scrub interval from 151 cycles to 188 cycles
Relaxing scrub interval from 188 cycles to 235 cycles
Relaxing scrub interval from 235 cycles to 293 cycles
Relaxing scrub interval from 293 cycles to 366 cycles
Relaxing scrub interval from 366 cycles to 457 cycles
Relaxing scrub interval from 457 cycles to 571 cycles
Relaxing scrub interval from 571 cycles to 713 cycles
Relaxing scrub interval from 713 cycles to 891 cycles
Relaxing scrub interval from 891 cycles to 1113 cycles
Relaxing scrub interval from 1113 cycles to 1391 cycles
Relaxing scrub interval from 1391 cycles to 1738 cycles
Relaxing scrub interval from 1738 cycles to 2172 cycles
Relaxing scrub interval from 2172 cycles to 2715 cycles
Relaxing scrub interval from 2715 cycles to 3393 cycles
Relaxing scrub interval from 3393 cycles to 4241 cycles
Relaxing scrub interval from 4241 cycles to 5301 cycles
Relaxing scrub interval from 5301 cycles to 6626 cycles
Relaxing scrub interval from 6626 cycles to 8282 cycles
Relaxing scrub interval from 8282 cycles to 10352 cycles
Relaxing scrub interval from 10352 cycles to 12940 cycles
Tightening scrub interval from 12940 cycles to 6470 cycles
Relaxing scrub interval from 6470 cycles to 8087 cycles
Relaxing scrub interval from 8087 cycles to 10108 cycles
Relaxing scrub interval from 10108 cycles to 12635 cycles
Tightening scrub interval from 12635 cycles to 6317 cycles
Relaxing scrub interval from 6317 cycles to 7896 cycles
Tightening scrub interval from 7896 cycles to 3948 cycles
Relaxing scrub interval from 3948 cycles to 4935 cycles
Relaxing scrub interval from 4935 cycles to 6168 cycles
Relaxing scrub interval from 6168 cycles to 7710 cycles
Relaxing scrub interval from 7710 cycles to 9637 cycles
Relaxing scrub interval from 9637 cycles to 12046 cycles
Tightening scrub interval from 12046 cycles to 6023 cycles
Tightening scrub interval from 6023 cycles to 3011 cycles
Tightening scrub interval from 3011 cycles to 1505 cycles
Relaxing scrub interval from 1505 cycles to 1881 cycles
Tightening scrub interval from 1881 cycles to 940 cycles
Relaxing scrub interval from 940 cycles to 1175 cycles
Relaxing scrub interval from 1175 cycles to 1468 cycles
Relaxing scrub interval from 1468 cycles to 1835 cycles
Relaxing scrub interval from 1835 cycles to 2293 cycles
Tightening scrub interval from 2293 cycles to 1146 cycles
Relaxing scrub interval from 1146 cycles to 1432 cycles
Relaxing scrub interval from 1432 cycles to 1790 cycles
Relaxing scrub interval from 1790 cycles to 2237 cycles
Relaxing scrub interval from 2237 cycles to 2796 cycles
Relaxing scrub interval from 2796 cycles to 3495 cycles
Relaxing scrub interval from 3495 cycles to 4368 cycles
Relaxing scrub interval from 4368 cycles to 5460 cycles
Relaxing scrub interval from 5460 cycles to 6825 cycles
Relaxing scrub interval from 6825 cycles to 8531 cycles
Relaxing scrub interval from 8531 cycles to 10663 cycles
Tightening scrub interval from 10663 cycles to 5331 cycles
Tightening scrub interval from 5331 cycles to 2665 cycles
Tightening scrub interval from 2665 cycles to 1332 cycles
Relaxing scrub interval from 1332 cycles to 1665 cycles
Relaxing scrub interval from 1665 cycles to 2081 cycles
Relaxing scrub interval from 2081 cycles to 2601 cycles
Relaxing scrub interval from 2601 cycles to 3251 cycles
Relaxing scrub interval from 3251 cycles to 4063 cycles
Relaxing scrub interval from 4063 cycles to 5078 cycles
Tightening scrub interval from 5078 cycles to 2539 cycles
Relaxing scrub interval from 2539 cycles to 3173 cycles
Relaxing scrub interval from 3173 cycles to 3966 cycles
Relaxing scrub interval from 3966 cycles to 4957 cycles
Tightening scrub interval from 4957 cycles to 2478 cycles
Relaxing scrub interval from 2478 cycles to 3097 cycles
Relaxing scrub interval from 3097 cycles to 3871 cycles
Relaxing scrub interval from 3871 cycles to 4838 cycles
Relaxing scrub interval from 4838 cycles to 6047 cycles
Relaxing scrub interval from 6047 cycles to 7558 cycles
Relaxing scrub interval from 7558 cycles to 9447 cycles
Relaxing scrub interval from 9447 cycles to 11808 cycles
Tightening scrub interval from 11808 cycles to 5904 cycles
Relaxing scrub interval from 5904 cycles to 7380 cycles
Tightening scrub interval from 7380 cycles to 3690 cycles
Relaxing scrub interval from 3690 cycles to 4612 cycles
Relaxing scrub interval from 4612 cycles to 5765 cycles
