warn: No dot file generated. Please install pydot to generate the dot file and pdf.
Scrubbing enabled with adaptive interval starting at 10 cycles, tightening factor 2, relax factor 1.25
src/arch/riscv/isa.cc:275: info: RVV enabled, VLEN = 256 bits, ELEN = 64 bits
src/arch/riscv/linux/se_workload.cc:60: warn: Unknown operating system; assuming Linux.
src/base/statistics.hh:279: warn: One of the stats is a legacy stat. Legacy stat is a stat that does not belong to any statistics::Group. Legacy stat is deprecated.
src/base/remote_gdb.cc:418: warn: Sockets disabled, not accepting gdb connections
src/sim/simulate.cc:199: info: Entering event queue @ 0.  Starting simulation...
Relaxing scrub interval from 10 cycles to 12 cycles
Relaxing scrub interval from 12 cycles to 15 cycles
Relaxing scrub interval from 15 cycles to 18 cycles
Relaxing scrub interval from 18 cycles to 22 cycles
Relaxing scrub interval from 22 cycles to 27 cycles
Relaxing scrub interval from 27 cycles to 33 cycles
Relaxing scrub interval from 33 cycles to 41 cycles
Relaxing scrub interval from 41 cycles to 51 cycles
Relaxing scrub interval from 51 cycles to 63 cycles
Relaxing scrub interval from 63 cycles to 78 cycles
Relaxing scrub interval from 78 cycles to 97 cycles
Relaxing scrub interval from 97 cycles to 121 cycles
Relaxing scrub interval from 121 cycles to 151 cycles
Relaxing scrub interval from 151 cycles to 188 cycles
Relaxing scrub interval from 188 cycles to 235 cycles
Relaxing scrub interval from 235 cycles to 293 cycles
Relaxing scrub interval from 293 cycles to 366 cycles
Relaxing scrub interval from 366 cycles to 457 cycles
Relaxing scrub interval from 457 cycles to 571 cycles
Relaxing scrub interval from 571 cycles to 713 cycles
Relaxing scrub interval from 713 cycles to 891 cycles
Relaxing scrub interval from 891 cycles to 1113 cycles
Relaxing scrub interval from 1113 cycles to 1391 cycles
Relaxing scrub interval from 1391 cycles to 1738 cycles
Relaxing scrub interval from 1738 cycles to 2172 cycles
Relaxing scrub interval from 2172 cycles to 2715 cycles
Relaxing scrub interval from 2715 cycles to 3393 cycles
Relaxing scrub interval from 3393 cycles to 4241 cycles
Relaxing scrub interval from 4241 cycles to 5301 cycles
Relaxing scrub interval from 5301 cycles to 6626 cycles
Relaxing scrub interval from 6626 cycles to 8282 cycles
Relaxing scrub interval from 8282 cycles to 10352 cycles
Relaxing scrub interval from 10352 cycles to 12940 cycles
Tightening scrub interval from 12940 cycles to 6470 cycles
Tightening scrub interval from 6470 cycles to 3235 cycles
Relaxing scrub interval from 3235 cycles to 4043 cycles
Relaxing scrub interval from 4043 cycles to 5053 cycles
Tightening scrub interval from 5053 cycles to 2526 cycles
Tightening scrub interval from 2526 cycles to 1263 cycles
Relaxing scrub interval from 1263 cycles to 1578 cycles
Relaxing scrub interval from 1578 cycles to 1972 cycles
Relaxing scrub interval from 1972 cycles to 2465 cycles
Relaxing scrub interval from 2465 cycles to 3081 cycles
Relaxing scrub interval from 3081 cycles to 3851 cycles
Relaxing scrub interval from 3851 cycles to 4813 cycles
Relaxing scrub interval from 4813 cycles to 6016 cycles
Relaxing scrub interval from 6016 cycles to 7520 cycles
Tightening scrub interval from 7520 cycles to 3760 cycles
Relaxing scrub interval from 3760 cycles to 4700 cycles
Tightening scrub interval from 4700 cycles to 2350 cycles
Relaxing scrub interval from 2350 cycles to 2937 cycles
Relaxing scrub interval from 2937 cycles to 3671 cycles
Relaxing scrub interval from 3671 cycles to 4588 cycles
Relaxing scrub interval from 4588 cycles to 5735 cycles
Relaxing scrub interval from 5735 cycles to 7168 cycles
Tightening scrub interval from 7168 cycles to 3584 cycles
Relaxing scrub interval from 3584 cycles to 4480 cycles
Tightening scrub interval from 4480 cycles to 2240 cycles
Relaxing scrub interval from 2240 cycles to 2800 cycles
Tightening scrub interval from 2800 cycles to 1400 cycles
Relaxing scrub interval from 1400 cycles to 1750 cycles
Relaxing scrub interval from 1750 cycles to 2187 cycles
Tightening scrub interval from 2187 cycles to 1093 cycles
Relaxing scrub interval from 1093 cycles to 1366 cycles
Relaxing scrub interval from 1366 cycles to 1707 cycles
Relaxing scrub interval from 1707 cycles to 2133 cycles
Relaxing scrub interval from 2133 cycles to 2666 cycles
Relaxing scrub interval from 2666 cycles to 3332 cycles
Relaxing scrub interval from 3332 cycles to 4165 cycles
Relaxing scrub interval from 4165 cycles to 5206 cycles
Tightening scrub interval from 5206 cycles to 2603 cycles
Tightening scrub interval from 2603 cycles to 1301 cycles
Relaxing scrub interval from 1301 cycles to 1626 cycles
Relaxing scrub interval from 1626 cycles to 2032 cycles
Relaxing scrub interval from 2032 cycles to 2540 cycles
Relaxing scrub interval from 2540 cycles to 3175 cycles
Relaxing scrub interval from 3175 cycles to 3968 cycles
Relaxing scrub interval from 3968 cycles to 4960 cycles
Relaxing scrub interval from 4960 cycles to 6200 cycles
Tightening scrub interval from 6200 cycles to 3100 cycles
Relaxing scrub interval from 3100 cycles to 3875 cycles
Relaxing scrub interval from 3875 cycles to 4843 cycles
Relaxing scrub interval from 4843 cycles to 6053 cycles
Tightening scrub interval from 6053 cycles to 3026 cycles
Tightening scrub interval from 3026 cycles to 1513 cycles
Relaxing scrub interval from 1513 cycles to 1891 cycles
Relaxing scrub interval from 1891 cycles to 2363 cycles
Relaxing scrub interval from 2363 cycles to 2953 cycles
Tightening scrub interval from 2953 cycles to 1476 cycles
Tightening scrub interval from 1476 cycles to 738 cycles
Relaxing scrub interval from 738 cycles to 922 cycles
Relaxing scrub interval from 922 cycles to 1152 cycles
Relaxing scrub interval from 1152 cycles to 1440 cycles
Relaxing scrub interval from 1440 cycles to 1800 cycles
Relaxing scrub interval from 1800 cycles to 2250 cycles
Relaxing scrub interval from 2250 cycles to 2812 cycles
Relaxing scrub interval from 2812 cycles to 3515 cycles
Tightening scrub interval from 3515 cycles to 1757 cycles
Relaxing scrub interval from 1757 cycles to 2196 cycles
Relaxing scrub interval from 2196 cycles to 2745 cycles
Relaxing scrub interval from 2745 cycles to 3431 cycles
Relaxing scrub interval from 3431 cycles to 4288 cycles
Tightening scrub interval from 4288 cycles to 2144 cycles
Relaxing scrub interval from 2144 cycles to 2680 cycles
Relaxing scrub interval from 2680 cycles to 3350 cycles
Relaxing scrub interval from 3350 cycles to 4187 cycles
Tightening scrub interval from 4187 cycles to 2093 cycles
Relaxing scrub interval from 2093 cycles to 2616 cycles
Tightening scrub interval from 2616 cycles to 1308 cycles
Relaxing scrub interval from 1308 cycles to 1635 cycles
Relaxing scrub interval from 1635 cycles to 2043 cycles
Relaxing scrub interval from 2043 cycles to 2553 cycles
Tightening scrub interval from 2553 cycles to 1276 cycles
Relaxing scrub interval from 1276 cycles to 1595 cycles
Relaxing scrub interval from 1595 cycles to 1993 cycles
Relaxing scrub interval from 1993 cycles to 2491 cycles
Relaxing scrub interval from 2491 cycles to 3113 cycles
Relaxing scrub interval from 3113 cycles to 3891 cycles
Relaxing scrub interval from 3891 cycles to 4863 cycles
Tightening scrub interval from 4863 cycles to 2431 cycles
Tightening scrub interval from 2431 cycles to 1215 cycles
Relaxing scrub interval from 1215 cycles to 1518 cycles
Relaxing scrub interval from 1518 cycles to 1897 cycles
Relaxing scrub interval from 1897 cycles to 2371 cycles
Relaxing scrub interval from 2371 cycles to 2963 cycles
Relaxing scrub interval from 2963 cycles to 3703 cycles
Tightening scrub interval from 3703 cycles to 1851 cycles
Relaxing scrub interval from 1851 cycles to 2313 cycles
Relaxing scrub interval from 2313 cycles to 2891 cycles
