warn: No dot file generated. Please install pydot to generate the dot file and pdf.
Scrubbing enabled with adaptive interval starting at 10 cycles, tightening factor 2, relax factor 1.25
src/arch/riscv/isa.cc:275: info: RVV enabled, VLEN = 256 bits, ELEN = 64 bits
src/arch/riscv/linux/se_workload.cc:60: warn: Unknown operating system; assuming Linux.
src/base/statistics.hh:279: warn: One of the stats is a legacy stat. Legacy stat is a stat that does not belong to any statistics::Group. Legacy stat is deprecated.
src/base/remote_gdb.cc:418: warn: Sockets disabled, not accepting gdb connections
src/sim/simulate.cc:199: info: Entering event queue @ 0.  Starting simulation...
Relaxing scrub interval from 10 cycles to 12 cycles
Relaxing scrub interval from 12 cycles to 15 cycles
Relaxing scrub interval from 15 cycles to 18 cycles
Relaxing scrub interval from 18 cycles to 22 cycles
Relaxing scrub interval from 22 cycles to 27 cycles
Relaxing scrub interval from 27 cycles to 33 cycles
Relaxing scrub interval from 33 cycles to 41 cycles
Relaxing scrub interval from 41 cycles to 51 cycles
Relaxing scrub interval from 51 cycles to 63 cycles
Relaxing scrub interval from 63 cycles to 78 cycles
Relaxing scrub interval from 78 cycles to 97 cycles
Relaxing scrub interval from 97 cycles to 121 cycles
Relaxing scrub interval from 121 cycles to 151 cycles
Relaxing scrub interval from 151 cycles to 188 cycles
Relaxing scrub interval from 188 cycles to 235 cycles
Relaxing scrub interval from 235 cycles to 293 cycles
Relaxing scrub interval from 293 cycles to 366 cycles
Relaxing scrub interval from 366 cycles to 457 cycles
Relaxing scrub interval from 457 cycles to 571 cycles
Relaxing scrub interval from 571 cycles to 713 cycles
Relaxing scrub interval from 713 cycles to 891 cycles
Relaxing scrub interval from 891 cycles to 1113 cycles
Relaxing scrub interval from 1113 cycles to 1391 cycles
Relaxing scrub interval from 1391 cycles to 1738 cycles
Relaxing scrub interval from 1738 cycles to 2172 cycles
Relaxing scrub interval from 2172 cycles to 2715 cycles
Relaxing scrub interval from 2715 cycles to 3393 cycles
Relaxing scrub interval from 3393 cycles to 4241 cycles
Relaxing scrub interval from 4241 cycles to 5301 cycles
Relaxing scrub interval from 5301 cycles to 6626 cycles
Relaxing scrub interval from 6626 cycles to 8282 cycles
Relaxing scrub interval from 8282 cycles to 10352 cycles
Relaxing scrub interval from 10352 cycles to 12940 cycles
Tightening scrub interval from 12940 cycles to 6470 cycles
Tightening scrub interval from 6470 cycles to 3235 cycles
Relaxing scrub interval from 3235 cycles to 4043 cycles
Relaxing scrub interval from 4043 cycles to 5053 cycles
Relaxing scrub interval from 5053 cycles to 6316 cycles
Relaxing scrub interval from 6316 cycles to 7895 cycles
Relaxing scrub interval from 7895 cycles to 9868 cycles
Tightening scrub interval from 9868 cycles to 4934 cycles
Relaxing scrub interval from 4934 cycles to 6167 cycles
Relaxing scrub interval from 6167 cycles to 7708 cycles
Relaxing scrub interval from 7708 cycles to 9635 cycles
Relaxing scrub interval from 9635 cycles to 12043 cycles
Relaxing scrub interval from 12043 cycles to 15053 cycles
Relaxing scrub interval from 15053 cycles to 18816 cycles
Relaxing scrub interval from 18816 cycles to 23520 cycles
Relaxing scrub interval from 23520 cycles to 29400 cycles
Tightening scrub interval from 29400 cycles to 14700 cycles
Tightening scrub interval from 14700 cycles to 7350 cycles
Tightening scrub interval from 7350 cycles to 3675 cycles
Relaxing scrub interval from 3675 cycles to 4593 cycles
Relaxing scrub interval from 4593 cycles to 5741 cycles
Relaxing scrub interval from 5741 cycles to 7176 cycles
Tightening scrub interval from 7176 cycles to 3588 cycles
Relaxing scrub interval from 3588 cycles to 4485 cycles
Relaxing scrub interval from 4485 cycles to 5606 cycles
Tightening scrub interval from 5606 cycles to 2803 cycles
Relaxing scrub interval from 2803 cycles to 3503 cycles
Relaxing scrub interval from 3503 cycles to 4378 cycles
Tightening scrub interval from 4378 cycles to 2189 cycles
Relaxing scrub interval from 2189 cycles to 2736 cycles
Relaxing scrub interval from 2736 cycles to 3420 cycles
Tightening scrub interval from 3420 cycles to 1710 cycles
Relaxing scrub interval from 1710 cycles to 2137 cycles
Relaxing scrub interval from 2137 cycles to 2671 cycles
Relaxing scrub interval from 2671 cycles to 3338 cycles
Relaxing scrub interval from 3338 cycles to 4172 cycles
Relaxing scrub interval from 4172 cycles to 5215 cycles
Relaxing scrub interval from 5215 cycles to 6518 cycles
Tightening scrub interval from 6518 cycles to 3259 cycles
Tightening scrub interval from 3259 cycles to 1629 cycles
Relaxing scrub interval from 1629 cycles to 2036 cycles
Relaxing scrub interval from 2036 cycles to 2545 cycles
Relaxing scrub interval from 2545 cycles to 3181 cycles
