warn: No dot file generated. Please install pydot to generate the dot file and pdf.
Scrubbing enabled with adaptive interval starting at 10 cycles, tightening factor 2, relax factor 1.25
src/arch/riscv/isa.cc:275: info: RVV enabled, VLEN = 256 bits, ELEN = 64 bits
src/base/statistics.hh:279: warn: One of the stats is a legacy stat. Legacy stat is a stat that does not belong to any statistics::Group. Legacy stat is deprecated.
src/base/remote_gdb.cc:418: warn: Sockets disabled, not accepting gdb connections
src/sim/simulate.cc:199: info: Entering event queue @ 0.  Starting simulation...
Relaxing scrub interval from 10 cycles to 12 cycles
Relaxing scrub interval from 12 cycles to 15 cycles
Relaxing scrub interval from 15 cycles to 18 cycles
Relaxing scrub interval from 18 cycles to 22 cycles
Relaxing scrub interval from 22 cycles to 27 cycles
Relaxing scrub interval from 27 cycles to 33 cycles
Relaxing scrub interval from 33 cycles to 41 cycles
Relaxing scrub interval from 41 cycles to 51 cycles
Relaxing scrub interval from 51 cycles to 63 cycles
Relaxing scrub interval from 63 cycles to 78 cycles
Relaxing scrub interval from 78 cycles to 97 cycles
Relaxing scrub interval from 97 cycles to 121 cycles
Relaxing scrub interval from 121 cycles to 151 cycles
Relaxing scrub interval from 151 cycles to 188 cycles
Relaxing scrub interval from 188 cycles to 235 cycles
Relaxing scrub interval from 235 cycles to 293 cycles
Relaxing scrub interval from 293 cycles to 366 cycles
Relaxing scrub interval from 366 cycles to 457 cycles
Relaxing scrub interval from 457 cycles to 571 cycles
Relaxing scrub interval from 571 cycles to 713 cycles
Relaxing scrub interval from 713 cycles to 891 cycles
src/sim/syscall_emul.cc:86: warn: ignoring syscall set_robust_list(...)
      (further warnings will be suppressed)
Relaxing scrub interval from 891 cycles to 1113 cycles
Relaxing scrub interval from 1113 cycles to 1391 cycles
src/sim/syscall_emul.hh:1014: warn: readlink() called on '/proc/self/exe' may yield unexpected results in various settings.
      Returning '/home/cs1952y-user/gem5/1952y-fp/gem5/tests/test-progs/cs1952y-fp/alt'
src/sim/mem_state.cc:448: info: Increasing stack size by one page.
Relaxing scrub interval from 1391 cycles to 1738 cycles
Relaxing scrub interval from 1738 cycles to 2172 cycles
Relaxing scrub interval from 2172 cycles to 2715 cycles
Relaxing scrub interval from 2715 cycles to 3393 cycles
Relaxing scrub interval from 3393 cycles to 4241 cycles
src/sim/syscall_emul.cc:75: warn: ignoring syscall mprotect(...) at tick 17327000
Relaxing scrub interval from 4241 cycles to 5301 cycles
Relaxing scrub interval from 5301 cycles to 6626 cycles
Relaxing scrub interval from 6626 cycles to 8282 cycles
Relaxing scrub interval from 8282 cycles to 10352 cycles
Relaxing scrub interval from 10352 cycles to 12940 cycles
Relaxing scrub interval from 12940 cycles to 16175 cycles
Tightening scrub interval from 16175 cycles to 8087 cycles
Tightening scrub interval from 8087 cycles to 4043 cycles
Tightening scrub interval from 4043 cycles to 2021 cycles
Relaxing scrub interval from 2021 cycles to 2526 cycles
Relaxing scrub interval from 2526 cycles to 3157 cycles
Relaxing scrub interval from 3157 cycles to 3946 cycles
Tightening scrub interval from 3946 cycles to 1973 cycles
Relaxing scrub interval from 1973 cycles to 2466 cycles
Relaxing scrub interval from 2466 cycles to 3082 cycles
Relaxing scrub interval from 3082 cycles to 3852 cycles
Tightening scrub interval from 3852 cycles to 1926 cycles
Relaxing scrub interval from 1926 cycles to 2407 cycles
Relaxing scrub interval from 2407 cycles to 3008 cycles
Relaxing scrub interval from 3008 cycles to 3760 cycles
Relaxing scrub interval from 3760 cycles to 4700 cycles
Tightening scrub interval from 4700 cycles to 2350 cycles
Tightening scrub interval from 2350 cycles to 1175 cycles
Relaxing scrub interval from 1175 cycles to 1468 cycles
Relaxing scrub interval from 1468 cycles to 1835 cycles
Relaxing scrub interval from 1835 cycles to 2293 cycles
Relaxing scrub interval from 2293 cycles to 2866 cycles
Relaxing scrub interval from 2866 cycles to 3582 cycles
Tightening scrub interval from 3582 cycles to 1791 cycles
Relaxing scrub interval from 1791 cycles to 2238 cycles
Relaxing scrub interval from 2238 cycles to 2797 cycles
Relaxing scrub interval from 2797 cycles to 3496 cycles
Relaxing scrub interval from 3496 cycles to 4370 cycles
Tightening scrub interval from 4370 cycles to 2185 cycles
Relaxing scrub interval from 2185 cycles to 2731 cycles
Relaxing scrub interval from 2731 cycles to 3413 cycles
Relaxing scrub interval from 3413 cycles to 4266 cycles
Relaxing scrub interval from 4266 cycles to 5332 cycles
Tightening scrub interval from 5332 cycles to 2666 cycles
Relaxing scrub interval from 2666 cycles to 3332 cycles
Relaxing scrub interval from 3332 cycles to 4165 cycles
Relaxing scrub interval from 4165 cycles to 5206 cycles
Relaxing scrub interval from 5206 cycles to 6507 cycles
Relaxing scrub interval from 6507 cycles to 8133 cycles
Tightening scrub interval from 8133 cycles to 4066 cycles
Relaxing scrub interval from 4066 cycles to 5082 cycles
Relaxing scrub interval from 5082 cycles to 6352 cycles
Relaxing scrub interval from 6352 cycles to 7940 cycles
Relaxing scrub interval from 7940 cycles to 9925 cycles
Tightening scrub interval from 9925 cycles to 4962 cycles
Tightening scrub interval from 4962 cycles to 2481 cycles
Relaxing scrub interval from 2481 cycles to 3101 cycles
Relaxing scrub interval from 3101 cycles to 3876 cycles
Relaxing scrub interval from 3876 cycles to 4845 cycles
Relaxing scrub interval from 4845 cycles to 6056 cycles
Relaxing scrub interval from 6056 cycles to 7570 cycles
Relaxing scrub interval from 7570 cycles to 9462 cycles
Relaxing scrub interval from 9462 cycles to 11827 cycles
Tightening scrub interval from 11827 cycles to 5913 cycles
Relaxing scrub interval from 5913 cycles to 7391 cycles
Relaxing scrub interval from 7391 cycles to 9238 cycles
Tightening scrub interval from 9238 cycles to 4619 cycles
Tightening scrub interval from 4619 cycles to 2309 cycles
Relaxing scrub interval from 2309 cycles to 2886 cycles
Relaxing scrub interval from 2886 cycles to 3607 cycles
Relaxing scrub interval from 3607 cycles to 4508 cycles
Relaxing scrub interval from 4508 cycles to 5635 cycles
Tightening scrub interval from 5635 cycles to 2817 cycles
Relaxing scrub interval from 2817 cycles to 3521 cycles
Relaxing scrub interval from 3521 cycles to 4401 cycles
Relaxing scrub interval from 4401 cycles to 5501 cycles
Tightening scrub interval from 5501 cycles to 2750 cycles
Relaxing scrub interval from 2750 cycles to 3437 cycles
Relaxing scrub interval from 3437 cycles to 4296 cycles
Relaxing scrub interval from 4296 cycles to 5370 cycles
Tightening scrub interval from 5370 cycles to 2685 cycles
Relaxing scrub interval from 2685 cycles to 3356 cycles
Relaxing scrub interval from 3356 cycles to 4195 cycles
Relaxing scrub interval from 4195 cycles to 5243 cycles
Tightening scrub interval from 5243 cycles to 2621 cycles
Relaxing scrub interval from 2621 cycles to 3276 cycles
Relaxing scrub interval from 3276 cycles to 4095 cycles
Tightening scrub interval from 4095 cycles to 2047 cycles
Relaxing scrub interval from 2047 cycles to 2558 cycles
Relaxing scrub interval from 2558 cycles to 3197 cycles
Relaxing scrub interval from 3197 cycles to 3996 cycles
Tightening scrub interval from 3996 cycles to 1998 cycles
Relaxing scrub interval from 1998 cycles to 2497 cycles
Relaxing scrub interval from 2497 cycles to 3121 cycles
Relaxing scrub interval from 3121 cycles to 3901 cycles
Relaxing scrub interval from 3901 cycles to 4876 cycles
Relaxing scrub interval from 4876 cycles to 6095 cycles
Tightening scrub interval from 6095 cycles to 3047 cycles
Tightening scrub interval from 3047 cycles to 1523 cycles
Tightening scrub interval from 1523 cycles to 761 cycles
Relaxing scrub interval from 761 cycles to 951 cycles
Relaxing scrub interval from 951 cycles to 1188 cycles
Relaxing scrub interval from 1188 cycles to 1485 cycles
Relaxing scrub interval from 1485 cycles to 1856 cycles
Relaxing scrub interval from 1856 cycles to 2320 cycles
Relaxing scrub interval from 2320 cycles to 2900 cycles
Relaxing scrub interval from 2900 cycles to 3625 cycles
Tightening scrub interval from 3625 cycles to 1812 cycles
Relaxing scrub interval from 1812 cycles to 2265 cycles
Tightening scrub interval from 2265 cycles to 1132 cycles
Relaxing scrub interval from 1132 cycles to 1415 cycles
Relaxing scrub interval from 1415 cycles to 1768 cycles
Relaxing scrub interval from 1768 cycles to 2210 cycles
Relaxing scrub interval from 2210 cycles to 2762 cycles
Relaxing scrub interval from 2762 cycles to 3452 cycles
Relaxing scrub interval from 3452 cycles to 4315 cycles
Tightening scrub interval from 4315 cycles to 2157 cycles
Relaxing scrub interval from 2157 cycles to 2696 cycles
Relaxing scrub interval from 2696 cycles to 3370 cycles
Tightening scrub interval from 3370 cycles to 1685 cycles
Relaxing scrub interval from 1685 cycles to 2106 cycles
Tightening scrub interval from 2106 cycles to 1053 cycles
Relaxing scrub interval from 1053 cycles to 1316 cycles
Relaxing scrub interval from 1316 cycles to 1645 cycles
Relaxing scrub interval from 1645 cycles to 2056 cycles
Relaxing scrub interval from 2056 cycles to 2570 cycles
Relaxing scrub interval from 2570 cycles to 3212 cycles
Relaxing scrub interval from 3212 cycles to 4015 cycles
Relaxing scrub interval from 4015 cycles to 5018 cycles
Tightening scrub interval from 5018 cycles to 2509 cycles
Tightening scrub interval from 2509 cycles to 1254 cycles
Relaxing scrub interval from 1254 cycles to 1567 cycles
Relaxing scrub interval from 1567 cycles to 1958 cycles
Relaxing scrub interval from 1958 cycles to 2447 cycles
Relaxing scrub interval from 2447 cycles to 3058 cycles
Tightening scrub interval from 3058 cycles to 1529 cycles
Tightening scrub interval from 1529 cycles to 764 cycles
Relaxing scrub interval from 764 cycles to 955 cycles
Relaxing scrub interval from 955 cycles to 1193 cycles
Relaxing scrub interval from 1193 cycles to 1491 cycles
Relaxing scrub interval from 1491 cycles to 1863 cycles
Relaxing scrub interval from 1863 cycles to 2328 cycles
Tightening scrub interval from 2328 cycles to 1164 cycles
Relaxing scrub interval from 1164 cycles to 1455 cycles
Relaxing scrub interval from 1455 cycles to 1818 cycles
Relaxing scrub interval from 1818 cycles to 2272 cycles
Relaxing scrub interval from 2272 cycles to 2840 cycles
Relaxing scrub interval from 2840 cycles to 3550 cycles
Relaxing scrub interval from 3550 cycles to 4437 cycles
Relaxing scrub interval from 4437 cycles to 5546 cycles
Relaxing scrub interval from 5546 cycles to 6932 cycles
Relaxing scrub interval from 6932 cycles to 8665 cycles
Relaxing scrub interval from 8665 cycles to 10831 cycles
Tightening scrub interval from 10831 cycles to 5415 cycles
Relaxing scrub interval from 5415 cycles to 6768 cycles
Relaxing scrub interval from 6768 cycles to 8460 cycles
Relaxing scrub interval from 8460 cycles to 10575 cycles
Tightening scrub interval from 10575 cycles to 5287 cycles
Relaxing scrub interval from 5287 cycles to 6608 cycles
Tightening scrub interval from 6608 cycles to 3304 cycles
Tightening scrub interval from 3304 cycles to 1652 cycles
Relaxing scrub interval from 1652 cycles to 2065 cycles
Tightening scrub interval from 2065 cycles to 1032 cycles
Relaxing scrub interval from 1032 cycles to 1290 cycles
Tightening scrub interval from 1290 cycles to 645 cycles
Relaxing scrub interval from 645 cycles to 806 cycles
Relaxing scrub interval from 806 cycles to 1007 cycles
Relaxing scrub interval from 1007 cycles to 1258 cycles
Relaxing scrub interval from 1258 cycles to 1572 cycles
Relaxing scrub interval from 1572 cycles to 1965 cycles
Relaxing scrub interval from 1965 cycles to 2456 cycles
Relaxing scrub interval from 2456 cycles to 3070 cycles
Tightening scrub interval from 3070 cycles to 1535 cycles
Relaxing scrub interval from 1535 cycles to 1918 cycles
Tightening scrub interval from 1918 cycles to 959 cycles
Relaxing scrub interval from 959 cycles to 1198 cycles
Relaxing scrub interval from 1198 cycles to 1497 cycles
Relaxing scrub interval from 1497 cycles to 1871 cycles
Relaxing scrub interval from 1871 cycles to 2338 cycles
Relaxing scrub interval from 2338 cycles to 2922 cycles
Relaxing scrub interval from 2922 cycles to 3652 cycles
Tightening scrub interval from 3652 cycles to 1826 cycles
Relaxing scrub interval from 1826 cycles to 2282 cycles
Tightening scrub interval from 2282 cycles to 1141 cycles
Relaxing scrub interval from 1141 cycles to 1426 cycles
Relaxing scrub interval from 1426 cycles to 1782 cycles
Relaxing scrub interval from 1782 cycles to 2227 cycles
Relaxing scrub interval from 2227 cycles to 2783 cycles
Relaxing scrub interval from 2783 cycles to 3478 cycles
Tightening scrub interval from 3478 cycles to 1739 cycles
Relaxing scrub interval from 1739 cycles to 2173 cycles
Relaxing scrub interval from 2173 cycles to 2716 cycles
Tightening scrub interval from 2716 cycles to 1358 cycles
Relaxing scrub interval from 1358 cycles to 1697 cycles
Relaxing scrub interval from 1697 cycles to 2121 cycles
Relaxing scrub interval from 2121 cycles to 2651 cycles
Tightening scrub interval from 2651 cycles to 1325 cycles
Relaxing scrub interval from 1325 cycles to 1656 cycles
Relaxing scrub interval from 1656 cycles to 2070 cycles
Relaxing scrub interval from 2070 cycles to 2587 cycles
Relaxing scrub interval from 2587 cycles to 3233 cycles
Relaxing scrub interval from 3233 cycles to 4041 cycles
Relaxing scrub interval from 4041 cycles to 5051 cycles
Tightening scrub interval from 5051 cycles to 2525 cycles
Relaxing scrub interval from 2525 cycles to 3156 cycles
Tightening scrub interval from 3156 cycles to 1578 cycles
Relaxing scrub interval from 1578 cycles to 1972 cycles
Relaxing scrub interval from 1972 cycles to 2465 cycles
Relaxing scrub interval from 2465 cycles to 3081 cycles
Tightening scrub interval from 3081 cycles to 1540 cycles
Relaxing scrub interval from 1540 cycles to 1925 cycles
Relaxing scrub interval from 1925 cycles to 2406 cycles
Relaxing scrub interval from 2406 cycles to 3007 cycles
Relaxing scrub interval from 3007 cycles to 3758 cycles
Relaxing scrub interval from 3758 cycles to 4697 cycles
Relaxing scrub interval from 4697 cycles to 5871 cycles
Tightening scrub interval from 5871 cycles to 2935 cycles
Relaxing scrub interval from 2935 cycles to 3668 cycles
Relaxing scrub interval from 3668 cycles to 4585 cycles
Tightening scrub interval from 4585 cycles to 2292 cycles
Tightening scrub interval from 2292 cycles to 1146 cycles
Relaxing scrub interval from 1146 cycles to 1432 cycles
Tightening scrub interval from 1432 cycles to 716 cycles
Relaxing scrub interval from 716 cycles to 895 cycles
Relaxing scrub interval from 895 cycles to 1118 cycles
Relaxing scrub interval from 1118 cycles to 1397 cycles
Relaxing scrub interval from 1397 cycles to 1746 cycles
Tightening scrub interval from 1746 cycles to 873 cycles
Relaxing scrub interval from 873 cycles to 1091 cycles
Relaxing scrub interval from 1091 cycles to 1363 cycles
Relaxing scrub interval from 1363 cycles to 1703 cycles
Tightening scrub interval from 1703 cycles to 851 cycles
Relaxing scrub interval from 851 cycles to 1063 cycles
Relaxing scrub interval from 1063 cycles to 1328 cycles
Relaxing scrub interval from 1328 cycles to 1660 cycles
Relaxing scrub interval from 1660 cycles to 2075 cycles
Relaxing scrub interval from 2075 cycles to 2593 cycles
Relaxing scrub interval from 2593 cycles to 3241 cycles
Relaxing scrub interval from 3241 cycles to 4051 cycles
Tightening scrub interval from 4051 cycles to 2025 cycles
Relaxing scrub interval from 2025 cycles to 2531 cycles
Relaxing scrub interval from 2531 cycles to 3163 cycles
Relaxing scrub interval from 3163 cycles to 3953 cycles
Tightening scrub interval from 3953 cycles to 1976 cycles
Relaxing scrub interval from 1976 cycles to 2470 cycles
Relaxing scrub interval from 2470 cycles to 3087 cycles
Tightening scrub interval from 3087 cycles to 1543 cycles
Tightening scrub interval from 1543 cycles to 771 cycles
Relaxing scrub interval from 771 cycles to 963 cycles
Relaxing scrub interval from 963 cycles to 1203 cycles
Relaxing scrub interval from 1203 cycles to 1503 cycles
Relaxing scrub interval from 1503 cycles to 1878 cycles
Tightening scrub interval from 1878 cycles to 939 cycles
Relaxing scrub interval from 939 cycles to 1173 cycles
Relaxing scrub interval from 1173 cycles to 1466 cycles
Relaxing scrub interval from 1466 cycles to 1832 cycles
Relaxing scrub interval from 1832 cycles to 2290 cycles
Relaxing scrub interval from 2290 cycles to 2862 cycles
Tightening scrub interval from 2862 cycles to 1431 cycles
Relaxing scrub interval from 1431 cycles to 1788 cycles
Relaxing scrub interval from 1788 cycles to 2235 cycles
Relaxing scrub interval from 2235 cycles to 2793 cycles
Tightening scrub interval from 2793 cycles to 1396 cycles
Relaxing scrub interval from 1396 cycles to 1745 cycles
Relaxing scrub interval from 1745 cycles to 2181 cycles
Relaxing scrub interval from 2181 cycles to 2726 cycles
Relaxing scrub interval from 2726 cycles to 3407 cycles
Relaxing scrub interval from 3407 cycles to 4258 cycles
Relaxing scrub interval from 4258 cycles to 5322 cycles
Tightening scrub interval from 5322 cycles to 2661 cycles
Relaxing scrub interval from 2661 cycles to 3326 cycles
Relaxing scrub interval from 3326 cycles to 4157 cycles
Relaxing scrub interval from 4157 cycles to 5196 cycles
Relaxing scrub interval from 5196 cycles to 6495 cycles
Relaxing scrub interval from 6495 cycles to 8118 cycles
Tightening scrub interval from 8118 cycles to 4059 cycles
Relaxing scrub interval from 4059 cycles to 5073 cycles
Relaxing scrub interval from 5073 cycles to 6341 cycles
Relaxing scrub interval from 6341 cycles to 7926 cycles
Relaxing scrub interval from 7926 cycles to 9907 cycles
Relaxing scrub interval from 9907 cycles to 12383 cycles
Relaxing scrub interval from 12383 cycles to 15478 cycles
Tightening scrub interval from 15478 cycles to 7739 cycles
Tightening scrub interval from 7739 cycles to 3869 cycles
Tightening scrub interval from 3869 cycles to 1934 cycles
Relaxing scrub interval from 1934 cycles to 2417 cycles
Tightening scrub interval from 2417 cycles to 1208 cycles
Relaxing scrub interval from 1208 cycles to 1510 cycles
Relaxing scrub interval from 1510 cycles to 1887 cycles
Relaxing scrub interval from 1887 cycles to 2358 cycles
Relaxing scrub interval from 2358 cycles to 2947 cycles
Relaxing scrub interval from 2947 cycles to 3683 cycles
Relaxing scrub interval from 3683 cycles to 4603 cycles
Relaxing scrub interval from 4603 cycles to 5753 cycles
Tightening scrub interval from 5753 cycles to 2876 cycles
Relaxing scrub interval from 2876 cycles to 3595 cycles
Relaxing scrub interval from 3595 cycles to 4493 cycles
Relaxing scrub interval from 4493 cycles to 5616 cycles
Relaxing scrub interval from 5616 cycles to 7020 cycles
Relaxing scrub interval from 7020 cycles to 8775 cycles
Relaxing scrub interval from 8775 cycles to 10968 cycles
Tightening scrub interval from 10968 cycles to 5484 cycles
Relaxing scrub interval from 5484 cycles to 6855 cycles
Tightening scrub interval from 6855 cycles to 3427 cycles
Tightening scrub interval from 3427 cycles to 1713 cycles
Relaxing scrub interval from 1713 cycles to 2141 cycles
Relaxing scrub interval from 2141 cycles to 2676 cycles
Relaxing scrub interval from 2676 cycles to 3345 cycles
Tightening scrub interval from 3345 cycles to 1672 cycles
Relaxing scrub interval from 1672 cycles to 2090 cycles
Relaxing scrub interval from 2090 cycles to 2612 cycles
Tightening scrub interval from 2612 cycles to 1306 cycles
Relaxing scrub interval from 1306 cycles to 1632 cycles
Relaxing scrub interval from 1632 cycles to 2040 cycles
Relaxing scrub interval from 2040 cycles to 2550 cycles
Tightening scrub interval from 2550 cycles to 1275 cycles
Relaxing scrub interval from 1275 cycles to 1593 cycles
Relaxing scrub interval from 1593 cycles to 1991 cycles
Relaxing scrub interval from 1991 cycles to 2488 cycles
Relaxing scrub interval from 2488 cycles to 3110 cycles
Relaxing scrub interval from 3110 cycles to 3887 cycles
Relaxing scrub interval from 3887 cycles to 4858 cycles
Tightening scrub interval from 4858 cycles to 2429 cycles
Tightening scrub interval from 2429 cycles to 1214 cycles
Relaxing scrub interval from 1214 cycles to 1517 cycles
Relaxing scrub interval from 1517 cycles to 1896 cycles
Relaxing scrub interval from 1896 cycles to 2370 cycles
Relaxing scrub interval from 2370 cycles to 2962 cycles
Relaxing scrub interval from 2962 cycles to 3702 cycles
Relaxing scrub interval from 3702 cycles to 4627 cycles
Tightening scrub interval from 4627 cycles to 2313 cycles
Relaxing scrub interval from 2313 cycles to 2891 cycles
Relaxing scrub interval from 2891 cycles to 3613 cycles
Tightening scrub interval from 3613 cycles to 1806 cycles
Relaxing scrub interval from 1806 cycles to 2257 cycles
Relaxing scrub interval from 2257 cycles to 2821 cycles
Relaxing scrub interval from 2821 cycles to 3526 cycles
Relaxing scrub interval from 3526 cycles to 4407 cycles
Relaxing scrub interval from 4407 cycles to 5508 cycles
Tightening scrub interval from 5508 cycles to 2754 cycles
Tightening scrub interval from 2754 cycles to 1377 cycles
Relaxing scrub interval from 1377 cycles to 1721 cycles
Relaxing scrub interval from 1721 cycles to 2151 cycles
Relaxing scrub interval from 2151 cycles to 2688 cycles
Relaxing scrub interval from 2688 cycles to 3360 cycles
Relaxing scrub interval from 3360 cycles to 4200 cycles
Relaxing scrub interval from 4200 cycles to 5250 cycles
Tightening scrub interval from 5250 cycles to 2625 cycles
Tightening scrub interval from 2625 cycles to 1312 cycles
Relaxing scrub interval from 1312 cycles to 1640 cycles
Relaxing scrub interval from 1640 cycles to 2050 cycles
Tightening scrub interval from 2050 cycles to 1025 cycles
Relaxing scrub interval from 1025 cycles to 1281 cycles
Tightening scrub interval from 1281 cycles to 640 cycles
Relaxing scrub interval from 640 cycles to 800 cycles
Relaxing scrub interval from 800 cycles to 1000 cycles
Relaxing scrub interval from 1000 cycles to 1250 cycles
Relaxing scrub interval from 1250 cycles to 1562 cycles
Relaxing scrub interval from 1562 cycles to 1952 cycles
Relaxing scrub interval from 1952 cycles to 2440 cycles
Relaxing scrub interval from 2440 cycles to 3050 cycles
Relaxing scrub interval from 3050 cycles to 3812 cycles
Relaxing scrub interval from 3812 cycles to 4765 cycles
Relaxing scrub interval from 4765 cycles to 5956 cycles
Relaxing scrub interval from 5956 cycles to 7445 cycles
Tightening scrub interval from 7445 cycles to 3722 cycles
Tightening scrub interval from 3722 cycles to 1861 cycles
Relaxing scrub interval from 1861 cycles to 2326 cycles
Relaxing scrub interval from 2326 cycles to 2907 cycles
Relaxing scrub interval from 2907 cycles to 3633 cycles
Relaxing scrub interval from 3633 cycles to 4541 cycles
Relaxing scrub interval from 4541 cycles to 5676 cycles
Relaxing scrub interval from 5676 cycles to 7095 cycles
Tightening scrub interval from 7095 cycles to 3547 cycles
Tightening scrub interval from 3547 cycles to 1773 cycles
Relaxing scrub interval from 1773 cycles to 2216 cycles
Relaxing scrub interval from 2216 cycles to 2770 cycles
Relaxing scrub interval from 2770 cycles to 3462 cycles
Tightening scrub interval from 3462 cycles to 1731 cycles
Tightening scrub interval from 1731 cycles to 865 cycles
Relaxing scrub interval from 865 cycles to 1081 cycles
Relaxing scrub interval from 1081 cycles to 1351 cycles
Relaxing scrub interval from 1351 cycles to 1688 cycles
Tightening scrub interval from 1688 cycles to 844 cycles
Relaxing scrub interval from 844 cycles to 1055 cycles
Relaxing scrub interval from 1055 cycles to 1318 cycles
Relaxing scrub interval from 1318 cycles to 1647 cycles
Relaxing scrub interval from 1647 cycles to 2058 cycles
Tightening scrub interval from 2058 cycles to 1029 cycles
Relaxing scrub interval from 1029 cycles to 1286 cycles
Relaxing scrub interval from 1286 cycles to 1607 cycles
Relaxing scrub interval from 1607 cycles to 2008 cycles
Relaxing scrub interval from 2008 cycles to 2510 cycles
Tightening scrub interval from 2510 cycles to 1255 cycles
Relaxing scrub interval from 1255 cycles to 1568 cycles
Tightening scrub interval from 1568 cycles to 784 cycles
Relaxing scrub interval from 784 cycles to 980 cycles
Relaxing scrub interval from 980 cycles to 1225 cycles
Relaxing scrub interval from 1225 cycles to 1531 cycles
Relaxing scrub interval from 1531 cycles to 1913 cycles
Relaxing scrub interval from 1913 cycles to 2391 cycles
Relaxing scrub interval from 2391 cycles to 2988 cycles
Tightening scrub interval from 2988 cycles to 1494 cycles
Tightening scrub interval from 1494 cycles to 747 cycles
Relaxing scrub interval from 747 cycles to 933 cycles
Relaxing scrub interval from 933 cycles to 1166 cycles
Relaxing scrub interval from 1166 cycles to 1457 cycles
Relaxing scrub interval from 1457 cycles to 1821 cycles
Relaxing scrub interval from 1821 cycles to 2276 cycles
Tightening scrub interval from 2276 cycles to 1138 cycles
Relaxing scrub interval from 1138 cycles to 1422 cycles
Tightening scrub interval from 1422 cycles to 711 cycles
Relaxing scrub interval from 711 cycles to 888 cycles
Relaxing scrub interval from 888 cycles to 1110 cycles
Relaxing scrub interval from 1110 cycles to 1387 cycles
Relaxing scrub interval from 1387 cycles to 1733 cycles
Relaxing scrub interval from 1733 cycles to 2166 cycles
Relaxing scrub interval from 2166 cycles to 2707 cycles
Relaxing scrub interval from 2707 cycles to 3383 cycles
Relaxing scrub interval from 3383 cycles to 4228 cycles
Relaxing scrub interval from 4228 cycles to 5285 cycles
Relaxing scrub interval from 5285 cycles to 6606 cycles
Tightening scrub interval from 6606 cycles to 3303 cycles
Relaxing scrub interval from 3303 cycles to 4128 cycles
Relaxing scrub interval from 4128 cycles to 5160 cycles
Tightening scrub interval from 5160 cycles to 2580 cycles
Relaxing scrub interval from 2580 cycles to 3225 cycles
Relaxing scrub interval from 3225 cycles to 4031 cycles
Tightening scrub interval from 4031 cycles to 2015 cycles
Relaxing scrub interval from 2015 cycles to 2518 cycles
Relaxing scrub interval from 2518 cycles to 3147 cycles
Relaxing scrub interval from 3147 cycles to 3933 cycles
Relaxing scrub interval from 3933 cycles to 4916 cycles
Relaxing scrub interval from 4916 cycles to 6145 cycles
Relaxing scrub interval from 6145 cycles to 7681 cycles
Tightening scrub interval from 7681 cycles to 3840 cycles
Tightening scrub interval from 3840 cycles to 1920 cycles
Relaxing scrub interval from 1920 cycles to 2400 cycles
Relaxing scrub interval from 2400 cycles to 3000 cycles
Relaxing scrub interval from 3000 cycles to 3750 cycles
Tightening scrub interval from 3750 cycles to 1875 cycles
Relaxing scrub interval from 1875 cycles to 2343 cycles
Relaxing scrub interval from 2343 cycles to 2928 cycles
Tightening scrub interval from 2928 cycles to 1464 cycles
Relaxing scrub interval from 1464 cycles to 1830 cycles
Relaxing scrub interval from 1830 cycles to 2287 cycles
Relaxing scrub interval from 2287 cycles to 2858 cycles
Tightening scrub interval from 2858 cycles to 1429 cycles
Tightening scrub interval from 1429 cycles to 714 cycles
Tightening scrub interval from 714 cycles to 357 cycles
Relaxing scrub interval from 357 cycles to 446 cycles
Relaxing scrub interval from 446 cycles to 557 cycles
Relaxing scrub interval from 557 cycles to 696 cycles
Relaxing scrub interval from 696 cycles to 870 cycles
Relaxing scrub interval from 870 cycles to 1087 cycles
Relaxing scrub interval from 1087 cycles to 1358 cycles
Tightening scrub interval from 1358 cycles to 679 cycles
Relaxing scrub interval from 679 cycles to 848 cycles
Relaxing scrub interval from 848 cycles to 1060 cycles
Relaxing scrub interval from 1060 cycles to 1325 cycles
Relaxing scrub interval from 1325 cycles to 1656 cycles
Relaxing scrub interval from 1656 cycles to 2070 cycles
Relaxing scrub interval from 2070 cycles to 2587 cycles
Tightening scrub interval from 2587 cycles to 1293 cycles
Tightening scrub interval from 1293 cycles to 646 cycles
Relaxing scrub interval from 646 cycles to 807 cycles
Relaxing scrub interval from 807 cycles to 1008 cycles
Relaxing scrub interval from 1008 cycles to 1260 cycles
Tightening scrub interval from 1260 cycles to 630 cycles
Relaxing scrub interval from 630 cycles to 787 cycles
Relaxing scrub interval from 787 cycles to 983 cycles
Relaxing scrub interval from 983 cycles to 1228 cycles
Relaxing scrub interval from 1228 cycles to 1535 cycles
Relaxing scrub interval from 1535 cycles to 1918 cycles
Tightening scrub interval from 1918 cycles to 959 cycles
Relaxing scrub interval from 959 cycles to 1198 cycles
Relaxing scrub interval from 1198 cycles to 1497 cycles
Relaxing scrub interval from 1497 cycles to 1871 cycles
Relaxing scrub interval from 1871 cycles to 2338 cycles
Relaxing scrub interval from 2338 cycles to 2922 cycles
Relaxing scrub interval from 2922 cycles to 3652 cycles
Tightening scrub interval from 3652 cycles to 1826 cycles
Relaxing scrub interval from 1826 cycles to 2282 cycles
Tightening scrub interval from 2282 cycles to 1141 cycles
Tightening scrub interval from 1141 cycles to 570 cycles
Relaxing scrub interval from 570 cycles to 712 cycles
Relaxing scrub interval from 712 cycles to 890 cycles
Relaxing scrub interval from 890 cycles to 1112 cycles
Relaxing scrub interval from 1112 cycles to 1390 cycles
Relaxing scrub interval from 1390 cycles to 1737 cycles
Tightening scrub interval from 1737 cycles to 868 cycles
Relaxing scrub interval from 868 cycles to 1085 cycles
Relaxing scrub interval from 1085 cycles to 1356 cycles
Relaxing scrub interval from 1356 cycles to 1695 cycles
Relaxing scrub interval from 1695 cycles to 2118 cycles
Tightening scrub interval from 2118 cycles to 1059 cycles
Relaxing scrub interval from 1059 cycles to 1323 cycles
Tightening scrub interval from 1323 cycles to 661 cycles
Relaxing scrub interval from 661 cycles to 826 cycles
Relaxing scrub interval from 826 cycles to 1032 cycles
Relaxing scrub interval from 1032 cycles to 1290 cycles
Relaxing scrub interval from 1290 cycles to 1612 cycles
Relaxing scrub interval from 1612 cycles to 2015 cycles
Relaxing scrub interval from 2015 cycles to 2518 cycles
Relaxing scrub interval from 2518 cycles to 3147 cycles
Tightening scrub interval from 3147 cycles to 1573 cycles
Relaxing scrub interval from 1573 cycles to 1966 cycles
Relaxing scrub interval from 1966 cycles to 2457 cycles
Relaxing scrub interval from 2457 cycles to 3071 cycles
Relaxing scrub interval from 3071 cycles to 3838 cycles
Tightening scrub interval from 3838 cycles to 1919 cycles
Tightening scrub interval from 1919 cycles to 959 cycles
Relaxing scrub interval from 959 cycles to 1198 cycles
Relaxing scrub interval from 1198 cycles to 1497 cycles
Relaxing scrub interval from 1497 cycles to 1871 cycles
Relaxing scrub interval from 1871 cycles to 2338 cycles
Relaxing scrub interval from 2338 cycles to 2922 cycles
Relaxing scrub interval from 2922 cycles to 3652 cycles
Relaxing scrub interval from 3652 cycles to 4565 cycles
Relaxing scrub interval from 4565 cycles to 5706 cycles
Relaxing scrub interval from 5706 cycles to 7132 cycles
Relaxing scrub interval from 7132 cycles to 8915 cycles
Tightening scrub interval from 8915 cycles to 4457 cycles
Relaxing scrub interval from 4457 cycles to 5571 cycles
Relaxing scrub interval from 5571 cycles to 6963 cycles
Relaxing scrub interval from 6963 cycles to 8703 cycles
Relaxing scrub interval from 8703 cycles to 10878 cycles
Tightening scrub interval from 10878 cycles to 5439 cycles
Relaxing scrub interval from 5439 cycles to 6798 cycles
Relaxing scrub interval from 6798 cycles to 8497 cycles
Tightening scrub interval from 8497 cycles to 4248 cycles
Relaxing scrub interval from 4248 cycles to 5310 cycles
Relaxing scrub interval from 5310 cycles to 6637 cycles
Relaxing scrub interval from 6637 cycles to 8296 cycles
Relaxing scrub interval from 8296 cycles to 10370 cycles
Relaxing scrub interval from 10370 cycles to 12962 cycles
Relaxing scrub interval from 12962 cycles to 16202 cycles
Relaxing scrub interval from 16202 cycles to 20252 cycles
Relaxing scrub interval from 20252 cycles to 25315 cycles
Relaxing scrub interval from 25315 cycles to 31643 cycles
Tightening scrub interval from 31643 cycles to 15821 cycles
