warn: No dot file generated. Please install pydot to generate the dot file and pdf.
Scrubbing enabled with adaptive interval starting at 10 cycles, tightening factor 2, relax factor 1.25
src/arch/riscv/isa.cc:275: info: RVV enabled, VLEN = 256 bits, ELEN = 64 bits
src/arch/riscv/linux/se_workload.cc:60: warn: Unknown operating system; assuming Linux.
src/base/statistics.hh:279: warn: One of the stats is a legacy stat. Legacy stat is a stat that does not belong to any statistics::Group. Legacy stat is deprecated.
src/base/remote_gdb.cc:418: warn: Sockets disabled, not accepting gdb connections
src/sim/simulate.cc:199: info: Entering event queue @ 0.  Starting simulation...
Relaxing scrub interval from 10 cycles to 12 cycles
Relaxing scrub interval from 12 cycles to 15 cycles
Relaxing scrub interval from 15 cycles to 18 cycles
Relaxing scrub interval from 18 cycles to 22 cycles
Relaxing scrub interval from 22 cycles to 27 cycles
Relaxing scrub interval from 27 cycles to 33 cycles
Relaxing scrub interval from 33 cycles to 41 cycles
Relaxing scrub interval from 41 cycles to 51 cycles
Relaxing scrub interval from 51 cycles to 63 cycles
Relaxing scrub interval from 63 cycles to 78 cycles
Relaxing scrub interval from 78 cycles to 97 cycles
Relaxing scrub interval from 97 cycles to 121 cycles
Relaxing scrub interval from 121 cycles to 151 cycles
Relaxing scrub interval from 151 cycles to 188 cycles
Relaxing scrub interval from 188 cycles to 235 cycles
Relaxing scrub interval from 235 cycles to 293 cycles
Relaxing scrub interval from 293 cycles to 366 cycles
Relaxing scrub interval from 366 cycles to 457 cycles
Relaxing scrub interval from 457 cycles to 571 cycles
Relaxing scrub interval from 571 cycles to 713 cycles
Relaxing scrub interval from 713 cycles to 891 cycles
Relaxing scrub interval from 891 cycles to 1113 cycles
Relaxing scrub interval from 1113 cycles to 1391 cycles
Relaxing scrub interval from 1391 cycles to 1738 cycles
Relaxing scrub interval from 1738 cycles to 2172 cycles
Relaxing scrub interval from 2172 cycles to 2715 cycles
Relaxing scrub interval from 2715 cycles to 3393 cycles
Relaxing scrub interval from 3393 cycles to 4241 cycles
Relaxing scrub interval from 4241 cycles to 5301 cycles
Relaxing scrub interval from 5301 cycles to 6626 cycles
Relaxing scrub interval from 6626 cycles to 8282 cycles
Relaxing scrub interval from 8282 cycles to 10352 cycles
Relaxing scrub interval from 10352 cycles to 12940 cycles
Relaxing scrub interval from 12940 cycles to 16175 cycles
Relaxing scrub interval from 16175 cycles to 20218 cycles
Tightening scrub interval from 20218 cycles to 10109 cycles
Relaxing scrub interval from 10109 cycles to 12636 cycles
Relaxing scrub interval from 12636 cycles to 15795 cycles
Tightening scrub interval from 15795 cycles to 7897 cycles
Relaxing scrub interval from 7897 cycles to 9871 cycles
Tightening scrub interval from 9871 cycles to 4935 cycles
Relaxing scrub interval from 4935 cycles to 6168 cycles
Relaxing scrub interval from 6168 cycles to 7710 cycles
Relaxing scrub interval from 7710 cycles to 9637 cycles
Relaxing scrub interval from 9637 cycles to 12046 cycles
Tightening scrub interval from 12046 cycles to 6023 cycles
Relaxing scrub interval from 6023 cycles to 7528 cycles
Relaxing scrub interval from 7528 cycles to 9410 cycles
Relaxing scrub interval from 9410 cycles to 11762 cycles
Relaxing scrub interval from 11762 cycles to 14702 cycles
Tightening scrub interval from 14702 cycles to 7351 cycles
Tightening scrub interval from 7351 cycles to 3675 cycles
Relaxing scrub interval from 3675 cycles to 4593 cycles
Relaxing scrub interval from 4593 cycles to 5741 cycles
Relaxing scrub interval from 5741 cycles to 7176 cycles
Relaxing scrub interval from 7176 cycles to 8970 cycles
Relaxing scrub interval from 8970 cycles to 11212 cycles
Tightening scrub interval from 11212 cycles to 5606 cycles
Relaxing scrub interval from 5606 cycles to 7007 cycles
Tightening scrub interval from 7007 cycles to 3503 cycles
Relaxing scrub interval from 3503 cycles to 4378 cycles
Relaxing scrub interval from 4378 cycles to 5472 cycles
Tightening scrub interval from 5472 cycles to 2736 cycles
Relaxing scrub interval from 2736 cycles to 3420 cycles
Relaxing scrub interval from 3420 cycles to 4275 cycles
Relaxing scrub interval from 4275 cycles to 5343 cycles
Relaxing scrub interval from 5343 cycles to 6678 cycles
Relaxing scrub interval from 6678 cycles to 8347 cycles
