warn: No dot file generated. Please install pydot to generate the dot file and pdf.
Scrubbing enabled with adaptive interval starting at 10 cycles, tightening factor 2, relax factor 1.25
src/arch/riscv/isa.cc:275: info: RVV enabled, VLEN = 256 bits, ELEN = 64 bits
src/base/statistics.hh:279: warn: One of the stats is a legacy stat. Legacy stat is a stat that does not belong to any statistics::Group. Legacy stat is deprecated.
src/base/remote_gdb.cc:418: warn: Sockets disabled, not accepting gdb connections
src/sim/simulate.cc:199: info: Entering event queue @ 0.  Starting simulation...
Relaxing scrub interval from 10 cycles to 12 cycles
Relaxing scrub interval from 12 cycles to 15 cycles
Relaxing scrub interval from 15 cycles to 18 cycles
Relaxing scrub interval from 18 cycles to 22 cycles
Relaxing scrub interval from 22 cycles to 27 cycles
Relaxing scrub interval from 27 cycles to 33 cycles
Relaxing scrub interval from 33 cycles to 41 cycles
Relaxing scrub interval from 41 cycles to 51 cycles
Relaxing scrub interval from 51 cycles to 63 cycles
Relaxing scrub interval from 63 cycles to 78 cycles
Relaxing scrub interval from 78 cycles to 97 cycles
Relaxing scrub interval from 97 cycles to 121 cycles
Relaxing scrub interval from 121 cycles to 151 cycles
Relaxing scrub interval from 151 cycles to 188 cycles
Relaxing scrub interval from 188 cycles to 235 cycles
Relaxing scrub interval from 235 cycles to 293 cycles
Relaxing scrub interval from 293 cycles to 366 cycles
Relaxing scrub interval from 366 cycles to 457 cycles
Relaxing scrub interval from 457 cycles to 571 cycles
Relaxing scrub interval from 571 cycles to 713 cycles
Relaxing scrub interval from 713 cycles to 891 cycles
src/sim/syscall_emul.cc:86: warn: ignoring syscall set_robust_list(...)
      (further warnings will be suppressed)
Relaxing scrub interval from 891 cycles to 1113 cycles
Relaxing scrub interval from 1113 cycles to 1391 cycles
src/sim/syscall_emul.hh:1014: warn: readlink() called on '/proc/self/exe' may yield unexpected results in various settings.
      Returning '/home/cs1952y-user/gem5/1952y-fp/gem5/tests/test-progs/cs1952y-fp/alt'
src/sim/mem_state.cc:448: info: Increasing stack size by one page.
Relaxing scrub interval from 1391 cycles to 1738 cycles
Relaxing scrub interval from 1738 cycles to 2172 cycles
Relaxing scrub interval from 2172 cycles to 2715 cycles
Relaxing scrub interval from 2715 cycles to 3393 cycles
Relaxing scrub interval from 3393 cycles to 4241 cycles
src/sim/syscall_emul.cc:75: warn: ignoring syscall mprotect(...) at tick 17327000
Relaxing scrub interval from 4241 cycles to 5301 cycles
Relaxing scrub interval from 5301 cycles to 6626 cycles
Relaxing scrub interval from 6626 cycles to 8282 cycles
Relaxing scrub interval from 8282 cycles to 10352 cycles
Relaxing scrub interval from 10352 cycles to 12940 cycles
Relaxing scrub interval from 12940 cycles to 16175 cycles
Relaxing scrub interval from 16175 cycles to 20218 cycles
Tightening scrub interval from 20218 cycles to 10109 cycles
Tightening scrub interval from 10109 cycles to 5054 cycles
Relaxing scrub interval from 5054 cycles to 6317 cycles
Relaxing scrub interval from 6317 cycles to 7896 cycles
Relaxing scrub interval from 7896 cycles to 9870 cycles
Relaxing scrub interval from 9870 cycles to 12337 cycles
Tightening scrub interval from 12337 cycles to 6168 cycles
Tightening scrub interval from 6168 cycles to 3084 cycles
Relaxing scrub interval from 3084 cycles to 3855 cycles
Tightening scrub interval from 3855 cycles to 1927 cycles
Tightening scrub interval from 1927 cycles to 963 cycles
Relaxing scrub interval from 963 cycles to 1203 cycles
Relaxing scrub interval from 1203 cycles to 1503 cycles
Tightening scrub interval from 1503 cycles to 751 cycles
Tightening scrub interval from 751 cycles to 375 cycles
Relaxing scrub interval from 375 cycles to 468 cycles
Relaxing scrub interval from 468 cycles to 585 cycles
Relaxing scrub interval from 585 cycles to 731 cycles
Relaxing scrub interval from 731 cycles to 913 cycles
Relaxing scrub interval from 913 cycles to 1141 cycles
Relaxing scrub interval from 1141 cycles to 1426 cycles
Relaxing scrub interval from 1426 cycles to 1782 cycles
Relaxing scrub interval from 1782 cycles to 2227 cycles
Relaxing scrub interval from 2227 cycles to 2783 cycles
Tightening scrub interval from 2783 cycles to 1391 cycles
Relaxing scrub interval from 1391 cycles to 1738 cycles
Relaxing scrub interval from 1738 cycles to 2172 cycles
Relaxing scrub interval from 2172 cycles to 2715 cycles
Relaxing scrub interval from 2715 cycles to 3393 cycles
Relaxing scrub interval from 3393 cycles to 4241 cycles
Tightening scrub interval from 4241 cycles to 2120 cycles
Relaxing scrub interval from 2120 cycles to 2650 cycles
Relaxing scrub interval from 2650 cycles to 3312 cycles
Relaxing scrub interval from 3312 cycles to 4140 cycles
Relaxing scrub interval from 4140 cycles to 5175 cycles
Tightening scrub interval from 5175 cycles to 2587 cycles
Tightening scrub interval from 2587 cycles to 1293 cycles
Relaxing scrub interval from 1293 cycles to 1616 cycles
Relaxing scrub interval from 1616 cycles to 2020 cycles
Tightening scrub interval from 2020 cycles to 1010 cycles
Relaxing scrub interval from 1010 cycles to 1262 cycles
Relaxing scrub interval from 1262 cycles to 1577 cycles
Relaxing scrub interval from 1577 cycles to 1971 cycles
Relaxing scrub interval from 1971 cycles to 2463 cycles
Relaxing scrub interval from 2463 cycles to 3078 cycles
Tightening scrub interval from 3078 cycles to 1539 cycles
Relaxing scrub interval from 1539 cycles to 1923 cycles
Relaxing scrub interval from 1923 cycles to 2403 cycles
Tightening scrub interval from 2403 cycles to 1201 cycles
Relaxing scrub interval from 1201 cycles to 1501 cycles
Tightening scrub interval from 1501 cycles to 750 cycles
Relaxing scrub interval from 750 cycles to 937 cycles
Relaxing scrub interval from 937 cycles to 1171 cycles
Relaxing scrub interval from 1171 cycles to 1463 cycles
Relaxing scrub interval from 1463 cycles to 1828 cycles
Relaxing scrub interval from 1828 cycles to 2285 cycles
Relaxing scrub interval from 2285 cycles to 2856 cycles
Relaxing scrub interval from 2856 cycles to 3570 cycles
Relaxing scrub interval from 3570 cycles to 4462 cycles
Relaxing scrub interval from 4462 cycles to 5577 cycles
Relaxing scrub interval from 5577 cycles to 6971 cycles
Relaxing scrub interval from 6971 cycles to 8713 cycles
Tightening scrub interval from 8713 cycles to 4356 cycles
Relaxing scrub interval from 4356 cycles to 5445 cycles
Relaxing scrub interval from 5445 cycles to 6806 cycles
Tightening scrub interval from 6806 cycles to 3403 cycles
Relaxing scrub interval from 3403 cycles to 4253 cycles
Tightening scrub interval from 4253 cycles to 2126 cycles
Relaxing scrub interval from 2126 cycles to 2657 cycles
Relaxing scrub interval from 2657 cycles to 3321 cycles
Tightening scrub interval from 3321 cycles to 1660 cycles
Relaxing scrub interval from 1660 cycles to 2075 cycles
Relaxing scrub interval from 2075 cycles to 2593 cycles
Tightening scrub interval from 2593 cycles to 1296 cycles
Relaxing scrub interval from 1296 cycles to 1620 cycles
Relaxing scrub interval from 1620 cycles to 2025 cycles
Tightening scrub interval from 2025 cycles to 1012 cycles
Relaxing scrub interval from 1012 cycles to 1265 cycles
Relaxing scrub interval from 1265 cycles to 1581 cycles
Relaxing scrub interval from 1581 cycles to 1976 cycles
Tightening scrub interval from 1976 cycles to 988 cycles
Relaxing scrub interval from 988 cycles to 1235 cycles
Tightening scrub interval from 1235 cycles to 617 cycles
Relaxing scrub interval from 617 cycles to 771 cycles
Relaxing scrub interval from 771 cycles to 963 cycles
Relaxing scrub interval from 963 cycles to 1203 cycles
Relaxing scrub interval from 1203 cycles to 1503 cycles
Relaxing scrub interval from 1503 cycles to 1878 cycles
Relaxing scrub interval from 1878 cycles to 2347 cycles
Relaxing scrub interval from 2347 cycles to 2933 cycles
Tightening scrub interval from 2933 cycles to 1466 cycles
Tightening scrub interval from 1466 cycles to 733 cycles
Tightening scrub interval from 733 cycles to 366 cycles
Relaxing scrub interval from 366 cycles to 457 cycles
Relaxing scrub interval from 457 cycles to 571 cycles
Relaxing scrub interval from 571 cycles to 713 cycles
Relaxing scrub interval from 713 cycles to 891 cycles
Relaxing scrub interval from 891 cycles to 1113 cycles
Relaxing scrub interval from 1113 cycles to 1391 cycles
Relaxing scrub interval from 1391 cycles to 1738 cycles
Tightening scrub interval from 1738 cycles to 869 cycles
Relaxing scrub interval from 869 cycles to 1086 cycles
Relaxing scrub interval from 1086 cycles to 1357 cycles
Relaxing scrub interval from 1357 cycles to 1696 cycles
Relaxing scrub interval from 1696 cycles to 2120 cycles
Tightening scrub interval from 2120 cycles to 1060 cycles
Relaxing scrub interval from 1060 cycles to 1325 cycles
Relaxing scrub interval from 1325 cycles to 1656 cycles
Relaxing scrub interval from 1656 cycles to 2070 cycles
Relaxing scrub interval from 2070 cycles to 2587 cycles
Relaxing scrub interval from 2587 cycles to 3233 cycles
Tightening scrub interval from 3233 cycles to 1616 cycles
Relaxing scrub interval from 1616 cycles to 2020 cycles
Relaxing scrub interval from 2020 cycles to 2525 cycles
Tightening scrub interval from 2525 cycles to 1262 cycles
Relaxing scrub interval from 1262 cycles to 1577 cycles
Relaxing scrub interval from 1577 cycles to 1971 cycles
Relaxing scrub interval from 1971 cycles to 2463 cycles
Relaxing scrub interval from 2463 cycles to 3078 cycles
Relaxing scrub interval from 3078 cycles to 3847 cycles
Tightening scrub interval from 3847 cycles to 1923 cycles
Relaxing scrub interval from 1923 cycles to 2403 cycles
Relaxing scrub interval from 2403 cycles to 3003 cycles
Tightening scrub interval from 3003 cycles to 1501 cycles
Tightening scrub interval from 1501 cycles to 750 cycles
Relaxing scrub interval from 750 cycles to 937 cycles
Relaxing scrub interval from 937 cycles to 1171 cycles
Relaxing scrub interval from 1171 cycles to 1463 cycles
Relaxing scrub interval from 1463 cycles to 1828 cycles
Relaxing scrub interval from 1828 cycles to 2285 cycles
Relaxing scrub interval from 2285 cycles to 2856 cycles
Relaxing scrub interval from 2856 cycles to 3570 cycles
Relaxing scrub interval from 3570 cycles to 4462 cycles
Tightening scrub interval from 4462 cycles to 2231 cycles
Relaxing scrub interval from 2231 cycles to 2788 cycles
Tightening scrub interval from 2788 cycles to 1394 cycles
Relaxing scrub interval from 1394 cycles to 1742 cycles
Relaxing scrub interval from 1742 cycles to 2177 cycles
Tightening scrub interval from 2177 cycles to 1088 cycles
Relaxing scrub interval from 1088 cycles to 1360 cycles
Relaxing scrub interval from 1360 cycles to 1700 cycles
Relaxing scrub interval from 1700 cycles to 2125 cycles
Tightening scrub interval from 2125 cycles to 1062 cycles
Tightening scrub interval from 1062 cycles to 531 cycles
Relaxing scrub interval from 531 cycles to 663 cycles
Relaxing scrub interval from 663 cycles to 828 cycles
Tightening scrub interval from 828 cycles to 414 cycles
Relaxing scrub interval from 414 cycles to 517 cycles
Relaxing scrub interval from 517 cycles to 646 cycles
Relaxing scrub interval from 646 cycles to 807 cycles
Relaxing scrub interval from 807 cycles to 1008 cycles
Tightening scrub interval from 1008 cycles to 504 cycles
Relaxing scrub interval from 504 cycles to 630 cycles
Relaxing scrub interval from 630 cycles to 787 cycles
Relaxing scrub interval from 787 cycles to 983 cycles
Tightening scrub interval from 983 cycles to 491 cycles
Relaxing scrub interval from 491 cycles to 613 cycles
Relaxing scrub interval from 613 cycles to 766 cycles
Relaxing scrub interval from 766 cycles to 957 cycles
Relaxing scrub interval from 957 cycles to 1196 cycles
Tightening scrub interval from 1196 cycles to 598 cycles
Relaxing scrub interval from 598 cycles to 747 cycles
Relaxing scrub interval from 747 cycles to 933 cycles
Relaxing scrub interval from 933 cycles to 1166 cycles
Relaxing scrub interval from 1166 cycles to 1457 cycles
Relaxing scrub interval from 1457 cycles to 1821 cycles
Relaxing scrub interval from 1821 cycles to 2276 cycles
Relaxing scrub interval from 2276 cycles to 2845 cycles
Relaxing scrub interval from 2845 cycles to 3556 cycles
Tightening scrub interval from 3556 cycles to 1778 cycles
Relaxing scrub interval from 1778 cycles to 2222 cycles
Relaxing scrub interval from 2222 cycles to 2777 cycles
Relaxing scrub interval from 2777 cycles to 3471 cycles
Tightening scrub interval from 3471 cycles to 1735 cycles
Relaxing scrub interval from 1735 cycles to 2168 cycles
Relaxing scrub interval from 2168 cycles to 2710 cycles
Relaxing scrub interval from 2710 cycles to 3387 cycles
Relaxing scrub interval from 3387 cycles to 4233 cycles
Relaxing scrub interval from 4233 cycles to 5291 cycles
Relaxing scrub interval from 5291 cycles to 6613 cycles
Relaxing scrub interval from 6613 cycles to 8266 cycles
Relaxing scrub interval from 8266 cycles to 10332 cycles
Tightening scrub interval from 10332 cycles to 5166 cycles
Relaxing scrub interval from 5166 cycles to 6457 cycles
Tightening scrub interval from 6457 cycles to 3228 cycles
Tightening scrub interval from 3228 cycles to 1614 cycles
Relaxing scrub interval from 1614 cycles to 2017 cycles
Relaxing scrub interval from 2017 cycles to 2521 cycles
Relaxing scrub interval from 2521 cycles to 3151 cycles
Tightening scrub interval from 3151 cycles to 1575 cycles
Relaxing scrub interval from 1575 cycles to 1968 cycles
Relaxing scrub interval from 1968 cycles to 2460 cycles
Relaxing scrub interval from 2460 cycles to 3075 cycles
Tightening scrub interval from 3075 cycles to 1537 cycles
Relaxing scrub interval from 1537 cycles to 1921 cycles
Tightening scrub interval from 1921 cycles to 960 cycles
Relaxing scrub interval from 960 cycles to 1200 cycles
Relaxing scrub interval from 1200 cycles to 1500 cycles
Relaxing scrub interval from 1500 cycles to 1875 cycles
Relaxing scrub interval from 1875 cycles to 2343 cycles
Tightening scrub interval from 2343 cycles to 1171 cycles
Relaxing scrub interval from 1171 cycles to 1463 cycles
Relaxing scrub interval from 1463 cycles to 1828 cycles
Relaxing scrub interval from 1828 cycles to 2285 cycles
Relaxing scrub interval from 2285 cycles to 2856 cycles
Relaxing scrub interval from 2856 cycles to 3570 cycles
Relaxing scrub interval from 3570 cycles to 4462 cycles
Relaxing scrub interval from 4462 cycles to 5577 cycles
Relaxing scrub interval from 5577 cycles to 6971 cycles
Relaxing scrub interval from 6971 cycles to 8713 cycles
Relaxing scrub interval from 8713 cycles to 10891 cycles
Tightening scrub interval from 10891 cycles to 5445 cycles
Relaxing scrub interval from 5445 cycles to 6806 cycles
Tightening scrub interval from 6806 cycles to 3403 cycles
Relaxing scrub interval from 3403 cycles to 4253 cycles
Tightening scrub interval from 4253 cycles to 2126 cycles
Relaxing scrub interval from 2126 cycles to 2657 cycles
Relaxing scrub interval from 2657 cycles to 3321 cycles
Relaxing scrub interval from 3321 cycles to 4151 cycles
Tightening scrub interval from 4151 cycles to 2075 cycles
Relaxing scrub interval from 2075 cycles to 2593 cycles
Relaxing scrub interval from 2593 cycles to 3241 cycles
Relaxing scrub interval from 3241 cycles to 4051 cycles
Relaxing scrub interval from 4051 cycles to 5063 cycles
Relaxing scrub interval from 5063 cycles to 6328 cycles
Tightening scrub interval from 6328 cycles to 3164 cycles
Relaxing scrub interval from 3164 cycles to 3955 cycles
Tightening scrub interval from 3955 cycles to 1977 cycles
Relaxing scrub interval from 1977 cycles to 2471 cycles
Relaxing scrub interval from 2471 cycles to 3088 cycles
Tightening scrub interval from 3088 cycles to 1544 cycles
Relaxing scrub interval from 1544 cycles to 1930 cycles
Relaxing scrub interval from 1930 cycles to 2412 cycles
Tightening scrub interval from 2412 cycles to 1206 cycles
Relaxing scrub interval from 1206 cycles to 1507 cycles
Tightening scrub interval from 1507 cycles to 753 cycles
Tightening scrub interval from 753 cycles to 376 cycles
Relaxing scrub interval from 376 cycles to 470 cycles
Relaxing scrub interval from 470 cycles to 587 cycles
Tightening scrub interval from 587 cycles to 293 cycles
Relaxing scrub interval from 293 cycles to 366 cycles
Relaxing scrub interval from 366 cycles to 457 cycles
Tightening scrub interval from 457 cycles to 228 cycles
Relaxing scrub interval from 228 cycles to 285 cycles
Relaxing scrub interval from 285 cycles to 356 cycles
Relaxing scrub interval from 356 cycles to 445 cycles
Relaxing scrub interval from 445 cycles to 556 cycles
Relaxing scrub interval from 556 cycles to 695 cycles
Relaxing scrub interval from 695 cycles to 868 cycles
Relaxing scrub interval from 868 cycles to 1085 cycles
Tightening scrub interval from 1085 cycles to 542 cycles
Relaxing scrub interval from 542 cycles to 677 cycles
Relaxing scrub interval from 677 cycles to 846 cycles
Relaxing scrub interval from 846 cycles to 1057 cycles
Relaxing scrub interval from 1057 cycles to 1321 cycles
Relaxing scrub interval from 1321 cycles to 1651 cycles
Relaxing scrub interval from 1651 cycles to 2063 cycles
Relaxing scrub interval from 2063 cycles to 2578 cycles
Relaxing scrub interval from 2578 cycles to 3222 cycles
Relaxing scrub interval from 3222 cycles to 4027 cycles
Relaxing scrub interval from 4027 cycles to 5033 cycles
Tightening scrub interval from 5033 cycles to 2516 cycles
Relaxing scrub interval from 2516 cycles to 3145 cycles
Tightening scrub interval from 3145 cycles to 1572 cycles
Relaxing scrub interval from 1572 cycles to 1965 cycles
Relaxing scrub interval from 1965 cycles to 2456 cycles
Relaxing scrub interval from 2456 cycles to 3070 cycles
Relaxing scrub interval from 3070 cycles to 3837 cycles
Relaxing scrub interval from 3837 cycles to 4796 cycles
Tightening scrub interval from 4796 cycles to 2398 cycles
Tightening scrub interval from 2398 cycles to 1199 cycles
Relaxing scrub interval from 1199 cycles to 1498 cycles
Relaxing scrub interval from 1498 cycles to 1872 cycles
Relaxing scrub interval from 1872 cycles to 2340 cycles
Tightening scrub interval from 2340 cycles to 1170 cycles
Relaxing scrub interval from 1170 cycles to 1462 cycles
Relaxing scrub interval from 1462 cycles to 1827 cycles
Relaxing scrub interval from 1827 cycles to 2283 cycles
Tightening scrub interval from 2283 cycles to 1141 cycles
Relaxing scrub interval from 1141 cycles to 1426 cycles
Relaxing scrub interval from 1426 cycles to 1782 cycles
Relaxing scrub interval from 1782 cycles to 2227 cycles
Relaxing scrub interval from 2227 cycles to 2783 cycles
Relaxing scrub interval from 2783 cycles to 3478 cycles
Relaxing scrub interval from 3478 cycles to 4347 cycles
Relaxing scrub interval from 4347 cycles to 5433 cycles
Relaxing scrub interval from 5433 cycles to 6791 cycles
Tightening scrub interval from 6791 cycles to 3395 cycles
Relaxing scrub interval from 3395 cycles to 4243 cycles
Relaxing scrub interval from 4243 cycles to 5303 cycles
Tightening scrub interval from 5303 cycles to 2651 cycles
Relaxing scrub interval from 2651 cycles to 3313 cycles
Relaxing scrub interval from 3313 cycles to 4141 cycles
Relaxing scrub interval from 4141 cycles to 5176 cycles
Tightening scrub interval from 5176 cycles to 2588 cycles
Relaxing scrub interval from 2588 cycles to 3235 cycles
Relaxing scrub interval from 3235 cycles to 4043 cycles
Relaxing scrub interval from 4043 cycles to 5053 cycles
Relaxing scrub interval from 5053 cycles to 6316 cycles
Relaxing scrub interval from 6316 cycles to 7895 cycles
Relaxing scrub interval from 7895 cycles to 9868 cycles
Relaxing scrub interval from 9868 cycles to 12335 cycles
Tightening scrub interval from 12335 cycles to 6167 cycles
Relaxing scrub interval from 6167 cycles to 7708 cycles
Tightening scrub interval from 7708 cycles to 3854 cycles
Relaxing scrub interval from 3854 cycles to 4817 cycles
Relaxing scrub interval from 4817 cycles to 6021 cycles
Tightening scrub interval from 6021 cycles to 3010 cycles
Relaxing scrub interval from 3010 cycles to 3762 cycles
Relaxing scrub interval from 3762 cycles to 4702 cycles
Relaxing scrub interval from 4702 cycles to 5877 cycles
Tightening scrub interval from 5877 cycles to 2938 cycles
Relaxing scrub interval from 2938 cycles to 3672 cycles
Tightening scrub interval from 3672 cycles to 1836 cycles
Relaxing scrub interval from 1836 cycles to 2295 cycles
Relaxing scrub interval from 2295 cycles to 2868 cycles
Relaxing scrub interval from 2868 cycles to 3585 cycles
Relaxing scrub interval from 3585 cycles to 4481 cycles
Tightening scrub interval from 4481 cycles to 2240 cycles
Relaxing scrub interval from 2240 cycles to 2800 cycles
Relaxing scrub interval from 2800 cycles to 3500 cycles
Relaxing scrub interval from 3500 cycles to 4375 cycles
Relaxing scrub interval from 4375 cycles to 5468 cycles
Relaxing scrub interval from 5468 cycles to 6835 cycles
Tightening scrub interval from 6835 cycles to 3417 cycles
Tightening scrub interval from 3417 cycles to 1708 cycles
Relaxing scrub interval from 1708 cycles to 2135 cycles
Relaxing scrub interval from 2135 cycles to 2668 cycles
Relaxing scrub interval from 2668 cycles to 3335 cycles
Relaxing scrub interval from 3335 cycles to 4168 cycles
Relaxing scrub interval from 4168 cycles to 5210 cycles
Tightening scrub interval from 5210 cycles to 2605 cycles
Relaxing scrub interval from 2605 cycles to 3256 cycles
Relaxing scrub interval from 3256 cycles to 4070 cycles
Relaxing scrub interval from 4070 cycles to 5087 cycles
Relaxing scrub interval from 5087 cycles to 6358 cycles
Relaxing scrub interval from 6358 cycles to 7947 cycles
Relaxing scrub interval from 7947 cycles to 9933 cycles
Tightening scrub interval from 9933 cycles to 4966 cycles
Relaxing scrub interval from 4966 cycles to 6207 cycles
Relaxing scrub interval from 6207 cycles to 7758 cycles
Relaxing scrub interval from 7758 cycles to 9697 cycles
Tightening scrub interval from 9697 cycles to 4848 cycles
Relaxing scrub interval from 4848 cycles to 6060 cycles
Tightening scrub interval from 6060 cycles to 3030 cycles
Relaxing scrub interval from 3030 cycles to 3787 cycles
Relaxing scrub interval from 3787 cycles to 4733 cycles
Relaxing scrub interval from 4733 cycles to 5916 cycles
Tightening scrub interval from 5916 cycles to 2958 cycles
Relaxing scrub interval from 2958 cycles to 3697 cycles
Tightening scrub interval from 3697 cycles to 1848 cycles
Relaxing scrub interval from 1848 cycles to 2310 cycles
Tightening scrub interval from 2310 cycles to 1155 cycles
Relaxing scrub interval from 1155 cycles to 1443 cycles
Relaxing scrub interval from 1443 cycles to 1803 cycles
Relaxing scrub interval from 1803 cycles to 2253 cycles
Relaxing scrub interval from 2253 cycles to 2816 cycles
Relaxing scrub interval from 2816 cycles to 3520 cycles
Relaxing scrub interval from 3520 cycles to 4400 cycles
Relaxing scrub interval from 4400 cycles to 5500 cycles
Tightening scrub interval from 5500 cycles to 2750 cycles
Relaxing scrub interval from 2750 cycles to 3437 cycles
Tightening scrub interval from 3437 cycles to 1718 cycles
Relaxing scrub interval from 1718 cycles to 2147 cycles
Tightening scrub interval from 2147 cycles to 1073 cycles
Relaxing scrub interval from 1073 cycles to 1341 cycles
Relaxing scrub interval from 1341 cycles to 1676 cycles
Relaxing scrub interval from 1676 cycles to 2095 cycles
Relaxing scrub interval from 2095 cycles to 2618 cycles
Relaxing scrub interval from 2618 cycles to 3272 cycles
Relaxing scrub interval from 3272 cycles to 4090 cycles
Relaxing scrub interval from 4090 cycles to 5112 cycles
Relaxing scrub interval from 5112 cycles to 6390 cycles
Tightening scrub interval from 6390 cycles to 3195 cycles
Tightening scrub interval from 3195 cycles to 1597 cycles
Relaxing scrub interval from 1597 cycles to 1996 cycles
Tightening scrub interval from 1996 cycles to 998 cycles
Relaxing scrub interval from 998 cycles to 1247 cycles
Tightening scrub interval from 1247 cycles to 623 cycles
Relaxing scrub interval from 623 cycles to 778 cycles
Relaxing scrub interval from 778 cycles to 972 cycles
Relaxing scrub interval from 972 cycles to 1215 cycles
Relaxing scrub interval from 1215 cycles to 1518 cycles
Relaxing scrub interval from 1518 cycles to 1897 cycles
Relaxing scrub interval from 1897 cycles to 2371 cycles
Relaxing scrub interval from 2371 cycles to 2963 cycles
Relaxing scrub interval from 2963 cycles to 3703 cycles
Relaxing scrub interval from 3703 cycles to 4628 cycles
Relaxing scrub interval from 4628 cycles to 5785 cycles
Relaxing scrub interval from 5785 cycles to 7231 cycles
Relaxing scrub interval from 7231 cycles to 9038 cycles
Relaxing scrub interval from 9038 cycles to 11297 cycles
Relaxing scrub interval from 11297 cycles to 14121 cycles
Tightening scrub interval from 14121 cycles to 7060 cycles
Relaxing scrub interval from 7060 cycles to 8825 cycles
Relaxing scrub interval from 8825 cycles to 11031 cycles
Tightening scrub interval from 11031 cycles to 5515 cycles
Tightening scrub interval from 5515 cycles to 2757 cycles
Tightening scrub interval from 2757 cycles to 1378 cycles
Relaxing scrub interval from 1378 cycles to 1722 cycles
Relaxing scrub interval from 1722 cycles to 2152 cycles
Tightening scrub interval from 2152 cycles to 1076 cycles
Tightening scrub interval from 1076 cycles to 538 cycles
Relaxing scrub interval from 538 cycles to 672 cycles
Tightening scrub interval from 672 cycles to 336 cycles
Relaxing scrub interval from 336 cycles to 420 cycles
Relaxing scrub interval from 420 cycles to 525 cycles
Relaxing scrub interval from 525 cycles to 656 cycles
Relaxing scrub interval from 656 cycles to 820 cycles
Relaxing scrub interval from 820 cycles to 1025 cycles
Relaxing scrub interval from 1025 cycles to 1281 cycles
Relaxing scrub interval from 1281 cycles to 1601 cycles
Relaxing scrub interval from 1601 cycles to 2001 cycles
Relaxing scrub interval from 2001 cycles to 2501 cycles
Relaxing scrub interval from 2501 cycles to 3126 cycles
Relaxing scrub interval from 3126 cycles to 3907 cycles
Tightening scrub interval from 3907 cycles to 1953 cycles
Tightening scrub interval from 1953 cycles to 976 cycles
Tightening scrub interval from 976 cycles to 488 cycles
Relaxing scrub interval from 488 cycles to 610 cycles
Relaxing scrub interval from 610 cycles to 762 cycles
Relaxing scrub interval from 762 cycles to 952 cycles
Relaxing scrub interval from 952 cycles to 1190 cycles
Relaxing scrub interval from 1190 cycles to 1487 cycles
Relaxing scrub interval from 1487 cycles to 1858 cycles
Relaxing scrub interval from 1858 cycles to 2322 cycles
Relaxing scrub interval from 2322 cycles to 2902 cycles
Relaxing scrub interval from 2902 cycles to 3627 cycles
Relaxing scrub interval from 3627 cycles to 4533 cycles
Relaxing scrub interval from 4533 cycles to 5666 cycles
Tightening scrub interval from 5666 cycles to 2833 cycles
Tightening scrub interval from 2833 cycles to 1416 cycles
Tightening scrub interval from 1416 cycles to 708 cycles
Relaxing scrub interval from 708 cycles to 885 cycles
Relaxing scrub interval from 885 cycles to 1106 cycles
Relaxing scrub interval from 1106 cycles to 1382 cycles
Relaxing scrub interval from 1382 cycles to 1727 cycles
Relaxing scrub interval from 1727 cycles to 2158 cycles
Relaxing scrub interval from 2158 cycles to 2697 cycles
Tightening scrub interval from 2697 cycles to 1348 cycles
Relaxing scrub interval from 1348 cycles to 1685 cycles
Tightening scrub interval from 1685 cycles to 842 cycles
Relaxing scrub interval from 842 cycles to 1052 cycles
Relaxing scrub interval from 1052 cycles to 1315 cycles
Relaxing scrub interval from 1315 cycles to 1643 cycles
Relaxing scrub interval from 1643 cycles to 2053 cycles
Relaxing scrub interval from 2053 cycles to 2566 cycles
Relaxing scrub interval from 2566 cycles to 3207 cycles
Relaxing scrub interval from 3207 cycles to 4008 cycles
Relaxing scrub interval from 4008 cycles to 5010 cycles
Tightening scrub interval from 5010 cycles to 2505 cycles
Relaxing scrub interval from 2505 cycles to 3131 cycles
Relaxing scrub interval from 3131 cycles to 3913 cycles
Relaxing scrub interval from 3913 cycles to 4891 cycles
Relaxing scrub interval from 4891 cycles to 6113 cycles
Tightening scrub interval from 6113 cycles to 3056 cycles
Relaxing scrub interval from 3056 cycles to 3820 cycles
Tightening scrub interval from 3820 cycles to 1910 cycles
Relaxing scrub interval from 1910 cycles to 2387 cycles
Relaxing scrub interval from 2387 cycles to 2983 cycles
Relaxing scrub interval from 2983 cycles to 3728 cycles
Tightening scrub interval from 3728 cycles to 1864 cycles
Relaxing scrub interval from 1864 cycles to 2330 cycles
Relaxing scrub interval from 2330 cycles to 2912 cycles
Relaxing scrub interval from 2912 cycles to 3640 cycles
Relaxing scrub interval from 3640 cycles to 4550 cycles
Tightening scrub interval from 4550 cycles to 2275 cycles
Relaxing scrub interval from 2275 cycles to 2843 cycles
Tightening scrub interval from 2843 cycles to 1421 cycles
Tightening scrub interval from 1421 cycles to 710 cycles
Relaxing scrub interval from 710 cycles to 887 cycles
Relaxing scrub interval from 887 cycles to 1108 cycles
Relaxing scrub interval from 1108 cycles to 1385 cycles
Relaxing scrub interval from 1385 cycles to 1731 cycles
Relaxing scrub interval from 1731 cycles to 2163 cycles
Relaxing scrub interval from 2163 cycles to 2703 cycles
Relaxing scrub interval from 2703 cycles to 3378 cycles
Relaxing scrub interval from 3378 cycles to 4222 cycles
Tightening scrub interval from 4222 cycles to 2111 cycles
Relaxing scrub interval from 2111 cycles to 2638 cycles
Relaxing scrub interval from 2638 cycles to 3297 cycles
Relaxing scrub interval from 3297 cycles to 4121 cycles
Relaxing scrub interval from 4121 cycles to 5151 cycles
Tightening scrub interval from 5151 cycles to 2575 cycles
Relaxing scrub interval from 2575 cycles to 3218 cycles
Relaxing scrub interval from 3218 cycles to 4022 cycles
Tightening scrub interval from 4022 cycles to 2011 cycles
Relaxing scrub interval from 2011 cycles to 2513 cycles
Relaxing scrub interval from 2513 cycles to 3141 cycles
Relaxing scrub interval from 3141 cycles to 3926 cycles
Relaxing scrub interval from 3926 cycles to 4907 cycles
Relaxing scrub interval from 4907 cycles to 6133 cycles
Relaxing scrub interval from 6133 cycles to 7666 cycles
Relaxing scrub interval from 7666 cycles to 9582 cycles
Tightening scrub interval from 9582 cycles to 4791 cycles
Relaxing scrub interval from 4791 cycles to 5988 cycles
Tightening scrub interval from 5988 cycles to 2994 cycles
Relaxing scrub interval from 2994 cycles to 3742 cycles
Tightening scrub interval from 3742 cycles to 1871 cycles
Relaxing scrub interval from 1871 cycles to 2338 cycles
Relaxing scrub interval from 2338 cycles to 2922 cycles
Relaxing scrub interval from 2922 cycles to 3652 cycles
Tightening scrub interval from 3652 cycles to 1826 cycles
Relaxing scrub interval from 1826 cycles to 2282 cycles
Relaxing scrub interval from 2282 cycles to 2852 cycles
Relaxing scrub interval from 2852 cycles to 3565 cycles
Tightening scrub interval from 3565 cycles to 1782 cycles
Relaxing scrub interval from 1782 cycles to 2227 cycles
Relaxing scrub interval from 2227 cycles to 2783 cycles
Relaxing scrub interval from 2783 cycles to 3478 cycles
Relaxing scrub interval from 3478 cycles to 4347 cycles
Relaxing scrub interval from 4347 cycles to 5433 cycles
Relaxing scrub interval from 5433 cycles to 6791 cycles
Tightening scrub interval from 6791 cycles to 3395 cycles
Relaxing scrub interval from 3395 cycles to 4243 cycles
Tightening scrub interval from 4243 cycles to 2121 cycles
Relaxing scrub interval from 2121 cycles to 2651 cycles
Relaxing scrub interval from 2651 cycles to 3313 cycles
Tightening scrub interval from 3313 cycles to 1656 cycles
Relaxing scrub interval from 1656 cycles to 2070 cycles
Relaxing scrub interval from 2070 cycles to 2587 cycles
Relaxing scrub interval from 2587 cycles to 3233 cycles
Relaxing scrub interval from 3233 cycles to 4041 cycles
Tightening scrub interval from 4041 cycles to 2020 cycles
Relaxing scrub interval from 2020 cycles to 2525 cycles
Relaxing scrub interval from 2525 cycles to 3156 cycles
Relaxing scrub interval from 3156 cycles to 3945 cycles
Relaxing scrub interval from 3945 cycles to 4931 cycles
Relaxing scrub interval from 4931 cycles to 6163 cycles
Tightening scrub interval from 6163 cycles to 3081 cycles
Relaxing scrub interval from 3081 cycles to 3851 cycles
Relaxing scrub interval from 3851 cycles to 4813 cycles
Tightening scrub interval from 4813 cycles to 2406 cycles
Relaxing scrub interval from 2406 cycles to 3007 cycles
Tightening scrub interval from 3007 cycles to 1503 cycles
Relaxing scrub interval from 1503 cycles to 1878 cycles
Tightening scrub interval from 1878 cycles to 939 cycles
Relaxing scrub interval from 939 cycles to 1173 cycles
Relaxing scrub interval from 1173 cycles to 1466 cycles
Relaxing scrub interval from 1466 cycles to 1832 cycles
Relaxing scrub interval from 1832 cycles to 2290 cycles
Relaxing scrub interval from 2290 cycles to 2862 cycles
Relaxing scrub interval from 2862 cycles to 3577 cycles
Relaxing scrub interval from 3577 cycles to 4471 cycles
Tightening scrub interval from 4471 cycles to 2235 cycles
Relaxing scrub interval from 2235 cycles to 2793 cycles
Relaxing scrub interval from 2793 cycles to 3491 cycles
Relaxing scrub interval from 3491 cycles to 4363 cycles
Tightening scrub interval from 4363 cycles to 2181 cycles
Relaxing scrub interval from 2181 cycles to 2726 cycles
Relaxing scrub interval from 2726 cycles to 3407 cycles
Tightening scrub interval from 3407 cycles to 1703 cycles
Relaxing scrub interval from 1703 cycles to 2128 cycles
Relaxing scrub interval from 2128 cycles to 2660 cycles
Relaxing scrub interval from 2660 cycles to 3325 cycles
Relaxing scrub interval from 3325 cycles to 4156 cycles
Relaxing scrub interval from 4156 cycles to 5195 cycles
Relaxing scrub interval from 5195 cycles to 6493 cycles
Relaxing scrub interval from 6493 cycles to 8116 cycles
Tightening scrub interval from 8116 cycles to 4058 cycles
Relaxing scrub interval from 4058 cycles to 5072 cycles
Relaxing scrub interval from 5072 cycles to 6340 cycles
Relaxing scrub interval from 6340 cycles to 7925 cycles
Tightening scrub interval from 7925 cycles to 3962 cycles
Relaxing scrub interval from 3962 cycles to 4952 cycles
Relaxing scrub interval from 4952 cycles to 6190 cycles
Relaxing scrub interval from 6190 cycles to 7737 cycles
Tightening scrub interval from 7737 cycles to 3868 cycles
