warn: No dot file generated. Please install pydot to generate the dot file and pdf.
Scrubbing enabled with adaptive interval starting at 10 cycles, tightening factor 2, relax factor 1.25
src/arch/riscv/isa.cc:275: info: RVV enabled, VLEN = 256 bits, ELEN = 64 bits
src/base/statistics.hh:279: warn: One of the stats is a legacy stat. Legacy stat is a stat that does not belong to any statistics::Group. Legacy stat is deprecated.
src/base/remote_gdb.cc:418: warn: Sockets disabled, not accepting gdb connections
src/sim/simulate.cc:199: info: Entering event queue @ 0.  Starting simulation...
Relaxing scrub interval from 10 cycles to 12 cycles
Relaxing scrub interval from 12 cycles to 15 cycles
Relaxing scrub interval from 15 cycles to 18 cycles
Relaxing scrub interval from 18 cycles to 22 cycles
Relaxing scrub interval from 22 cycles to 27 cycles
Relaxing scrub interval from 27 cycles to 33 cycles
Relaxing scrub interval from 33 cycles to 41 cycles
Relaxing scrub interval from 41 cycles to 51 cycles
Relaxing scrub interval from 51 cycles to 63 cycles
Relaxing scrub interval from 63 cycles to 78 cycles
Relaxing scrub interval from 78 cycles to 97 cycles
Relaxing scrub interval from 97 cycles to 121 cycles
Relaxing scrub interval from 121 cycles to 151 cycles
Relaxing scrub interval from 151 cycles to 188 cycles
Relaxing scrub interval from 188 cycles to 235 cycles
Relaxing scrub interval from 235 cycles to 293 cycles
Relaxing scrub interval from 293 cycles to 366 cycles
Relaxing scrub interval from 366 cycles to 457 cycles
Relaxing scrub interval from 457 cycles to 571 cycles
Relaxing scrub interval from 571 cycles to 713 cycles
Relaxing scrub interval from 713 cycles to 891 cycles
src/sim/syscall_emul.cc:86: warn: ignoring syscall set_robust_list(...)
      (further warnings will be suppressed)
Relaxing scrub interval from 891 cycles to 1113 cycles
Relaxing scrub interval from 1113 cycles to 1391 cycles
src/sim/syscall_emul.hh:1014: warn: readlink() called on '/proc/self/exe' may yield unexpected results in various settings.
      Returning '/home/cs1952y-user/gem5/1952y-fp/gem5/tests/test-progs/cs1952y-fp/alt'
src/sim/mem_state.cc:448: info: Increasing stack size by one page.
Relaxing scrub interval from 1391 cycles to 1738 cycles
Relaxing scrub interval from 1738 cycles to 2172 cycles
Relaxing scrub interval from 2172 cycles to 2715 cycles
Relaxing scrub interval from 2715 cycles to 3393 cycles
Relaxing scrub interval from 3393 cycles to 4241 cycles
src/sim/syscall_emul.cc:75: warn: ignoring syscall mprotect(...) at tick 17327000
Relaxing scrub interval from 4241 cycles to 5301 cycles
Relaxing scrub interval from 5301 cycles to 6626 cycles
Relaxing scrub interval from 6626 cycles to 8282 cycles
Relaxing scrub interval from 8282 cycles to 10352 cycles
Relaxing scrub interval from 10352 cycles to 12940 cycles
Tightening scrub interval from 12940 cycles to 6470 cycles
Relaxing scrub interval from 6470 cycles to 8087 cycles
Relaxing scrub interval from 8087 cycles to 10108 cycles
Relaxing scrub interval from 10108 cycles to 12635 cycles
Tightening scrub interval from 12635 cycles to 6317 cycles
Relaxing scrub interval from 6317 cycles to 7896 cycles
Relaxing scrub interval from 7896 cycles to 9870 cycles
Tightening scrub interval from 9870 cycles to 4935 cycles
Relaxing scrub interval from 4935 cycles to 6168 cycles
Relaxing scrub interval from 6168 cycles to 7710 cycles
Relaxing scrub interval from 7710 cycles to 9637 cycles
Relaxing scrub interval from 9637 cycles to 12046 cycles
Tightening scrub interval from 12046 cycles to 6023 cycles
Tightening scrub interval from 6023 cycles to 3011 cycles
Relaxing scrub interval from 3011 cycles to 3763 cycles
Relaxing scrub interval from 3763 cycles to 4703 cycles
Relaxing scrub interval from 4703 cycles to 5878 cycles
Relaxing scrub interval from 5878 cycles to 7347 cycles
Relaxing scrub interval from 7347 cycles to 9183 cycles
Relaxing scrub interval from 9183 cycles to 11478 cycles
Relaxing scrub interval from 11478 cycles to 14347 cycles
Relaxing scrub interval from 14347 cycles to 17933 cycles
Tightening scrub interval from 17933 cycles to 8966 cycles
Tightening scrub interval from 8966 cycles to 4483 cycles
Relaxing scrub interval from 4483 cycles to 5603 cycles
Tightening scrub interval from 5603 cycles to 2801 cycles
Relaxing scrub interval from 2801 cycles to 3501 cycles
Tightening scrub interval from 3501 cycles to 1750 cycles
Relaxing scrub interval from 1750 cycles to 2187 cycles
Relaxing scrub interval from 2187 cycles to 2733 cycles
Relaxing scrub interval from 2733 cycles to 3416 cycles
Relaxing scrub interval from 3416 cycles to 4270 cycles
Relaxing scrub interval from 4270 cycles to 5337 cycles
Relaxing scrub interval from 5337 cycles to 6671 cycles
Tightening scrub interval from 6671 cycles to 3335 cycles
Relaxing scrub interval from 3335 cycles to 4168 cycles
Relaxing scrub interval from 4168 cycles to 5210 cycles
Tightening scrub interval from 5210 cycles to 2605 cycles
Relaxing scrub interval from 2605 cycles to 3256 cycles
Tightening scrub interval from 3256 cycles to 1628 cycles
Relaxing scrub interval from 1628 cycles to 2035 cycles
Relaxing scrub interval from 2035 cycles to 2543 cycles
Relaxing scrub interval from 2543 cycles to 3178 cycles
Relaxing scrub interval from 3178 cycles to 3972 cycles
Tightening scrub interval from 3972 cycles to 1986 cycles
Relaxing scrub interval from 1986 cycles to 2482 cycles
Relaxing scrub interval from 2482 cycles to 3102 cycles
Relaxing scrub interval from 3102 cycles to 3877 cycles
Relaxing scrub interval from 3877 cycles to 4846 cycles
Relaxing scrub interval from 4846 cycles to 6057 cycles
Relaxing scrub interval from 6057 cycles to 7571 cycles
Relaxing scrub interval from 7571 cycles to 9463 cycles
Tightening scrub interval from 9463 cycles to 4731 cycles
Tightening scrub interval from 4731 cycles to 2365 cycles
Relaxing scrub interval from 2365 cycles to 2956 cycles
Relaxing scrub interval from 2956 cycles to 3695 cycles
Relaxing scrub interval from 3695 cycles to 4618 cycles
Relaxing scrub interval from 4618 cycles to 5772 cycles
Tightening scrub interval from 5772 cycles to 2886 cycles
Relaxing scrub interval from 2886 cycles to 3607 cycles
Relaxing scrub interval from 3607 cycles to 4508 cycles
Relaxing scrub interval from 4508 cycles to 5635 cycles
Tightening scrub interval from 5635 cycles to 2817 cycles
Relaxing scrub interval from 2817 cycles to 3521 cycles
Relaxing scrub interval from 3521 cycles to 4401 cycles
Relaxing scrub interval from 4401 cycles to 5501 cycles
Relaxing scrub interval from 5501 cycles to 6876 cycles
Relaxing scrub interval from 6876 cycles to 8595 cycles
Relaxing scrub interval from 8595 cycles to 10743 cycles
Tightening scrub interval from 10743 cycles to 5371 cycles
Relaxing scrub interval from 5371 cycles to 6713 cycles
Relaxing scrub interval from 6713 cycles to 8391 cycles
Tightening scrub interval from 8391 cycles to 4195 cycles
Relaxing scrub interval from 4195 cycles to 5243 cycles
Relaxing scrub interval from 5243 cycles to 6553 cycles
Tightening scrub interval from 6553 cycles to 3276 cycles
Relaxing scrub interval from 3276 cycles to 4095 cycles
Relaxing scrub interval from 4095 cycles to 5118 cycles
Relaxing scrub interval from 5118 cycles to 6397 cycles
Tightening scrub interval from 6397 cycles to 3198 cycles
Tightening scrub interval from 3198 cycles to 1599 cycles
Relaxing scrub interval from 1599 cycles to 1998 cycles
Tightening scrub interval from 1998 cycles to 999 cycles
Relaxing scrub interval from 999 cycles to 1248 cycles
Relaxing scrub interval from 1248 cycles to 1560 cycles
Relaxing scrub interval from 1560 cycles to 1950 cycles
Relaxing scrub interval from 1950 cycles to 2437 cycles
Relaxing scrub interval from 2437 cycles to 3046 cycles
Relaxing scrub interval from 3046 cycles to 3807 cycles
Relaxing scrub interval from 3807 cycles to 4758 cycles
Relaxing scrub interval from 4758 cycles to 5947 cycles
Relaxing scrub interval from 5947 cycles to 7433 cycles
Relaxing scrub interval from 7433 cycles to 9291 cycles
Relaxing scrub interval from 9291 cycles to 11613 cycles
Tightening scrub interval from 11613 cycles to 5806 cycles
Relaxing scrub interval from 5806 cycles to 7257 cycles
Tightening scrub interval from 7257 cycles to 3628 cycles
Relaxing scrub interval from 3628 cycles to 4535 cycles
Relaxing scrub interval from 4535 cycles to 5668 cycles
Relaxing scrub interval from 5668 cycles to 7085 cycles
Relaxing scrub interval from 7085 cycles to 8856 cycles
Tightening scrub interval from 8856 cycles to 4428 cycles
Relaxing scrub interval from 4428 cycles to 5535 cycles
Relaxing scrub interval from 5535 cycles to 6918 cycles
Tightening scrub interval from 6918 cycles to 3459 cycles
Relaxing scrub interval from 3459 cycles to 4323 cycles
Relaxing scrub interval from 4323 cycles to 5403 cycles
Tightening scrub interval from 5403 cycles to 2701 cycles
Relaxing scrub interval from 2701 cycles to 3376 cycles
Tightening scrub interval from 3376 cycles to 1688 cycles
Relaxing scrub interval from 1688 cycles to 2110 cycles
Relaxing scrub interval from 2110 cycles to 2637 cycles
Relaxing scrub interval from 2637 cycles to 3296 cycles
Tightening scrub interval from 3296 cycles to 1648 cycles
Relaxing scrub interval from 1648 cycles to 2060 cycles
Relaxing scrub interval from 2060 cycles to 2575 cycles
Relaxing scrub interval from 2575 cycles to 3218 cycles
Relaxing scrub interval from 3218 cycles to 4022 cycles
Relaxing scrub interval from 4022 cycles to 5027 cycles
Relaxing scrub interval from 5027 cycles to 6283 cycles
Relaxing scrub interval from 6283 cycles to 7853 cycles
Tightening scrub interval from 7853 cycles to 3926 cycles
Relaxing scrub interval from 3926 cycles to 4907 cycles
Tightening scrub interval from 4907 cycles to 2453 cycles
Tightening scrub interval from 2453 cycles to 1226 cycles
Relaxing scrub interval from 1226 cycles to 1532 cycles
Relaxing scrub interval from 1532 cycles to 1915 cycles
Tightening scrub interval from 1915 cycles to 957 cycles
Relaxing scrub interval from 957 cycles to 1196 cycles
Relaxing scrub interval from 1196 cycles to 1495 cycles
Relaxing scrub interval from 1495 cycles to 1868 cycles
Relaxing scrub interval from 1868 cycles to 2335 cycles
Relaxing scrub interval from 2335 cycles to 2918 cycles
Tightening scrub interval from 2918 cycles to 1459 cycles
Tightening scrub interval from 1459 cycles to 729 cycles
Relaxing scrub interval from 729 cycles to 911 cycles
Relaxing scrub interval from 911 cycles to 1138 cycles
Relaxing scrub interval from 1138 cycles to 1422 cycles
Relaxing scrub interval from 1422 cycles to 1777 cycles
Relaxing scrub interval from 1777 cycles to 2221 cycles
Relaxing scrub interval from 2221 cycles to 2776 cycles
Relaxing scrub interval from 2776 cycles to 3470 cycles
Relaxing scrub interval from 3470 cycles to 4337 cycles
Relaxing scrub interval from 4337 cycles to 5421 cycles
Relaxing scrub interval from 5421 cycles to 6776 cycles
Relaxing scrub interval from 6776 cycles to 8470 cycles
Relaxing scrub interval from 8470 cycles to 10587 cycles
Tightening scrub interval from 10587 cycles to 5293 cycles
Relaxing scrub interval from 5293 cycles to 6616 cycles
Relaxing scrub interval from 6616 cycles to 8270 cycles
Tightening scrub interval from 8270 cycles to 4135 cycles
Relaxing scrub interval from 4135 cycles to 5168 cycles
Tightening scrub interval from 5168 cycles to 2584 cycles
Tightening scrub interval from 2584 cycles to 1292 cycles
Relaxing scrub interval from 1292 cycles to 1615 cycles
Relaxing scrub interval from 1615 cycles to 2018 cycles
Tightening scrub interval from 2018 cycles to 1009 cycles
Relaxing scrub interval from 1009 cycles to 1261 cycles
Relaxing scrub interval from 1261 cycles to 1576 cycles
Tightening scrub interval from 1576 cycles to 788 cycles
Relaxing scrub interval from 788 cycles to 985 cycles
Tightening scrub interval from 985 cycles to 492 cycles
Relaxing scrub interval from 492 cycles to 615 cycles
Relaxing scrub interval from 615 cycles to 768 cycles
Tightening scrub interval from 768 cycles to 384 cycles
Relaxing scrub interval from 384 cycles to 480 cycles
Relaxing scrub interval from 480 cycles to 600 cycles
Relaxing scrub interval from 600 cycles to 750 cycles
Relaxing scrub interval from 750 cycles to 937 cycles
Relaxing scrub interval from 937 cycles to 1171 cycles
Relaxing scrub interval from 1171 cycles to 1463 cycles
Relaxing scrub interval from 1463 cycles to 1828 cycles
Relaxing scrub interval from 1828 cycles to 2285 cycles
Tightening scrub interval from 2285 cycles to 1142 cycles
Relaxing scrub interval from 1142 cycles to 1427 cycles
Relaxing scrub interval from 1427 cycles to 1783 cycles
Relaxing scrub interval from 1783 cycles to 2228 cycles
Tightening scrub interval from 2228 cycles to 1114 cycles
Relaxing scrub interval from 1114 cycles to 1392 cycles
Relaxing scrub interval from 1392 cycles to 1740 cycles
Relaxing scrub interval from 1740 cycles to 2175 cycles
Relaxing scrub interval from 2175 cycles to 2718 cycles
Relaxing scrub interval from 2718 cycles to 3397 cycles
Relaxing scrub interval from 3397 cycles to 4246 cycles
Tightening scrub interval from 4246 cycles to 2123 cycles
Relaxing scrub interval from 2123 cycles to 2653 cycles
Tightening scrub interval from 2653 cycles to 1326 cycles
Relaxing scrub interval from 1326 cycles to 1657 cycles
Relaxing scrub interval from 1657 cycles to 2071 cycles
Relaxing scrub interval from 2071 cycles to 2588 cycles
Relaxing scrub interval from 2588 cycles to 3235 cycles
Relaxing scrub interval from 3235 cycles to 4043 cycles
Relaxing scrub interval from 4043 cycles to 5053 cycles
Relaxing scrub interval from 5053 cycles to 6316 cycles
Relaxing scrub interval from 6316 cycles to 7895 cycles
Tightening scrub interval from 7895 cycles to 3947 cycles
Relaxing scrub interval from 3947 cycles to 4933 cycles
Relaxing scrub interval from 4933 cycles to 6166 cycles
Tightening scrub interval from 6166 cycles to 3083 cycles
Relaxing scrub interval from 3083 cycles to 3853 cycles
Relaxing scrub interval from 3853 cycles to 4816 cycles
Relaxing scrub interval from 4816 cycles to 6020 cycles
Tightening scrub interval from 6020 cycles to 3010 cycles
Relaxing scrub interval from 3010 cycles to 3762 cycles
Relaxing scrub interval from 3762 cycles to 4702 cycles
Tightening scrub interval from 4702 cycles to 2351 cycles
Relaxing scrub interval from 2351 cycles to 2938 cycles
Tightening scrub interval from 2938 cycles to 1469 cycles
Relaxing scrub interval from 1469 cycles to 1836 cycles
Relaxing scrub interval from 1836 cycles to 2295 cycles
Relaxing scrub interval from 2295 cycles to 2868 cycles
Relaxing scrub interval from 2868 cycles to 3585 cycles
Relaxing scrub interval from 3585 cycles to 4481 cycles
Relaxing scrub interval from 4481 cycles to 5601 cycles
Relaxing scrub interval from 5601 cycles to 7001 cycles
Relaxing scrub interval from 7001 cycles to 8751 cycles
Tightening scrub interval from 8751 cycles to 4375 cycles
Tightening scrub interval from 4375 cycles to 2187 cycles
Relaxing scrub interval from 2187 cycles to 2733 cycles
Relaxing scrub interval from 2733 cycles to 3416 cycles
Relaxing scrub interval from 3416 cycles to 4270 cycles
Relaxing scrub interval from 4270 cycles to 5337 cycles
Relaxing scrub interval from 5337 cycles to 6671 cycles
Relaxing scrub interval from 6671 cycles to 8338 cycles
Tightening scrub interval from 8338 cycles to 4169 cycles
Relaxing scrub interval from 4169 cycles to 5211 cycles
Tightening scrub interval from 5211 cycles to 2605 cycles
Relaxing scrub interval from 2605 cycles to 3256 cycles
Relaxing scrub interval from 3256 cycles to 4070 cycles
Relaxing scrub interval from 4070 cycles to 5087 cycles
Tightening scrub interval from 5087 cycles to 2543 cycles
Relaxing scrub interval from 2543 cycles to 3178 cycles
Relaxing scrub interval from 3178 cycles to 3972 cycles
Relaxing scrub interval from 3972 cycles to 4965 cycles
Relaxing scrub interval from 4965 cycles to 6206 cycles
Relaxing scrub interval from 6206 cycles to 7757 cycles
Relaxing scrub interval from 7757 cycles to 9696 cycles
Tightening scrub interval from 9696 cycles to 4848 cycles
Relaxing scrub interval from 4848 cycles to 6060 cycles
Tightening scrub interval from 6060 cycles to 3030 cycles
Tightening scrub interval from 3030 cycles to 1515 cycles
Relaxing scrub interval from 1515 cycles to 1893 cycles
Relaxing scrub interval from 1893 cycles to 2366 cycles
Relaxing scrub interval from 2366 cycles to 2957 cycles
Tightening scrub interval from 2957 cycles to 1478 cycles
Tightening scrub interval from 1478 cycles to 739 cycles
Relaxing scrub interval from 739 cycles to 923 cycles
Relaxing scrub interval from 923 cycles to 1153 cycles
Relaxing scrub interval from 1153 cycles to 1441 cycles
Relaxing scrub interval from 1441 cycles to 1801 cycles
Relaxing scrub interval from 1801 cycles to 2251 cycles
Relaxing scrub interval from 2251 cycles to 2813 cycles
Tightening scrub interval from 2813 cycles to 1406 cycles
Relaxing scrub interval from 1406 cycles to 1757 cycles
Relaxing scrub interval from 1757 cycles to 2196 cycles
Tightening scrub interval from 2196 cycles to 1098 cycles
Relaxing scrub interval from 1098 cycles to 1372 cycles
Relaxing scrub interval from 1372 cycles to 1715 cycles
Relaxing scrub interval from 1715 cycles to 2143 cycles
Relaxing scrub interval from 2143 cycles to 2678 cycles
Relaxing scrub interval from 2678 cycles to 3347 cycles
Tightening scrub interval from 3347 cycles to 1673 cycles
Tightening scrub interval from 1673 cycles to 836 cycles
Relaxing scrub interval from 836 cycles to 1045 cycles
Relaxing scrub interval from 1045 cycles to 1306 cycles
Relaxing scrub interval from 1306 cycles to 1632 cycles
Relaxing scrub interval from 1632 cycles to 2040 cycles
Tightening scrub interval from 2040 cycles to 1020 cycles
Relaxing scrub interval from 1020 cycles to 1275 cycles
Relaxing scrub interval from 1275 cycles to 1593 cycles
Relaxing scrub interval from 1593 cycles to 1991 cycles
Tightening scrub interval from 1991 cycles to 995 cycles
Relaxing scrub interval from 995 cycles to 1243 cycles
Relaxing scrub interval from 1243 cycles to 1553 cycles
Relaxing scrub interval from 1553 cycles to 1941 cycles
Relaxing scrub interval from 1941 cycles to 2426 cycles
Relaxing scrub interval from 2426 cycles to 3032 cycles
Relaxing scrub interval from 3032 cycles to 3790 cycles
Relaxing scrub interval from 3790 cycles to 4737 cycles
Tightening scrub interval from 4737 cycles to 2368 cycles
Relaxing scrub interval from 2368 cycles to 2960 cycles
Relaxing scrub interval from 2960 cycles to 3700 cycles
Tightening scrub interval from 3700 cycles to 1850 cycles
Relaxing scrub interval from 1850 cycles to 2312 cycles
Relaxing scrub interval from 2312 cycles to 2890 cycles
Relaxing scrub interval from 2890 cycles to 3612 cycles
Relaxing scrub interval from 3612 cycles to 4515 cycles
Relaxing scrub interval from 4515 cycles to 5643 cycles
Relaxing scrub interval from 5643 cycles to 7053 cycles
Relaxing scrub interval from 7053 cycles to 8816 cycles
Relaxing scrub interval from 8816 cycles to 11020 cycles
Relaxing scrub interval from 11020 cycles to 13775 cycles
Tightening scrub interval from 13775 cycles to 6887 cycles
Tightening scrub interval from 6887 cycles to 3443 cycles
Relaxing scrub interval from 3443 cycles to 4303 cycles
Relaxing scrub interval from 4303 cycles to 5378 cycles
Relaxing scrub interval from 5378 cycles to 6722 cycles
Relaxing scrub interval from 6722 cycles to 8402 cycles
Tightening scrub interval from 8402 cycles to 4201 cycles
Relaxing scrub interval from 4201 cycles to 5251 cycles
Relaxing scrub interval from 5251 cycles to 6563 cycles
Relaxing scrub interval from 6563 cycles to 8203 cycles
Relaxing scrub interval from 8203 cycles to 10253 cycles
Tightening scrub interval from 10253 cycles to 5126 cycles
Relaxing scrub interval from 5126 cycles to 6407 cycles
Relaxing scrub interval from 6407 cycles to 8008 cycles
Tightening scrub interval from 8008 cycles to 4004 cycles
Relaxing scrub interval from 4004 cycles to 5005 cycles
Relaxing scrub interval from 5005 cycles to 6256 cycles
Relaxing scrub interval from 6256 cycles to 7820 cycles
Relaxing scrub interval from 7820 cycles to 9775 cycles
Relaxing scrub interval from 9775 cycles to 12218 cycles
Tightening scrub interval from 12218 cycles to 6109 cycles
Tightening scrub interval from 6109 cycles to 3054 cycles
Relaxing scrub interval from 3054 cycles to 3817 cycles
Tightening scrub interval from 3817 cycles to 1908 cycles
Relaxing scrub interval from 1908 cycles to 2385 cycles
Tightening scrub interval from 2385 cycles to 1192 cycles
Relaxing scrub interval from 1192 cycles to 1490 cycles
Relaxing scrub interval from 1490 cycles to 1862 cycles
Relaxing scrub interval from 1862 cycles to 2327 cycles
Relaxing scrub interval from 2327 cycles to 2908 cycles
Tightening scrub interval from 2908 cycles to 1454 cycles
Relaxing scrub interval from 1454 cycles to 1817 cycles
Tightening scrub interval from 1817 cycles to 908 cycles
Relaxing scrub interval from 908 cycles to 1135 cycles
Relaxing scrub interval from 1135 cycles to 1418 cycles
Relaxing scrub interval from 1418 cycles to 1772 cycles
Relaxing scrub interval from 1772 cycles to 2215 cycles
Tightening scrub interval from 2215 cycles to 1107 cycles
Relaxing scrub interval from 1107 cycles to 1383 cycles
Relaxing scrub interval from 1383 cycles to 1728 cycles
Relaxing scrub interval from 1728 cycles to 2160 cycles
Tightening scrub interval from 2160 cycles to 1080 cycles
Relaxing scrub interval from 1080 cycles to 1350 cycles
Relaxing scrub interval from 1350 cycles to 1687 cycles
Relaxing scrub interval from 1687 cycles to 2108 cycles
Relaxing scrub interval from 2108 cycles to 2635 cycles
Tightening scrub interval from 2635 cycles to 1317 cycles
Relaxing scrub interval from 1317 cycles to 1646 cycles
Tightening scrub interval from 1646 cycles to 823 cycles
Relaxing scrub interval from 823 cycles to 1028 cycles
Relaxing scrub interval from 1028 cycles to 1285 cycles
Relaxing scrub interval from 1285 cycles to 1606 cycles
Relaxing scrub interval from 1606 cycles to 2007 cycles
Tightening scrub interval from 2007 cycles to 1003 cycles
Relaxing scrub interval from 1003 cycles to 1253 cycles
Tightening scrub interval from 1253 cycles to 626 cycles
Relaxing scrub interval from 626 cycles to 782 cycles
Relaxing scrub interval from 782 cycles to 977 cycles
Relaxing scrub interval from 977 cycles to 1221 cycles
Relaxing scrub interval from 1221 cycles to 1526 cycles
Relaxing scrub interval from 1526 cycles to 1907 cycles
Relaxing scrub interval from 1907 cycles to 2383 cycles
Relaxing scrub interval from 2383 cycles to 2978 cycles
Relaxing scrub interval from 2978 cycles to 3722 cycles
Relaxing scrub interval from 3722 cycles to 4652 cycles
Relaxing scrub interval from 4652 cycles to 5815 cycles
Relaxing scrub interval from 5815 cycles to 7268 cycles
Tightening scrub interval from 7268 cycles to 3634 cycles
Relaxing scrub interval from 3634 cycles to 4542 cycles
Relaxing scrub interval from 4542 cycles to 5677 cycles
Relaxing scrub interval from 5677 cycles to 7096 cycles
Tightening scrub interval from 7096 cycles to 3548 cycles
Relaxing scrub interval from 3548 cycles to 4435 cycles
Relaxing scrub interval from 4435 cycles to 5543 cycles
Relaxing scrub interval from 5543 cycles to 6928 cycles
Relaxing scrub interval from 6928 cycles to 8660 cycles
Tightening scrub interval from 8660 cycles to 4330 cycles
Relaxing scrub interval from 4330 cycles to 5412 cycles
Relaxing scrub interval from 5412 cycles to 6765 cycles
Tightening scrub interval from 6765 cycles to 3382 cycles
Tightening scrub interval from 3382 cycles to 1691 cycles
Relaxing scrub interval from 1691 cycles to 2113 cycles
Relaxing scrub interval from 2113 cycles to 2641 cycles
Relaxing scrub interval from 2641 cycles to 3301 cycles
Relaxing scrub interval from 3301 cycles to 4126 cycles
Relaxing scrub interval from 4126 cycles to 5157 cycles
Relaxing scrub interval from 5157 cycles to 6446 cycles
Relaxing scrub interval from 6446 cycles to 8057 cycles
Tightening scrub interval from 8057 cycles to 4028 cycles
Relaxing scrub interval from 4028 cycles to 5035 cycles
Relaxing scrub interval from 5035 cycles to 6293 cycles
Relaxing scrub interval from 6293 cycles to 7866 cycles
Relaxing scrub interval from 7866 cycles to 9832 cycles
Tightening scrub interval from 9832 cycles to 4916 cycles
Tightening scrub interval from 4916 cycles to 2458 cycles
Relaxing scrub interval from 2458 cycles to 3072 cycles
Relaxing scrub interval from 3072 cycles to 3840 cycles
Relaxing scrub interval from 3840 cycles to 4800 cycles
Relaxing scrub interval from 4800 cycles to 6000 cycles
Relaxing scrub interval from 6000 cycles to 7500 cycles
Tightening scrub interval from 7500 cycles to 3750 cycles
Relaxing scrub interval from 3750 cycles to 4687 cycles
Relaxing scrub interval from 4687 cycles to 5858 cycles
Relaxing scrub interval from 5858 cycles to 7322 cycles
Tightening scrub interval from 7322 cycles to 3661 cycles
Relaxing scrub interval from 3661 cycles to 4576 cycles
Relaxing scrub interval from 4576 cycles to 5720 cycles
Tightening scrub interval from 5720 cycles to 2860 cycles
Relaxing scrub interval from 2860 cycles to 3575 cycles
Relaxing scrub interval from 3575 cycles to 4468 cycles
Tightening scrub interval from 4468 cycles to 2234 cycles
Relaxing scrub interval from 2234 cycles to 2792 cycles
Relaxing scrub interval from 2792 cycles to 3490 cycles
Tightening scrub interval from 3490 cycles to 1745 cycles
Relaxing scrub interval from 1745 cycles to 2181 cycles
Relaxing scrub interval from 2181 cycles to 2726 cycles
Relaxing scrub interval from 2726 cycles to 3407 cycles
Tightening scrub interval from 3407 cycles to 1703 cycles
Relaxing scrub interval from 1703 cycles to 2128 cycles
Relaxing scrub interval from 2128 cycles to 2660 cycles
Tightening scrub interval from 2660 cycles to 1330 cycles
Relaxing scrub interval from 1330 cycles to 1662 cycles
Relaxing scrub interval from 1662 cycles to 2077 cycles
Relaxing scrub interval from 2077 cycles to 2596 cycles
Relaxing scrub interval from 2596 cycles to 3245 cycles
Tightening scrub interval from 3245 cycles to 1622 cycles
Relaxing scrub interval from 1622 cycles to 2027 cycles
Tightening scrub interval from 2027 cycles to 1013 cycles
Relaxing scrub interval from 1013 cycles to 1266 cycles
Relaxing scrub interval from 1266 cycles to 1582 cycles
Relaxing scrub interval from 1582 cycles to 1977 cycles
Relaxing scrub interval from 1977 cycles to 2471 cycles
Tightening scrub interval from 2471 cycles to 1235 cycles
Relaxing scrub interval from 1235 cycles to 1543 cycles
Relaxing scrub interval from 1543 cycles to 1928 cycles
Tightening scrub interval from 1928 cycles to 964 cycles
Relaxing scrub interval from 964 cycles to 1205 cycles
Relaxing scrub interval from 1205 cycles to 1506 cycles
Relaxing scrub interval from 1506 cycles to 1882 cycles
Relaxing scrub interval from 1882 cycles to 2352 cycles
Tightening scrub interval from 2352 cycles to 1176 cycles
Relaxing scrub interval from 1176 cycles to 1470 cycles
Relaxing scrub interval from 1470 cycles to 1837 cycles
Relaxing scrub interval from 1837 cycles to 2296 cycles
Relaxing scrub interval from 2296 cycles to 2870 cycles
Tightening scrub interval from 2870 cycles to 1435 cycles
Relaxing scrub interval from 1435 cycles to 1793 cycles
Relaxing scrub interval from 1793 cycles to 2241 cycles
Relaxing scrub interval from 2241 cycles to 2801 cycles
Relaxing scrub interval from 2801 cycles to 3501 cycles
Relaxing scrub interval from 3501 cycles to 4376 cycles
Relaxing scrub interval from 4376 cycles to 5470 cycles
Relaxing scrub interval from 5470 cycles to 6837 cycles
