warn: No dot file generated. Please install pydot to generate the dot file and pdf.
Scrubbing enabled with adaptive interval starting at 10 cycles, tightening factor 2, relax factor 1.25
src/arch/riscv/isa.cc:275: info: RVV enabled, VLEN = 256 bits, ELEN = 64 bits
src/base/statistics.hh:279: warn: One of the stats is a legacy stat. Legacy stat is a stat that does not belong to any statistics::Group. Legacy stat is deprecated.
src/base/remote_gdb.cc:418: warn: Sockets disabled, not accepting gdb connections
src/sim/simulate.cc:199: info: Entering event queue @ 0.  Starting simulation...
Relaxing scrub interval from 10 cycles to 12 cycles
Relaxing scrub interval from 12 cycles to 15 cycles
Relaxing scrub interval from 15 cycles to 18 cycles
Relaxing scrub interval from 18 cycles to 22 cycles
Relaxing scrub interval from 22 cycles to 27 cycles
Relaxing scrub interval from 27 cycles to 33 cycles
Relaxing scrub interval from 33 cycles to 41 cycles
Relaxing scrub interval from 41 cycles to 51 cycles
Relaxing scrub interval from 51 cycles to 63 cycles
Relaxing scrub interval from 63 cycles to 78 cycles
Relaxing scrub interval from 78 cycles to 97 cycles
Relaxing scrub interval from 97 cycles to 121 cycles
Relaxing scrub interval from 121 cycles to 151 cycles
Relaxing scrub interval from 151 cycles to 188 cycles
Relaxing scrub interval from 188 cycles to 235 cycles
Relaxing scrub interval from 235 cycles to 293 cycles
Relaxing scrub interval from 293 cycles to 366 cycles
Relaxing scrub interval from 366 cycles to 457 cycles
Relaxing scrub interval from 457 cycles to 571 cycles
Relaxing scrub interval from 571 cycles to 713 cycles
Relaxing scrub interval from 713 cycles to 891 cycles
src/sim/syscall_emul.cc:86: warn: ignoring syscall set_robust_list(...)
      (further warnings will be suppressed)
Relaxing scrub interval from 891 cycles to 1113 cycles
Relaxing scrub interval from 1113 cycles to 1391 cycles
src/sim/syscall_emul.hh:1014: warn: readlink() called on '/proc/self/exe' may yield unexpected results in various settings.
      Returning '/home/cs1952y-user/gem5/1952y-fp/gem5/tests/test-progs/cs1952y-fp/alt'
src/sim/mem_state.cc:448: info: Increasing stack size by one page.
Relaxing scrub interval from 1391 cycles to 1738 cycles
Relaxing scrub interval from 1738 cycles to 2172 cycles
Relaxing scrub interval from 2172 cycles to 2715 cycles
Relaxing scrub interval from 2715 cycles to 3393 cycles
Relaxing scrub interval from 3393 cycles to 4241 cycles
src/sim/syscall_emul.cc:75: warn: ignoring syscall mprotect(...) at tick 17327000
Relaxing scrub interval from 4241 cycles to 5301 cycles
Relaxing scrub interval from 5301 cycles to 6626 cycles
Relaxing scrub interval from 6626 cycles to 8282 cycles
Relaxing scrub interval from 8282 cycles to 10352 cycles
Relaxing scrub interval from 10352 cycles to 12940 cycles
Tightening scrub interval from 12940 cycles to 6470 cycles
Tightening scrub interval from 6470 cycles to 3235 cycles
Relaxing scrub interval from 3235 cycles to 4043 cycles
Relaxing scrub interval from 4043 cycles to 5053 cycles
Tightening scrub interval from 5053 cycles to 2526 cycles
Relaxing scrub interval from 2526 cycles to 3157 cycles
Relaxing scrub interval from 3157 cycles to 3946 cycles
Relaxing scrub interval from 3946 cycles to 4932 cycles
Tightening scrub interval from 4932 cycles to 2466 cycles
Tightening scrub interval from 2466 cycles to 1233 cycles
Relaxing scrub interval from 1233 cycles to 1541 cycles
Relaxing scrub interval from 1541 cycles to 1926 cycles
Relaxing scrub interval from 1926 cycles to 2407 cycles
Relaxing scrub interval from 2407 cycles to 3008 cycles
Tightening scrub interval from 3008 cycles to 1504 cycles
Relaxing scrub interval from 1504 cycles to 1880 cycles
Relaxing scrub interval from 1880 cycles to 2350 cycles
Tightening scrub interval from 2350 cycles to 1175 cycles
Relaxing scrub interval from 1175 cycles to 1468 cycles
Tightening scrub interval from 1468 cycles to 734 cycles
Relaxing scrub interval from 734 cycles to 917 cycles
Relaxing scrub interval from 917 cycles to 1146 cycles
Relaxing scrub interval from 1146 cycles to 1432 cycles
Relaxing scrub interval from 1432 cycles to 1790 cycles
Relaxing scrub interval from 1790 cycles to 2237 cycles
Relaxing scrub interval from 2237 cycles to 2796 cycles
Relaxing scrub interval from 2796 cycles to 3495 cycles
Relaxing scrub interval from 3495 cycles to 4368 cycles
Relaxing scrub interval from 4368 cycles to 5460 cycles
Tightening scrub interval from 5460 cycles to 2730 cycles
Tightening scrub interval from 2730 cycles to 1365 cycles
Relaxing scrub interval from 1365 cycles to 1706 cycles
Relaxing scrub interval from 1706 cycles to 2132 cycles
Relaxing scrub interval from 2132 cycles to 2665 cycles
Relaxing scrub interval from 2665 cycles to 3331 cycles
Tightening scrub interval from 3331 cycles to 1665 cycles
Relaxing scrub interval from 1665 cycles to 2081 cycles
Relaxing scrub interval from 2081 cycles to 2601 cycles
Relaxing scrub interval from 2601 cycles to 3251 cycles
Relaxing scrub interval from 3251 cycles to 4063 cycles
Relaxing scrub interval from 4063 cycles to 5078 cycles
Tightening scrub interval from 5078 cycles to 2539 cycles
Relaxing scrub interval from 2539 cycles to 3173 cycles
Relaxing scrub interval from 3173 cycles to 3966 cycles
Relaxing scrub interval from 3966 cycles to 4957 cycles
Tightening scrub interval from 4957 cycles to 2478 cycles
Tightening scrub interval from 2478 cycles to 1239 cycles
Relaxing scrub interval from 1239 cycles to 1548 cycles
Relaxing scrub interval from 1548 cycles to 1935 cycles
Relaxing scrub interval from 1935 cycles to 2418 cycles
Relaxing scrub interval from 2418 cycles to 3022 cycles
Relaxing scrub interval from 3022 cycles to 3777 cycles
Relaxing scrub interval from 3777 cycles to 4721 cycles
Relaxing scrub interval from 4721 cycles to 5901 cycles
Tightening scrub interval from 5901 cycles to 2950 cycles
Tightening scrub interval from 2950 cycles to 1475 cycles
Relaxing scrub interval from 1475 cycles to 1843 cycles
Relaxing scrub interval from 1843 cycles to 2303 cycles
Relaxing scrub interval from 2303 cycles to 2878 cycles
Relaxing scrub interval from 2878 cycles to 3597 cycles
Relaxing scrub interval from 3597 cycles to 4496 cycles
Tightening scrub interval from 4496 cycles to 2248 cycles
Relaxing scrub interval from 2248 cycles to 2810 cycles
Relaxing scrub interval from 2810 cycles to 3512 cycles
Relaxing scrub interval from 3512 cycles to 4390 cycles
Relaxing scrub interval from 4390 cycles to 5487 cycles
Relaxing scrub interval from 5487 cycles to 6858 cycles
Tightening scrub interval from 6858 cycles to 3429 cycles
Tightening scrub interval from 3429 cycles to 1714 cycles
Relaxing scrub interval from 1714 cycles to 2142 cycles
Relaxing scrub interval from 2142 cycles to 2677 cycles
Relaxing scrub interval from 2677 cycles to 3346 cycles
Relaxing scrub interval from 3346 cycles to 4182 cycles
Relaxing scrub interval from 4182 cycles to 5227 cycles
Relaxing scrub interval from 5227 cycles to 6533 cycles
Relaxing scrub interval from 6533 cycles to 8166 cycles
Relaxing scrub interval from 8166 cycles to 10207 cycles
Tightening scrub interval from 10207 cycles to 5103 cycles
Tightening scrub interval from 5103 cycles to 2551 cycles
Tightening scrub interval from 2551 cycles to 1275 cycles
Relaxing scrub interval from 1275 cycles to 1593 cycles
Relaxing scrub interval from 1593 cycles to 1991 cycles
Relaxing scrub interval from 1991 cycles to 2488 cycles
Relaxing scrub interval from 2488 cycles to 3110 cycles
Relaxing scrub interval from 3110 cycles to 3887 cycles
Relaxing scrub interval from 3887 cycles to 4858 cycles
Relaxing scrub interval from 4858 cycles to 6072 cycles
Relaxing scrub interval from 6072 cycles to 7590 cycles
Tightening scrub interval from 7590 cycles to 3795 cycles
Tightening scrub interval from 3795 cycles to 1897 cycles
Relaxing scrub interval from 1897 cycles to 2371 cycles
Relaxing scrub interval from 2371 cycles to 2963 cycles
Relaxing scrub interval from 2963 cycles to 3703 cycles
Tightening scrub interval from 3703 cycles to 1851 cycles
Relaxing scrub interval from 1851 cycles to 2313 cycles
Relaxing scrub interval from 2313 cycles to 2891 cycles
Relaxing scrub interval from 2891 cycles to 3613 cycles
Relaxing scrub interval from 3613 cycles to 4516 cycles
Relaxing scrub interval from 4516 cycles to 5645 cycles
Relaxing scrub interval from 5645 cycles to 7056 cycles
Relaxing scrub interval from 7056 cycles to 8820 cycles
Relaxing scrub interval from 8820 cycles to 11025 cycles
Tightening scrub interval from 11025 cycles to 5512 cycles
Relaxing scrub interval from 5512 cycles to 6890 cycles
Relaxing scrub interval from 6890 cycles to 8612 cycles
Tightening scrub interval from 8612 cycles to 4306 cycles
Tightening scrub interval from 4306 cycles to 2153 cycles
Relaxing scrub interval from 2153 cycles to 2691 cycles
Relaxing scrub interval from 2691 cycles to 3363 cycles
Relaxing scrub interval from 3363 cycles to 4203 cycles
Relaxing scrub interval from 4203 cycles to 5253 cycles
Relaxing scrub interval from 5253 cycles to 6566 cycles
Tightening scrub interval from 6566 cycles to 3283 cycles
Relaxing scrub interval from 3283 cycles to 4103 cycles
Relaxing scrub interval from 4103 cycles to 5128 cycles
Relaxing scrub interval from 5128 cycles to 6410 cycles
Tightening scrub interval from 6410 cycles to 3205 cycles
Relaxing scrub interval from 3205 cycles to 4006 cycles
Relaxing scrub interval from 4006 cycles to 5007 cycles
Tightening scrub interval from 5007 cycles to 2503 cycles
Relaxing scrub interval from 2503 cycles to 3128 cycles
Relaxing scrub interval from 3128 cycles to 3910 cycles
Relaxing scrub interval from 3910 cycles to 4887 cycles
Tightening scrub interval from 4887 cycles to 2443 cycles
Tightening scrub interval from 2443 cycles to 1221 cycles
Relaxing scrub interval from 1221 cycles to 1526 cycles
Relaxing scrub interval from 1526 cycles to 1907 cycles
Relaxing scrub interval from 1907 cycles to 2383 cycles
Relaxing scrub interval from 2383 cycles to 2978 cycles
Tightening scrub interval from 2978 cycles to 1489 cycles
Relaxing scrub interval from 1489 cycles to 1861 cycles
Relaxing scrub interval from 1861 cycles to 2326 cycles
Relaxing scrub interval from 2326 cycles to 2907 cycles
Relaxing scrub interval from 2907 cycles to 3633 cycles
Relaxing scrub interval from 3633 cycles to 4541 cycles
Relaxing scrub interval from 4541 cycles to 5676 cycles
Relaxing scrub interval from 5676 cycles to 7095 cycles
Relaxing scrub interval from 7095 cycles to 8868 cycles
Relaxing scrub interval from 8868 cycles to 11085 cycles
Tightening scrub interval from 11085 cycles to 5542 cycles
Tightening scrub interval from 5542 cycles to 2771 cycles
Tightening scrub interval from 2771 cycles to 1385 cycles
Relaxing scrub interval from 1385 cycles to 1731 cycles
Relaxing scrub interval from 1731 cycles to 2163 cycles
Relaxing scrub interval from 2163 cycles to 2703 cycles
Tightening scrub interval from 2703 cycles to 1351 cycles
Tightening scrub interval from 1351 cycles to 675 cycles
Relaxing scrub interval from 675 cycles to 843 cycles
Tightening scrub interval from 843 cycles to 421 cycles
Relaxing scrub interval from 421 cycles to 526 cycles
Relaxing scrub interval from 526 cycles to 657 cycles
Relaxing scrub interval from 657 cycles to 821 cycles
Relaxing scrub interval from 821 cycles to 1026 cycles
Relaxing scrub interval from 1026 cycles to 1282 cycles
Relaxing scrub interval from 1282 cycles to 1602 cycles
Relaxing scrub interval from 1602 cycles to 2002 cycles
Relaxing scrub interval from 2002 cycles to 2502 cycles
Relaxing scrub interval from 2502 cycles to 3127 cycles
Relaxing scrub interval from 3127 cycles to 3908 cycles
Relaxing scrub interval from 3908 cycles to 4885 cycles
Relaxing scrub interval from 4885 cycles to 6106 cycles
Relaxing scrub interval from 6106 cycles to 7632 cycles
Relaxing scrub interval from 7632 cycles to 9540 cycles
Relaxing scrub interval from 9540 cycles to 11925 cycles
Relaxing scrub interval from 11925 cycles to 14906 cycles
Tightening scrub interval from 14906 cycles to 7453 cycles
Tightening scrub interval from 7453 cycles to 3726 cycles
Tightening scrub interval from 3726 cycles to 1863 cycles
Relaxing scrub interval from 1863 cycles to 2328 cycles
Relaxing scrub interval from 2328 cycles to 2910 cycles
Relaxing scrub interval from 2910 cycles to 3637 cycles
Relaxing scrub interval from 3637 cycles to 4546 cycles
Relaxing scrub interval from 4546 cycles to 5682 cycles
Relaxing scrub interval from 5682 cycles to 7102 cycles
Tightening scrub interval from 7102 cycles to 3551 cycles
Relaxing scrub interval from 3551 cycles to 4438 cycles
Relaxing scrub interval from 4438 cycles to 5547 cycles
Tightening scrub interval from 5547 cycles to 2773 cycles
Relaxing scrub interval from 2773 cycles to 3466 cycles
Tightening scrub interval from 3466 cycles to 1733 cycles
Relaxing scrub interval from 1733 cycles to 2166 cycles
Relaxing scrub interval from 2166 cycles to 2707 cycles
Tightening scrub interval from 2707 cycles to 1353 cycles
Relaxing scrub interval from 1353 cycles to 1691 cycles
Relaxing scrub interval from 1691 cycles to 2113 cycles
Relaxing scrub interval from 2113 cycles to 2641 cycles
Relaxing scrub interval from 2641 cycles to 3301 cycles
Relaxing scrub interval from 3301 cycles to 4126 cycles
Relaxing scrub interval from 4126 cycles to 5157 cycles
Relaxing scrub interval from 5157 cycles to 6446 cycles
Tightening scrub interval from 6446 cycles to 3223 cycles
Tightening scrub interval from 3223 cycles to 1611 cycles
Tightening scrub interval from 1611 cycles to 805 cycles
Relaxing scrub interval from 805 cycles to 1006 cycles
Relaxing scrub interval from 1006 cycles to 1257 cycles
Relaxing scrub interval from 1257 cycles to 1571 cycles
Relaxing scrub interval from 1571 cycles to 1963 cycles
Relaxing scrub interval from 1963 cycles to 2453 cycles
Relaxing scrub interval from 2453 cycles to 3066 cycles
Relaxing scrub interval from 3066 cycles to 3832 cycles
Relaxing scrub interval from 3832 cycles to 4790 cycles
Relaxing scrub interval from 4790 cycles to 5987 cycles
Tightening scrub interval from 5987 cycles to 2993 cycles
Relaxing scrub interval from 2993 cycles to 3741 cycles
Tightening scrub interval from 3741 cycles to 1870 cycles
Relaxing scrub interval from 1870 cycles to 2337 cycles
Relaxing scrub interval from 2337 cycles to 2921 cycles
Relaxing scrub interval from 2921 cycles to 3651 cycles
Relaxing scrub interval from 3651 cycles to 4563 cycles
Relaxing scrub interval from 4563 cycles to 5703 cycles
Tightening scrub interval from 5703 cycles to 2851 cycles
Relaxing scrub interval from 2851 cycles to 3563 cycles
Tightening scrub interval from 3563 cycles to 1781 cycles
Tightening scrub interval from 1781 cycles to 890 cycles
Relaxing scrub interval from 890 cycles to 1112 cycles
Relaxing scrub interval from 1112 cycles to 1390 cycles
Tightening scrub interval from 1390 cycles to 695 cycles
Relaxing scrub interval from 695 cycles to 868 cycles
Relaxing scrub interval from 868 cycles to 1085 cycles
Relaxing scrub interval from 1085 cycles to 1356 cycles
Relaxing scrub interval from 1356 cycles to 1695 cycles
Relaxing scrub interval from 1695 cycles to 2118 cycles
Relaxing scrub interval from 2118 cycles to 2647 cycles
Relaxing scrub interval from 2647 cycles to 3308 cycles
Relaxing scrub interval from 3308 cycles to 4135 cycles
Relaxing scrub interval from 4135 cycles to 5168 cycles
Tightening scrub interval from 5168 cycles to 2584 cycles
Relaxing scrub interval from 2584 cycles to 3230 cycles
Relaxing scrub interval from 3230 cycles to 4037 cycles
Relaxing scrub interval from 4037 cycles to 5046 cycles
Relaxing scrub interval from 5046 cycles to 6307 cycles
Tightening scrub interval from 6307 cycles to 3153 cycles
Relaxing scrub interval from 3153 cycles to 3941 cycles
Relaxing scrub interval from 3941 cycles to 4926 cycles
Relaxing scrub interval from 4926 cycles to 6157 cycles
Relaxing scrub interval from 6157 cycles to 7696 cycles
Tightening scrub interval from 7696 cycles to 3848 cycles
Tightening scrub interval from 3848 cycles to 1924 cycles
Relaxing scrub interval from 1924 cycles to 2405 cycles
Relaxing scrub interval from 2405 cycles to 3006 cycles
Tightening scrub interval from 3006 cycles to 1503 cycles
Tightening scrub interval from 1503 cycles to 751 cycles
Relaxing scrub interval from 751 cycles to 938 cycles
Relaxing scrub interval from 938 cycles to 1172 cycles
Relaxing scrub interval from 1172 cycles to 1465 cycles
Relaxing scrub interval from 1465 cycles to 1831 cycles
Relaxing scrub interval from 1831 cycles to 2288 cycles
Relaxing scrub interval from 2288 cycles to 2860 cycles
Tightening scrub interval from 2860 cycles to 1430 cycles
Relaxing scrub interval from 1430 cycles to 1787 cycles
Relaxing scrub interval from 1787 cycles to 2233 cycles
Relaxing scrub interval from 2233 cycles to 2791 cycles
Relaxing scrub interval from 2791 cycles to 3488 cycles
Relaxing scrub interval from 3488 cycles to 4360 cycles
Relaxing scrub interval from 4360 cycles to 5450 cycles
Relaxing scrub interval from 5450 cycles to 6812 cycles
Tightening scrub interval from 6812 cycles to 3406 cycles
Tightening scrub interval from 3406 cycles to 1703 cycles
Tightening scrub interval from 1703 cycles to 851 cycles
Relaxing scrub interval from 851 cycles to 1063 cycles
Tightening scrub interval from 1063 cycles to 531 cycles
Relaxing scrub interval from 531 cycles to 663 cycles
Tightening scrub interval from 663 cycles to 331 cycles
Relaxing scrub interval from 331 cycles to 413 cycles
Relaxing scrub interval from 413 cycles to 516 cycles
Relaxing scrub interval from 516 cycles to 645 cycles
Relaxing scrub interval from 645 cycles to 806 cycles
Relaxing scrub interval from 806 cycles to 1007 cycles
Tightening scrub interval from 1007 cycles to 503 cycles
Relaxing scrub interval from 503 cycles to 628 cycles
Relaxing scrub interval from 628 cycles to 785 cycles
Relaxing scrub interval from 785 cycles to 981 cycles
Relaxing scrub interval from 981 cycles to 1226 cycles
Relaxing scrub interval from 1226 cycles to 1532 cycles
Relaxing scrub interval from 1532 cycles to 1915 cycles
Relaxing scrub interval from 1915 cycles to 2393 cycles
Tightening scrub interval from 2393 cycles to 1196 cycles
Relaxing scrub interval from 1196 cycles to 1495 cycles
Relaxing scrub interval from 1495 cycles to 1868 cycles
Tightening scrub interval from 1868 cycles to 934 cycles
Relaxing scrub interval from 934 cycles to 1167 cycles
Relaxing scrub interval from 1167 cycles to 1458 cycles
Relaxing scrub interval from 1458 cycles to 1822 cycles
Relaxing scrub interval from 1822 cycles to 2277 cycles
Tightening scrub interval from 2277 cycles to 1138 cycles
Relaxing scrub interval from 1138 cycles to 1422 cycles
Relaxing scrub interval from 1422 cycles to 1777 cycles
Relaxing scrub interval from 1777 cycles to 2221 cycles
Relaxing scrub interval from 2221 cycles to 2776 cycles
Relaxing scrub interval from 2776 cycles to 3470 cycles
Relaxing scrub interval from 3470 cycles to 4337 cycles
Relaxing scrub interval from 4337 cycles to 5421 cycles
Relaxing scrub interval from 5421 cycles to 6776 cycles
Relaxing scrub interval from 6776 cycles to 8470 cycles
Relaxing scrub interval from 8470 cycles to 10587 cycles
Tightening scrub interval from 10587 cycles to 5293 cycles
Relaxing scrub interval from 5293 cycles to 6616 cycles
Tightening scrub interval from 6616 cycles to 3308 cycles
Relaxing scrub interval from 3308 cycles to 4135 cycles
Tightening scrub interval from 4135 cycles to 2067 cycles
Relaxing scrub interval from 2067 cycles to 2583 cycles
Relaxing scrub interval from 2583 cycles to 3228 cycles
Relaxing scrub interval from 3228 cycles to 4035 cycles
Relaxing scrub interval from 4035 cycles to 5043 cycles
Relaxing scrub interval from 5043 cycles to 6303 cycles
Tightening scrub interval from 6303 cycles to 3151 cycles
Relaxing scrub interval from 3151 cycles to 3938 cycles
Relaxing scrub interval from 3938 cycles to 4922 cycles
Relaxing scrub interval from 4922 cycles to 6152 cycles
Relaxing scrub interval from 6152 cycles to 7690 cycles
Tightening scrub interval from 7690 cycles to 3845 cycles
Relaxing scrub interval from 3845 cycles to 4806 cycles
Relaxing scrub interval from 4806 cycles to 6007 cycles
Relaxing scrub interval from 6007 cycles to 7508 cycles
Tightening scrub interval from 7508 cycles to 3754 cycles
Relaxing scrub interval from 3754 cycles to 4692 cycles
Tightening scrub interval from 4692 cycles to 2346 cycles
Relaxing scrub interval from 2346 cycles to 2932 cycles
Relaxing scrub interval from 2932 cycles to 3665 cycles
Relaxing scrub interval from 3665 cycles to 4581 cycles
Tightening scrub interval from 4581 cycles to 2290 cycles
Relaxing scrub interval from 2290 cycles to 2862 cycles
Relaxing scrub interval from 2862 cycles to 3577 cycles
Relaxing scrub interval from 3577 cycles to 4471 cycles
Relaxing scrub interval from 4471 cycles to 5588 cycles
Tightening scrub interval from 5588 cycles to 2794 cycles
Tightening scrub interval from 2794 cycles to 1397 cycles
Tightening scrub interval from 1397 cycles to 698 cycles
Relaxing scrub interval from 698 cycles to 872 cycles
Relaxing scrub interval from 872 cycles to 1090 cycles
Relaxing scrub interval from 1090 cycles to 1362 cycles
Relaxing scrub interval from 1362 cycles to 1702 cycles
Relaxing scrub interval from 1702 cycles to 2127 cycles
Relaxing scrub interval from 2127 cycles to 2658 cycles
Tightening scrub interval from 2658 cycles to 1329 cycles
Relaxing scrub interval from 1329 cycles to 1661 cycles
Relaxing scrub interval from 1661 cycles to 2076 cycles
Relaxing scrub interval from 2076 cycles to 2595 cycles
Relaxing scrub interval from 2595 cycles to 3243 cycles
Relaxing scrub interval from 3243 cycles to 4053 cycles
Relaxing scrub interval from 4053 cycles to 5066 cycles
Relaxing scrub interval from 5066 cycles to 6332 cycles
Relaxing scrub interval from 6332 cycles to 7915 cycles
Tightening scrub interval from 7915 cycles to 3957 cycles
Relaxing scrub interval from 3957 cycles to 4946 cycles
Relaxing scrub interval from 4946 cycles to 6182 cycles
Tightening scrub interval from 6182 cycles to 3091 cycles
Relaxing scrub interval from 3091 cycles to 3863 cycles
Relaxing scrub interval from 3863 cycles to 4828 cycles
Tightening scrub interval from 4828 cycles to 2414 cycles
Relaxing scrub interval from 2414 cycles to 3017 cycles
Tightening scrub interval from 3017 cycles to 1508 cycles
Relaxing scrub interval from 1508 cycles to 1885 cycles
Relaxing scrub interval from 1885 cycles to 2356 cycles
Tightening scrub interval from 2356 cycles to 1178 cycles
Tightening scrub interval from 1178 cycles to 589 cycles
Relaxing scrub interval from 589 cycles to 736 cycles
Relaxing scrub interval from 736 cycles to 920 cycles
Relaxing scrub interval from 920 cycles to 1150 cycles
Relaxing scrub interval from 1150 cycles to 1437 cycles
Relaxing scrub interval from 1437 cycles to 1796 cycles
Relaxing scrub interval from 1796 cycles to 2245 cycles
Relaxing scrub interval from 2245 cycles to 2806 cycles
Relaxing scrub interval from 2806 cycles to 3507 cycles
Relaxing scrub interval from 3507 cycles to 4383 cycles
Tightening scrub interval from 4383 cycles to 2191 cycles
Relaxing scrub interval from 2191 cycles to 2738 cycles
Relaxing scrub interval from 2738 cycles to 3422 cycles
Relaxing scrub interval from 3422 cycles to 4277 cycles
Relaxing scrub interval from 4277 cycles to 5346 cycles
Tightening scrub interval from 5346 cycles to 2673 cycles
Relaxing scrub interval from 2673 cycles to 3341 cycles
Relaxing scrub interval from 3341 cycles to 4176 cycles
Tightening scrub interval from 4176 cycles to 2088 cycles
Relaxing scrub interval from 2088 cycles to 2610 cycles
Relaxing scrub interval from 2610 cycles to 3262 cycles
Relaxing scrub interval from 3262 cycles to 4077 cycles
Tightening scrub interval from 4077 cycles to 2038 cycles
Tightening scrub interval from 2038 cycles to 1019 cycles
Tightening scrub interval from 1019 cycles to 509 cycles
Relaxing scrub interval from 509 cycles to 636 cycles
Relaxing scrub interval from 636 cycles to 795 cycles
Relaxing scrub interval from 795 cycles to 993 cycles
Relaxing scrub interval from 993 cycles to 1241 cycles
Relaxing scrub interval from 1241 cycles to 1551 cycles
Relaxing scrub interval from 1551 cycles to 1938 cycles
Relaxing scrub interval from 1938 cycles to 2422 cycles
Relaxing scrub interval from 2422 cycles to 3027 cycles
Tightening scrub interval from 3027 cycles to 1513 cycles
Relaxing scrub interval from 1513 cycles to 1891 cycles
Tightening scrub interval from 1891 cycles to 945 cycles
Relaxing scrub interval from 945 cycles to 1181 cycles
Relaxing scrub interval from 1181 cycles to 1476 cycles
Relaxing scrub interval from 1476 cycles to 1845 cycles
Relaxing scrub interval from 1845 cycles to 2306 cycles
Relaxing scrub interval from 2306 cycles to 2882 cycles
Relaxing scrub interval from 2882 cycles to 3602 cycles
Tightening scrub interval from 3602 cycles to 1801 cycles
Relaxing scrub interval from 1801 cycles to 2251 cycles
Relaxing scrub interval from 2251 cycles to 2813 cycles
Relaxing scrub interval from 2813 cycles to 3516 cycles
Relaxing scrub interval from 3516 cycles to 4395 cycles
Tightening scrub interval from 4395 cycles to 2197 cycles
Relaxing scrub interval from 2197 cycles to 2746 cycles
Relaxing scrub interval from 2746 cycles to 3432 cycles
Relaxing scrub interval from 3432 cycles to 4290 cycles
Tightening scrub interval from 4290 cycles to 2145 cycles
Relaxing scrub interval from 2145 cycles to 2681 cycles
Relaxing scrub interval from 2681 cycles to 3351 cycles
Relaxing scrub interval from 3351 cycles to 4188 cycles
Tightening scrub interval from 4188 cycles to 2094 cycles
Relaxing scrub interval from 2094 cycles to 2617 cycles
Tightening scrub interval from 2617 cycles to 1308 cycles
Relaxing scrub interval from 1308 cycles to 1635 cycles
Relaxing scrub interval from 1635 cycles to 2043 cycles
Relaxing scrub interval from 2043 cycles to 2553 cycles
Relaxing scrub interval from 2553 cycles to 3191 cycles
Relaxing scrub interval from 3191 cycles to 3988 cycles
Relaxing scrub interval from 3988 cycles to 4985 cycles
Tightening scrub interval from 4985 cycles to 2492 cycles
Tightening scrub interval from 2492 cycles to 1246 cycles
Relaxing scrub interval from 1246 cycles to 1557 cycles
Tightening scrub interval from 1557 cycles to 778 cycles
Relaxing scrub interval from 778 cycles to 972 cycles
Relaxing scrub interval from 972 cycles to 1215 cycles
Relaxing scrub interval from 1215 cycles to 1518 cycles
Relaxing scrub interval from 1518 cycles to 1897 cycles
Relaxing scrub interval from 1897 cycles to 2371 cycles
Relaxing scrub interval from 2371 cycles to 2963 cycles
Relaxing scrub interval from 2963 cycles to 3703 cycles
Relaxing scrub interval from 3703 cycles to 4628 cycles
Relaxing scrub interval from 4628 cycles to 5785 cycles
Tightening scrub interval from 5785 cycles to 2892 cycles
Relaxing scrub interval from 2892 cycles to 3615 cycles
Relaxing scrub interval from 3615 cycles to 4518 cycles
Relaxing scrub interval from 4518 cycles to 5647 cycles
Tightening scrub interval from 5647 cycles to 2823 cycles
Relaxing scrub interval from 2823 cycles to 3528 cycles
Tightening scrub interval from 3528 cycles to 1764 cycles
Relaxing scrub interval from 1764 cycles to 2205 cycles
Relaxing scrub interval from 2205 cycles to 2756 cycles
Relaxing scrub interval from 2756 cycles to 3445 cycles
Relaxing scrub interval from 3445 cycles to 4306 cycles
Tightening scrub interval from 4306 cycles to 2153 cycles
Relaxing scrub interval from 2153 cycles to 2691 cycles
Relaxing scrub interval from 2691 cycles to 3363 cycles
Tightening scrub interval from 3363 cycles to 1681 cycles
Tightening scrub interval from 1681 cycles to 840 cycles
Relaxing scrub interval from 840 cycles to 1050 cycles
Relaxing scrub interval from 1050 cycles to 1312 cycles
Relaxing scrub interval from 1312 cycles to 1640 cycles
Relaxing scrub interval from 1640 cycles to 2050 cycles
Tightening scrub interval from 2050 cycles to 1025 cycles
Relaxing scrub interval from 1025 cycles to 1281 cycles
Relaxing scrub interval from 1281 cycles to 1601 cycles
Relaxing scrub interval from 1601 cycles to 2001 cycles
Tightening scrub interval from 2001 cycles to 1000 cycles
Relaxing scrub interval from 1000 cycles to 1250 cycles
Relaxing scrub interval from 1250 cycles to 1562 cycles
Tightening scrub interval from 1562 cycles to 781 cycles
Tightening scrub interval from 781 cycles to 390 cycles
Relaxing scrub interval from 390 cycles to 487 cycles
Relaxing scrub interval from 487 cycles to 608 cycles
Relaxing scrub interval from 608 cycles to 760 cycles
Relaxing scrub interval from 760 cycles to 950 cycles
Relaxing scrub interval from 950 cycles to 1187 cycles
Relaxing scrub interval from 1187 cycles to 1483 cycles
Relaxing scrub interval from 1483 cycles to 1853 cycles
Relaxing scrub interval from 1853 cycles to 2316 cycles
Relaxing scrub interval from 2316 cycles to 2895 cycles
Tightening scrub interval from 2895 cycles to 1447 cycles
Relaxing scrub interval from 1447 cycles to 1808 cycles
Tightening scrub interval from 1808 cycles to 904 cycles
Relaxing scrub interval from 904 cycles to 1130 cycles
Tightening scrub interval from 1130 cycles to 565 cycles
Relaxing scrub interval from 565 cycles to 706 cycles
Relaxing scrub interval from 706 cycles to 882 cycles
Relaxing scrub interval from 882 cycles to 1102 cycles
Tightening scrub interval from 1102 cycles to 551 cycles
Relaxing scrub interval from 551 cycles to 688 cycles
Relaxing scrub interval from 688 cycles to 860 cycles
Relaxing scrub interval from 860 cycles to 1075 cycles
Relaxing scrub interval from 1075 cycles to 1343 cycles
Relaxing scrub interval from 1343 cycles to 1678 cycles
Tightening scrub interval from 1678 cycles to 839 cycles
Tightening scrub interval from 839 cycles to 419 cycles
Relaxing scrub interval from 419 cycles to 523 cycles
Relaxing scrub interval from 523 cycles to 653 cycles
Relaxing scrub interval from 653 cycles to 816 cycles
Relaxing scrub interval from 816 cycles to 1020 cycles
Relaxing scrub interval from 1020 cycles to 1275 cycles
Relaxing scrub interval from 1275 cycles to 1593 cycles
Relaxing scrub interval from 1593 cycles to 1991 cycles
Relaxing scrub interval from 1991 cycles to 2488 cycles
Tightening scrub interval from 2488 cycles to 1244 cycles
Relaxing scrub interval from 1244 cycles to 1555 cycles
Relaxing scrub interval from 1555 cycles to 1943 cycles
Relaxing scrub interval from 1943 cycles to 2428 cycles
Relaxing scrub interval from 2428 cycles to 3035 cycles
Relaxing scrub interval from 3035 cycles to 3793 cycles
Relaxing scrub interval from 3793 cycles to 4741 cycles
Tightening scrub interval from 4741 cycles to 2370 cycles
Relaxing scrub interval from 2370 cycles to 2962 cycles
Relaxing scrub interval from 2962 cycles to 3702 cycles
Relaxing scrub interval from 3702 cycles to 4627 cycles
Tightening scrub interval from 4627 cycles to 2313 cycles
Tightening scrub interval from 2313 cycles to 1156 cycles
Relaxing scrub interval from 1156 cycles to 1445 cycles
Relaxing scrub interval from 1445 cycles to 1806 cycles
Relaxing scrub interval from 1806 cycles to 2257 cycles
Relaxing scrub interval from 2257 cycles to 2821 cycles
Relaxing scrub interval from 2821 cycles to 3526 cycles
Relaxing scrub interval from 3526 cycles to 4407 cycles
Tightening scrub interval from 4407 cycles to 2203 cycles
Relaxing scrub interval from 2203 cycles to 2753 cycles
Tightening scrub interval from 2753 cycles to 1376 cycles
Relaxing scrub interval from 1376 cycles to 1720 cycles
Relaxing scrub interval from 1720 cycles to 2150 cycles
Relaxing scrub interval from 2150 cycles to 2687 cycles
Relaxing scrub interval from 2687 cycles to 3358 cycles
Relaxing scrub interval from 3358 cycles to 4197 cycles
Tightening scrub interval from 4197 cycles to 2098 cycles
Relaxing scrub interval from 2098 cycles to 2622 cycles
Relaxing scrub interval from 2622 cycles to 3277 cycles
Relaxing scrub interval from 3277 cycles to 4096 cycles
Tightening scrub interval from 4096 cycles to 2048 cycles
Relaxing scrub interval from 2048 cycles to 2560 cycles
Relaxing scrub interval from 2560 cycles to 3200 cycles
Relaxing scrub interval from 3200 cycles to 4000 cycles
Relaxing scrub interval from 4000 cycles to 5000 cycles
Relaxing scrub interval from 5000 cycles to 6250 cycles
Relaxing scrub interval from 6250 cycles to 7812 cycles
Relaxing scrub interval from 7812 cycles to 9765 cycles
Tightening scrub interval from 9765 cycles to 4882 cycles
Tightening scrub interval from 4882 cycles to 2441 cycles
Relaxing scrub interval from 2441 cycles to 3051 cycles
Tightening scrub interval from 3051 cycles to 1525 cycles
Relaxing scrub interval from 1525 cycles to 1906 cycles
Tightening scrub interval from 1906 cycles to 953 cycles
Relaxing scrub interval from 953 cycles to 1191 cycles
Relaxing scrub interval from 1191 cycles to 1488 cycles
Relaxing scrub interval from 1488 cycles to 1860 cycles
Relaxing scrub interval from 1860 cycles to 2325 cycles
Relaxing scrub interval from 2325 cycles to 2906 cycles
Relaxing scrub interval from 2906 cycles to 3632 cycles
Relaxing scrub interval from 3632 cycles to 4540 cycles
Tightening scrub interval from 4540 cycles to 2270 cycles
Relaxing scrub interval from 2270 cycles to 2837 cycles
Relaxing scrub interval from 2837 cycles to 3546 cycles
Relaxing scrub interval from 3546 cycles to 4432 cycles
Relaxing scrub interval from 4432 cycles to 5540 cycles
Relaxing scrub interval from 5540 cycles to 6925 cycles
Relaxing scrub interval from 6925 cycles to 8656 cycles
Relaxing scrub interval from 8656 cycles to 10820 cycles
Relaxing scrub interval from 10820 cycles to 13525 cycles
Relaxing scrub interval from 13525 cycles to 16906 cycles
