warn: No dot file generated. Please install pydot to generate the dot file and pdf.
Scrubbing enabled with adaptive interval starting at 10 cycles, tightening factor 2, relax factor 1.25
src/arch/riscv/isa.cc:275: info: RVV enabled, VLEN = 256 bits, ELEN = 64 bits
src/base/statistics.hh:279: warn: One of the stats is a legacy stat. Legacy stat is a stat that does not belong to any statistics::Group. Legacy stat is deprecated.
src/base/remote_gdb.cc:418: warn: Sockets disabled, not accepting gdb connections
src/sim/simulate.cc:199: info: Entering event queue @ 0.  Starting simulation...
Relaxing scrub interval from 10 cycles to 12 cycles
Relaxing scrub interval from 12 cycles to 15 cycles
Relaxing scrub interval from 15 cycles to 18 cycles
Relaxing scrub interval from 18 cycles to 22 cycles
Relaxing scrub interval from 22 cycles to 27 cycles
Relaxing scrub interval from 27 cycles to 33 cycles
Relaxing scrub interval from 33 cycles to 41 cycles
Relaxing scrub interval from 41 cycles to 51 cycles
Relaxing scrub interval from 51 cycles to 63 cycles
Relaxing scrub interval from 63 cycles to 78 cycles
Relaxing scrub interval from 78 cycles to 97 cycles
Relaxing scrub interval from 97 cycles to 121 cycles
Relaxing scrub interval from 121 cycles to 151 cycles
Relaxing scrub interval from 151 cycles to 188 cycles
Relaxing scrub interval from 188 cycles to 235 cycles
Relaxing scrub interval from 235 cycles to 293 cycles
Relaxing scrub interval from 293 cycles to 366 cycles
Relaxing scrub interval from 366 cycles to 457 cycles
Relaxing scrub interval from 457 cycles to 571 cycles
Relaxing scrub interval from 571 cycles to 713 cycles
Relaxing scrub interval from 713 cycles to 891 cycles
src/sim/syscall_emul.cc:86: warn: ignoring syscall set_robust_list(...)
      (further warnings will be suppressed)
Relaxing scrub interval from 891 cycles to 1113 cycles
Relaxing scrub interval from 1113 cycles to 1391 cycles
src/sim/syscall_emul.hh:1014: warn: readlink() called on '/proc/self/exe' may yield unexpected results in various settings.
      Returning '/home/cs1952y-user/gem5/1952y-fp/gem5/tests/test-progs/cs1952y-fp/alt'
src/sim/mem_state.cc:448: info: Increasing stack size by one page.
Relaxing scrub interval from 1391 cycles to 1738 cycles
Relaxing scrub interval from 1738 cycles to 2172 cycles
Relaxing scrub interval from 2172 cycles to 2715 cycles
Relaxing scrub interval from 2715 cycles to 3393 cycles
Relaxing scrub interval from 3393 cycles to 4241 cycles
src/sim/syscall_emul.cc:75: warn: ignoring syscall mprotect(...) at tick 17327000
Relaxing scrub interval from 4241 cycles to 5301 cycles
Relaxing scrub interval from 5301 cycles to 6626 cycles
Relaxing scrub interval from 6626 cycles to 8282 cycles
Relaxing scrub interval from 8282 cycles to 10352 cycles
Relaxing scrub interval from 10352 cycles to 12940 cycles
Relaxing scrub interval from 12940 cycles to 16175 cycles
Tightening scrub interval from 16175 cycles to 8087 cycles
Relaxing scrub interval from 8087 cycles to 10108 cycles
Tightening scrub interval from 10108 cycles to 5054 cycles
Relaxing scrub interval from 5054 cycles to 6317 cycles
Tightening scrub interval from 6317 cycles to 3158 cycles
Relaxing scrub interval from 3158 cycles to 3947 cycles
Relaxing scrub interval from 3947 cycles to 4933 cycles
Relaxing scrub interval from 4933 cycles to 6166 cycles
Relaxing scrub interval from 6166 cycles to 7707 cycles
Relaxing scrub interval from 7707 cycles to 9633 cycles
Tightening scrub interval from 9633 cycles to 4816 cycles
Relaxing scrub interval from 4816 cycles to 6020 cycles
Tightening scrub interval from 6020 cycles to 3010 cycles
Relaxing scrub interval from 3010 cycles to 3762 cycles
Tightening scrub interval from 3762 cycles to 1881 cycles
Relaxing scrub interval from 1881 cycles to 2351 cycles
Relaxing scrub interval from 2351 cycles to 2938 cycles
Relaxing scrub interval from 2938 cycles to 3672 cycles
Relaxing scrub interval from 3672 cycles to 4590 cycles
Relaxing scrub interval from 4590 cycles to 5737 cycles
Relaxing scrub interval from 5737 cycles to 7171 cycles
Tightening scrub interval from 7171 cycles to 3585 cycles
Tightening scrub interval from 3585 cycles to 1792 cycles
Relaxing scrub interval from 1792 cycles to 2240 cycles
Relaxing scrub interval from 2240 cycles to 2800 cycles
Relaxing scrub interval from 2800 cycles to 3500 cycles
Relaxing scrub interval from 3500 cycles to 4375 cycles
Relaxing scrub interval from 4375 cycles to 5468 cycles
Tightening scrub interval from 5468 cycles to 2734 cycles
Relaxing scrub interval from 2734 cycles to 3417 cycles
Relaxing scrub interval from 3417 cycles to 4271 cycles
Relaxing scrub interval from 4271 cycles to 5338 cycles
Relaxing scrub interval from 5338 cycles to 6672 cycles
Relaxing scrub interval from 6672 cycles to 8340 cycles
Relaxing scrub interval from 8340 cycles to 10425 cycles
Tightening scrub interval from 10425 cycles to 5212 cycles
Tightening scrub interval from 5212 cycles to 2606 cycles
Relaxing scrub interval from 2606 cycles to 3257 cycles
Relaxing scrub interval from 3257 cycles to 4071 cycles
Tightening scrub interval from 4071 cycles to 2035 cycles
Relaxing scrub interval from 2035 cycles to 2543 cycles
Relaxing scrub interval from 2543 cycles to 3178 cycles
Relaxing scrub interval from 3178 cycles to 3972 cycles
Relaxing scrub interval from 3972 cycles to 4965 cycles
Relaxing scrub interval from 4965 cycles to 6206 cycles
Relaxing scrub interval from 6206 cycles to 7757 cycles
Relaxing scrub interval from 7757 cycles to 9696 cycles
Tightening scrub interval from 9696 cycles to 4848 cycles
Relaxing scrub interval from 4848 cycles to 6060 cycles
Relaxing scrub interval from 6060 cycles to 7575 cycles
Relaxing scrub interval from 7575 cycles to 9468 cycles
Relaxing scrub interval from 9468 cycles to 11835 cycles
Relaxing scrub interval from 11835 cycles to 14793 cycles
Relaxing scrub interval from 14793 cycles to 18491 cycles
Relaxing scrub interval from 18491 cycles to 23113 cycles
Tightening scrub interval from 23113 cycles to 11556 cycles
Tightening scrub interval from 11556 cycles to 5778 cycles
Relaxing scrub interval from 5778 cycles to 7222 cycles
Relaxing scrub interval from 7222 cycles to 9027 cycles
Tightening scrub interval from 9027 cycles to 4513 cycles
Relaxing scrub interval from 4513 cycles to 5641 cycles
Tightening scrub interval from 5641 cycles to 2820 cycles
Tightening scrub interval from 2820 cycles to 1410 cycles
Relaxing scrub interval from 1410 cycles to 1762 cycles
Relaxing scrub interval from 1762 cycles to 2202 cycles
Tightening scrub interval from 2202 cycles to 1101 cycles
Relaxing scrub interval from 1101 cycles to 1376 cycles
Relaxing scrub interval from 1376 cycles to 1720 cycles
Relaxing scrub interval from 1720 cycles to 2150 cycles
Tightening scrub interval from 2150 cycles to 1075 cycles
Relaxing scrub interval from 1075 cycles to 1343 cycles
Tightening scrub interval from 1343 cycles to 671 cycles
Relaxing scrub interval from 671 cycles to 838 cycles
Relaxing scrub interval from 838 cycles to 1047 cycles
Relaxing scrub interval from 1047 cycles to 1308 cycles
Relaxing scrub interval from 1308 cycles to 1635 cycles
Relaxing scrub interval from 1635 cycles to 2043 cycles
Relaxing scrub interval from 2043 cycles to 2553 cycles
Relaxing scrub interval from 2553 cycles to 3191 cycles
Tightening scrub interval from 3191 cycles to 1595 cycles
Relaxing scrub interval from 1595 cycles to 1993 cycles
Relaxing scrub interval from 1993 cycles to 2491 cycles
Relaxing scrub interval from 2491 cycles to 3113 cycles
Tightening scrub interval from 3113 cycles to 1556 cycles
Relaxing scrub interval from 1556 cycles to 1945 cycles
Relaxing scrub interval from 1945 cycles to 2431 cycles
Relaxing scrub interval from 2431 cycles to 3038 cycles
Relaxing scrub interval from 3038 cycles to 3797 cycles
Tightening scrub interval from 3797 cycles to 1898 cycles
Tightening scrub interval from 1898 cycles to 949 cycles
Relaxing scrub interval from 949 cycles to 1186 cycles
Relaxing scrub interval from 1186 cycles to 1482 cycles
Tightening scrub interval from 1482 cycles to 741 cycles
Relaxing scrub interval from 741 cycles to 926 cycles
Relaxing scrub interval from 926 cycles to 1157 cycles
Relaxing scrub interval from 1157 cycles to 1446 cycles
Relaxing scrub interval from 1446 cycles to 1807 cycles
Relaxing scrub interval from 1807 cycles to 2258 cycles
Relaxing scrub interval from 2258 cycles to 2822 cycles
Relaxing scrub interval from 2822 cycles to 3527 cycles
Relaxing scrub interval from 3527 cycles to 4408 cycles
Relaxing scrub interval from 4408 cycles to 5510 cycles
Relaxing scrub interval from 5510 cycles to 6887 cycles
Relaxing scrub interval from 6887 cycles to 8608 cycles
Tightening scrub interval from 8608 cycles to 4304 cycles
Tightening scrub interval from 4304 cycles to 2152 cycles
Relaxing scrub interval from 2152 cycles to 2690 cycles
Relaxing scrub interval from 2690 cycles to 3362 cycles
Relaxing scrub interval from 3362 cycles to 4202 cycles
Tightening scrub interval from 4202 cycles to 2101 cycles
Relaxing scrub interval from 2101 cycles to 2626 cycles
Relaxing scrub interval from 2626 cycles to 3282 cycles
Relaxing scrub interval from 3282 cycles to 4102 cycles
Tightening scrub interval from 4102 cycles to 2051 cycles
Relaxing scrub interval from 2051 cycles to 2563 cycles
Relaxing scrub interval from 2563 cycles to 3203 cycles
Relaxing scrub interval from 3203 cycles to 4003 cycles
Relaxing scrub interval from 4003 cycles to 5003 cycles
Relaxing scrub interval from 5003 cycles to 6253 cycles
Relaxing scrub interval from 6253 cycles to 7816 cycles
Tightening scrub interval from 7816 cycles to 3908 cycles
Tightening scrub interval from 3908 cycles to 1954 cycles
Relaxing scrub interval from 1954 cycles to 2442 cycles
Relaxing scrub interval from 2442 cycles to 3052 cycles
Relaxing scrub interval from 3052 cycles to 3815 cycles
Relaxing scrub interval from 3815 cycles to 4768 cycles
Relaxing scrub interval from 4768 cycles to 5960 cycles
Relaxing scrub interval from 5960 cycles to 7450 cycles
Relaxing scrub interval from 7450 cycles to 9312 cycles
Tightening scrub interval from 9312 cycles to 4656 cycles
Relaxing scrub interval from 4656 cycles to 5820 cycles
Relaxing scrub interval from 5820 cycles to 7275 cycles
Tightening scrub interval from 7275 cycles to 3637 cycles
Tightening scrub interval from 3637 cycles to 1818 cycles
Relaxing scrub interval from 1818 cycles to 2272 cycles
Tightening scrub interval from 2272 cycles to 1136 cycles
Relaxing scrub interval from 1136 cycles to 1420 cycles
Relaxing scrub interval from 1420 cycles to 1775 cycles
Relaxing scrub interval from 1775 cycles to 2218 cycles
Relaxing scrub interval from 2218 cycles to 2772 cycles
Relaxing scrub interval from 2772 cycles to 3465 cycles
Relaxing scrub interval from 3465 cycles to 4331 cycles
Relaxing scrub interval from 4331 cycles to 5413 cycles
Relaxing scrub interval from 5413 cycles to 6766 cycles
Tightening scrub interval from 6766 cycles to 3383 cycles
Tightening scrub interval from 3383 cycles to 1691 cycles
Relaxing scrub interval from 1691 cycles to 2113 cycles
Relaxing scrub interval from 2113 cycles to 2641 cycles
Relaxing scrub interval from 2641 cycles to 3301 cycles
Relaxing scrub interval from 3301 cycles to 4126 cycles
Tightening scrub interval from 4126 cycles to 2063 cycles
Relaxing scrub interval from 2063 cycles to 2578 cycles
Relaxing scrub interval from 2578 cycles to 3222 cycles
Relaxing scrub interval from 3222 cycles to 4027 cycles
Tightening scrub interval from 4027 cycles to 2013 cycles
Relaxing scrub interval from 2013 cycles to 2516 cycles
Tightening scrub interval from 2516 cycles to 1258 cycles
Relaxing scrub interval from 1258 cycles to 1572 cycles
Relaxing scrub interval from 1572 cycles to 1965 cycles
Relaxing scrub interval from 1965 cycles to 2456 cycles
Relaxing scrub interval from 2456 cycles to 3070 cycles
Tightening scrub interval from 3070 cycles to 1535 cycles
Relaxing scrub interval from 1535 cycles to 1918 cycles
Relaxing scrub interval from 1918 cycles to 2397 cycles
Tightening scrub interval from 2397 cycles to 1198 cycles
Relaxing scrub interval from 1198 cycles to 1497 cycles
Tightening scrub interval from 1497 cycles to 748 cycles
Relaxing scrub interval from 748 cycles to 935 cycles
Relaxing scrub interval from 935 cycles to 1168 cycles
Relaxing scrub interval from 1168 cycles to 1460 cycles
Relaxing scrub interval from 1460 cycles to 1825 cycles
Tightening scrub interval from 1825 cycles to 912 cycles
Tightening scrub interval from 912 cycles to 456 cycles
Relaxing scrub interval from 456 cycles to 570 cycles
Relaxing scrub interval from 570 cycles to 712 cycles
Tightening scrub interval from 712 cycles to 356 cycles
Relaxing scrub interval from 356 cycles to 445 cycles
Relaxing scrub interval from 445 cycles to 556 cycles
Relaxing scrub interval from 556 cycles to 695 cycles
Tightening scrub interval from 695 cycles to 347 cycles
Relaxing scrub interval from 347 cycles to 433 cycles
Relaxing scrub interval from 433 cycles to 541 cycles
Relaxing scrub interval from 541 cycles to 676 cycles
Relaxing scrub interval from 676 cycles to 845 cycles
Relaxing scrub interval from 845 cycles to 1056 cycles
Relaxing scrub interval from 1056 cycles to 1320 cycles
Relaxing scrub interval from 1320 cycles to 1650 cycles
Relaxing scrub interval from 1650 cycles to 2062 cycles
Relaxing scrub interval from 2062 cycles to 2577 cycles
Tightening scrub interval from 2577 cycles to 1288 cycles
Relaxing scrub interval from 1288 cycles to 1610 cycles
Relaxing scrub interval from 1610 cycles to 2012 cycles
Relaxing scrub interval from 2012 cycles to 2515 cycles
Relaxing scrub interval from 2515 cycles to 3143 cycles
Relaxing scrub interval from 3143 cycles to 3928 cycles
Relaxing scrub interval from 3928 cycles to 4910 cycles
Relaxing scrub interval from 4910 cycles to 6137 cycles
Relaxing scrub interval from 6137 cycles to 7671 cycles
Relaxing scrub interval from 7671 cycles to 9588 cycles
Relaxing scrub interval from 9588 cycles to 11985 cycles
Tightening scrub interval from 11985 cycles to 5992 cycles
Relaxing scrub interval from 5992 cycles to 7490 cycles
Relaxing scrub interval from 7490 cycles to 9362 cycles
Tightening scrub interval from 9362 cycles to 4681 cycles
Relaxing scrub interval from 4681 cycles to 5851 cycles
Relaxing scrub interval from 5851 cycles to 7313 cycles
Tightening scrub interval from 7313 cycles to 3656 cycles
Relaxing scrub interval from 3656 cycles to 4570 cycles
Relaxing scrub interval from 4570 cycles to 5712 cycles
Relaxing scrub interval from 5712 cycles to 7140 cycles
Tightening scrub interval from 7140 cycles to 3570 cycles
Relaxing scrub interval from 3570 cycles to 4462 cycles
Relaxing scrub interval from 4462 cycles to 5577 cycles
Tightening scrub interval from 5577 cycles to 2788 cycles
Relaxing scrub interval from 2788 cycles to 3485 cycles
Relaxing scrub interval from 3485 cycles to 4356 cycles
Relaxing scrub interval from 4356 cycles to 5445 cycles
Tightening scrub interval from 5445 cycles to 2722 cycles
Relaxing scrub interval from 2722 cycles to 3402 cycles
Tightening scrub interval from 3402 cycles to 1701 cycles
Relaxing scrub interval from 1701 cycles to 2126 cycles
Relaxing scrub interval from 2126 cycles to 2657 cycles
Relaxing scrub interval from 2657 cycles to 3321 cycles
Tightening scrub interval from 3321 cycles to 1660 cycles
Relaxing scrub interval from 1660 cycles to 2075 cycles
Relaxing scrub interval from 2075 cycles to 2593 cycles
Relaxing scrub interval from 2593 cycles to 3241 cycles
Relaxing scrub interval from 3241 cycles to 4051 cycles
Relaxing scrub interval from 4051 cycles to 5063 cycles
Relaxing scrub interval from 5063 cycles to 6328 cycles
Tightening scrub interval from 6328 cycles to 3164 cycles
Relaxing scrub interval from 3164 cycles to 3955 cycles
Relaxing scrub interval from 3955 cycles to 4943 cycles
Tightening scrub interval from 4943 cycles to 2471 cycles
Relaxing scrub interval from 2471 cycles to 3088 cycles
Relaxing scrub interval from 3088 cycles to 3860 cycles
Relaxing scrub interval from 3860 cycles to 4825 cycles
Relaxing scrub interval from 4825 cycles to 6031 cycles
Relaxing scrub interval from 6031 cycles to 7538 cycles
Tightening scrub interval from 7538 cycles to 3769 cycles
Relaxing scrub interval from 3769 cycles to 4711 cycles
Relaxing scrub interval from 4711 cycles to 5888 cycles
Relaxing scrub interval from 5888 cycles to 7360 cycles
Tightening scrub interval from 7360 cycles to 3680 cycles
Tightening scrub interval from 3680 cycles to 1840 cycles
Relaxing scrub interval from 1840 cycles to 2300 cycles
Relaxing scrub interval from 2300 cycles to 2875 cycles
Relaxing scrub interval from 2875 cycles to 3593 cycles
Relaxing scrub interval from 3593 cycles to 4491 cycles
Relaxing scrub interval from 4491 cycles to 5613 cycles
Tightening scrub interval from 5613 cycles to 2806 cycles
Relaxing scrub interval from 2806 cycles to 3507 cycles
Relaxing scrub interval from 3507 cycles to 4383 cycles
Relaxing scrub interval from 4383 cycles to 5478 cycles
Relaxing scrub interval from 5478 cycles to 6847 cycles
Tightening scrub interval from 6847 cycles to 3423 cycles
Tightening scrub interval from 3423 cycles to 1711 cycles
Relaxing scrub interval from 1711 cycles to 2138 cycles
Relaxing scrub interval from 2138 cycles to 2672 cycles
Tightening scrub interval from 2672 cycles to 1336 cycles
Relaxing scrub interval from 1336 cycles to 1670 cycles
Relaxing scrub interval from 1670 cycles to 2087 cycles
Relaxing scrub interval from 2087 cycles to 2608 cycles
Relaxing scrub interval from 2608 cycles to 3260 cycles
Relaxing scrub interval from 3260 cycles to 4075 cycles
Tightening scrub interval from 4075 cycles to 2037 cycles
Tightening scrub interval from 2037 cycles to 1018 cycles
Relaxing scrub interval from 1018 cycles to 1272 cycles
Relaxing scrub interval from 1272 cycles to 1590 cycles
Relaxing scrub interval from 1590 cycles to 1987 cycles
Relaxing scrub interval from 1987 cycles to 2483 cycles
Relaxing scrub interval from 2483 cycles to 3103 cycles
Relaxing scrub interval from 3103 cycles to 3878 cycles
Relaxing scrub interval from 3878 cycles to 4847 cycles
Tightening scrub interval from 4847 cycles to 2423 cycles
Relaxing scrub interval from 2423 cycles to 3028 cycles
Relaxing scrub interval from 3028 cycles to 3785 cycles
Relaxing scrub interval from 3785 cycles to 4731 cycles
Relaxing scrub interval from 4731 cycles to 5913 cycles
Relaxing scrub interval from 5913 cycles to 7391 cycles
Relaxing scrub interval from 7391 cycles to 9238 cycles
Tightening scrub interval from 9238 cycles to 4619 cycles
Relaxing scrub interval from 4619 cycles to 5773 cycles
Relaxing scrub interval from 5773 cycles to 7216 cycles
Relaxing scrub interval from 7216 cycles to 9020 cycles
Tightening scrub interval from 9020 cycles to 4510 cycles
Tightening scrub interval from 4510 cycles to 2255 cycles
Relaxing scrub interval from 2255 cycles to 2818 cycles
Tightening scrub interval from 2818 cycles to 1409 cycles
Relaxing scrub interval from 1409 cycles to 1761 cycles
Relaxing scrub interval from 1761 cycles to 2201 cycles
Relaxing scrub interval from 2201 cycles to 2751 cycles
Relaxing scrub interval from 2751 cycles to 3438 cycles
Relaxing scrub interval from 3438 cycles to 4297 cycles
Relaxing scrub interval from 4297 cycles to 5371 cycles
Relaxing scrub interval from 5371 cycles to 6713 cycles
Tightening scrub interval from 6713 cycles to 3356 cycles
Relaxing scrub interval from 3356 cycles to 4195 cycles
Tightening scrub interval from 4195 cycles to 2097 cycles
Relaxing scrub interval from 2097 cycles to 2621 cycles
Relaxing scrub interval from 2621 cycles to 3276 cycles
Relaxing scrub interval from 3276 cycles to 4095 cycles
Relaxing scrub interval from 4095 cycles to 5118 cycles
Relaxing scrub interval from 5118 cycles to 6397 cycles
Tightening scrub interval from 6397 cycles to 3198 cycles
Relaxing scrub interval from 3198 cycles to 3997 cycles
Relaxing scrub interval from 3997 cycles to 4996 cycles
Tightening scrub interval from 4996 cycles to 2498 cycles
Tightening scrub interval from 2498 cycles to 1249 cycles
Relaxing scrub interval from 1249 cycles to 1561 cycles
Relaxing scrub interval from 1561 cycles to 1951 cycles
Relaxing scrub interval from 1951 cycles to 2438 cycles
Tightening scrub interval from 2438 cycles to 1219 cycles
Relaxing scrub interval from 1219 cycles to 1523 cycles
Tightening scrub interval from 1523 cycles to 761 cycles
Relaxing scrub interval from 761 cycles to 951 cycles
Relaxing scrub interval from 951 cycles to 1188 cycles
Relaxing scrub interval from 1188 cycles to 1485 cycles
Tightening scrub interval from 1485 cycles to 742 cycles
Relaxing scrub interval from 742 cycles to 927 cycles
Relaxing scrub interval from 927 cycles to 1158 cycles
Relaxing scrub interval from 1158 cycles to 1447 cycles
Relaxing scrub interval from 1447 cycles to 1808 cycles
Relaxing scrub interval from 1808 cycles to 2260 cycles
Relaxing scrub interval from 2260 cycles to 2825 cycles
Relaxing scrub interval from 2825 cycles to 3531 cycles
Relaxing scrub interval from 3531 cycles to 4413 cycles
Relaxing scrub interval from 4413 cycles to 5516 cycles
Relaxing scrub interval from 5516 cycles to 6895 cycles
Tightening scrub interval from 6895 cycles to 3447 cycles
Relaxing scrub interval from 3447 cycles to 4308 cycles
Relaxing scrub interval from 4308 cycles to 5385 cycles
Relaxing scrub interval from 5385 cycles to 6731 cycles
Tightening scrub interval from 6731 cycles to 3365 cycles
Relaxing scrub interval from 3365 cycles to 4206 cycles
Relaxing scrub interval from 4206 cycles to 5257 cycles
Relaxing scrub interval from 5257 cycles to 6571 cycles
Relaxing scrub interval from 6571 cycles to 8213 cycles
Relaxing scrub interval from 8213 cycles to 10266 cycles
Tightening scrub interval from 10266 cycles to 5133 cycles
Relaxing scrub interval from 5133 cycles to 6416 cycles
Relaxing scrub interval from 6416 cycles to 8020 cycles
Relaxing scrub interval from 8020 cycles to 10025 cycles
Tightening scrub interval from 10025 cycles to 5012 cycles
Tightening scrub interval from 5012 cycles to 2506 cycles
Relaxing scrub interval from 2506 cycles to 3132 cycles
Relaxing scrub interval from 3132 cycles to 3915 cycles
Relaxing scrub interval from 3915 cycles to 4893 cycles
Relaxing scrub interval from 4893 cycles to 6116 cycles
Tightening scrub interval from 6116 cycles to 3058 cycles
Relaxing scrub interval from 3058 cycles to 3822 cycles
Relaxing scrub interval from 3822 cycles to 4777 cycles
Relaxing scrub interval from 4777 cycles to 5971 cycles
Relaxing scrub interval from 5971 cycles to 7463 cycles
Tightening scrub interval from 7463 cycles to 3731 cycles
Tightening scrub interval from 3731 cycles to 1865 cycles
Tightening scrub interval from 1865 cycles to 932 cycles
Relaxing scrub interval from 932 cycles to 1165 cycles
Relaxing scrub interval from 1165 cycles to 1456 cycles
Relaxing scrub interval from 1456 cycles to 1820 cycles
Relaxing scrub interval from 1820 cycles to 2275 cycles
Relaxing scrub interval from 2275 cycles to 2843 cycles
Tightening scrub interval from 2843 cycles to 1421 cycles
Relaxing scrub interval from 1421 cycles to 1776 cycles
Tightening scrub interval from 1776 cycles to 888 cycles
Relaxing scrub interval from 888 cycles to 1110 cycles
Relaxing scrub interval from 1110 cycles to 1387 cycles
Relaxing scrub interval from 1387 cycles to 1733 cycles
Relaxing scrub interval from 1733 cycles to 2166 cycles
Relaxing scrub interval from 2166 cycles to 2707 cycles
Relaxing scrub interval from 2707 cycles to 3383 cycles
Relaxing scrub interval from 3383 cycles to 4228 cycles
Relaxing scrub interval from 4228 cycles to 5285 cycles
Relaxing scrub interval from 5285 cycles to 6606 cycles
Tightening scrub interval from 6606 cycles to 3303 cycles
Relaxing scrub interval from 3303 cycles to 4128 cycles
Relaxing scrub interval from 4128 cycles to 5160 cycles
Relaxing scrub interval from 5160 cycles to 6450 cycles
Tightening scrub interval from 6450 cycles to 3225 cycles
Relaxing scrub interval from 3225 cycles to 4031 cycles
Relaxing scrub interval from 4031 cycles to 5038 cycles
Relaxing scrub interval from 5038 cycles to 6297 cycles
Relaxing scrub interval from 6297 cycles to 7871 cycles
Relaxing scrub interval from 7871 cycles to 9838 cycles
Relaxing scrub interval from 9838 cycles to 12297 cycles
Tightening scrub interval from 12297 cycles to 6148 cycles
Tightening scrub interval from 6148 cycles to 3074 cycles
Tightening scrub interval from 3074 cycles to 1537 cycles
Relaxing scrub interval from 1537 cycles to 1921 cycles
Tightening scrub interval from 1921 cycles to 960 cycles
Relaxing scrub interval from 960 cycles to 1200 cycles
Relaxing scrub interval from 1200 cycles to 1500 cycles
Relaxing scrub interval from 1500 cycles to 1875 cycles
Relaxing scrub interval from 1875 cycles to 2343 cycles
Relaxing scrub interval from 2343 cycles to 2928 cycles
Relaxing scrub interval from 2928 cycles to 3660 cycles
Tightening scrub interval from 3660 cycles to 1830 cycles
Relaxing scrub interval from 1830 cycles to 2287 cycles
Tightening scrub interval from 2287 cycles to 1143 cycles
Relaxing scrub interval from 1143 cycles to 1428 cycles
Relaxing scrub interval from 1428 cycles to 1785 cycles
Relaxing scrub interval from 1785 cycles to 2231 cycles
Relaxing scrub interval from 2231 cycles to 2788 cycles
Relaxing scrub interval from 2788 cycles to 3485 cycles
Relaxing scrub interval from 3485 cycles to 4356 cycles
Relaxing scrub interval from 4356 cycles to 5445 cycles
Relaxing scrub interval from 5445 cycles to 6806 cycles
Relaxing scrub interval from 6806 cycles to 8507 cycles
Tightening scrub interval from 8507 cycles to 4253 cycles
Relaxing scrub interval from 4253 cycles to 5316 cycles
Tightening scrub interval from 5316 cycles to 2658 cycles
Tightening scrub interval from 2658 cycles to 1329 cycles
Tightening scrub interval from 1329 cycles to 664 cycles
Relaxing scrub interval from 664 cycles to 830 cycles
Tightening scrub interval from 830 cycles to 415 cycles
Relaxing scrub interval from 415 cycles to 518 cycles
Relaxing scrub interval from 518 cycles to 647 cycles
Relaxing scrub interval from 647 cycles to 808 cycles
Relaxing scrub interval from 808 cycles to 1010 cycles
Tightening scrub interval from 1010 cycles to 505 cycles
Relaxing scrub interval from 505 cycles to 631 cycles
Relaxing scrub interval from 631 cycles to 788 cycles
Relaxing scrub interval from 788 cycles to 985 cycles
Relaxing scrub interval from 985 cycles to 1231 cycles
Relaxing scrub interval from 1231 cycles to 1538 cycles
Relaxing scrub interval from 1538 cycles to 1922 cycles
Tightening scrub interval from 1922 cycles to 961 cycles
Relaxing scrub interval from 961 cycles to 1201 cycles
Relaxing scrub interval from 1201 cycles to 1501 cycles
Relaxing scrub interval from 1501 cycles to 1876 cycles
Relaxing scrub interval from 1876 cycles to 2345 cycles
Relaxing scrub interval from 2345 cycles to 2931 cycles
Relaxing scrub interval from 2931 cycles to 3663 cycles
Relaxing scrub interval from 3663 cycles to 4578 cycles
Tightening scrub interval from 4578 cycles to 2289 cycles
Relaxing scrub interval from 2289 cycles to 2861 cycles
Relaxing scrub interval from 2861 cycles to 3576 cycles
Tightening scrub interval from 3576 cycles to 1788 cycles
Relaxing scrub interval from 1788 cycles to 2235 cycles
Relaxing scrub interval from 2235 cycles to 2793 cycles
Relaxing scrub interval from 2793 cycles to 3491 cycles
Relaxing scrub interval from 3491 cycles to 4363 cycles
Relaxing scrub interval from 4363 cycles to 5453 cycles
Tightening scrub interval from 5453 cycles to 2726 cycles
Relaxing scrub interval from 2726 cycles to 3407 cycles
Relaxing scrub interval from 3407 cycles to 4258 cycles
Relaxing scrub interval from 4258 cycles to 5322 cycles
Tightening scrub interval from 5322 cycles to 2661 cycles
Relaxing scrub interval from 2661 cycles to 3326 cycles
Relaxing scrub interval from 3326 cycles to 4157 cycles
Relaxing scrub interval from 4157 cycles to 5196 cycles
Tightening scrub interval from 5196 cycles to 2598 cycles
Tightening scrub interval from 2598 cycles to 1299 cycles
Relaxing scrub interval from 1299 cycles to 1623 cycles
Relaxing scrub interval from 1623 cycles to 2028 cycles
Relaxing scrub interval from 2028 cycles to 2535 cycles
Tightening scrub interval from 2535 cycles to 1267 cycles
Relaxing scrub interval from 1267 cycles to 1583 cycles
Relaxing scrub interval from 1583 cycles to 1978 cycles
Relaxing scrub interval from 1978 cycles to 2472 cycles
Tightening scrub interval from 2472 cycles to 1236 cycles
Relaxing scrub interval from 1236 cycles to 1545 cycles
Relaxing scrub interval from 1545 cycles to 1931 cycles
Relaxing scrub interval from 1931 cycles to 2413 cycles
