warn: No dot file generated. Please install pydot to generate the dot file and pdf.
Scrubbing enabled with adaptive interval starting at 10 cycles, tightening factor 2, relax factor 1.25
src/arch/riscv/isa.cc:275: info: RVV enabled, VLEN = 256 bits, ELEN = 64 bits
src/base/statistics.hh:279: warn: One of the stats is a legacy stat. Legacy stat is a stat that does not belong to any statistics::Group. Legacy stat is deprecated.
src/base/remote_gdb.cc:418: warn: Sockets disabled, not accepting gdb connections
src/sim/simulate.cc:199: info: Entering event queue @ 0.  Starting simulation...
Relaxing scrub interval from 10 cycles to 12 cycles
Relaxing scrub interval from 12 cycles to 15 cycles
Relaxing scrub interval from 15 cycles to 18 cycles
Relaxing scrub interval from 18 cycles to 22 cycles
Relaxing scrub interval from 22 cycles to 27 cycles
Relaxing scrub interval from 27 cycles to 33 cycles
Relaxing scrub interval from 33 cycles to 41 cycles
Relaxing scrub interval from 41 cycles to 51 cycles
Relaxing scrub interval from 51 cycles to 63 cycles
Relaxing scrub interval from 63 cycles to 78 cycles
Relaxing scrub interval from 78 cycles to 97 cycles
Relaxing scrub interval from 97 cycles to 121 cycles
Relaxing scrub interval from 121 cycles to 151 cycles
Relaxing scrub interval from 151 cycles to 188 cycles
Relaxing scrub interval from 188 cycles to 235 cycles
Relaxing scrub interval from 235 cycles to 293 cycles
Relaxing scrub interval from 293 cycles to 366 cycles
Relaxing scrub interval from 366 cycles to 457 cycles
Relaxing scrub interval from 457 cycles to 571 cycles
Relaxing scrub interval from 571 cycles to 713 cycles
Relaxing scrub interval from 713 cycles to 891 cycles
src/sim/syscall_emul.cc:86: warn: ignoring syscall set_robust_list(...)
      (further warnings will be suppressed)
Relaxing scrub interval from 891 cycles to 1113 cycles
Relaxing scrub interval from 1113 cycles to 1391 cycles
src/sim/syscall_emul.hh:1014: warn: readlink() called on '/proc/self/exe' may yield unexpected results in various settings.
      Returning '/home/cs1952y-user/gem5/1952y-fp/gem5/tests/test-progs/cs1952y-fp/alt'
src/sim/mem_state.cc:448: info: Increasing stack size by one page.
Relaxing scrub interval from 1391 cycles to 1738 cycles
Relaxing scrub interval from 1738 cycles to 2172 cycles
Relaxing scrub interval from 2172 cycles to 2715 cycles
Relaxing scrub interval from 2715 cycles to 3393 cycles
Relaxing scrub interval from 3393 cycles to 4241 cycles
src/sim/syscall_emul.cc:75: warn: ignoring syscall mprotect(...) at tick 17327000
Relaxing scrub interval from 4241 cycles to 5301 cycles
Relaxing scrub interval from 5301 cycles to 6626 cycles
Relaxing scrub interval from 6626 cycles to 8282 cycles
Relaxing scrub interval from 8282 cycles to 10352 cycles
Relaxing scrub interval from 10352 cycles to 12940 cycles
Tightening scrub interval from 12940 cycles to 6470 cycles
Relaxing scrub interval from 6470 cycles to 8087 cycles
Relaxing scrub interval from 8087 cycles to 10108 cycles
Tightening scrub interval from 10108 cycles to 5054 cycles
Relaxing scrub interval from 5054 cycles to 6317 cycles
Relaxing scrub interval from 6317 cycles to 7896 cycles
Tightening scrub interval from 7896 cycles to 3948 cycles
Relaxing scrub interval from 3948 cycles to 4935 cycles
Relaxing scrub interval from 4935 cycles to 6168 cycles
Relaxing scrub interval from 6168 cycles to 7710 cycles
Tightening scrub interval from 7710 cycles to 3855 cycles
Relaxing scrub interval from 3855 cycles to 4818 cycles
Relaxing scrub interval from 4818 cycles to 6022 cycles
Tightening scrub interval from 6022 cycles to 3011 cycles
Relaxing scrub interval from 3011 cycles to 3763 cycles
Relaxing scrub interval from 3763 cycles to 4703 cycles
Relaxing scrub interval from 4703 cycles to 5878 cycles
Relaxing scrub interval from 5878 cycles to 7347 cycles
Tightening scrub interval from 7347 cycles to 3673 cycles
Tightening scrub interval from 3673 cycles to 1836 cycles
Relaxing scrub interval from 1836 cycles to 2295 cycles
Relaxing scrub interval from 2295 cycles to 2868 cycles
Relaxing scrub interval from 2868 cycles to 3585 cycles
Relaxing scrub interval from 3585 cycles to 4481 cycles
Relaxing scrub interval from 4481 cycles to 5601 cycles
Relaxing scrub interval from 5601 cycles to 7001 cycles
Relaxing scrub interval from 7001 cycles to 8751 cycles
Tightening scrub interval from 8751 cycles to 4375 cycles
Relaxing scrub interval from 4375 cycles to 5468 cycles
Relaxing scrub interval from 5468 cycles to 6835 cycles
Tightening scrub interval from 6835 cycles to 3417 cycles
Relaxing scrub interval from 3417 cycles to 4271 cycles
Relaxing scrub interval from 4271 cycles to 5338 cycles
Tightening scrub interval from 5338 cycles to 2669 cycles
Relaxing scrub interval from 2669 cycles to 3336 cycles
Relaxing scrub interval from 3336 cycles to 4170 cycles
Relaxing scrub interval from 4170 cycles to 5212 cycles
Relaxing scrub interval from 5212 cycles to 6515 cycles
Tightening scrub interval from 6515 cycles to 3257 cycles
Relaxing scrub interval from 3257 cycles to 4071 cycles
Relaxing scrub interval from 4071 cycles to 5088 cycles
Tightening scrub interval from 5088 cycles to 2544 cycles
Relaxing scrub interval from 2544 cycles to 3180 cycles
Relaxing scrub interval from 3180 cycles to 3975 cycles
Relaxing scrub interval from 3975 cycles to 4968 cycles
Relaxing scrub interval from 4968 cycles to 6210 cycles
Relaxing scrub interval from 6210 cycles to 7762 cycles
Tightening scrub interval from 7762 cycles to 3881 cycles
Relaxing scrub interval from 3881 cycles to 4851 cycles
Tightening scrub interval from 4851 cycles to 2425 cycles
Relaxing scrub interval from 2425 cycles to 3031 cycles
Tightening scrub interval from 3031 cycles to 1515 cycles
Relaxing scrub interval from 1515 cycles to 1893 cycles
Relaxing scrub interval from 1893 cycles to 2366 cycles
Relaxing scrub interval from 2366 cycles to 2957 cycles
Relaxing scrub interval from 2957 cycles to 3696 cycles
Tightening scrub interval from 3696 cycles to 1848 cycles
Relaxing scrub interval from 1848 cycles to 2310 cycles
Relaxing scrub interval from 2310 cycles to 2887 cycles
Relaxing scrub interval from 2887 cycles to 3608 cycles
Relaxing scrub interval from 3608 cycles to 4510 cycles
Tightening scrub interval from 4510 cycles to 2255 cycles
Tightening scrub interval from 2255 cycles to 1127 cycles
Tightening scrub interval from 1127 cycles to 563 cycles
Relaxing scrub interval from 563 cycles to 703 cycles
Relaxing scrub interval from 703 cycles to 878 cycles
Relaxing scrub interval from 878 cycles to 1097 cycles
Relaxing scrub interval from 1097 cycles to 1371 cycles
Relaxing scrub interval from 1371 cycles to 1713 cycles
Relaxing scrub interval from 1713 cycles to 2141 cycles
Relaxing scrub interval from 2141 cycles to 2676 cycles
Relaxing scrub interval from 2676 cycles to 3345 cycles
Tightening scrub interval from 3345 cycles to 1672 cycles
Relaxing scrub interval from 1672 cycles to 2090 cycles
Relaxing scrub interval from 2090 cycles to 2612 cycles
Relaxing scrub interval from 2612 cycles to 3265 cycles
Tightening scrub interval from 3265 cycles to 1632 cycles
Relaxing scrub interval from 1632 cycles to 2040 cycles
Relaxing scrub interval from 2040 cycles to 2550 cycles
Tightening scrub interval from 2550 cycles to 1275 cycles
Relaxing scrub interval from 1275 cycles to 1593 cycles
Relaxing scrub interval from 1593 cycles to 1991 cycles
Relaxing scrub interval from 1991 cycles to 2488 cycles
Relaxing scrub interval from 2488 cycles to 3110 cycles
Relaxing scrub interval from 3110 cycles to 3887 cycles
Relaxing scrub interval from 3887 cycles to 4858 cycles
Relaxing scrub interval from 4858 cycles to 6072 cycles
Tightening scrub interval from 6072 cycles to 3036 cycles
Relaxing scrub interval from 3036 cycles to 3795 cycles
Relaxing scrub interval from 3795 cycles to 4743 cycles
Tightening scrub interval from 4743 cycles to 2371 cycles
Relaxing scrub interval from 2371 cycles to 2963 cycles
Relaxing scrub interval from 2963 cycles to 3703 cycles
Relaxing scrub interval from 3703 cycles to 4628 cycles
Relaxing scrub interval from 4628 cycles to 5785 cycles
Tightening scrub interval from 5785 cycles to 2892 cycles
Relaxing scrub interval from 2892 cycles to 3615 cycles
Relaxing scrub interval from 3615 cycles to 4518 cycles
Tightening scrub interval from 4518 cycles to 2259 cycles
Relaxing scrub interval from 2259 cycles to 2823 cycles
Relaxing scrub interval from 2823 cycles to 3528 cycles
Relaxing scrub interval from 3528 cycles to 4410 cycles
Relaxing scrub interval from 4410 cycles to 5512 cycles
Tightening scrub interval from 5512 cycles to 2756 cycles
Relaxing scrub interval from 2756 cycles to 3445 cycles
Relaxing scrub interval from 3445 cycles to 4306 cycles
Relaxing scrub interval from 4306 cycles to 5382 cycles
Relaxing scrub interval from 5382 cycles to 6727 cycles
Relaxing scrub interval from 6727 cycles to 8408 cycles
Tightening scrub interval from 8408 cycles to 4204 cycles
Relaxing scrub interval from 4204 cycles to 5255 cycles
Tightening scrub interval from 5255 cycles to 2627 cycles
Tightening scrub interval from 2627 cycles to 1313 cycles
Relaxing scrub interval from 1313 cycles to 1641 cycles
Relaxing scrub interval from 1641 cycles to 2051 cycles
Relaxing scrub interval from 2051 cycles to 2563 cycles
Relaxing scrub interval from 2563 cycles to 3203 cycles
Relaxing scrub interval from 3203 cycles to 4003 cycles
Relaxing scrub interval from 4003 cycles to 5003 cycles
Relaxing scrub interval from 5003 cycles to 6253 cycles
Tightening scrub interval from 6253 cycles to 3126 cycles
Relaxing scrub interval from 3126 cycles to 3907 cycles
Relaxing scrub interval from 3907 cycles to 4883 cycles
Relaxing scrub interval from 4883 cycles to 6103 cycles
Relaxing scrub interval from 6103 cycles to 7628 cycles
Relaxing scrub interval from 7628 cycles to 9535 cycles
Tightening scrub interval from 9535 cycles to 4767 cycles
Relaxing scrub interval from 4767 cycles to 5958 cycles
Tightening scrub interval from 5958 cycles to 2979 cycles
Relaxing scrub interval from 2979 cycles to 3723 cycles
Relaxing scrub interval from 3723 cycles to 4653 cycles
Relaxing scrub interval from 4653 cycles to 5816 cycles
Relaxing scrub interval from 5816 cycles to 7270 cycles
Tightening scrub interval from 7270 cycles to 3635 cycles
Tightening scrub interval from 3635 cycles to 1817 cycles
Relaxing scrub interval from 1817 cycles to 2271 cycles
Relaxing scrub interval from 2271 cycles to 2838 cycles
Relaxing scrub interval from 2838 cycles to 3547 cycles
Relaxing scrub interval from 3547 cycles to 4433 cycles
Tightening scrub interval from 4433 cycles to 2216 cycles
Relaxing scrub interval from 2216 cycles to 2770 cycles
Tightening scrub interval from 2770 cycles to 1385 cycles
Relaxing scrub interval from 1385 cycles to 1731 cycles
Tightening scrub interval from 1731 cycles to 865 cycles
Relaxing scrub interval from 865 cycles to 1081 cycles
Relaxing scrub interval from 1081 cycles to 1351 cycles
Tightening scrub interval from 1351 cycles to 675 cycles
Tightening scrub interval from 675 cycles to 337 cycles
Relaxing scrub interval from 337 cycles to 421 cycles
Relaxing scrub interval from 421 cycles to 526 cycles
Relaxing scrub interval from 526 cycles to 657 cycles
Relaxing scrub interval from 657 cycles to 821 cycles
Relaxing scrub interval from 821 cycles to 1026 cycles
Relaxing scrub interval from 1026 cycles to 1282 cycles
Relaxing scrub interval from 1282 cycles to 1602 cycles
Relaxing scrub interval from 1602 cycles to 2002 cycles
Tightening scrub interval from 2002 cycles to 1001 cycles
Tightening scrub interval from 1001 cycles to 500 cycles
Relaxing scrub interval from 500 cycles to 625 cycles
Tightening scrub interval from 625 cycles to 312 cycles
Relaxing scrub interval from 312 cycles to 390 cycles
Relaxing scrub interval from 390 cycles to 487 cycles
Relaxing scrub interval from 487 cycles to 608 cycles
Relaxing scrub interval from 608 cycles to 760 cycles
Relaxing scrub interval from 760 cycles to 950 cycles
Relaxing scrub interval from 950 cycles to 1187 cycles
Relaxing scrub interval from 1187 cycles to 1483 cycles
Relaxing scrub interval from 1483 cycles to 1853 cycles
Relaxing scrub interval from 1853 cycles to 2316 cycles
Relaxing scrub interval from 2316 cycles to 2895 cycles
Relaxing scrub interval from 2895 cycles to 3618 cycles
Tightening scrub interval from 3618 cycles to 1809 cycles
Relaxing scrub interval from 1809 cycles to 2261 cycles
Tightening scrub interval from 2261 cycles to 1130 cycles
Relaxing scrub interval from 1130 cycles to 1412 cycles
Tightening scrub interval from 1412 cycles to 706 cycles
Relaxing scrub interval from 706 cycles to 882 cycles
Relaxing scrub interval from 882 cycles to 1102 cycles
Relaxing scrub interval from 1102 cycles to 1377 cycles
Relaxing scrub interval from 1377 cycles to 1721 cycles
Relaxing scrub interval from 1721 cycles to 2151 cycles
Relaxing scrub interval from 2151 cycles to 2688 cycles
Relaxing scrub interval from 2688 cycles to 3360 cycles
Relaxing scrub interval from 3360 cycles to 4200 cycles
Relaxing scrub interval from 4200 cycles to 5250 cycles
Relaxing scrub interval from 5250 cycles to 6562 cycles
Tightening scrub interval from 6562 cycles to 3281 cycles
Relaxing scrub interval from 3281 cycles to 4101 cycles
Relaxing scrub interval from 4101 cycles to 5126 cycles
Relaxing scrub interval from 5126 cycles to 6407 cycles
Relaxing scrub interval from 6407 cycles to 8008 cycles
Tightening scrub interval from 8008 cycles to 4004 cycles
Relaxing scrub interval from 4004 cycles to 5005 cycles
Tightening scrub interval from 5005 cycles to 2502 cycles
Relaxing scrub interval from 2502 cycles to 3127 cycles
Relaxing scrub interval from 3127 cycles to 3908 cycles
Tightening scrub interval from 3908 cycles to 1954 cycles
Relaxing scrub interval from 1954 cycles to 2442 cycles
Relaxing scrub interval from 2442 cycles to 3052 cycles
Relaxing scrub interval from 3052 cycles to 3815 cycles
Tightening scrub interval from 3815 cycles to 1907 cycles
Relaxing scrub interval from 1907 cycles to 2383 cycles
Relaxing scrub interval from 2383 cycles to 2978 cycles
Relaxing scrub interval from 2978 cycles to 3722 cycles
Relaxing scrub interval from 3722 cycles to 4652 cycles
Relaxing scrub interval from 4652 cycles to 5815 cycles
Relaxing scrub interval from 5815 cycles to 7268 cycles
Relaxing scrub interval from 7268 cycles to 9085 cycles
Relaxing scrub interval from 9085 cycles to 11356 cycles
Tightening scrub interval from 11356 cycles to 5678 cycles
Relaxing scrub interval from 5678 cycles to 7097 cycles
Relaxing scrub interval from 7097 cycles to 8871 cycles
Relaxing scrub interval from 8871 cycles to 11088 cycles
Tightening scrub interval from 11088 cycles to 5544 cycles
Relaxing scrub interval from 5544 cycles to 6930 cycles
Tightening scrub interval from 6930 cycles to 3465 cycles
Relaxing scrub interval from 3465 cycles to 4331 cycles
Relaxing scrub interval from 4331 cycles to 5413 cycles
Relaxing scrub interval from 5413 cycles to 6766 cycles
Relaxing scrub interval from 6766 cycles to 8457 cycles
Relaxing scrub interval from 8457 cycles to 10571 cycles
Tightening scrub interval from 10571 cycles to 5285 cycles
Tightening scrub interval from 5285 cycles to 2642 cycles
Tightening scrub interval from 2642 cycles to 1321 cycles
Tightening scrub interval from 1321 cycles to 660 cycles
Relaxing scrub interval from 660 cycles to 825 cycles
Tightening scrub interval from 825 cycles to 412 cycles
Relaxing scrub interval from 412 cycles to 515 cycles
Relaxing scrub interval from 515 cycles to 643 cycles
Tightening scrub interval from 643 cycles to 321 cycles
Relaxing scrub interval from 321 cycles to 401 cycles
Relaxing scrub interval from 401 cycles to 501 cycles
Relaxing scrub interval from 501 cycles to 626 cycles
Relaxing scrub interval from 626 cycles to 782 cycles
Relaxing scrub interval from 782 cycles to 977 cycles
Relaxing scrub interval from 977 cycles to 1221 cycles
Relaxing scrub interval from 1221 cycles to 1526 cycles
Relaxing scrub interval from 1526 cycles to 1907 cycles
Relaxing scrub interval from 1907 cycles to 2383 cycles
Tightening scrub interval from 2383 cycles to 1191 cycles
Relaxing scrub interval from 1191 cycles to 1488 cycles
Relaxing scrub interval from 1488 cycles to 1860 cycles
Tightening scrub interval from 1860 cycles to 930 cycles
Relaxing scrub interval from 930 cycles to 1162 cycles
Relaxing scrub interval from 1162 cycles to 1452 cycles
Relaxing scrub interval from 1452 cycles to 1815 cycles
Tightening scrub interval from 1815 cycles to 907 cycles
Relaxing scrub interval from 907 cycles to 1133 cycles
Tightening scrub interval from 1133 cycles to 566 cycles
Relaxing scrub interval from 566 cycles to 707 cycles
Tightening scrub interval from 707 cycles to 353 cycles
Relaxing scrub interval from 353 cycles to 441 cycles
Relaxing scrub interval from 441 cycles to 551 cycles
Relaxing scrub interval from 551 cycles to 688 cycles
Relaxing scrub interval from 688 cycles to 860 cycles
Relaxing scrub interval from 860 cycles to 1075 cycles
Relaxing scrub interval from 1075 cycles to 1343 cycles
Relaxing scrub interval from 1343 cycles to 1678 cycles
Tightening scrub interval from 1678 cycles to 839 cycles
Relaxing scrub interval from 839 cycles to 1048 cycles
Relaxing scrub interval from 1048 cycles to 1310 cycles
Relaxing scrub interval from 1310 cycles to 1637 cycles
Relaxing scrub interval from 1637 cycles to 2046 cycles
Relaxing scrub interval from 2046 cycles to 2557 cycles
Relaxing scrub interval from 2557 cycles to 3196 cycles
Relaxing scrub interval from 3196 cycles to 3995 cycles
Relaxing scrub interval from 3995 cycles to 4993 cycles
Relaxing scrub interval from 4993 cycles to 6241 cycles
Relaxing scrub interval from 6241 cycles to 7801 cycles
Tightening scrub interval from 7801 cycles to 3900 cycles
Relaxing scrub interval from 3900 cycles to 4875 cycles
Tightening scrub interval from 4875 cycles to 2437 cycles
Relaxing scrub interval from 2437 cycles to 3046 cycles
Relaxing scrub interval from 3046 cycles to 3807 cycles
Tightening scrub interval from 3807 cycles to 1903 cycles
Relaxing scrub interval from 1903 cycles to 2378 cycles
Tightening scrub interval from 2378 cycles to 1189 cycles
Relaxing scrub interval from 1189 cycles to 1486 cycles
Relaxing scrub interval from 1486 cycles to 1857 cycles
Relaxing scrub interval from 1857 cycles to 2321 cycles
Relaxing scrub interval from 2321 cycles to 2901 cycles
Relaxing scrub interval from 2901 cycles to 3626 cycles
Relaxing scrub interval from 3626 cycles to 4532 cycles
Relaxing scrub interval from 4532 cycles to 5665 cycles
Relaxing scrub interval from 5665 cycles to 7081 cycles
Tightening scrub interval from 7081 cycles to 3540 cycles
Relaxing scrub interval from 3540 cycles to 4425 cycles
Relaxing scrub interval from 4425 cycles to 5531 cycles
Relaxing scrub interval from 5531 cycles to 6913 cycles
Relaxing scrub interval from 6913 cycles to 8641 cycles
Tightening scrub interval from 8641 cycles to 4320 cycles
Tightening scrub interval from 4320 cycles to 2160 cycles
Relaxing scrub interval from 2160 cycles to 2700 cycles
Tightening scrub interval from 2700 cycles to 1350 cycles
Relaxing scrub interval from 1350 cycles to 1687 cycles
Relaxing scrub interval from 1687 cycles to 2108 cycles
Relaxing scrub interval from 2108 cycles to 2635 cycles
Relaxing scrub interval from 2635 cycles to 3293 cycles
Tightening scrub interval from 3293 cycles to 1646 cycles
Relaxing scrub interval from 1646 cycles to 2057 cycles
Relaxing scrub interval from 2057 cycles to 2571 cycles
Relaxing scrub interval from 2571 cycles to 3213 cycles
Relaxing scrub interval from 3213 cycles to 4016 cycles
Relaxing scrub interval from 4016 cycles to 5020 cycles
Relaxing scrub interval from 5020 cycles to 6275 cycles
Relaxing scrub interval from 6275 cycles to 7843 cycles
Relaxing scrub interval from 7843 cycles to 9803 cycles
Relaxing scrub interval from 9803 cycles to 12253 cycles
Relaxing scrub interval from 12253 cycles to 15316 cycles
Tightening scrub interval from 15316 cycles to 7658 cycles
Tightening scrub interval from 7658 cycles to 3829 cycles
Relaxing scrub interval from 3829 cycles to 4786 cycles
Relaxing scrub interval from 4786 cycles to 5982 cycles
Tightening scrub interval from 5982 cycles to 2991 cycles
Relaxing scrub interval from 2991 cycles to 3738 cycles
Tightening scrub interval from 3738 cycles to 1869 cycles
Relaxing scrub interval from 1869 cycles to 2336 cycles
Relaxing scrub interval from 2336 cycles to 2920 cycles
Relaxing scrub interval from 2920 cycles to 3650 cycles
Tightening scrub interval from 3650 cycles to 1825 cycles
Relaxing scrub interval from 1825 cycles to 2281 cycles
Relaxing scrub interval from 2281 cycles to 2851 cycles
Tightening scrub interval from 2851 cycles to 1425 cycles
Relaxing scrub interval from 1425 cycles to 1781 cycles
Relaxing scrub interval from 1781 cycles to 2226 cycles
Tightening scrub interval from 2226 cycles to 1113 cycles
Relaxing scrub interval from 1113 cycles to 1391 cycles
Relaxing scrub interval from 1391 cycles to 1738 cycles
Tightening scrub interval from 1738 cycles to 869 cycles
Relaxing scrub interval from 869 cycles to 1086 cycles
Relaxing scrub interval from 1086 cycles to 1357 cycles
Relaxing scrub interval from 1357 cycles to 1696 cycles
Relaxing scrub interval from 1696 cycles to 2120 cycles
Tightening scrub interval from 2120 cycles to 1060 cycles
Tightening scrub interval from 1060 cycles to 530 cycles
Relaxing scrub interval from 530 cycles to 662 cycles
Relaxing scrub interval from 662 cycles to 827 cycles
Relaxing scrub interval from 827 cycles to 1033 cycles
Relaxing scrub interval from 1033 cycles to 1291 cycles
Relaxing scrub interval from 1291 cycles to 1613 cycles
Relaxing scrub interval from 1613 cycles to 2016 cycles
Relaxing scrub interval from 2016 cycles to 2520 cycles
Relaxing scrub interval from 2520 cycles to 3150 cycles
Tightening scrub interval from 3150 cycles to 1575 cycles
Relaxing scrub interval from 1575 cycles to 1968 cycles
Relaxing scrub interval from 1968 cycles to 2460 cycles
Relaxing scrub interval from 2460 cycles to 3075 cycles
Tightening scrub interval from 3075 cycles to 1537 cycles
Relaxing scrub interval from 1537 cycles to 1921 cycles
Relaxing scrub interval from 1921 cycles to 2401 cycles
Relaxing scrub interval from 2401 cycles to 3001 cycles
Relaxing scrub interval from 3001 cycles to 3751 cycles
Relaxing scrub interval from 3751 cycles to 4688 cycles
Relaxing scrub interval from 4688 cycles to 5860 cycles
Relaxing scrub interval from 5860 cycles to 7325 cycles
Relaxing scrub interval from 7325 cycles to 9156 cycles
Tightening scrub interval from 9156 cycles to 4578 cycles
Tightening scrub interval from 4578 cycles to 2289 cycles
Relaxing scrub interval from 2289 cycles to 2861 cycles
Relaxing scrub interval from 2861 cycles to 3576 cycles
Relaxing scrub interval from 3576 cycles to 4470 cycles
Tightening scrub interval from 4470 cycles to 2235 cycles
Relaxing scrub interval from 2235 cycles to 2793 cycles
Relaxing scrub interval from 2793 cycles to 3491 cycles
Relaxing scrub interval from 3491 cycles to 4363 cycles
Relaxing scrub interval from 4363 cycles to 5453 cycles
Tightening scrub interval from 5453 cycles to 2726 cycles
Relaxing scrub interval from 2726 cycles to 3407 cycles
Relaxing scrub interval from 3407 cycles to 4258 cycles
Relaxing scrub interval from 4258 cycles to 5322 cycles
Tightening scrub interval from 5322 cycles to 2661 cycles
Relaxing scrub interval from 2661 cycles to 3326 cycles
Tightening scrub interval from 3326 cycles to 1663 cycles
Relaxing scrub interval from 1663 cycles to 2078 cycles
Relaxing scrub interval from 2078 cycles to 2597 cycles
Relaxing scrub interval from 2597 cycles to 3246 cycles
Tightening scrub interval from 3246 cycles to 1623 cycles
Relaxing scrub interval from 1623 cycles to 2028 cycles
Relaxing scrub interval from 2028 cycles to 2535 cycles
Relaxing scrub interval from 2535 cycles to 3168 cycles
Relaxing scrub interval from 3168 cycles to 3960 cycles
Relaxing scrub interval from 3960 cycles to 4950 cycles
Relaxing scrub interval from 4950 cycles to 6187 cycles
Relaxing scrub interval from 6187 cycles to 7733 cycles
Tightening scrub interval from 7733 cycles to 3866 cycles
Relaxing scrub interval from 3866 cycles to 4832 cycles
Tightening scrub interval from 4832 cycles to 2416 cycles
Relaxing scrub interval from 2416 cycles to 3020 cycles
Tightening scrub interval from 3020 cycles to 1510 cycles
Relaxing scrub interval from 1510 cycles to 1887 cycles
Relaxing scrub interval from 1887 cycles to 2358 cycles
Relaxing scrub interval from 2358 cycles to 2947 cycles
Relaxing scrub interval from 2947 cycles to 3683 cycles
Relaxing scrub interval from 3683 cycles to 4603 cycles
Relaxing scrub interval from 4603 cycles to 5753 cycles
Relaxing scrub interval from 5753 cycles to 7191 cycles
Relaxing scrub interval from 7191 cycles to 8988 cycles
Tightening scrub interval from 8988 cycles to 4494 cycles
Relaxing scrub interval from 4494 cycles to 5617 cycles
Tightening scrub interval from 5617 cycles to 2808 cycles
Relaxing scrub interval from 2808 cycles to 3510 cycles
Tightening scrub interval from 3510 cycles to 1755 cycles
Relaxing scrub interval from 1755 cycles to 2193 cycles
Tightening scrub interval from 2193 cycles to 1096 cycles
Relaxing scrub interval from 1096 cycles to 1370 cycles
Relaxing scrub interval from 1370 cycles to 1712 cycles
Relaxing scrub interval from 1712 cycles to 2140 cycles
Relaxing scrub interval from 2140 cycles to 2675 cycles
Tightening scrub interval from 2675 cycles to 1337 cycles
Relaxing scrub interval from 1337 cycles to 1671 cycles
Relaxing scrub interval from 1671 cycles to 2088 cycles
Relaxing scrub interval from 2088 cycles to 2610 cycles
Relaxing scrub interval from 2610 cycles to 3262 cycles
Tightening scrub interval from 3262 cycles to 1631 cycles
Relaxing scrub interval from 1631 cycles to 2038 cycles
Tightening scrub interval from 2038 cycles to 1019 cycles
Relaxing scrub interval from 1019 cycles to 1273 cycles
Relaxing scrub interval from 1273 cycles to 1591 cycles
Relaxing scrub interval from 1591 cycles to 1988 cycles
Relaxing scrub interval from 1988 cycles to 2485 cycles
Relaxing scrub interval from 2485 cycles to 3106 cycles
Tightening scrub interval from 3106 cycles to 1553 cycles
Relaxing scrub interval from 1553 cycles to 1941 cycles
Relaxing scrub interval from 1941 cycles to 2426 cycles
Relaxing scrub interval from 2426 cycles to 3032 cycles
Relaxing scrub interval from 3032 cycles to 3790 cycles
Tightening scrub interval from 3790 cycles to 1895 cycles
Relaxing scrub interval from 1895 cycles to 2368 cycles
Relaxing scrub interval from 2368 cycles to 2960 cycles
Tightening scrub interval from 2960 cycles to 1480 cycles
Relaxing scrub interval from 1480 cycles to 1850 cycles
Relaxing scrub interval from 1850 cycles to 2312 cycles
Relaxing scrub interval from 2312 cycles to 2890 cycles
Relaxing scrub interval from 2890 cycles to 3612 cycles
Relaxing scrub interval from 3612 cycles to 4515 cycles
Relaxing scrub interval from 4515 cycles to 5643 cycles
Relaxing scrub interval from 5643 cycles to 7053 cycles
Relaxing scrub interval from 7053 cycles to 8816 cycles
Tightening scrub interval from 8816 cycles to 4408 cycles
Relaxing scrub interval from 4408 cycles to 5510 cycles
Relaxing scrub interval from 5510 cycles to 6887 cycles
Tightening scrub interval from 6887 cycles to 3443 cycles
Tightening scrub interval from 3443 cycles to 1721 cycles
Relaxing scrub interval from 1721 cycles to 2151 cycles
Tightening scrub interval from 2151 cycles to 1075 cycles
Relaxing scrub interval from 1075 cycles to 1343 cycles
Relaxing scrub interval from 1343 cycles to 1678 cycles
Relaxing scrub interval from 1678 cycles to 2097 cycles
Tightening scrub interval from 2097 cycles to 1048 cycles
Relaxing scrub interval from 1048 cycles to 1310 cycles
Relaxing scrub interval from 1310 cycles to 1637 cycles
Relaxing scrub interval from 1637 cycles to 2046 cycles
Relaxing scrub interval from 2046 cycles to 2557 cycles
Relaxing scrub interval from 2557 cycles to 3196 cycles
Relaxing scrub interval from 3196 cycles to 3995 cycles
Relaxing scrub interval from 3995 cycles to 4993 cycles
Relaxing scrub interval from 4993 cycles to 6241 cycles
Relaxing scrub interval from 6241 cycles to 7801 cycles
Tightening scrub interval from 7801 cycles to 3900 cycles
Relaxing scrub interval from 3900 cycles to 4875 cycles
Relaxing scrub interval from 4875 cycles to 6093 cycles
Relaxing scrub interval from 6093 cycles to 7616 cycles
Tightening scrub interval from 7616 cycles to 3808 cycles
Relaxing scrub interval from 3808 cycles to 4760 cycles
Relaxing scrub interval from 4760 cycles to 5950 cycles
Relaxing scrub interval from 5950 cycles to 7437 cycles
Tightening scrub interval from 7437 cycles to 3718 cycles
Relaxing scrub interval from 3718 cycles to 4647 cycles
Relaxing scrub interval from 4647 cycles to 5808 cycles
Tightening scrub interval from 5808 cycles to 2904 cycles
Relaxing scrub interval from 2904 cycles to 3630 cycles
Relaxing scrub interval from 3630 cycles to 4537 cycles
Relaxing scrub interval from 4537 cycles to 5671 cycles
Tightening scrub interval from 5671 cycles to 2835 cycles
Relaxing scrub interval from 2835 cycles to 3543 cycles
Tightening scrub interval from 3543 cycles to 1771 cycles
Relaxing scrub interval from 1771 cycles to 2213 cycles
Relaxing scrub interval from 2213 cycles to 2766 cycles
Relaxing scrub interval from 2766 cycles to 3457 cycles
Tightening scrub interval from 3457 cycles to 1728 cycles
Relaxing scrub interval from 1728 cycles to 2160 cycles
Relaxing scrub interval from 2160 cycles to 2700 cycles
Relaxing scrub interval from 2700 cycles to 3375 cycles
Relaxing scrub interval from 3375 cycles to 4218 cycles
Tightening scrub interval from 4218 cycles to 2109 cycles
Tightening scrub interval from 2109 cycles to 1054 cycles
Relaxing scrub interval from 1054 cycles to 1317 cycles
Relaxing scrub interval from 1317 cycles to 1646 cycles
Relaxing scrub interval from 1646 cycles to 2057 cycles
Relaxing scrub interval from 2057 cycles to 2571 cycles
Relaxing scrub interval from 2571 cycles to 3213 cycles
Tightening scrub interval from 3213 cycles to 1606 cycles
Relaxing scrub interval from 1606 cycles to 2007 cycles
Relaxing scrub interval from 2007 cycles to 2508 cycles
Relaxing scrub interval from 2508 cycles to 3135 cycles
Relaxing scrub interval from 3135 cycles to 3918 cycles
Relaxing scrub interval from 3918 cycles to 4897 cycles
Tightening scrub interval from 4897 cycles to 2448 cycles
Relaxing scrub interval from 2448 cycles to 3060 cycles
Relaxing scrub interval from 3060 cycles to 3825 cycles
Relaxing scrub interval from 3825 cycles to 4781 cycles
Tightening scrub interval from 4781 cycles to 2390 cycles
Tightening scrub interval from 2390 cycles to 1195 cycles
Relaxing scrub interval from 1195 cycles to 1493 cycles
Relaxing scrub interval from 1493 cycles to 1866 cycles
Relaxing scrub interval from 1866 cycles to 2332 cycles
Relaxing scrub interval from 2332 cycles to 2915 cycles
Relaxing scrub interval from 2915 cycles to 3643 cycles
Relaxing scrub interval from 3643 cycles to 4553 cycles
Tightening scrub interval from 4553 cycles to 2276 cycles
