warn: No dot file generated. Please install pydot to generate the dot file and pdf.
Scrubbing enabled with adaptive interval starting at 10 cycles, tightening factor 2, relax factor 1.25
src/arch/riscv/isa.cc:275: info: RVV enabled, VLEN = 256 bits, ELEN = 64 bits
src/arch/riscv/linux/se_workload.cc:60: warn: Unknown operating system; assuming Linux.
src/base/statistics.hh:279: warn: One of the stats is a legacy stat. Legacy stat is a stat that does not belong to any statistics::Group. Legacy stat is deprecated.
src/base/remote_gdb.cc:418: warn: Sockets disabled, not accepting gdb connections
src/sim/simulate.cc:199: info: Entering event queue @ 0.  Starting simulation...
Relaxing scrub interval from 10 cycles to 12 cycles
Relaxing scrub interval from 12 cycles to 15 cycles
Relaxing scrub interval from 15 cycles to 18 cycles
Relaxing scrub interval from 18 cycles to 22 cycles
Relaxing scrub interval from 22 cycles to 27 cycles
Relaxing scrub interval from 27 cycles to 33 cycles
Relaxing scrub interval from 33 cycles to 41 cycles
Relaxing scrub interval from 41 cycles to 51 cycles
Relaxing scrub interval from 51 cycles to 63 cycles
Relaxing scrub interval from 63 cycles to 78 cycles
Relaxing scrub interval from 78 cycles to 97 cycles
Relaxing scrub interval from 97 cycles to 121 cycles
Relaxing scrub interval from 121 cycles to 151 cycles
Relaxing scrub interval from 151 cycles to 188 cycles
Relaxing scrub interval from 188 cycles to 235 cycles
Relaxing scrub interval from 235 cycles to 293 cycles
Relaxing scrub interval from 293 cycles to 366 cycles
Relaxing scrub interval from 366 cycles to 457 cycles
Relaxing scrub interval from 457 cycles to 571 cycles
Relaxing scrub interval from 571 cycles to 713 cycles
Relaxing scrub interval from 713 cycles to 891 cycles
Relaxing scrub interval from 891 cycles to 1113 cycles
Relaxing scrub interval from 1113 cycles to 1391 cycles
Relaxing scrub interval from 1391 cycles to 1738 cycles
Relaxing scrub interval from 1738 cycles to 2172 cycles
Relaxing scrub interval from 2172 cycles to 2715 cycles
Relaxing scrub interval from 2715 cycles to 3393 cycles
Relaxing scrub interval from 3393 cycles to 4241 cycles
Relaxing scrub interval from 4241 cycles to 5301 cycles
Relaxing scrub interval from 5301 cycles to 6626 cycles
Relaxing scrub interval from 6626 cycles to 8282 cycles
Relaxing scrub interval from 8282 cycles to 10352 cycles
Relaxing scrub interval from 10352 cycles to 12940 cycles
Tightening scrub interval from 12940 cycles to 6470 cycles
Relaxing scrub interval from 6470 cycles to 8087 cycles
Relaxing scrub interval from 8087 cycles to 10108 cycles
Relaxing scrub interval from 10108 cycles to 12635 cycles
Tightening scrub interval from 12635 cycles to 6317 cycles
Relaxing scrub interval from 6317 cycles to 7896 cycles
Tightening scrub interval from 7896 cycles to 3948 cycles
Tightening scrub interval from 3948 cycles to 1974 cycles
Relaxing scrub interval from 1974 cycles to 2467 cycles
Tightening scrub interval from 2467 cycles to 1233 cycles
Relaxing scrub interval from 1233 cycles to 1541 cycles
Relaxing scrub interval from 1541 cycles to 1926 cycles
Relaxing scrub interval from 1926 cycles to 2407 cycles
Relaxing scrub interval from 2407 cycles to 3008 cycles
Relaxing scrub interval from 3008 cycles to 3760 cycles
Relaxing scrub interval from 3760 cycles to 4700 cycles
Relaxing scrub interval from 4700 cycles to 5875 cycles
Tightening scrub interval from 5875 cycles to 2937 cycles
Relaxing scrub interval from 2937 cycles to 3671 cycles
Tightening scrub interval from 3671 cycles to 1835 cycles
Tightening scrub interval from 1835 cycles to 917 cycles
Relaxing scrub interval from 917 cycles to 1146 cycles
Relaxing scrub interval from 1146 cycles to 1432 cycles
Relaxing scrub interval from 1432 cycles to 1790 cycles
Relaxing scrub interval from 1790 cycles to 2237 cycles
Relaxing scrub interval from 2237 cycles to 2796 cycles
Tightening scrub interval from 2796 cycles to 1398 cycles
Relaxing scrub interval from 1398 cycles to 1747 cycles
Relaxing scrub interval from 1747 cycles to 2183 cycles
Relaxing scrub interval from 2183 cycles to 2728 cycles
Relaxing scrub interval from 2728 cycles to 3410 cycles
Relaxing scrub interval from 3410 cycles to 4262 cycles
Tightening scrub interval from 4262 cycles to 2131 cycles
Tightening scrub interval from 2131 cycles to 1065 cycles
Relaxing scrub interval from 1065 cycles to 1331 cycles
Relaxing scrub interval from 1331 cycles to 1663 cycles
Relaxing scrub interval from 1663 cycles to 2078 cycles
Relaxing scrub interval from 2078 cycles to 2597 cycles
Relaxing scrub interval from 2597 cycles to 3246 cycles
Relaxing scrub interval from 3246 cycles to 4057 cycles
Tightening scrub interval from 4057 cycles to 2028 cycles
Relaxing scrub interval from 2028 cycles to 2535 cycles
Relaxing scrub interval from 2535 cycles to 3168 cycles
Tightening scrub interval from 3168 cycles to 1584 cycles
Tightening scrub interval from 1584 cycles to 792 cycles
Relaxing scrub interval from 792 cycles to 990 cycles
Relaxing scrub interval from 990 cycles to 1237 cycles
Relaxing scrub interval from 1237 cycles to 1546 cycles
Relaxing scrub interval from 1546 cycles to 1932 cycles
Relaxing scrub interval from 1932 cycles to 2415 cycles
Relaxing scrub interval from 2415 cycles to 3018 cycles
Relaxing scrub interval from 3018 cycles to 3772 cycles
Relaxing scrub interval from 3772 cycles to 4715 cycles
Relaxing scrub interval from 4715 cycles to 5893 cycles
Relaxing scrub interval from 5893 cycles to 7366 cycles
Tightening scrub interval from 7366 cycles to 3683 cycles
Tightening scrub interval from 3683 cycles to 1841 cycles
Relaxing scrub interval from 1841 cycles to 2301 cycles
Tightening scrub interval from 2301 cycles to 1150 cycles
Relaxing scrub interval from 1150 cycles to 1437 cycles
Relaxing scrub interval from 1437 cycles to 1796 cycles
Relaxing scrub interval from 1796 cycles to 2245 cycles
Relaxing scrub interval from 2245 cycles to 2806 cycles
Relaxing scrub interval from 2806 cycles to 3507 cycles
Relaxing scrub interval from 3507 cycles to 4383 cycles
Relaxing scrub interval from 4383 cycles to 5478 cycles
Relaxing scrub interval from 5478 cycles to 6847 cycles
Tightening scrub interval from 6847 cycles to 3423 cycles
Relaxing scrub interval from 3423 cycles to 4278 cycles
Relaxing scrub interval from 4278 cycles to 5347 cycles
Relaxing scrub interval from 5347 cycles to 6683 cycles
Relaxing scrub interval from 6683 cycles to 8353 cycles
Relaxing scrub interval from 8353 cycles to 10441 cycles
Tightening scrub interval from 10441 cycles to 5220 cycles
Relaxing scrub interval from 5220 cycles to 6525 cycles
Relaxing scrub interval from 6525 cycles to 8156 cycles
Relaxing scrub interval from 8156 cycles to 10195 cycles
