warn: No dot file generated. Please install pydot to generate the dot file and pdf.
Scrubbing enabled with adaptive interval starting at 10 cycles, tightening factor 2, relax factor 1.25
src/arch/riscv/isa.cc:275: info: RVV enabled, VLEN = 256 bits, ELEN = 64 bits
src/base/statistics.hh:279: warn: One of the stats is a legacy stat. Legacy stat is a stat that does not belong to any statistics::Group. Legacy stat is deprecated.
src/base/remote_gdb.cc:418: warn: Sockets disabled, not accepting gdb connections
src/sim/simulate.cc:199: info: Entering event queue @ 0.  Starting simulation...
Relaxing scrub interval from 10 cycles to 12 cycles
Relaxing scrub interval from 12 cycles to 15 cycles
Relaxing scrub interval from 15 cycles to 18 cycles
Relaxing scrub interval from 18 cycles to 22 cycles
Relaxing scrub interval from 22 cycles to 27 cycles
Relaxing scrub interval from 27 cycles to 33 cycles
Relaxing scrub interval from 33 cycles to 41 cycles
Relaxing scrub interval from 41 cycles to 51 cycles
Relaxing scrub interval from 51 cycles to 63 cycles
Relaxing scrub interval from 63 cycles to 78 cycles
Relaxing scrub interval from 78 cycles to 97 cycles
Relaxing scrub interval from 97 cycles to 121 cycles
Relaxing scrub interval from 121 cycles to 151 cycles
Relaxing scrub interval from 151 cycles to 188 cycles
Relaxing scrub interval from 188 cycles to 235 cycles
Relaxing scrub interval from 235 cycles to 293 cycles
Relaxing scrub interval from 293 cycles to 366 cycles
Relaxing scrub interval from 366 cycles to 457 cycles
Relaxing scrub interval from 457 cycles to 571 cycles
Relaxing scrub interval from 571 cycles to 713 cycles
Relaxing scrub interval from 713 cycles to 891 cycles
src/sim/syscall_emul.cc:86: warn: ignoring syscall set_robust_list(...)
      (further warnings will be suppressed)
Relaxing scrub interval from 891 cycles to 1113 cycles
Relaxing scrub interval from 1113 cycles to 1391 cycles
src/sim/syscall_emul.hh:1014: warn: readlink() called on '/proc/self/exe' may yield unexpected results in various settings.
      Returning '/home/cs1952y-user/gem5/1952y-fp/gem5/tests/test-progs/cs1952y-fp/alt'
src/sim/mem_state.cc:448: info: Increasing stack size by one page.
Relaxing scrub interval from 1391 cycles to 1738 cycles
Relaxing scrub interval from 1738 cycles to 2172 cycles
Relaxing scrub interval from 2172 cycles to 2715 cycles
Relaxing scrub interval from 2715 cycles to 3393 cycles
Relaxing scrub interval from 3393 cycles to 4241 cycles
src/sim/syscall_emul.cc:75: warn: ignoring syscall mprotect(...) at tick 17327000
Relaxing scrub interval from 4241 cycles to 5301 cycles
Relaxing scrub interval from 5301 cycles to 6626 cycles
Relaxing scrub interval from 6626 cycles to 8282 cycles
Relaxing scrub interval from 8282 cycles to 10352 cycles
Relaxing scrub interval from 10352 cycles to 12940 cycles
Relaxing scrub interval from 12940 cycles to 16175 cycles
Tightening scrub interval from 16175 cycles to 8087 cycles
Tightening scrub interval from 8087 cycles to 4043 cycles
Relaxing scrub interval from 4043 cycles to 5053 cycles
Relaxing scrub interval from 5053 cycles to 6316 cycles
Tightening scrub interval from 6316 cycles to 3158 cycles
Relaxing scrub interval from 3158 cycles to 3947 cycles
Relaxing scrub interval from 3947 cycles to 4933 cycles
Tightening scrub interval from 4933 cycles to 2466 cycles
Relaxing scrub interval from 2466 cycles to 3082 cycles
Relaxing scrub interval from 3082 cycles to 3852 cycles
Relaxing scrub interval from 3852 cycles to 4815 cycles
Relaxing scrub interval from 4815 cycles to 6018 cycles
Relaxing scrub interval from 6018 cycles to 7522 cycles
Relaxing scrub interval from 7522 cycles to 9402 cycles
Relaxing scrub interval from 9402 cycles to 11752 cycles
Tightening scrub interval from 11752 cycles to 5876 cycles
Relaxing scrub interval from 5876 cycles to 7345 cycles
Tightening scrub interval from 7345 cycles to 3672 cycles
Tightening scrub interval from 3672 cycles to 1836 cycles
Relaxing scrub interval from 1836 cycles to 2295 cycles
Relaxing scrub interval from 2295 cycles to 2868 cycles
Relaxing scrub interval from 2868 cycles to 3585 cycles
Tightening scrub interval from 3585 cycles to 1792 cycles
Relaxing scrub interval from 1792 cycles to 2240 cycles
Tightening scrub interval from 2240 cycles to 1120 cycles
Relaxing scrub interval from 1120 cycles to 1400 cycles
Relaxing scrub interval from 1400 cycles to 1750 cycles
Tightening scrub interval from 1750 cycles to 875 cycles
Relaxing scrub interval from 875 cycles to 1093 cycles
Relaxing scrub interval from 1093 cycles to 1366 cycles
Relaxing scrub interval from 1366 cycles to 1707 cycles
Relaxing scrub interval from 1707 cycles to 2133 cycles
Tightening scrub interval from 2133 cycles to 1066 cycles
Relaxing scrub interval from 1066 cycles to 1332 cycles
Relaxing scrub interval from 1332 cycles to 1665 cycles
Tightening scrub interval from 1665 cycles to 832 cycles
Tightening scrub interval from 832 cycles to 416 cycles
Relaxing scrub interval from 416 cycles to 520 cycles
Tightening scrub interval from 520 cycles to 260 cycles
Relaxing scrub interval from 260 cycles to 325 cycles
Relaxing scrub interval from 325 cycles to 406 cycles
Relaxing scrub interval from 406 cycles to 507 cycles
Tightening scrub interval from 507 cycles to 253 cycles
Relaxing scrub interval from 253 cycles to 316 cycles
Tightening scrub interval from 316 cycles to 158 cycles
Relaxing scrub interval from 158 cycles to 197 cycles
Relaxing scrub interval from 197 cycles to 246 cycles
Relaxing scrub interval from 246 cycles to 307 cycles
Relaxing scrub interval from 307 cycles to 383 cycles
Relaxing scrub interval from 383 cycles to 478 cycles
Relaxing scrub interval from 478 cycles to 597 cycles
Relaxing scrub interval from 597 cycles to 746 cycles
Relaxing scrub interval from 746 cycles to 932 cycles
Relaxing scrub interval from 932 cycles to 1165 cycles
Tightening scrub interval from 1165 cycles to 582 cycles
Relaxing scrub interval from 582 cycles to 727 cycles
Relaxing scrub interval from 727 cycles to 908 cycles
Relaxing scrub interval from 908 cycles to 1135 cycles
Relaxing scrub interval from 1135 cycles to 1418 cycles
Relaxing scrub interval from 1418 cycles to 1772 cycles
Relaxing scrub interval from 1772 cycles to 2215 cycles
Relaxing scrub interval from 2215 cycles to 2768 cycles
Tightening scrub interval from 2768 cycles to 1384 cycles
Relaxing scrub interval from 1384 cycles to 1730 cycles
Relaxing scrub interval from 1730 cycles to 2162 cycles
Tightening scrub interval from 2162 cycles to 1081 cycles
Tightening scrub interval from 1081 cycles to 540 cycles
Relaxing scrub interval from 540 cycles to 675 cycles
Relaxing scrub interval from 675 cycles to 843 cycles
Relaxing scrub interval from 843 cycles to 1053 cycles
Relaxing scrub interval from 1053 cycles to 1316 cycles
Tightening scrub interval from 1316 cycles to 658 cycles
Relaxing scrub interval from 658 cycles to 822 cycles
Relaxing scrub interval from 822 cycles to 1027 cycles
Relaxing scrub interval from 1027 cycles to 1283 cycles
Relaxing scrub interval from 1283 cycles to 1603 cycles
Tightening scrub interval from 1603 cycles to 801 cycles
Relaxing scrub interval from 801 cycles to 1001 cycles
Relaxing scrub interval from 1001 cycles to 1251 cycles
Relaxing scrub interval from 1251 cycles to 1563 cycles
Relaxing scrub interval from 1563 cycles to 1953 cycles
Relaxing scrub interval from 1953 cycles to 2441 cycles
Relaxing scrub interval from 2441 cycles to 3051 cycles
Tightening scrub interval from 3051 cycles to 1525 cycles
Relaxing scrub interval from 1525 cycles to 1906 cycles
Relaxing scrub interval from 1906 cycles to 2382 cycles
Relaxing scrub interval from 2382 cycles to 2977 cycles
Relaxing scrub interval from 2977 cycles to 3721 cycles
Relaxing scrub interval from 3721 cycles to 4651 cycles
Relaxing scrub interval from 4651 cycles to 5813 cycles
Tightening scrub interval from 5813 cycles to 2906 cycles
Tightening scrub interval from 2906 cycles to 1453 cycles
Relaxing scrub interval from 1453 cycles to 1816 cycles
Relaxing scrub interval from 1816 cycles to 2270 cycles
Relaxing scrub interval from 2270 cycles to 2837 cycles
Tightening scrub interval from 2837 cycles to 1418 cycles
Relaxing scrub interval from 1418 cycles to 1772 cycles
Tightening scrub interval from 1772 cycles to 886 cycles
Relaxing scrub interval from 886 cycles to 1107 cycles
Relaxing scrub interval from 1107 cycles to 1383 cycles
Relaxing scrub interval from 1383 cycles to 1728 cycles
Relaxing scrub interval from 1728 cycles to 2160 cycles
Relaxing scrub interval from 2160 cycles to 2700 cycles
Relaxing scrub interval from 2700 cycles to 3375 cycles
Relaxing scrub interval from 3375 cycles to 4218 cycles
Relaxing scrub interval from 4218 cycles to 5272 cycles
Relaxing scrub interval from 5272 cycles to 6590 cycles
Relaxing scrub interval from 6590 cycles to 8237 cycles
Relaxing scrub interval from 8237 cycles to 10296 cycles
Tightening scrub interval from 10296 cycles to 5148 cycles
Tightening scrub interval from 5148 cycles to 2574 cycles
Relaxing scrub interval from 2574 cycles to 3217 cycles
Relaxing scrub interval from 3217 cycles to 4021 cycles
Tightening scrub interval from 4021 cycles to 2010 cycles
Relaxing scrub interval from 2010 cycles to 2512 cycles
Relaxing scrub interval from 2512 cycles to 3140 cycles
Relaxing scrub interval from 3140 cycles to 3925 cycles
Relaxing scrub interval from 3925 cycles to 4906 cycles
Relaxing scrub interval from 4906 cycles to 6132 cycles
Relaxing scrub interval from 6132 cycles to 7665 cycles
Relaxing scrub interval from 7665 cycles to 9581 cycles
Tightening scrub interval from 9581 cycles to 4790 cycles
Relaxing scrub interval from 4790 cycles to 5987 cycles
Tightening scrub interval from 5987 cycles to 2993 cycles
Relaxing scrub interval from 2993 cycles to 3741 cycles
Relaxing scrub interval from 3741 cycles to 4676 cycles
Relaxing scrub interval from 4676 cycles to 5845 cycles
Tightening scrub interval from 5845 cycles to 2922 cycles
Relaxing scrub interval from 2922 cycles to 3652 cycles
Relaxing scrub interval from 3652 cycles to 4565 cycles
Relaxing scrub interval from 4565 cycles to 5706 cycles
Tightening scrub interval from 5706 cycles to 2853 cycles
Relaxing scrub interval from 2853 cycles to 3566 cycles
Tightening scrub interval from 3566 cycles to 1783 cycles
Tightening scrub interval from 1783 cycles to 891 cycles
Relaxing scrub interval from 891 cycles to 1113 cycles
Relaxing scrub interval from 1113 cycles to 1391 cycles
Relaxing scrub interval from 1391 cycles to 1738 cycles
Relaxing scrub interval from 1738 cycles to 2172 cycles
Relaxing scrub interval from 2172 cycles to 2715 cycles
Relaxing scrub interval from 2715 cycles to 3393 cycles
Relaxing scrub interval from 3393 cycles to 4241 cycles
Relaxing scrub interval from 4241 cycles to 5301 cycles
Relaxing scrub interval from 5301 cycles to 6626 cycles
Relaxing scrub interval from 6626 cycles to 8282 cycles
Relaxing scrub interval from 8282 cycles to 10352 cycles
Tightening scrub interval from 10352 cycles to 5176 cycles
Relaxing scrub interval from 5176 cycles to 6470 cycles
Tightening scrub interval from 6470 cycles to 3235 cycles
Tightening scrub interval from 3235 cycles to 1617 cycles
Relaxing scrub interval from 1617 cycles to 2021 cycles
Relaxing scrub interval from 2021 cycles to 2526 cycles
Relaxing scrub interval from 2526 cycles to 3157 cycles
Relaxing scrub interval from 3157 cycles to 3946 cycles
Relaxing scrub interval from 3946 cycles to 4932 cycles
Tightening scrub interval from 4932 cycles to 2466 cycles
Relaxing scrub interval from 2466 cycles to 3082 cycles
Relaxing scrub interval from 3082 cycles to 3852 cycles
Relaxing scrub interval from 3852 cycles to 4815 cycles
Relaxing scrub interval from 4815 cycles to 6018 cycles
Tightening scrub interval from 6018 cycles to 3009 cycles
Relaxing scrub interval from 3009 cycles to 3761 cycles
Relaxing scrub interval from 3761 cycles to 4701 cycles
Tightening scrub interval from 4701 cycles to 2350 cycles
Relaxing scrub interval from 2350 cycles to 2937 cycles
Relaxing scrub interval from 2937 cycles to 3671 cycles
Relaxing scrub interval from 3671 cycles to 4588 cycles
Relaxing scrub interval from 4588 cycles to 5735 cycles
Relaxing scrub interval from 5735 cycles to 7168 cycles
Relaxing scrub interval from 7168 cycles to 8960 cycles
Tightening scrub interval from 8960 cycles to 4480 cycles
Relaxing scrub interval from 4480 cycles to 5600 cycles
Relaxing scrub interval from 5600 cycles to 7000 cycles
Tightening scrub interval from 7000 cycles to 3500 cycles
Relaxing scrub interval from 3500 cycles to 4375 cycles
Tightening scrub interval from 4375 cycles to 2187 cycles
Relaxing scrub interval from 2187 cycles to 2733 cycles
Relaxing scrub interval from 2733 cycles to 3416 cycles
Tightening scrub interval from 3416 cycles to 1708 cycles
Relaxing scrub interval from 1708 cycles to 2135 cycles
Relaxing scrub interval from 2135 cycles to 2668 cycles
Tightening scrub interval from 2668 cycles to 1334 cycles
Relaxing scrub interval from 1334 cycles to 1667 cycles
Relaxing scrub interval from 1667 cycles to 2083 cycles
Relaxing scrub interval from 2083 cycles to 2603 cycles
Relaxing scrub interval from 2603 cycles to 3253 cycles
Tightening scrub interval from 3253 cycles to 1626 cycles
Relaxing scrub interval from 1626 cycles to 2032 cycles
Relaxing scrub interval from 2032 cycles to 2540 cycles
Relaxing scrub interval from 2540 cycles to 3175 cycles
Relaxing scrub interval from 3175 cycles to 3968 cycles
Relaxing scrub interval from 3968 cycles to 4960 cycles
Relaxing scrub interval from 4960 cycles to 6200 cycles
Tightening scrub interval from 6200 cycles to 3100 cycles
Relaxing scrub interval from 3100 cycles to 3875 cycles
Relaxing scrub interval from 3875 cycles to 4843 cycles
Relaxing scrub interval from 4843 cycles to 6053 cycles
Relaxing scrub interval from 6053 cycles to 7566 cycles
Tightening scrub interval from 7566 cycles to 3783 cycles
Relaxing scrub interval from 3783 cycles to 4728 cycles
Relaxing scrub interval from 4728 cycles to 5910 cycles
Tightening scrub interval from 5910 cycles to 2955 cycles
Relaxing scrub interval from 2955 cycles to 3693 cycles
Tightening scrub interval from 3693 cycles to 1846 cycles
Relaxing scrub interval from 1846 cycles to 2307 cycles
Relaxing scrub interval from 2307 cycles to 2883 cycles
Tightening scrub interval from 2883 cycles to 1441 cycles
Tightening scrub interval from 1441 cycles to 720 cycles
Relaxing scrub interval from 720 cycles to 900 cycles
Relaxing scrub interval from 900 cycles to 1125 cycles
Relaxing scrub interval from 1125 cycles to 1406 cycles
Relaxing scrub interval from 1406 cycles to 1757 cycles
Relaxing scrub interval from 1757 cycles to 2196 cycles
Tightening scrub interval from 2196 cycles to 1098 cycles
Relaxing scrub interval from 1098 cycles to 1372 cycles
Tightening scrub interval from 1372 cycles to 686 cycles
Relaxing scrub interval from 686 cycles to 857 cycles
Relaxing scrub interval from 857 cycles to 1071 cycles
Relaxing scrub interval from 1071 cycles to 1338 cycles
Relaxing scrub interval from 1338 cycles to 1672 cycles
Relaxing scrub interval from 1672 cycles to 2090 cycles
Tightening scrub interval from 2090 cycles to 1045 cycles
Relaxing scrub interval from 1045 cycles to 1306 cycles
Relaxing scrub interval from 1306 cycles to 1632 cycles
Relaxing scrub interval from 1632 cycles to 2040 cycles
Relaxing scrub interval from 2040 cycles to 2550 cycles
Relaxing scrub interval from 2550 cycles to 3187 cycles
Relaxing scrub interval from 3187 cycles to 3983 cycles
Tightening scrub interval from 3983 cycles to 1991 cycles
Relaxing scrub interval from 1991 cycles to 2488 cycles
Relaxing scrub interval from 2488 cycles to 3110 cycles
Relaxing scrub interval from 3110 cycles to 3887 cycles
Relaxing scrub interval from 3887 cycles to 4858 cycles
Relaxing scrub interval from 4858 cycles to 6072 cycles
Relaxing scrub interval from 6072 cycles to 7590 cycles
Relaxing scrub interval from 7590 cycles to 9487 cycles
Tightening scrub interval from 9487 cycles to 4743 cycles
Tightening scrub interval from 4743 cycles to 2371 cycles
Relaxing scrub interval from 2371 cycles to 2963 cycles
Relaxing scrub interval from 2963 cycles to 3703 cycles
Relaxing scrub interval from 3703 cycles to 4628 cycles
Relaxing scrub interval from 4628 cycles to 5785 cycles
Relaxing scrub interval from 5785 cycles to 7231 cycles
Tightening scrub interval from 7231 cycles to 3615 cycles
Relaxing scrub interval from 3615 cycles to 4518 cycles
Tightening scrub interval from 4518 cycles to 2259 cycles
Tightening scrub interval from 2259 cycles to 1129 cycles
Relaxing scrub interval from 1129 cycles to 1411 cycles
Relaxing scrub interval from 1411 cycles to 1763 cycles
Relaxing scrub interval from 1763 cycles to 2203 cycles
Relaxing scrub interval from 2203 cycles to 2753 cycles
Relaxing scrub interval from 2753 cycles to 3441 cycles
Relaxing scrub interval from 3441 cycles to 4301 cycles
Relaxing scrub interval from 4301 cycles to 5376 cycles
Tightening scrub interval from 5376 cycles to 2688 cycles
Tightening scrub interval from 2688 cycles to 1344 cycles
Relaxing scrub interval from 1344 cycles to 1680 cycles
Relaxing scrub interval from 1680 cycles to 2100 cycles
Relaxing scrub interval from 2100 cycles to 2625 cycles
Relaxing scrub interval from 2625 cycles to 3281 cycles
Relaxing scrub interval from 3281 cycles to 4101 cycles
Tightening scrub interval from 4101 cycles to 2050 cycles
Relaxing scrub interval from 2050 cycles to 2562 cycles
Tightening scrub interval from 2562 cycles to 1281 cycles
Relaxing scrub interval from 1281 cycles to 1601 cycles
Relaxing scrub interval from 1601 cycles to 2001 cycles
Relaxing scrub interval from 2001 cycles to 2501 cycles
Relaxing scrub interval from 2501 cycles to 3126 cycles
Relaxing scrub interval from 3126 cycles to 3907 cycles
Relaxing scrub interval from 3907 cycles to 4883 cycles
Relaxing scrub interval from 4883 cycles to 6103 cycles
Relaxing scrub interval from 6103 cycles to 7628 cycles
Relaxing scrub interval from 7628 cycles to 9535 cycles
Tightening scrub interval from 9535 cycles to 4767 cycles
Tightening scrub interval from 4767 cycles to 2383 cycles
Relaxing scrub interval from 2383 cycles to 2978 cycles
Tightening scrub interval from 2978 cycles to 1489 cycles
Relaxing scrub interval from 1489 cycles to 1861 cycles
Tightening scrub interval from 1861 cycles to 930 cycles
Relaxing scrub interval from 930 cycles to 1162 cycles
Relaxing scrub interval from 1162 cycles to 1452 cycles
Relaxing scrub interval from 1452 cycles to 1815 cycles
Relaxing scrub interval from 1815 cycles to 2268 cycles
Tightening scrub interval from 2268 cycles to 1134 cycles
Relaxing scrub interval from 1134 cycles to 1417 cycles
Relaxing scrub interval from 1417 cycles to 1771 cycles
Relaxing scrub interval from 1771 cycles to 2213 cycles
Relaxing scrub interval from 2213 cycles to 2766 cycles
Relaxing scrub interval from 2766 cycles to 3457 cycles
Tightening scrub interval from 3457 cycles to 1728 cycles
Relaxing scrub interval from 1728 cycles to 2160 cycles
Relaxing scrub interval from 2160 cycles to 2700 cycles
Relaxing scrub interval from 2700 cycles to 3375 cycles
Relaxing scrub interval from 3375 cycles to 4218 cycles
Tightening scrub interval from 4218 cycles to 2109 cycles
Relaxing scrub interval from 2109 cycles to 2636 cycles
Relaxing scrub interval from 2636 cycles to 3295 cycles
Relaxing scrub interval from 3295 cycles to 4118 cycles
Tightening scrub interval from 4118 cycles to 2059 cycles
Relaxing scrub interval from 2059 cycles to 2573 cycles
Relaxing scrub interval from 2573 cycles to 3216 cycles
Relaxing scrub interval from 3216 cycles to 4020 cycles
Relaxing scrub interval from 4020 cycles to 5025 cycles
Tightening scrub interval from 5025 cycles to 2512 cycles
Relaxing scrub interval from 2512 cycles to 3140 cycles
Relaxing scrub interval from 3140 cycles to 3925 cycles
Tightening scrub interval from 3925 cycles to 1962 cycles
Relaxing scrub interval from 1962 cycles to 2452 cycles
Relaxing scrub interval from 2452 cycles to 3065 cycles
Tightening scrub interval from 3065 cycles to 1532 cycles
Relaxing scrub interval from 1532 cycles to 1915 cycles
Relaxing scrub interval from 1915 cycles to 2393 cycles
Tightening scrub interval from 2393 cycles to 1196 cycles
Relaxing scrub interval from 1196 cycles to 1495 cycles
Relaxing scrub interval from 1495 cycles to 1868 cycles
Relaxing scrub interval from 1868 cycles to 2335 cycles
Relaxing scrub interval from 2335 cycles to 2918 cycles
Relaxing scrub interval from 2918 cycles to 3647 cycles
Relaxing scrub interval from 3647 cycles to 4558 cycles
Relaxing scrub interval from 4558 cycles to 5697 cycles
Tightening scrub interval from 5697 cycles to 2848 cycles
Relaxing scrub interval from 2848 cycles to 3560 cycles
Relaxing scrub interval from 3560 cycles to 4450 cycles
Tightening scrub interval from 4450 cycles to 2225 cycles
Relaxing scrub interval from 2225 cycles to 2781 cycles
Relaxing scrub interval from 2781 cycles to 3476 cycles
Relaxing scrub interval from 3476 cycles to 4345 cycles
Relaxing scrub interval from 4345 cycles to 5431 cycles
Relaxing scrub interval from 5431 cycles to 6788 cycles
Relaxing scrub interval from 6788 cycles to 8485 cycles
Tightening scrub interval from 8485 cycles to 4242 cycles
Tightening scrub interval from 4242 cycles to 2121 cycles
Relaxing scrub interval from 2121 cycles to 2651 cycles
Tightening scrub interval from 2651 cycles to 1325 cycles
Tightening scrub interval from 1325 cycles to 662 cycles
Relaxing scrub interval from 662 cycles to 827 cycles
Relaxing scrub interval from 827 cycles to 1033 cycles
Relaxing scrub interval from 1033 cycles to 1291 cycles
Relaxing scrub interval from 1291 cycles to 1613 cycles
Relaxing scrub interval from 1613 cycles to 2016 cycles
Relaxing scrub interval from 2016 cycles to 2520 cycles
Relaxing scrub interval from 2520 cycles to 3150 cycles
Relaxing scrub interval from 3150 cycles to 3937 cycles
Relaxing scrub interval from 3937 cycles to 4921 cycles
Tightening scrub interval from 4921 cycles to 2460 cycles
Relaxing scrub interval from 2460 cycles to 3075 cycles
Tightening scrub interval from 3075 cycles to 1537 cycles
Relaxing scrub interval from 1537 cycles to 1921 cycles
Tightening scrub interval from 1921 cycles to 960 cycles
Relaxing scrub interval from 960 cycles to 1200 cycles
Relaxing scrub interval from 1200 cycles to 1500 cycles
Tightening scrub interval from 1500 cycles to 750 cycles
Relaxing scrub interval from 750 cycles to 937 cycles
Relaxing scrub interval from 937 cycles to 1171 cycles
Relaxing scrub interval from 1171 cycles to 1463 cycles
Relaxing scrub interval from 1463 cycles to 1828 cycles
Relaxing scrub interval from 1828 cycles to 2285 cycles
Tightening scrub interval from 2285 cycles to 1142 cycles
Relaxing scrub interval from 1142 cycles to 1427 cycles
Tightening scrub interval from 1427 cycles to 713 cycles
Relaxing scrub interval from 713 cycles to 891 cycles
Tightening scrub interval from 891 cycles to 445 cycles
Relaxing scrub interval from 445 cycles to 556 cycles
Relaxing scrub interval from 556 cycles to 695 cycles
Relaxing scrub interval from 695 cycles to 868 cycles
Tightening scrub interval from 868 cycles to 434 cycles
Relaxing scrub interval from 434 cycles to 542 cycles
Relaxing scrub interval from 542 cycles to 677 cycles
Relaxing scrub interval from 677 cycles to 846 cycles
Relaxing scrub interval from 846 cycles to 1057 cycles
Relaxing scrub interval from 1057 cycles to 1321 cycles
Relaxing scrub interval from 1321 cycles to 1651 cycles
Relaxing scrub interval from 1651 cycles to 2063 cycles
Relaxing scrub interval from 2063 cycles to 2578 cycles
Relaxing scrub interval from 2578 cycles to 3222 cycles
Relaxing scrub interval from 3222 cycles to 4027 cycles
Relaxing scrub interval from 4027 cycles to 5033 cycles
Relaxing scrub interval from 5033 cycles to 6291 cycles
Tightening scrub interval from 6291 cycles to 3145 cycles
Relaxing scrub interval from 3145 cycles to 3931 cycles
Tightening scrub interval from 3931 cycles to 1965 cycles
Relaxing scrub interval from 1965 cycles to 2456 cycles
Relaxing scrub interval from 2456 cycles to 3070 cycles
Tightening scrub interval from 3070 cycles to 1535 cycles
Relaxing scrub interval from 1535 cycles to 1918 cycles
Relaxing scrub interval from 1918 cycles to 2397 cycles
Relaxing scrub interval from 2397 cycles to 2996 cycles
Relaxing scrub interval from 2996 cycles to 3745 cycles
Tightening scrub interval from 3745 cycles to 1872 cycles
Tightening scrub interval from 1872 cycles to 936 cycles
Relaxing scrub interval from 936 cycles to 1170 cycles
Relaxing scrub interval from 1170 cycles to 1462 cycles
Relaxing scrub interval from 1462 cycles to 1827 cycles
Relaxing scrub interval from 1827 cycles to 2283 cycles
Tightening scrub interval from 2283 cycles to 1141 cycles
Relaxing scrub interval from 1141 cycles to 1426 cycles
Relaxing scrub interval from 1426 cycles to 1782 cycles
Relaxing scrub interval from 1782 cycles to 2227 cycles
Tightening scrub interval from 2227 cycles to 1113 cycles
Relaxing scrub interval from 1113 cycles to 1391 cycles
Tightening scrub interval from 1391 cycles to 695 cycles
Relaxing scrub interval from 695 cycles to 868 cycles
Relaxing scrub interval from 868 cycles to 1085 cycles
Relaxing scrub interval from 1085 cycles to 1356 cycles
Relaxing scrub interval from 1356 cycles to 1695 cycles
Relaxing scrub interval from 1695 cycles to 2118 cycles
Relaxing scrub interval from 2118 cycles to 2647 cycles
Relaxing scrub interval from 2647 cycles to 3308 cycles
Relaxing scrub interval from 3308 cycles to 4135 cycles
Relaxing scrub interval from 4135 cycles to 5168 cycles
Relaxing scrub interval from 5168 cycles to 6460 cycles
Relaxing scrub interval from 6460 cycles to 8075 cycles
Tightening scrub interval from 8075 cycles to 4037 cycles
Relaxing scrub interval from 4037 cycles to 5046 cycles
Relaxing scrub interval from 5046 cycles to 6307 cycles
Relaxing scrub interval from 6307 cycles to 7883 cycles
Relaxing scrub interval from 7883 cycles to 9853 cycles
Tightening scrub interval from 9853 cycles to 4926 cycles
Tightening scrub interval from 4926 cycles to 2463 cycles
Tightening scrub interval from 2463 cycles to 1231 cycles
Relaxing scrub interval from 1231 cycles to 1538 cycles
Relaxing scrub interval from 1538 cycles to 1922 cycles
Relaxing scrub interval from 1922 cycles to 2402 cycles
Relaxing scrub interval from 2402 cycles to 3002 cycles
Tightening scrub interval from 3002 cycles to 1501 cycles
Relaxing scrub interval from 1501 cycles to 1876 cycles
Relaxing scrub interval from 1876 cycles to 2345 cycles
Relaxing scrub interval from 2345 cycles to 2931 cycles
Relaxing scrub interval from 2931 cycles to 3663 cycles
Relaxing scrub interval from 3663 cycles to 4578 cycles
Tightening scrub interval from 4578 cycles to 2289 cycles
Relaxing scrub interval from 2289 cycles to 2861 cycles
Relaxing scrub interval from 2861 cycles to 3576 cycles
Relaxing scrub interval from 3576 cycles to 4470 cycles
Relaxing scrub interval from 4470 cycles to 5587 cycles
Relaxing scrub interval from 5587 cycles to 6983 cycles
Tightening scrub interval from 6983 cycles to 3491 cycles
Relaxing scrub interval from 3491 cycles to 4363 cycles
Relaxing scrub interval from 4363 cycles to 5453 cycles
Tightening scrub interval from 5453 cycles to 2726 cycles
Relaxing scrub interval from 2726 cycles to 3407 cycles
Relaxing scrub interval from 3407 cycles to 4258 cycles
Tightening scrub interval from 4258 cycles to 2129 cycles
Relaxing scrub interval from 2129 cycles to 2661 cycles
Relaxing scrub interval from 2661 cycles to 3326 cycles
Relaxing scrub interval from 3326 cycles to 4157 cycles
Tightening scrub interval from 4157 cycles to 2078 cycles
Relaxing scrub interval from 2078 cycles to 2597 cycles
Relaxing scrub interval from 2597 cycles to 3246 cycles
Relaxing scrub interval from 3246 cycles to 4057 cycles
Relaxing scrub interval from 4057 cycles to 5071 cycles
Relaxing scrub interval from 5071 cycles to 6338 cycles
Tightening scrub interval from 6338 cycles to 3169 cycles
Relaxing scrub interval from 3169 cycles to 3961 cycles
Relaxing scrub interval from 3961 cycles to 4951 cycles
Tightening scrub interval from 4951 cycles to 2475 cycles
Relaxing scrub interval from 2475 cycles to 3093 cycles
Tightening scrub interval from 3093 cycles to 1546 cycles
Relaxing scrub interval from 1546 cycles to 1932 cycles
Relaxing scrub interval from 1932 cycles to 2415 cycles
Tightening scrub interval from 2415 cycles to 1207 cycles
Relaxing scrub interval from 1207 cycles to 1508 cycles
Relaxing scrub interval from 1508 cycles to 1885 cycles
Tightening scrub interval from 1885 cycles to 942 cycles
Relaxing scrub interval from 942 cycles to 1177 cycles
Tightening scrub interval from 1177 cycles to 588 cycles
Relaxing scrub interval from 588 cycles to 735 cycles
Relaxing scrub interval from 735 cycles to 918 cycles
Relaxing scrub interval from 918 cycles to 1147 cycles
Relaxing scrub interval from 1147 cycles to 1433 cycles
Relaxing scrub interval from 1433 cycles to 1791 cycles
Relaxing scrub interval from 1791 cycles to 2238 cycles
Relaxing scrub interval from 2238 cycles to 2797 cycles
Relaxing scrub interval from 2797 cycles to 3496 cycles
Tightening scrub interval from 3496 cycles to 1748 cycles
Tightening scrub interval from 1748 cycles to 874 cycles
Relaxing scrub interval from 874 cycles to 1092 cycles
Relaxing scrub interval from 1092 cycles to 1365 cycles
Relaxing scrub interval from 1365 cycles to 1706 cycles
Relaxing scrub interval from 1706 cycles to 2132 cycles
Relaxing scrub interval from 2132 cycles to 2665 cycles
Relaxing scrub interval from 2665 cycles to 3331 cycles
Relaxing scrub interval from 3331 cycles to 4163 cycles
Relaxing scrub interval from 4163 cycles to 5203 cycles
Relaxing scrub interval from 5203 cycles to 6503 cycles
Relaxing scrub interval from 6503 cycles to 8128 cycles
Tightening scrub interval from 8128 cycles to 4064 cycles
Relaxing scrub interval from 4064 cycles to 5080 cycles
Relaxing scrub interval from 5080 cycles to 6350 cycles
Tightening scrub interval from 6350 cycles to 3175 cycles
Relaxing scrub interval from 3175 cycles to 3968 cycles
Tightening scrub interval from 3968 cycles to 1984 cycles
Relaxing scrub interval from 1984 cycles to 2480 cycles
Relaxing scrub interval from 2480 cycles to 3100 cycles
Relaxing scrub interval from 3100 cycles to 3875 cycles
Relaxing scrub interval from 3875 cycles to 4843 cycles
Tightening scrub interval from 4843 cycles to 2421 cycles
Relaxing scrub interval from 2421 cycles to 3026 cycles
Relaxing scrub interval from 3026 cycles to 3782 cycles
Relaxing scrub interval from 3782 cycles to 4727 cycles
Relaxing scrub interval from 4727 cycles to 5908 cycles
Tightening scrub interval from 5908 cycles to 2954 cycles
Relaxing scrub interval from 2954 cycles to 3692 cycles
Relaxing scrub interval from 3692 cycles to 4615 cycles
Tightening scrub interval from 4615 cycles to 2307 cycles
Relaxing scrub interval from 2307 cycles to 2883 cycles
Relaxing scrub interval from 2883 cycles to 3603 cycles
Relaxing scrub interval from 3603 cycles to 4503 cycles
Relaxing scrub interval from 4503 cycles to 5628 cycles
Tightening scrub interval from 5628 cycles to 2814 cycles
Tightening scrub interval from 2814 cycles to 1407 cycles
Relaxing scrub interval from 1407 cycles to 1758 cycles
Relaxing scrub interval from 1758 cycles to 2197 cycles
Relaxing scrub interval from 2197 cycles to 2746 cycles
Tightening scrub interval from 2746 cycles to 1373 cycles
Relaxing scrub interval from 1373 cycles to 1716 cycles
Relaxing scrub interval from 1716 cycles to 2145 cycles
Relaxing scrub interval from 2145 cycles to 2681 cycles
Relaxing scrub interval from 2681 cycles to 3351 cycles
Tightening scrub interval from 3351 cycles to 1675 cycles
Relaxing scrub interval from 1675 cycles to 2093 cycles
Relaxing scrub interval from 2093 cycles to 2616 cycles
Relaxing scrub interval from 2616 cycles to 3270 cycles
Relaxing scrub interval from 3270 cycles to 4087 cycles
Relaxing scrub interval from 4087 cycles to 5108 cycles
Relaxing scrub interval from 5108 cycles to 6385 cycles
Relaxing scrub interval from 6385 cycles to 7981 cycles
Tightening scrub interval from 7981 cycles to 3990 cycles
Relaxing scrub interval from 3990 cycles to 4987 cycles
Tightening scrub interval from 4987 cycles to 2493 cycles
Tightening scrub interval from 2493 cycles to 1246 cycles
Relaxing scrub interval from 1246 cycles to 1557 cycles
Relaxing scrub interval from 1557 cycles to 1946 cycles
Relaxing scrub interval from 1946 cycles to 2432 cycles
Relaxing scrub interval from 2432 cycles to 3040 cycles
Relaxing scrub interval from 3040 cycles to 3800 cycles
Relaxing scrub interval from 3800 cycles to 4750 cycles
Tightening scrub interval from 4750 cycles to 2375 cycles
Relaxing scrub interval from 2375 cycles to 2968 cycles
Relaxing scrub interval from 2968 cycles to 3710 cycles
Tightening scrub interval from 3710 cycles to 1855 cycles
Relaxing scrub interval from 1855 cycles to 2318 cycles
Relaxing scrub interval from 2318 cycles to 2897 cycles
Relaxing scrub interval from 2897 cycles to 3621 cycles
Relaxing scrub interval from 3621 cycles to 4526 cycles
Tightening scrub interval from 4526 cycles to 2263 cycles
Relaxing scrub interval from 2263 cycles to 2828 cycles
Relaxing scrub interval from 2828 cycles to 3535 cycles
Tightening scrub interval from 3535 cycles to 1767 cycles
Tightening scrub interval from 1767 cycles to 883 cycles
Relaxing scrub interval from 883 cycles to 1103 cycles
Relaxing scrub interval from 1103 cycles to 1378 cycles
Tightening scrub interval from 1378 cycles to 689 cycles
Relaxing scrub interval from 689 cycles to 861 cycles
Relaxing scrub interval from 861 cycles to 1076 cycles
Relaxing scrub interval from 1076 cycles to 1345 cycles
Relaxing scrub interval from 1345 cycles to 1681 cycles
Relaxing scrub interval from 1681 cycles to 2101 cycles
Tightening scrub interval from 2101 cycles to 1050 cycles
Relaxing scrub interval from 1050 cycles to 1312 cycles
Relaxing scrub interval from 1312 cycles to 1640 cycles
Relaxing scrub interval from 1640 cycles to 2050 cycles
Tightening scrub interval from 2050 cycles to 1025 cycles
Relaxing scrub interval from 1025 cycles to 1281 cycles
Relaxing scrub interval from 1281 cycles to 1601 cycles
Relaxing scrub interval from 1601 cycles to 2001 cycles
Relaxing scrub interval from 2001 cycles to 2501 cycles
Relaxing scrub interval from 2501 cycles to 3126 cycles
Relaxing scrub interval from 3126 cycles to 3907 cycles
Tightening scrub interval from 3907 cycles to 1953 cycles
Relaxing scrub interval from 1953 cycles to 2441 cycles
Tightening scrub interval from 2441 cycles to 1220 cycles
Relaxing scrub interval from 1220 cycles to 1525 cycles
Relaxing scrub interval from 1525 cycles to 1906 cycles
Relaxing scrub interval from 1906 cycles to 2382 cycles
Relaxing scrub interval from 2382 cycles to 2977 cycles
Tightening scrub interval from 2977 cycles to 1488 cycles
Relaxing scrub interval from 1488 cycles to 1860 cycles
Relaxing scrub interval from 1860 cycles to 2325 cycles
Relaxing scrub interval from 2325 cycles to 2906 cycles
