warn: No dot file generated. Please install pydot to generate the dot file and pdf.
Scrubbing enabled with adaptive interval starting at 10 cycles, tightening factor 2, relax factor 1.25
src/arch/riscv/isa.cc:275: info: RVV enabled, VLEN = 256 bits, ELEN = 64 bits
src/arch/riscv/linux/se_workload.cc:60: warn: Unknown operating system; assuming Linux.
src/base/statistics.hh:279: warn: One of the stats is a legacy stat. Legacy stat is a stat that does not belong to any statistics::Group. Legacy stat is deprecated.
src/base/remote_gdb.cc:418: warn: Sockets disabled, not accepting gdb connections
src/sim/simulate.cc:199: info: Entering event queue @ 0.  Starting simulation...
Relaxing scrub interval from 10 cycles to 12 cycles
Relaxing scrub interval from 12 cycles to 15 cycles
Relaxing scrub interval from 15 cycles to 18 cycles
Relaxing scrub interval from 18 cycles to 22 cycles
Relaxing scrub interval from 22 cycles to 27 cycles
Relaxing scrub interval from 27 cycles to 33 cycles
Relaxing scrub interval from 33 cycles to 41 cycles
Relaxing scrub interval from 41 cycles to 51 cycles
Relaxing scrub interval from 51 cycles to 63 cycles
Relaxing scrub interval from 63 cycles to 78 cycles
Relaxing scrub interval from 78 cycles to 97 cycles
Relaxing scrub interval from 97 cycles to 121 cycles
Relaxing scrub interval from 121 cycles to 151 cycles
Relaxing scrub interval from 151 cycles to 188 cycles
Relaxing scrub interval from 188 cycles to 235 cycles
Relaxing scrub interval from 235 cycles to 293 cycles
Relaxing scrub interval from 293 cycles to 366 cycles
Relaxing scrub interval from 366 cycles to 457 cycles
Relaxing scrub interval from 457 cycles to 571 cycles
Relaxing scrub interval from 571 cycles to 713 cycles
Relaxing scrub interval from 713 cycles to 891 cycles
Relaxing scrub interval from 891 cycles to 1113 cycles
Relaxing scrub interval from 1113 cycles to 1391 cycles
Relaxing scrub interval from 1391 cycles to 1738 cycles
Relaxing scrub interval from 1738 cycles to 2172 cycles
Relaxing scrub interval from 2172 cycles to 2715 cycles
Relaxing scrub interval from 2715 cycles to 3393 cycles
Relaxing scrub interval from 3393 cycles to 4241 cycles
Relaxing scrub interval from 4241 cycles to 5301 cycles
Relaxing scrub interval from 5301 cycles to 6626 cycles
Relaxing scrub interval from 6626 cycles to 8282 cycles
Relaxing scrub interval from 8282 cycles to 10352 cycles
Relaxing scrub interval from 10352 cycles to 12940 cycles
Tightening scrub interval from 12940 cycles to 6470 cycles
Tightening scrub interval from 6470 cycles to 3235 cycles
Tightening scrub interval from 3235 cycles to 1617 cycles
Relaxing scrub interval from 1617 cycles to 2021 cycles
Tightening scrub interval from 2021 cycles to 1010 cycles
Relaxing scrub interval from 1010 cycles to 1262 cycles
Relaxing scrub interval from 1262 cycles to 1577 cycles
Relaxing scrub interval from 1577 cycles to 1971 cycles
Tightening scrub interval from 1971 cycles to 985 cycles
Relaxing scrub interval from 985 cycles to 1231 cycles
Relaxing scrub interval from 1231 cycles to 1538 cycles
Relaxing scrub interval from 1538 cycles to 1922 cycles
Tightening scrub interval from 1922 cycles to 961 cycles
Relaxing scrub interval from 961 cycles to 1201 cycles
Relaxing scrub interval from 1201 cycles to 1501 cycles
Relaxing scrub interval from 1501 cycles to 1876 cycles
Tightening scrub interval from 1876 cycles to 938 cycles
Relaxing scrub interval from 938 cycles to 1172 cycles
Relaxing scrub interval from 1172 cycles to 1465 cycles
Relaxing scrub interval from 1465 cycles to 1831 cycles
Relaxing scrub interval from 1831 cycles to 2288 cycles
Relaxing scrub interval from 2288 cycles to 2860 cycles
Relaxing scrub interval from 2860 cycles to 3575 cycles
Relaxing scrub interval from 3575 cycles to 4468 cycles
Relaxing scrub interval from 4468 cycles to 5585 cycles
Tightening scrub interval from 5585 cycles to 2792 cycles
Tightening scrub interval from 2792 cycles to 1396 cycles
Relaxing scrub interval from 1396 cycles to 1745 cycles
Tightening scrub interval from 1745 cycles to 872 cycles
Relaxing scrub interval from 872 cycles to 1090 cycles
Relaxing scrub interval from 1090 cycles to 1362 cycles
Tightening scrub interval from 1362 cycles to 681 cycles
Relaxing scrub interval from 681 cycles to 851 cycles
Relaxing scrub interval from 851 cycles to 1063 cycles
Relaxing scrub interval from 1063 cycles to 1328 cycles
Relaxing scrub interval from 1328 cycles to 1660 cycles
Relaxing scrub interval from 1660 cycles to 2075 cycles
Relaxing scrub interval from 2075 cycles to 2593 cycles
Tightening scrub interval from 2593 cycles to 1296 cycles
Relaxing scrub interval from 1296 cycles to 1620 cycles
Relaxing scrub interval from 1620 cycles to 2025 cycles
Relaxing scrub interval from 2025 cycles to 2531 cycles
Relaxing scrub interval from 2531 cycles to 3163 cycles
Relaxing scrub interval from 3163 cycles to 3953 cycles
Relaxing scrub interval from 3953 cycles to 4941 cycles
Tightening scrub interval from 4941 cycles to 2470 cycles
Relaxing scrub interval from 2470 cycles to 3087 cycles
Relaxing scrub interval from 3087 cycles to 3858 cycles
Relaxing scrub interval from 3858 cycles to 4822 cycles
Tightening scrub interval from 4822 cycles to 2411 cycles
Tightening scrub interval from 2411 cycles to 1205 cycles
Relaxing scrub interval from 1205 cycles to 1506 cycles
Relaxing scrub interval from 1506 cycles to 1882 cycles
Tightening scrub interval from 1882 cycles to 941 cycles
Relaxing scrub interval from 941 cycles to 1176 cycles
Relaxing scrub interval from 1176 cycles to 1470 cycles
Relaxing scrub interval from 1470 cycles to 1837 cycles
Relaxing scrub interval from 1837 cycles to 2296 cycles
Relaxing scrub interval from 2296 cycles to 2870 cycles
Relaxing scrub interval from 2870 cycles to 3587 cycles
Relaxing scrub interval from 3587 cycles to 4483 cycles
Tightening scrub interval from 4483 cycles to 2241 cycles
Relaxing scrub interval from 2241 cycles to 2801 cycles
Relaxing scrub interval from 2801 cycles to 3501 cycles
Tightening scrub interval from 3501 cycles to 1750 cycles
Tightening scrub interval from 1750 cycles to 875 cycles
Relaxing scrub interval from 875 cycles to 1093 cycles
Relaxing scrub interval from 1093 cycles to 1366 cycles
Relaxing scrub interval from 1366 cycles to 1707 cycles
Relaxing scrub interval from 1707 cycles to 2133 cycles
Relaxing scrub interval from 2133 cycles to 2666 cycles
Relaxing scrub interval from 2666 cycles to 3332 cycles
Relaxing scrub interval from 3332 cycles to 4165 cycles
Relaxing scrub interval from 4165 cycles to 5206 cycles
Tightening scrub interval from 5206 cycles to 2603 cycles
Tightening scrub interval from 2603 cycles to 1301 cycles
Relaxing scrub interval from 1301 cycles to 1626 cycles
Tightening scrub interval from 1626 cycles to 813 cycles
Relaxing scrub interval from 813 cycles to 1016 cycles
Relaxing scrub interval from 1016 cycles to 1270 cycles
Relaxing scrub interval from 1270 cycles to 1587 cycles
Relaxing scrub interval from 1587 cycles to 1983 cycles
Relaxing scrub interval from 1983 cycles to 2478 cycles
Relaxing scrub interval from 2478 cycles to 3097 cycles
Relaxing scrub interval from 3097 cycles to 3871 cycles
Relaxing scrub interval from 3871 cycles to 4838 cycles
Tightening scrub interval from 4838 cycles to 2419 cycles
Relaxing scrub interval from 2419 cycles to 3023 cycles
Relaxing scrub interval from 3023 cycles to 3778 cycles
Relaxing scrub interval from 3778 cycles to 4722 cycles
Relaxing scrub interval from 4722 cycles to 5902 cycles
Tightening scrub interval from 5902 cycles to 2951 cycles
Relaxing scrub interval from 2951 cycles to 3688 cycles
Tightening scrub interval from 3688 cycles to 1844 cycles
Relaxing scrub interval from 1844 cycles to 2305 cycles
Relaxing scrub interval from 2305 cycles to 2881 cycles
Relaxing scrub interval from 2881 cycles to 3601 cycles
Tightening scrub interval from 3601 cycles to 1800 cycles
Relaxing scrub interval from 1800 cycles to 2250 cycles
Tightening scrub interval from 2250 cycles to 1125 cycles
Relaxing scrub interval from 1125 cycles to 1406 cycles
Relaxing scrub interval from 1406 cycles to 1757 cycles
Relaxing scrub interval from 1757 cycles to 2196 cycles
Relaxing scrub interval from 2196 cycles to 2745 cycles
Relaxing scrub interval from 2745 cycles to 3431 cycles
Relaxing scrub interval from 3431 cycles to 4288 cycles
Relaxing scrub interval from 4288 cycles to 5360 cycles
Tightening scrub interval from 5360 cycles to 2680 cycles
Relaxing scrub interval from 2680 cycles to 3350 cycles
Relaxing scrub interval from 3350 cycles to 4187 cycles
Tightening scrub interval from 4187 cycles to 2093 cycles
Relaxing scrub interval from 2093 cycles to 2616 cycles
Relaxing scrub interval from 2616 cycles to 3270 cycles
Relaxing scrub interval from 3270 cycles to 4087 cycles
Relaxing scrub interval from 4087 cycles to 5108 cycles
