warn: No dot file generated. Please install pydot to generate the dot file and pdf.
Scrubbing enabled with adaptive interval starting at 10 cycles, tightening factor 2, relax factor 1.25
src/arch/riscv/isa.cc:275: info: RVV enabled, VLEN = 256 bits, ELEN = 64 bits
src/arch/riscv/linux/se_workload.cc:60: warn: Unknown operating system; assuming Linux.
src/base/statistics.hh:279: warn: One of the stats is a legacy stat. Legacy stat is a stat that does not belong to any statistics::Group. Legacy stat is deprecated.
src/base/remote_gdb.cc:418: warn: Sockets disabled, not accepting gdb connections
src/sim/simulate.cc:199: info: Entering event queue @ 0.  Starting simulation...
Relaxing scrub interval from 10 cycles to 12 cycles
Relaxing scrub interval from 12 cycles to 15 cycles
Relaxing scrub interval from 15 cycles to 18 cycles
Relaxing scrub interval from 18 cycles to 22 cycles
Relaxing scrub interval from 22 cycles to 27 cycles
Relaxing scrub interval from 27 cycles to 33 cycles
Relaxing scrub interval from 33 cycles to 41 cycles
Relaxing scrub interval from 41 cycles to 51 cycles
Relaxing scrub interval from 51 cycles to 63 cycles
Relaxing scrub interval from 63 cycles to 78 cycles
Relaxing scrub interval from 78 cycles to 97 cycles
Relaxing scrub interval from 97 cycles to 121 cycles
Relaxing scrub interval from 121 cycles to 151 cycles
Relaxing scrub interval from 151 cycles to 188 cycles
Relaxing scrub interval from 188 cycles to 235 cycles
Relaxing scrub interval from 235 cycles to 293 cycles
Relaxing scrub interval from 293 cycles to 366 cycles
Relaxing scrub interval from 366 cycles to 457 cycles
Relaxing scrub interval from 457 cycles to 571 cycles
Relaxing scrub interval from 571 cycles to 713 cycles
Relaxing scrub interval from 713 cycles to 891 cycles
Relaxing scrub interval from 891 cycles to 1113 cycles
Relaxing scrub interval from 1113 cycles to 1391 cycles
Relaxing scrub interval from 1391 cycles to 1738 cycles
Relaxing scrub interval from 1738 cycles to 2172 cycles
Relaxing scrub interval from 2172 cycles to 2715 cycles
Relaxing scrub interval from 2715 cycles to 3393 cycles
Relaxing scrub interval from 3393 cycles to 4241 cycles
Relaxing scrub interval from 4241 cycles to 5301 cycles
Relaxing scrub interval from 5301 cycles to 6626 cycles
Relaxing scrub interval from 6626 cycles to 8282 cycles
Relaxing scrub interval from 8282 cycles to 10352 cycles
Relaxing scrub interval from 10352 cycles to 12940 cycles
Tightening scrub interval from 12940 cycles to 6470 cycles
Relaxing scrub interval from 6470 cycles to 8087 cycles
Tightening scrub interval from 8087 cycles to 4043 cycles
Relaxing scrub interval from 4043 cycles to 5053 cycles
Relaxing scrub interval from 5053 cycles to 6316 cycles
Tightening scrub interval from 6316 cycles to 3158 cycles
Relaxing scrub interval from 3158 cycles to 3947 cycles
Relaxing scrub interval from 3947 cycles to 4933 cycles
Relaxing scrub interval from 4933 cycles to 6166 cycles
Relaxing scrub interval from 6166 cycles to 7707 cycles
Tightening scrub interval from 7707 cycles to 3853 cycles
Relaxing scrub interval from 3853 cycles to 4816 cycles
Tightening scrub interval from 4816 cycles to 2408 cycles
Tightening scrub interval from 2408 cycles to 1204 cycles
Relaxing scrub interval from 1204 cycles to 1505 cycles
Relaxing scrub interval from 1505 cycles to 1881 cycles
Relaxing scrub interval from 1881 cycles to 2351 cycles
Relaxing scrub interval from 2351 cycles to 2938 cycles
Relaxing scrub interval from 2938 cycles to 3672 cycles
Relaxing scrub interval from 3672 cycles to 4590 cycles
Tightening scrub interval from 4590 cycles to 2295 cycles
Relaxing scrub interval from 2295 cycles to 2868 cycles
Relaxing scrub interval from 2868 cycles to 3585 cycles
Relaxing scrub interval from 3585 cycles to 4481 cycles
Tightening scrub interval from 4481 cycles to 2240 cycles
Relaxing scrub interval from 2240 cycles to 2800 cycles
Relaxing scrub interval from 2800 cycles to 3500 cycles
Relaxing scrub interval from 3500 cycles to 4375 cycles
Relaxing scrub interval from 4375 cycles to 5468 cycles
Relaxing scrub interval from 5468 cycles to 6835 cycles
Tightening scrub interval from 6835 cycles to 3417 cycles
Relaxing scrub interval from 3417 cycles to 4271 cycles
Tightening scrub interval from 4271 cycles to 2135 cycles
Relaxing scrub interval from 2135 cycles to 2668 cycles
Relaxing scrub interval from 2668 cycles to 3335 cycles
Relaxing scrub interval from 3335 cycles to 4168 cycles
Relaxing scrub interval from 4168 cycles to 5210 cycles
Tightening scrub interval from 5210 cycles to 2605 cycles
Tightening scrub interval from 2605 cycles to 1302 cycles
Relaxing scrub interval from 1302 cycles to 1627 cycles
Relaxing scrub interval from 1627 cycles to 2033 cycles
Tightening scrub interval from 2033 cycles to 1016 cycles
Relaxing scrub interval from 1016 cycles to 1270 cycles
Relaxing scrub interval from 1270 cycles to 1587 cycles
Relaxing scrub interval from 1587 cycles to 1983 cycles
Tightening scrub interval from 1983 cycles to 991 cycles
Relaxing scrub interval from 991 cycles to 1238 cycles
Relaxing scrub interval from 1238 cycles to 1547 cycles
Relaxing scrub interval from 1547 cycles to 1933 cycles
Relaxing scrub interval from 1933 cycles to 2416 cycles
Relaxing scrub interval from 2416 cycles to 3020 cycles
Relaxing scrub interval from 3020 cycles to 3775 cycles
Relaxing scrub interval from 3775 cycles to 4718 cycles
Tightening scrub interval from 4718 cycles to 2359 cycles
Tightening scrub interval from 2359 cycles to 1179 cycles
Relaxing scrub interval from 1179 cycles to 1473 cycles
Relaxing scrub interval from 1473 cycles to 1841 cycles
Relaxing scrub interval from 1841 cycles to 2301 cycles
Relaxing scrub interval from 2301 cycles to 2876 cycles
Relaxing scrub interval from 2876 cycles to 3595 cycles
Relaxing scrub interval from 3595 cycles to 4493 cycles
Tightening scrub interval from 4493 cycles to 2246 cycles
Relaxing scrub interval from 2246 cycles to 2807 cycles
Relaxing scrub interval from 2807 cycles to 3508 cycles
Relaxing scrub interval from 3508 cycles to 4385 cycles
Tightening scrub interval from 4385 cycles to 2192 cycles
Tightening scrub interval from 2192 cycles to 1096 cycles
Relaxing scrub interval from 1096 cycles to 1370 cycles
Relaxing scrub interval from 1370 cycles to 1712 cycles
Relaxing scrub interval from 1712 cycles to 2140 cycles
Relaxing scrub interval from 2140 cycles to 2675 cycles
Relaxing scrub interval from 2675 cycles to 3343 cycles
Tightening scrub interval from 3343 cycles to 1671 cycles
Relaxing scrub interval from 1671 cycles to 2088 cycles
Relaxing scrub interval from 2088 cycles to 2610 cycles
Relaxing scrub interval from 2610 cycles to 3262 cycles
Tightening scrub interval from 3262 cycles to 1631 cycles
Tightening scrub interval from 1631 cycles to 815 cycles
Relaxing scrub interval from 815 cycles to 1018 cycles
Relaxing scrub interval from 1018 cycles to 1272 cycles
Relaxing scrub interval from 1272 cycles to 1590 cycles
Relaxing scrub interval from 1590 cycles to 1987 cycles
Relaxing scrub interval from 1987 cycles to 2483 cycles
Tightening scrub interval from 2483 cycles to 1241 cycles
Relaxing scrub interval from 1241 cycles to 1551 cycles
Relaxing scrub interval from 1551 cycles to 1938 cycles
Relaxing scrub interval from 1938 cycles to 2422 cycles
Relaxing scrub interval from 2422 cycles to 3027 cycles
Relaxing scrub interval from 3027 cycles to 3783 cycles
Relaxing scrub interval from 3783 cycles to 4728 cycles
Relaxing scrub interval from 4728 cycles to 5910 cycles
Relaxing scrub interval from 5910 cycles to 7387 cycles
Tightening scrub interval from 7387 cycles to 3693 cycles
