warn: No dot file generated. Please install pydot to generate the dot file and pdf.
Scrubbing enabled with adaptive interval starting at 10 cycles, tightening factor 2, relax factor 1.25
src/arch/riscv/isa.cc:275: info: RVV enabled, VLEN = 256 bits, ELEN = 64 bits
src/arch/riscv/linux/se_workload.cc:60: warn: Unknown operating system; assuming Linux.
src/base/statistics.hh:279: warn: One of the stats is a legacy stat. Legacy stat is a stat that does not belong to any statistics::Group. Legacy stat is deprecated.
src/base/remote_gdb.cc:418: warn: Sockets disabled, not accepting gdb connections
src/sim/simulate.cc:199: info: Entering event queue @ 0.  Starting simulation...
Relaxing scrub interval from 10 cycles to 12 cycles
Relaxing scrub interval from 12 cycles to 15 cycles
Relaxing scrub interval from 15 cycles to 18 cycles
Relaxing scrub interval from 18 cycles to 22 cycles
Relaxing scrub interval from 22 cycles to 27 cycles
Relaxing scrub interval from 27 cycles to 33 cycles
Relaxing scrub interval from 33 cycles to 41 cycles
Relaxing scrub interval from 41 cycles to 51 cycles
Relaxing scrub interval from 51 cycles to 63 cycles
Relaxing scrub interval from 63 cycles to 78 cycles
Relaxing scrub interval from 78 cycles to 97 cycles
Relaxing scrub interval from 97 cycles to 121 cycles
Relaxing scrub interval from 121 cycles to 151 cycles
Relaxing scrub interval from 151 cycles to 188 cycles
Relaxing scrub interval from 188 cycles to 235 cycles
Relaxing scrub interval from 235 cycles to 293 cycles
Relaxing scrub interval from 293 cycles to 366 cycles
Relaxing scrub interval from 366 cycles to 457 cycles
Relaxing scrub interval from 457 cycles to 571 cycles
Relaxing scrub interval from 571 cycles to 713 cycles
Relaxing scrub interval from 713 cycles to 891 cycles
Relaxing scrub interval from 891 cycles to 1113 cycles
Relaxing scrub interval from 1113 cycles to 1391 cycles
Relaxing scrub interval from 1391 cycles to 1738 cycles
Relaxing scrub interval from 1738 cycles to 2172 cycles
Relaxing scrub interval from 2172 cycles to 2715 cycles
Relaxing scrub interval from 2715 cycles to 3393 cycles
Relaxing scrub interval from 3393 cycles to 4241 cycles
Relaxing scrub interval from 4241 cycles to 5301 cycles
Relaxing scrub interval from 5301 cycles to 6626 cycles
Relaxing scrub interval from 6626 cycles to 8282 cycles
Relaxing scrub interval from 8282 cycles to 10352 cycles
Relaxing scrub interval from 10352 cycles to 12940 cycles
Tightening scrub interval from 12940 cycles to 6470 cycles
Relaxing scrub interval from 6470 cycles to 8087 cycles
Relaxing scrub interval from 8087 cycles to 10108 cycles
Relaxing scrub interval from 10108 cycles to 12635 cycles
Relaxing scrub interval from 12635 cycles to 15793 cycles
Tightening scrub interval from 15793 cycles to 7896 cycles
Relaxing scrub interval from 7896 cycles to 9870 cycles
Relaxing scrub interval from 9870 cycles to 12337 cycles
Relaxing scrub interval from 12337 cycles to 15421 cycles
Relaxing scrub interval from 15421 cycles to 19276 cycles
Tightening scrub interval from 19276 cycles to 9638 cycles
Tightening scrub interval from 9638 cycles to 4819 cycles
Tightening scrub interval from 4819 cycles to 2409 cycles
Relaxing scrub interval from 2409 cycles to 3011 cycles
Relaxing scrub interval from 3011 cycles to 3763 cycles
Tightening scrub interval from 3763 cycles to 1881 cycles
Tightening scrub interval from 1881 cycles to 940 cycles
Relaxing scrub interval from 940 cycles to 1175 cycles
Relaxing scrub interval from 1175 cycles to 1468 cycles
Relaxing scrub interval from 1468 cycles to 1835 cycles
Relaxing scrub interval from 1835 cycles to 2293 cycles
Tightening scrub interval from 2293 cycles to 1146 cycles
Relaxing scrub interval from 1146 cycles to 1432 cycles
Relaxing scrub interval from 1432 cycles to 1790 cycles
Relaxing scrub interval from 1790 cycles to 2237 cycles
Relaxing scrub interval from 2237 cycles to 2796 cycles
Relaxing scrub interval from 2796 cycles to 3495 cycles
Relaxing scrub interval from 3495 cycles to 4368 cycles
Tightening scrub interval from 4368 cycles to 2184 cycles
Relaxing scrub interval from 2184 cycles to 2730 cycles
Relaxing scrub interval from 2730 cycles to 3412 cycles
Relaxing scrub interval from 3412 cycles to 4265 cycles
Relaxing scrub interval from 4265 cycles to 5331 cycles
Tightening scrub interval from 5331 cycles to 2665 cycles
Tightening scrub interval from 2665 cycles to 1332 cycles
Tightening scrub interval from 1332 cycles to 666 cycles
Tightening scrub interval from 666 cycles to 333 cycles
Relaxing scrub interval from 333 cycles to 416 cycles
Relaxing scrub interval from 416 cycles to 520 cycles
Relaxing scrub interval from 520 cycles to 650 cycles
Relaxing scrub interval from 650 cycles to 812 cycles
Relaxing scrub interval from 812 cycles to 1015 cycles
Relaxing scrub interval from 1015 cycles to 1268 cycles
Relaxing scrub interval from 1268 cycles to 1585 cycles
Relaxing scrub interval from 1585 cycles to 1981 cycles
Relaxing scrub interval from 1981 cycles to 2476 cycles
Relaxing scrub interval from 2476 cycles to 3095 cycles
Relaxing scrub interval from 3095 cycles to 3868 cycles
Tightening scrub interval from 3868 cycles to 1934 cycles
Tightening scrub interval from 1934 cycles to 967 cycles
Relaxing scrub interval from 967 cycles to 1208 cycles
Relaxing scrub interval from 1208 cycles to 1510 cycles
Relaxing scrub interval from 1510 cycles to 1887 cycles
Relaxing scrub interval from 1887 cycles to 2358 cycles
Relaxing scrub interval from 2358 cycles to 2947 cycles
Relaxing scrub interval from 2947 cycles to 3683 cycles
Relaxing scrub interval from 3683 cycles to 4603 cycles
Tightening scrub interval from 4603 cycles to 2301 cycles
Relaxing scrub interval from 2301 cycles to 2876 cycles
Relaxing scrub interval from 2876 cycles to 3595 cycles
Tightening scrub interval from 3595 cycles to 1797 cycles
Tightening scrub interval from 1797 cycles to 898 cycles
Relaxing scrub interval from 898 cycles to 1122 cycles
Relaxing scrub interval from 1122 cycles to 1402 cycles
Relaxing scrub interval from 1402 cycles to 1752 cycles
Tightening scrub interval from 1752 cycles to 876 cycles
Relaxing scrub interval from 876 cycles to 1095 cycles
Relaxing scrub interval from 1095 cycles to 1368 cycles
Relaxing scrub interval from 1368 cycles to 1710 cycles
Relaxing scrub interval from 1710 cycles to 2137 cycles
Relaxing scrub interval from 2137 cycles to 2671 cycles
Tightening scrub interval from 2671 cycles to 1335 cycles
Relaxing scrub interval from 1335 cycles to 1668 cycles
Relaxing scrub interval from 1668 cycles to 2085 cycles
Relaxing scrub interval from 2085 cycles to 2606 cycles
Relaxing scrub interval from 2606 cycles to 3257 cycles
Relaxing scrub interval from 3257 cycles to 4071 cycles
Relaxing scrub interval from 4071 cycles to 5088 cycles
Relaxing scrub interval from 5088 cycles to 6360 cycles
Tightening scrub interval from 6360 cycles to 3180 cycles
