warn: No dot file generated. Please install pydot to generate the dot file and pdf.
Scrubbing enabled with adaptive interval starting at 10 cycles, tightening factor 2, relax factor 1.25
src/arch/riscv/isa.cc:275: info: RVV enabled, VLEN = 256 bits, ELEN = 64 bits
src/arch/riscv/linux/se_workload.cc:60: warn: Unknown operating system; assuming Linux.
src/base/statistics.hh:279: warn: One of the stats is a legacy stat. Legacy stat is a stat that does not belong to any statistics::Group. Legacy stat is deprecated.
src/base/remote_gdb.cc:418: warn: Sockets disabled, not accepting gdb connections
src/sim/simulate.cc:199: info: Entering event queue @ 0.  Starting simulation...
Relaxing scrub interval from 10 cycles to 12 cycles
Relaxing scrub interval from 12 cycles to 15 cycles
Relaxing scrub interval from 15 cycles to 18 cycles
Relaxing scrub interval from 18 cycles to 22 cycles
Relaxing scrub interval from 22 cycles to 27 cycles
Relaxing scrub interval from 27 cycles to 33 cycles
Relaxing scrub interval from 33 cycles to 41 cycles
Relaxing scrub interval from 41 cycles to 51 cycles
Relaxing scrub interval from 51 cycles to 63 cycles
Relaxing scrub interval from 63 cycles to 78 cycles
Relaxing scrub interval from 78 cycles to 97 cycles
Relaxing scrub interval from 97 cycles to 121 cycles
Relaxing scrub interval from 121 cycles to 151 cycles
Relaxing scrub interval from 151 cycles to 188 cycles
Relaxing scrub interval from 188 cycles to 235 cycles
Relaxing scrub interval from 235 cycles to 293 cycles
Relaxing scrub interval from 293 cycles to 366 cycles
Relaxing scrub interval from 366 cycles to 457 cycles
Relaxing scrub interval from 457 cycles to 571 cycles
Relaxing scrub interval from 571 cycles to 713 cycles
Relaxing scrub interval from 713 cycles to 891 cycles
Relaxing scrub interval from 891 cycles to 1113 cycles
Relaxing scrub interval from 1113 cycles to 1391 cycles
Relaxing scrub interval from 1391 cycles to 1738 cycles
Relaxing scrub interval from 1738 cycles to 2172 cycles
Relaxing scrub interval from 2172 cycles to 2715 cycles
Relaxing scrub interval from 2715 cycles to 3393 cycles
Relaxing scrub interval from 3393 cycles to 4241 cycles
Relaxing scrub interval from 4241 cycles to 5301 cycles
Relaxing scrub interval from 5301 cycles to 6626 cycles
Relaxing scrub interval from 6626 cycles to 8282 cycles
Relaxing scrub interval from 8282 cycles to 10352 cycles
Relaxing scrub interval from 10352 cycles to 12940 cycles
Tightening scrub interval from 12940 cycles to 6470 cycles
Relaxing scrub interval from 6470 cycles to 8087 cycles
Relaxing scrub interval from 8087 cycles to 10108 cycles
Relaxing scrub interval from 10108 cycles to 12635 cycles
Tightening scrub interval from 12635 cycles to 6317 cycles
Relaxing scrub interval from 6317 cycles to 7896 cycles
Relaxing scrub interval from 7896 cycles to 9870 cycles
Relaxing scrub interval from 9870 cycles to 12337 cycles
Tightening scrub interval from 12337 cycles to 6168 cycles
Relaxing scrub interval from 6168 cycles to 7710 cycles
Tightening scrub interval from 7710 cycles to 3855 cycles
Relaxing scrub interval from 3855 cycles to 4818 cycles
Relaxing scrub interval from 4818 cycles to 6022 cycles
Relaxing scrub interval from 6022 cycles to 7527 cycles
Tightening scrub interval from 7527 cycles to 3763 cycles
Relaxing scrub interval from 3763 cycles to 4703 cycles
Tightening scrub interval from 4703 cycles to 2351 cycles
Relaxing scrub interval from 2351 cycles to 2938 cycles
Relaxing scrub interval from 2938 cycles to 3672 cycles
Tightening scrub interval from 3672 cycles to 1836 cycles
Relaxing scrub interval from 1836 cycles to 2295 cycles
Tightening scrub interval from 2295 cycles to 1147 cycles
Relaxing scrub interval from 1147 cycles to 1433 cycles
Relaxing scrub interval from 1433 cycles to 1791 cycles
Tightening scrub interval from 1791 cycles to 895 cycles
Relaxing scrub interval from 895 cycles to 1118 cycles
Tightening scrub interval from 1118 cycles to 559 cycles
Relaxing scrub interval from 559 cycles to 698 cycles
Tightening scrub interval from 698 cycles to 349 cycles
Relaxing scrub interval from 349 cycles to 436 cycles
Relaxing scrub interval from 436 cycles to 545 cycles
Relaxing scrub interval from 545 cycles to 681 cycles
Relaxing scrub interval from 681 cycles to 851 cycles
Relaxing scrub interval from 851 cycles to 1063 cycles
Relaxing scrub interval from 1063 cycles to 1328 cycles
Tightening scrub interval from 1328 cycles to 664 cycles
Relaxing scrub interval from 664 cycles to 830 cycles
Relaxing scrub interval from 830 cycles to 1037 cycles
Relaxing scrub interval from 1037 cycles to 1296 cycles
Relaxing scrub interval from 1296 cycles to 1620 cycles
Relaxing scrub interval from 1620 cycles to 2025 cycles
Relaxing scrub interval from 2025 cycles to 2531 cycles
Relaxing scrub interval from 2531 cycles to 3163 cycles
Relaxing scrub interval from 3163 cycles to 3953 cycles
Relaxing scrub interval from 3953 cycles to 4941 cycles
Tightening scrub interval from 4941 cycles to 2470 cycles
Relaxing scrub interval from 2470 cycles to 3087 cycles
Relaxing scrub interval from 3087 cycles to 3858 cycles
Tightening scrub interval from 3858 cycles to 1929 cycles
Tightening scrub interval from 1929 cycles to 964 cycles
Relaxing scrub interval from 964 cycles to 1205 cycles
Relaxing scrub interval from 1205 cycles to 1506 cycles
Relaxing scrub interval from 1506 cycles to 1882 cycles
Relaxing scrub interval from 1882 cycles to 2352 cycles
Relaxing scrub interval from 2352 cycles to 2940 cycles
Tightening scrub interval from 2940 cycles to 1470 cycles
Relaxing scrub interval from 1470 cycles to 1837 cycles
Relaxing scrub interval from 1837 cycles to 2296 cycles
Tightening scrub interval from 2296 cycles to 1148 cycles
Relaxing scrub interval from 1148 cycles to 1435 cycles
Relaxing scrub interval from 1435 cycles to 1793 cycles
Relaxing scrub interval from 1793 cycles to 2241 cycles
Relaxing scrub interval from 2241 cycles to 2801 cycles
Relaxing scrub interval from 2801 cycles to 3501 cycles
Tightening scrub interval from 3501 cycles to 1750 cycles
Tightening scrub interval from 1750 cycles to 875 cycles
Tightening scrub interval from 875 cycles to 437 cycles
Relaxing scrub interval from 437 cycles to 546 cycles
Relaxing scrub interval from 546 cycles to 682 cycles
Relaxing scrub interval from 682 cycles to 852 cycles
Tightening scrub interval from 852 cycles to 426 cycles
Relaxing scrub interval from 426 cycles to 532 cycles
Relaxing scrub interval from 532 cycles to 665 cycles
Relaxing scrub interval from 665 cycles to 831 cycles
Relaxing scrub interval from 831 cycles to 1038 cycles
Tightening scrub interval from 1038 cycles to 519 cycles
Relaxing scrub interval from 519 cycles to 648 cycles
Relaxing scrub interval from 648 cycles to 810 cycles
Relaxing scrub interval from 810 cycles to 1012 cycles
Relaxing scrub interval from 1012 cycles to 1265 cycles
Relaxing scrub interval from 1265 cycles to 1581 cycles
Relaxing scrub interval from 1581 cycles to 1976 cycles
Relaxing scrub interval from 1976 cycles to 2470 cycles
Relaxing scrub interval from 2470 cycles to 3087 cycles
Relaxing scrub interval from 3087 cycles to 3858 cycles
Relaxing scrub interval from 3858 cycles to 4822 cycles
Relaxing scrub interval from 4822 cycles to 6027 cycles
Relaxing scrub interval from 6027 cycles to 7533 cycles
Relaxing scrub interval from 7533 cycles to 9416 cycles
Tightening scrub interval from 9416 cycles to 4708 cycles
Tightening scrub interval from 4708 cycles to 2354 cycles
Relaxing scrub interval from 2354 cycles to 2942 cycles
Relaxing scrub interval from 2942 cycles to 3677 cycles
Relaxing scrub interval from 3677 cycles to 4596 cycles
Tightening scrub interval from 4596 cycles to 2298 cycles
Relaxing scrub interval from 2298 cycles to 2872 cycles
