warn: No dot file generated. Please install pydot to generate the dot file and pdf.
Scrubbing enabled with adaptive interval starting at 10 cycles, tightening factor 2, relax factor 1.25
src/arch/riscv/isa.cc:275: info: RVV enabled, VLEN = 256 bits, ELEN = 64 bits
src/arch/riscv/linux/se_workload.cc:60: warn: Unknown operating system; assuming Linux.
src/base/statistics.hh:279: warn: One of the stats is a legacy stat. Legacy stat is a stat that does not belong to any statistics::Group. Legacy stat is deprecated.
src/base/remote_gdb.cc:418: warn: Sockets disabled, not accepting gdb connections
src/sim/simulate.cc:199: info: Entering event queue @ 0.  Starting simulation...
Relaxing scrub interval from 10 cycles to 12 cycles
Relaxing scrub interval from 12 cycles to 15 cycles
Relaxing scrub interval from 15 cycles to 18 cycles
Relaxing scrub interval from 18 cycles to 22 cycles
Relaxing scrub interval from 22 cycles to 27 cycles
Relaxing scrub interval from 27 cycles to 33 cycles
Relaxing scrub interval from 33 cycles to 41 cycles
Relaxing scrub interval from 41 cycles to 51 cycles
Relaxing scrub interval from 51 cycles to 63 cycles
Relaxing scrub interval from 63 cycles to 78 cycles
Relaxing scrub interval from 78 cycles to 97 cycles
Relaxing scrub interval from 97 cycles to 121 cycles
Relaxing scrub interval from 121 cycles to 151 cycles
Relaxing scrub interval from 151 cycles to 188 cycles
Relaxing scrub interval from 188 cycles to 235 cycles
Relaxing scrub interval from 235 cycles to 293 cycles
Relaxing scrub interval from 293 cycles to 366 cycles
Relaxing scrub interval from 366 cycles to 457 cycles
Relaxing scrub interval from 457 cycles to 571 cycles
Relaxing scrub interval from 571 cycles to 713 cycles
Relaxing scrub interval from 713 cycles to 891 cycles
Relaxing scrub interval from 891 cycles to 1113 cycles
Relaxing scrub interval from 1113 cycles to 1391 cycles
Relaxing scrub interval from 1391 cycles to 1738 cycles
Relaxing scrub interval from 1738 cycles to 2172 cycles
Relaxing scrub interval from 2172 cycles to 2715 cycles
Relaxing scrub interval from 2715 cycles to 3393 cycles
Relaxing scrub interval from 3393 cycles to 4241 cycles
Relaxing scrub interval from 4241 cycles to 5301 cycles
Relaxing scrub interval from 5301 cycles to 6626 cycles
Relaxing scrub interval from 6626 cycles to 8282 cycles
Relaxing scrub interval from 8282 cycles to 10352 cycles
Relaxing scrub interval from 10352 cycles to 12940 cycles
Tightening scrub interval from 12940 cycles to 6470 cycles
Relaxing scrub interval from 6470 cycles to 8087 cycles
Tightening scrub interval from 8087 cycles to 4043 cycles
Relaxing scrub interval from 4043 cycles to 5053 cycles
Relaxing scrub interval from 5053 cycles to 6316 cycles
Tightening scrub interval from 6316 cycles to 3158 cycles
Relaxing scrub interval from 3158 cycles to 3947 cycles
Relaxing scrub interval from 3947 cycles to 4933 cycles
Relaxing scrub interval from 4933 cycles to 6166 cycles
Tightening scrub interval from 6166 cycles to 3083 cycles
Relaxing scrub interval from 3083 cycles to 3853 cycles
Tightening scrub interval from 3853 cycles to 1926 cycles
Relaxing scrub interval from 1926 cycles to 2407 cycles
Tightening scrub interval from 2407 cycles to 1203 cycles
Relaxing scrub interval from 1203 cycles to 1503 cycles
Relaxing scrub interval from 1503 cycles to 1878 cycles
Relaxing scrub interval from 1878 cycles to 2347 cycles
Relaxing scrub interval from 2347 cycles to 2933 cycles
Tightening scrub interval from 2933 cycles to 1466 cycles
Relaxing scrub interval from 1466 cycles to 1832 cycles
Relaxing scrub interval from 1832 cycles to 2290 cycles
Relaxing scrub interval from 2290 cycles to 2862 cycles
Relaxing scrub interval from 2862 cycles to 3577 cycles
Relaxing scrub interval from 3577 cycles to 4471 cycles
Tightening scrub interval from 4471 cycles to 2235 cycles
Relaxing scrub interval from 2235 cycles to 2793 cycles
Relaxing scrub interval from 2793 cycles to 3491 cycles
Relaxing scrub interval from 3491 cycles to 4363 cycles
Tightening scrub interval from 4363 cycles to 2181 cycles
Relaxing scrub interval from 2181 cycles to 2726 cycles
Relaxing scrub interval from 2726 cycles to 3407 cycles
Tightening scrub interval from 3407 cycles to 1703 cycles
Relaxing scrub interval from 1703 cycles to 2128 cycles
Relaxing scrub interval from 2128 cycles to 2660 cycles
Tightening scrub interval from 2660 cycles to 1330 cycles
Relaxing scrub interval from 1330 cycles to 1662 cycles
Relaxing scrub interval from 1662 cycles to 2077 cycles
Relaxing scrub interval from 2077 cycles to 2596 cycles
Relaxing scrub interval from 2596 cycles to 3245 cycles
Relaxing scrub interval from 3245 cycles to 4056 cycles
Tightening scrub interval from 4056 cycles to 2028 cycles
Relaxing scrub interval from 2028 cycles to 2535 cycles
Relaxing scrub interval from 2535 cycles to 3168 cycles
Relaxing scrub interval from 3168 cycles to 3960 cycles
Relaxing scrub interval from 3960 cycles to 4950 cycles
Relaxing scrub interval from 4950 cycles to 6187 cycles
Relaxing scrub interval from 6187 cycles to 7733 cycles
Relaxing scrub interval from 7733 cycles to 9666 cycles
Tightening scrub interval from 9666 cycles to 4833 cycles
Relaxing scrub interval from 4833 cycles to 6041 cycles
Relaxing scrub interval from 6041 cycles to 7551 cycles
Relaxing scrub interval from 7551 cycles to 9438 cycles
Tightening scrub interval from 9438 cycles to 4719 cycles
Relaxing scrub interval from 4719 cycles to 5898 cycles
Relaxing scrub interval from 5898 cycles to 7372 cycles
Tightening scrub interval from 7372 cycles to 3686 cycles
Tightening scrub interval from 3686 cycles to 1843 cycles
