warn: No dot file generated. Please install pydot to generate the dot file and pdf.
Scrubbing enabled with adaptive interval starting at 10 cycles, tightening factor 2, relax factor 1.25
src/arch/riscv/isa.cc:275: info: RVV enabled, VLEN = 256 bits, ELEN = 64 bits
src/arch/riscv/linux/se_workload.cc:60: warn: Unknown operating system; assuming Linux.
src/base/statistics.hh:279: warn: One of the stats is a legacy stat. Legacy stat is a stat that does not belong to any statistics::Group. Legacy stat is deprecated.
src/base/remote_gdb.cc:418: warn: Sockets disabled, not accepting gdb connections
src/sim/simulate.cc:199: info: Entering event queue @ 0.  Starting simulation...
Relaxing scrub interval from 10 cycles to 12 cycles
Relaxing scrub interval from 12 cycles to 15 cycles
Relaxing scrub interval from 15 cycles to 18 cycles
Relaxing scrub interval from 18 cycles to 22 cycles
Relaxing scrub interval from 22 cycles to 27 cycles
Relaxing scrub interval from 27 cycles to 33 cycles
Relaxing scrub interval from 33 cycles to 41 cycles
Relaxing scrub interval from 41 cycles to 51 cycles
Relaxing scrub interval from 51 cycles to 63 cycles
Relaxing scrub interval from 63 cycles to 78 cycles
Relaxing scrub interval from 78 cycles to 97 cycles
Relaxing scrub interval from 97 cycles to 121 cycles
Relaxing scrub interval from 121 cycles to 151 cycles
Relaxing scrub interval from 151 cycles to 188 cycles
Relaxing scrub interval from 188 cycles to 235 cycles
Relaxing scrub interval from 235 cycles to 293 cycles
Relaxing scrub interval from 293 cycles to 366 cycles
Relaxing scrub interval from 366 cycles to 457 cycles
Relaxing scrub interval from 457 cycles to 571 cycles
Relaxing scrub interval from 571 cycles to 713 cycles
Relaxing scrub interval from 713 cycles to 891 cycles
Relaxing scrub interval from 891 cycles to 1113 cycles
Relaxing scrub interval from 1113 cycles to 1391 cycles
Relaxing scrub interval from 1391 cycles to 1738 cycles
Relaxing scrub interval from 1738 cycles to 2172 cycles
Relaxing scrub interval from 2172 cycles to 2715 cycles
Relaxing scrub interval from 2715 cycles to 3393 cycles
Relaxing scrub interval from 3393 cycles to 4241 cycles
Relaxing scrub interval from 4241 cycles to 5301 cycles
Relaxing scrub interval from 5301 cycles to 6626 cycles
Relaxing scrub interval from 6626 cycles to 8282 cycles
Relaxing scrub interval from 8282 cycles to 10352 cycles
Relaxing scrub interval from 10352 cycles to 12940 cycles
Relaxing scrub interval from 12940 cycles to 16175 cycles
Tightening scrub interval from 16175 cycles to 8087 cycles
Tightening scrub interval from 8087 cycles to 4043 cycles
Relaxing scrub interval from 4043 cycles to 5053 cycles
Tightening scrub interval from 5053 cycles to 2526 cycles
Relaxing scrub interval from 2526 cycles to 3157 cycles
Relaxing scrub interval from 3157 cycles to 3946 cycles
Relaxing scrub interval from 3946 cycles to 4932 cycles
Relaxing scrub interval from 4932 cycles to 6165 cycles
Tightening scrub interval from 6165 cycles to 3082 cycles
Relaxing scrub interval from 3082 cycles to 3852 cycles
Tightening scrub interval from 3852 cycles to 1926 cycles
Relaxing scrub interval from 1926 cycles to 2407 cycles
Relaxing scrub interval from 2407 cycles to 3008 cycles
Relaxing scrub interval from 3008 cycles to 3760 cycles
Relaxing scrub interval from 3760 cycles to 4700 cycles
Tightening scrub interval from 4700 cycles to 2350 cycles
Relaxing scrub interval from 2350 cycles to 2937 cycles
Relaxing scrub interval from 2937 cycles to 3671 cycles
Tightening scrub interval from 3671 cycles to 1835 cycles
Tightening scrub interval from 1835 cycles to 917 cycles
Relaxing scrub interval from 917 cycles to 1146 cycles
Relaxing scrub interval from 1146 cycles to 1432 cycles
Tightening scrub interval from 1432 cycles to 716 cycles
Relaxing scrub interval from 716 cycles to 895 cycles
Relaxing scrub interval from 895 cycles to 1118 cycles
Relaxing scrub interval from 1118 cycles to 1397 cycles
Relaxing scrub interval from 1397 cycles to 1746 cycles
Tightening scrub interval from 1746 cycles to 873 cycles
Relaxing scrub interval from 873 cycles to 1091 cycles
Tightening scrub interval from 1091 cycles to 545 cycles
Relaxing scrub interval from 545 cycles to 681 cycles
Relaxing scrub interval from 681 cycles to 851 cycles
Relaxing scrub interval from 851 cycles to 1063 cycles
Relaxing scrub interval from 1063 cycles to 1328 cycles
Relaxing scrub interval from 1328 cycles to 1660 cycles
Tightening scrub interval from 1660 cycles to 830 cycles
Relaxing scrub interval from 830 cycles to 1037 cycles
Relaxing scrub interval from 1037 cycles to 1296 cycles
Relaxing scrub interval from 1296 cycles to 1620 cycles
Relaxing scrub interval from 1620 cycles to 2025 cycles
Relaxing scrub interval from 2025 cycles to 2531 cycles
Relaxing scrub interval from 2531 cycles to 3163 cycles
Tightening scrub interval from 3163 cycles to 1581 cycles
Relaxing scrub interval from 1581 cycles to 1976 cycles
Relaxing scrub interval from 1976 cycles to 2470 cycles
Relaxing scrub interval from 2470 cycles to 3087 cycles
Relaxing scrub interval from 3087 cycles to 3858 cycles
Relaxing scrub interval from 3858 cycles to 4822 cycles
Relaxing scrub interval from 4822 cycles to 6027 cycles
Tightening scrub interval from 6027 cycles to 3013 cycles
Relaxing scrub interval from 3013 cycles to 3766 cycles
Relaxing scrub interval from 3766 cycles to 4707 cycles
Relaxing scrub interval from 4707 cycles to 5883 cycles
Tightening scrub interval from 5883 cycles to 2941 cycles
Relaxing scrub interval from 2941 cycles to 3676 cycles
Relaxing scrub interval from 3676 cycles to 4595 cycles
Relaxing scrub interval from 4595 cycles to 5743 cycles
Relaxing scrub interval from 5743 cycles to 7178 cycles
Tightening scrub interval from 7178 cycles to 3589 cycles
Relaxing scrub interval from 3589 cycles to 4486 cycles
Relaxing scrub interval from 4486 cycles to 5607 cycles
Relaxing scrub interval from 5607 cycles to 7008 cycles
Relaxing scrub interval from 7008 cycles to 8760 cycles
Tightening scrub interval from 8760 cycles to 4380 cycles
Tightening scrub interval from 4380 cycles to 2190 cycles
Relaxing scrub interval from 2190 cycles to 2737 cycles
Relaxing scrub interval from 2737 cycles to 3421 cycles
Relaxing scrub interval from 3421 cycles to 4276 cycles
Tightening scrub interval from 4276 cycles to 2138 cycles
Tightening scrub interval from 2138 cycles to 1069 cycles
Relaxing scrub interval from 1069 cycles to 1336 cycles
Relaxing scrub interval from 1336 cycles to 1670 cycles
Relaxing scrub interval from 1670 cycles to 2087 cycles
Relaxing scrub interval from 2087 cycles to 2608 cycles
Relaxing scrub interval from 2608 cycles to 3260 cycles
Tightening scrub interval from 3260 cycles to 1630 cycles
Relaxing scrub interval from 1630 cycles to 2037 cycles
Tightening scrub interval from 2037 cycles to 1018 cycles
Relaxing scrub interval from 1018 cycles to 1272 cycles
Tightening scrub interval from 1272 cycles to 636 cycles
Relaxing scrub interval from 636 cycles to 795 cycles
Relaxing scrub interval from 795 cycles to 993 cycles
Relaxing scrub interval from 993 cycles to 1241 cycles
Relaxing scrub interval from 1241 cycles to 1551 cycles
Relaxing scrub interval from 1551 cycles to 1938 cycles
Relaxing scrub interval from 1938 cycles to 2422 cycles
Tightening scrub interval from 2422 cycles to 1211 cycles
Relaxing scrub interval from 1211 cycles to 1513 cycles
Relaxing scrub interval from 1513 cycles to 1891 cycles
Relaxing scrub interval from 1891 cycles to 2363 cycles
Tightening scrub interval from 2363 cycles to 1181 cycles
Tightening scrub interval from 1181 cycles to 590 cycles
Relaxing scrub interval from 590 cycles to 737 cycles
Relaxing scrub interval from 737 cycles to 921 cycles
Relaxing scrub interval from 921 cycles to 1151 cycles
Relaxing scrub interval from 1151 cycles to 1438 cycles
Relaxing scrub interval from 1438 cycles to 1797 cycles
Relaxing scrub interval from 1797 cycles to 2246 cycles
Relaxing scrub interval from 2246 cycles to 2807 cycles
Tightening scrub interval from 2807 cycles to 1403 cycles
Relaxing scrub interval from 1403 cycles to 1753 cycles
Relaxing scrub interval from 1753 cycles to 2191 cycles
