warn: No dot file generated. Please install pydot to generate the dot file and pdf.
Scrubbing enabled with adaptive interval starting at 10 cycles, tightening factor 2, relax factor 1.25
src/arch/riscv/isa.cc:275: info: RVV enabled, VLEN = 256 bits, ELEN = 64 bits
src/arch/riscv/linux/se_workload.cc:60: warn: Unknown operating system; assuming Linux.
src/base/statistics.hh:279: warn: One of the stats is a legacy stat. Legacy stat is a stat that does not belong to any statistics::Group. Legacy stat is deprecated.
src/base/remote_gdb.cc:418: warn: Sockets disabled, not accepting gdb connections
src/sim/simulate.cc:199: info: Entering event queue @ 0.  Starting simulation...
Relaxing scrub interval from 10 cycles to 12 cycles
Relaxing scrub interval from 12 cycles to 15 cycles
Relaxing scrub interval from 15 cycles to 18 cycles
Relaxing scrub interval from 18 cycles to 22 cycles
Relaxing scrub interval from 22 cycles to 27 cycles
Relaxing scrub interval from 27 cycles to 33 cycles
Relaxing scrub interval from 33 cycles to 41 cycles
Relaxing scrub interval from 41 cycles to 51 cycles
Relaxing scrub interval from 51 cycles to 63 cycles
Relaxing scrub interval from 63 cycles to 78 cycles
Relaxing scrub interval from 78 cycles to 97 cycles
Relaxing scrub interval from 97 cycles to 121 cycles
Relaxing scrub interval from 121 cycles to 151 cycles
Relaxing scrub interval from 151 cycles to 188 cycles
Relaxing scrub interval from 188 cycles to 235 cycles
Relaxing scrub interval from 235 cycles to 293 cycles
Relaxing scrub interval from 293 cycles to 366 cycles
Relaxing scrub interval from 366 cycles to 457 cycles
Relaxing scrub interval from 457 cycles to 571 cycles
Relaxing scrub interval from 571 cycles to 713 cycles
Relaxing scrub interval from 713 cycles to 891 cycles
Relaxing scrub interval from 891 cycles to 1113 cycles
Relaxing scrub interval from 1113 cycles to 1391 cycles
Relaxing scrub interval from 1391 cycles to 1738 cycles
Relaxing scrub interval from 1738 cycles to 2172 cycles
Relaxing scrub interval from 2172 cycles to 2715 cycles
Relaxing scrub interval from 2715 cycles to 3393 cycles
Relaxing scrub interval from 3393 cycles to 4241 cycles
Relaxing scrub interval from 4241 cycles to 5301 cycles
Relaxing scrub interval from 5301 cycles to 6626 cycles
Relaxing scrub interval from 6626 cycles to 8282 cycles
Relaxing scrub interval from 8282 cycles to 10352 cycles
Relaxing scrub interval from 10352 cycles to 12940 cycles
Relaxing scrub interval from 12940 cycles to 16175 cycles
Tightening scrub interval from 16175 cycles to 8087 cycles
Tightening scrub interval from 8087 cycles to 4043 cycles
Tightening scrub interval from 4043 cycles to 2021 cycles
Relaxing scrub interval from 2021 cycles to 2526 cycles
Relaxing scrub interval from 2526 cycles to 3157 cycles
Relaxing scrub interval from 3157 cycles to 3946 cycles
Relaxing scrub interval from 3946 cycles to 4932 cycles
Tightening scrub interval from 4932 cycles to 2466 cycles
Relaxing scrub interval from 2466 cycles to 3082 cycles
Relaxing scrub interval from 3082 cycles to 3852 cycles
Relaxing scrub interval from 3852 cycles to 4815 cycles
Relaxing scrub interval from 4815 cycles to 6018 cycles
Relaxing scrub interval from 6018 cycles to 7522 cycles
Relaxing scrub interval from 7522 cycles to 9402 cycles
Relaxing scrub interval from 9402 cycles to 11752 cycles
Relaxing scrub interval from 11752 cycles to 14690 cycles
Tightening scrub interval from 14690 cycles to 7345 cycles
Relaxing scrub interval from 7345 cycles to 9181 cycles
Tightening scrub interval from 9181 cycles to 4590 cycles
Tightening scrub interval from 4590 cycles to 2295 cycles
Relaxing scrub interval from 2295 cycles to 2868 cycles
Tightening scrub interval from 2868 cycles to 1434 cycles
Relaxing scrub interval from 1434 cycles to 1792 cycles
Relaxing scrub interval from 1792 cycles to 2240 cycles
Tightening scrub interval from 2240 cycles to 1120 cycles
Relaxing scrub interval from 1120 cycles to 1400 cycles
Relaxing scrub interval from 1400 cycles to 1750 cycles
Relaxing scrub interval from 1750 cycles to 2187 cycles
Relaxing scrub interval from 2187 cycles to 2733 cycles
Relaxing scrub interval from 2733 cycles to 3416 cycles
Relaxing scrub interval from 3416 cycles to 4270 cycles
Relaxing scrub interval from 4270 cycles to 5337 cycles
Relaxing scrub interval from 5337 cycles to 6671 cycles
Relaxing scrub interval from 6671 cycles to 8338 cycles
Relaxing scrub interval from 8338 cycles to 10422 cycles
Tightening scrub interval from 10422 cycles to 5211 cycles
Relaxing scrub interval from 5211 cycles to 6513 cycles
Relaxing scrub interval from 6513 cycles to 8141 cycles
Relaxing scrub interval from 8141 cycles to 10176 cycles
Relaxing scrub interval from 10176 cycles to 12720 cycles
Tightening scrub interval from 12720 cycles to 6360 cycles
Relaxing scrub interval from 6360 cycles to 7950 cycles
Relaxing scrub interval from 7950 cycles to 9937 cycles
Tightening scrub interval from 9937 cycles to 4968 cycles
Tightening scrub interval from 4968 cycles to 2484 cycles
Tightening scrub interval from 2484 cycles to 1242 cycles
Relaxing scrub interval from 1242 cycles to 1552 cycles
Relaxing scrub interval from 1552 cycles to 1940 cycles
Relaxing scrub interval from 1940 cycles to 2425 cycles
Relaxing scrub interval from 2425 cycles to 3031 cycles
Tightening scrub interval from 3031 cycles to 1515 cycles
Relaxing scrub interval from 1515 cycles to 1893 cycles
Relaxing scrub interval from 1893 cycles to 2366 cycles
Relaxing scrub interval from 2366 cycles to 2957 cycles
Tightening scrub interval from 2957 cycles to 1478 cycles
