warn: No dot file generated. Please install pydot to generate the dot file and pdf.
Scrubbing enabled with adaptive interval starting at 10 cycles, tightening factor 2, relax factor 1.25
src/arch/riscv/isa.cc:275: info: RVV enabled, VLEN = 256 bits, ELEN = 64 bits
src/arch/riscv/linux/se_workload.cc:60: warn: Unknown operating system; assuming Linux.
src/base/statistics.hh:279: warn: One of the stats is a legacy stat. Legacy stat is a stat that does not belong to any statistics::Group. Legacy stat is deprecated.
src/base/remote_gdb.cc:418: warn: Sockets disabled, not accepting gdb connections
src/sim/simulate.cc:199: info: Entering event queue @ 0.  Starting simulation...
Relaxing scrub interval from 10 cycles to 12 cycles
Relaxing scrub interval from 12 cycles to 15 cycles
Relaxing scrub interval from 15 cycles to 18 cycles
Relaxing scrub interval from 18 cycles to 22 cycles
Relaxing scrub interval from 22 cycles to 27 cycles
Relaxing scrub interval from 27 cycles to 33 cycles
Relaxing scrub interval from 33 cycles to 41 cycles
Relaxing scrub interval from 41 cycles to 51 cycles
Relaxing scrub interval from 51 cycles to 63 cycles
Relaxing scrub interval from 63 cycles to 78 cycles
Relaxing scrub interval from 78 cycles to 97 cycles
Relaxing scrub interval from 97 cycles to 121 cycles
Relaxing scrub interval from 121 cycles to 151 cycles
Relaxing scrub interval from 151 cycles to 188 cycles
Relaxing scrub interval from 188 cycles to 235 cycles
Relaxing scrub interval from 235 cycles to 293 cycles
Relaxing scrub interval from 293 cycles to 366 cycles
Relaxing scrub interval from 366 cycles to 457 cycles
Relaxing scrub interval from 457 cycles to 571 cycles
Relaxing scrub interval from 571 cycles to 713 cycles
Relaxing scrub interval from 713 cycles to 891 cycles
Relaxing scrub interval from 891 cycles to 1113 cycles
Relaxing scrub interval from 1113 cycles to 1391 cycles
Relaxing scrub interval from 1391 cycles to 1738 cycles
Relaxing scrub interval from 1738 cycles to 2172 cycles
Relaxing scrub interval from 2172 cycles to 2715 cycles
Relaxing scrub interval from 2715 cycles to 3393 cycles
Relaxing scrub interval from 3393 cycles to 4241 cycles
Relaxing scrub interval from 4241 cycles to 5301 cycles
Relaxing scrub interval from 5301 cycles to 6626 cycles
Relaxing scrub interval from 6626 cycles to 8282 cycles
Relaxing scrub interval from 8282 cycles to 10352 cycles
Relaxing scrub interval from 10352 cycles to 12940 cycles
Tightening scrub interval from 12940 cycles to 6470 cycles
Relaxing scrub interval from 6470 cycles to 8087 cycles
Relaxing scrub interval from 8087 cycles to 10108 cycles
Relaxing scrub interval from 10108 cycles to 12635 cycles
Tightening scrub interval from 12635 cycles to 6317 cycles
Tightening scrub interval from 6317 cycles to 3158 cycles
Tightening scrub interval from 3158 cycles to 1579 cycles
Relaxing scrub interval from 1579 cycles to 1973 cycles
Relaxing scrub interval from 1973 cycles to 2466 cycles
Tightening scrub interval from 2466 cycles to 1233 cycles
Relaxing scrub interval from 1233 cycles to 1541 cycles
Relaxing scrub interval from 1541 cycles to 1926 cycles
Relaxing scrub interval from 1926 cycles to 2407 cycles
Tightening scrub interval from 2407 cycles to 1203 cycles
Relaxing scrub interval from 1203 cycles to 1503 cycles
Relaxing scrub interval from 1503 cycles to 1878 cycles
Tightening scrub interval from 1878 cycles to 939 cycles
Relaxing scrub interval from 939 cycles to 1173 cycles
Relaxing scrub interval from 1173 cycles to 1466 cycles
Relaxing scrub interval from 1466 cycles to 1832 cycles
Relaxing scrub interval from 1832 cycles to 2290 cycles
Relaxing scrub interval from 2290 cycles to 2862 cycles
Tightening scrub interval from 2862 cycles to 1431 cycles
Relaxing scrub interval from 1431 cycles to 1788 cycles
Tightening scrub interval from 1788 cycles to 894 cycles
Relaxing scrub interval from 894 cycles to 1117 cycles
Relaxing scrub interval from 1117 cycles to 1396 cycles
Tightening scrub interval from 1396 cycles to 698 cycles
Relaxing scrub interval from 698 cycles to 872 cycles
Relaxing scrub interval from 872 cycles to 1090 cycles
Relaxing scrub interval from 1090 cycles to 1362 cycles
Relaxing scrub interval from 1362 cycles to 1702 cycles
Relaxing scrub interval from 1702 cycles to 2127 cycles
Relaxing scrub interval from 2127 cycles to 2658 cycles
Relaxing scrub interval from 2658 cycles to 3322 cycles
Relaxing scrub interval from 3322 cycles to 4152 cycles
Relaxing scrub interval from 4152 cycles to 5190 cycles
Relaxing scrub interval from 5190 cycles to 6487 cycles
Relaxing scrub interval from 6487 cycles to 8108 cycles
Relaxing scrub interval from 8108 cycles to 10135 cycles
Tightening scrub interval from 10135 cycles to 5067 cycles
Relaxing scrub interval from 5067 cycles to 6333 cycles
Relaxing scrub interval from 6333 cycles to 7916 cycles
Relaxing scrub interval from 7916 cycles to 9895 cycles
Tightening scrub interval from 9895 cycles to 4947 cycles
Relaxing scrub interval from 4947 cycles to 6183 cycles
Relaxing scrub interval from 6183 cycles to 7728 cycles
Relaxing scrub interval from 7728 cycles to 9660 cycles
Tightening scrub interval from 9660 cycles to 4830 cycles
Relaxing scrub interval from 4830 cycles to 6037 cycles
Tightening scrub interval from 6037 cycles to 3018 cycles
Tightening scrub interval from 3018 cycles to 1509 cycles
Relaxing scrub interval from 1509 cycles to 1886 cycles
Relaxing scrub interval from 1886 cycles to 2357 cycles
Tightening scrub interval from 2357 cycles to 1178 cycles
Relaxing scrub interval from 1178 cycles to 1472 cycles
Relaxing scrub interval from 1472 cycles to 1840 cycles
Relaxing scrub interval from 1840 cycles to 2300 cycles
Relaxing scrub interval from 2300 cycles to 2875 cycles
Relaxing scrub interval from 2875 cycles to 3593 cycles
Relaxing scrub interval from 3593 cycles to 4491 cycles
Relaxing scrub interval from 4491 cycles to 5613 cycles
Tightening scrub interval from 5613 cycles to 2806 cycles
Tightening scrub interval from 2806 cycles to 1403 cycles
Relaxing scrub interval from 1403 cycles to 1753 cycles
Relaxing scrub interval from 1753 cycles to 2191 cycles
Tightening scrub interval from 2191 cycles to 1095 cycles
Relaxing scrub interval from 1095 cycles to 1368 cycles
Relaxing scrub interval from 1368 cycles to 1710 cycles
Relaxing scrub interval from 1710 cycles to 2137 cycles
Relaxing scrub interval from 2137 cycles to 2671 cycles
Relaxing scrub interval from 2671 cycles to 3338 cycles
Relaxing scrub interval from 3338 cycles to 4172 cycles
Relaxing scrub interval from 4172 cycles to 5215 cycles
Tightening scrub interval from 5215 cycles to 2607 cycles
Tightening scrub interval from 2607 cycles to 1303 cycles
Relaxing scrub interval from 1303 cycles to 1628 cycles
Relaxing scrub interval from 1628 cycles to 2035 cycles
Relaxing scrub interval from 2035 cycles to 2543 cycles
Relaxing scrub interval from 2543 cycles to 3178 cycles
Relaxing scrub interval from 3178 cycles to 3972 cycles
Relaxing scrub interval from 3972 cycles to 4965 cycles
Relaxing scrub interval from 4965 cycles to 6206 cycles
