warn: No dot file generated. Please install pydot to generate the dot file and pdf.
Scrubbing enabled with adaptive interval starting at 10 cycles, tightening factor 2, relax factor 1.25
src/arch/riscv/isa.cc:275: info: RVV enabled, VLEN = 256 bits, ELEN = 64 bits
src/arch/riscv/linux/se_workload.cc:60: warn: Unknown operating system; assuming Linux.
src/base/statistics.hh:279: warn: One of the stats is a legacy stat. Legacy stat is a stat that does not belong to any statistics::Group. Legacy stat is deprecated.
src/base/remote_gdb.cc:418: warn: Sockets disabled, not accepting gdb connections
src/sim/simulate.cc:199: info: Entering event queue @ 0.  Starting simulation...
Relaxing scrub interval from 10 cycles to 12 cycles
Relaxing scrub interval from 12 cycles to 15 cycles
Relaxing scrub interval from 15 cycles to 18 cycles
Relaxing scrub interval from 18 cycles to 22 cycles
Relaxing scrub interval from 22 cycles to 27 cycles
Relaxing scrub interval from 27 cycles to 33 cycles
Relaxing scrub interval from 33 cycles to 41 cycles
Relaxing scrub interval from 41 cycles to 51 cycles
Relaxing scrub interval from 51 cycles to 63 cycles
Relaxing scrub interval from 63 cycles to 78 cycles
Relaxing scrub interval from 78 cycles to 97 cycles
Relaxing scrub interval from 97 cycles to 121 cycles
Relaxing scrub interval from 121 cycles to 151 cycles
Relaxing scrub interval from 151 cycles to 188 cycles
Relaxing scrub interval from 188 cycles to 235 cycles
Relaxing scrub interval from 235 cycles to 293 cycles
Relaxing scrub interval from 293 cycles to 366 cycles
Relaxing scrub interval from 366 cycles to 457 cycles
Relaxing scrub interval from 457 cycles to 571 cycles
Relaxing scrub interval from 571 cycles to 713 cycles
Relaxing scrub interval from 713 cycles to 891 cycles
Relaxing scrub interval from 891 cycles to 1113 cycles
Relaxing scrub interval from 1113 cycles to 1391 cycles
Relaxing scrub interval from 1391 cycles to 1738 cycles
Relaxing scrub interval from 1738 cycles to 2172 cycles
Relaxing scrub interval from 2172 cycles to 2715 cycles
Relaxing scrub interval from 2715 cycles to 3393 cycles
Relaxing scrub interval from 3393 cycles to 4241 cycles
Relaxing scrub interval from 4241 cycles to 5301 cycles
Relaxing scrub interval from 5301 cycles to 6626 cycles
Relaxing scrub interval from 6626 cycles to 8282 cycles
Relaxing scrub interval from 8282 cycles to 10352 cycles
Relaxing scrub interval from 10352 cycles to 12940 cycles
Tightening scrub interval from 12940 cycles to 6470 cycles
Relaxing scrub interval from 6470 cycles to 8087 cycles
Tightening scrub interval from 8087 cycles to 4043 cycles
Tightening scrub interval from 4043 cycles to 2021 cycles
Relaxing scrub interval from 2021 cycles to 2526 cycles
Tightening scrub interval from 2526 cycles to 1263 cycles
Relaxing scrub interval from 1263 cycles to 1578 cycles
Relaxing scrub interval from 1578 cycles to 1972 cycles
Relaxing scrub interval from 1972 cycles to 2465 cycles
Tightening scrub interval from 2465 cycles to 1232 cycles
Relaxing scrub interval from 1232 cycles to 1540 cycles
Relaxing scrub interval from 1540 cycles to 1925 cycles
Tightening scrub interval from 1925 cycles to 962 cycles
Relaxing scrub interval from 962 cycles to 1202 cycles
Relaxing scrub interval from 1202 cycles to 1502 cycles
Relaxing scrub interval from 1502 cycles to 1877 cycles
Relaxing scrub interval from 1877 cycles to 2346 cycles
Relaxing scrub interval from 2346 cycles to 2932 cycles
Relaxing scrub interval from 2932 cycles to 3665 cycles
Relaxing scrub interval from 3665 cycles to 4581 cycles
Relaxing scrub interval from 4581 cycles to 5726 cycles
Tightening scrub interval from 5726 cycles to 2863 cycles
Relaxing scrub interval from 2863 cycles to 3578 cycles
Tightening scrub interval from 3578 cycles to 1789 cycles
Relaxing scrub interval from 1789 cycles to 2236 cycles
Tightening scrub interval from 2236 cycles to 1118 cycles
Relaxing scrub interval from 1118 cycles to 1397 cycles
Relaxing scrub interval from 1397 cycles to 1746 cycles
Relaxing scrub interval from 1746 cycles to 2182 cycles
Tightening scrub interval from 2182 cycles to 1091 cycles
Relaxing scrub interval from 1091 cycles to 1363 cycles
Tightening scrub interval from 1363 cycles to 681 cycles
Relaxing scrub interval from 681 cycles to 851 cycles
Relaxing scrub interval from 851 cycles to 1063 cycles
Relaxing scrub interval from 1063 cycles to 1328 cycles
Relaxing scrub interval from 1328 cycles to 1660 cycles
Relaxing scrub interval from 1660 cycles to 2075 cycles
Relaxing scrub interval from 2075 cycles to 2593 cycles
Relaxing scrub interval from 2593 cycles to 3241 cycles
Relaxing scrub interval from 3241 cycles to 4051 cycles
Tightening scrub interval from 4051 cycles to 2025 cycles
Relaxing scrub interval from 2025 cycles to 2531 cycles
Relaxing scrub interval from 2531 cycles to 3163 cycles
Relaxing scrub interval from 3163 cycles to 3953 cycles
Relaxing scrub interval from 3953 cycles to 4941 cycles
Tightening scrub interval from 4941 cycles to 2470 cycles
Relaxing scrub interval from 2470 cycles to 3087 cycles
Relaxing scrub interval from 3087 cycles to 3858 cycles
Tightening scrub interval from 3858 cycles to 1929 cycles
Relaxing scrub interval from 1929 cycles to 2411 cycles
Relaxing scrub interval from 2411 cycles to 3013 cycles
Relaxing scrub interval from 3013 cycles to 3766 cycles
Relaxing scrub interval from 3766 cycles to 4707 cycles
Relaxing scrub interval from 4707 cycles to 5883 cycles
Relaxing scrub interval from 5883 cycles to 7353 cycles
Relaxing scrub interval from 7353 cycles to 9191 cycles
Tightening scrub interval from 9191 cycles to 4595 cycles
Relaxing scrub interval from 4595 cycles to 5743 cycles
Relaxing scrub interval from 5743 cycles to 7178 cycles
Tightening scrub interval from 7178 cycles to 3589 cycles
Relaxing scrub interval from 3589 cycles to 4486 cycles
Relaxing scrub interval from 4486 cycles to 5607 cycles
Relaxing scrub interval from 5607 cycles to 7008 cycles
Relaxing scrub interval from 7008 cycles to 8760 cycles
Relaxing scrub interval from 8760 cycles to 10950 cycles
Tightening scrub interval from 10950 cycles to 5475 cycles
Relaxing scrub interval from 5475 cycles to 6843 cycles
Tightening scrub interval from 6843 cycles to 3421 cycles
Tightening scrub interval from 3421 cycles to 1710 cycles
Relaxing scrub interval from 1710 cycles to 2137 cycles
Relaxing scrub interval from 2137 cycles to 2671 cycles
Relaxing scrub interval from 2671 cycles to 3338 cycles
Tightening scrub interval from 3338 cycles to 1669 cycles
Tightening scrub interval from 1669 cycles to 834 cycles
Relaxing scrub interval from 834 cycles to 1042 cycles
Relaxing scrub interval from 1042 cycles to 1302 cycles
Relaxing scrub interval from 1302 cycles to 1627 cycles
Relaxing scrub interval from 1627 cycles to 2033 cycles
Relaxing scrub interval from 2033 cycles to 2541 cycles
Relaxing scrub interval from 2541 cycles to 3176 cycles
Relaxing scrub interval from 3176 cycles to 3970 cycles
Tightening scrub interval from 3970 cycles to 1985 cycles
Relaxing scrub interval from 1985 cycles to 2481 cycles
Relaxing scrub interval from 2481 cycles to 3101 cycles
Relaxing scrub interval from 3101 cycles to 3876 cycles
Relaxing scrub interval from 3876 cycles to 4845 cycles
Relaxing scrub interval from 4845 cycles to 6056 cycles
