warn: No dot file generated. Please install pydot to generate the dot file and pdf.
Scrubbing enabled with adaptive interval starting at 10 cycles, tightening factor 2, relax factor 1.25
src/arch/riscv/isa.cc:275: info: RVV enabled, VLEN = 256 bits, ELEN = 64 bits
src/arch/riscv/linux/se_workload.cc:60: warn: Unknown operating system; assuming Linux.
src/base/statistics.hh:279: warn: One of the stats is a legacy stat. Legacy stat is a stat that does not belong to any statistics::Group. Legacy stat is deprecated.
src/base/remote_gdb.cc:418: warn: Sockets disabled, not accepting gdb connections
src/sim/simulate.cc:199: info: Entering event queue @ 0.  Starting simulation...
Relaxing scrub interval from 10 cycles to 12 cycles
Relaxing scrub interval from 12 cycles to 15 cycles
Relaxing scrub interval from 15 cycles to 18 cycles
Relaxing scrub interval from 18 cycles to 22 cycles
Relaxing scrub interval from 22 cycles to 27 cycles
Relaxing scrub interval from 27 cycles to 33 cycles
Relaxing scrub interval from 33 cycles to 41 cycles
Relaxing scrub interval from 41 cycles to 51 cycles
Relaxing scrub interval from 51 cycles to 63 cycles
Relaxing scrub interval from 63 cycles to 78 cycles
Relaxing scrub interval from 78 cycles to 97 cycles
Relaxing scrub interval from 97 cycles to 121 cycles
Relaxing scrub interval from 121 cycles to 151 cycles
Relaxing scrub interval from 151 cycles to 188 cycles
Relaxing scrub interval from 188 cycles to 235 cycles
Relaxing scrub interval from 235 cycles to 293 cycles
Relaxing scrub interval from 293 cycles to 366 cycles
Relaxing scrub interval from 366 cycles to 457 cycles
Relaxing scrub interval from 457 cycles to 571 cycles
Relaxing scrub interval from 571 cycles to 713 cycles
Relaxing scrub interval from 713 cycles to 891 cycles
Relaxing scrub interval from 891 cycles to 1113 cycles
Relaxing scrub interval from 1113 cycles to 1391 cycles
Relaxing scrub interval from 1391 cycles to 1738 cycles
Relaxing scrub interval from 1738 cycles to 2172 cycles
Relaxing scrub interval from 2172 cycles to 2715 cycles
Relaxing scrub interval from 2715 cycles to 3393 cycles
Relaxing scrub interval from 3393 cycles to 4241 cycles
Relaxing scrub interval from 4241 cycles to 5301 cycles
Relaxing scrub interval from 5301 cycles to 6626 cycles
Relaxing scrub interval from 6626 cycles to 8282 cycles
Relaxing scrub interval from 8282 cycles to 10352 cycles
Relaxing scrub interval from 10352 cycles to 12940 cycles
Relaxing scrub interval from 12940 cycles to 16175 cycles
Tightening scrub interval from 16175 cycles to 8087 cycles
Relaxing scrub interval from 8087 cycles to 10108 cycles
Tightening scrub interval from 10108 cycles to 5054 cycles
Relaxing scrub interval from 5054 cycles to 6317 cycles
Relaxing scrub interval from 6317 cycles to 7896 cycles
Relaxing scrub interval from 7896 cycles to 9870 cycles
Relaxing scrub interval from 9870 cycles to 12337 cycles
Relaxing scrub interval from 12337 cycles to 15421 cycles
Tightening scrub interval from 15421 cycles to 7710 cycles
Tightening scrub interval from 7710 cycles to 3855 cycles
Relaxing scrub interval from 3855 cycles to 4818 cycles
Relaxing scrub interval from 4818 cycles to 6022 cycles
Tightening scrub interval from 6022 cycles to 3011 cycles
Relaxing scrub interval from 3011 cycles to 3763 cycles
Relaxing scrub interval from 3763 cycles to 4703 cycles
Relaxing scrub interval from 4703 cycles to 5878 cycles
Tightening scrub interval from 5878 cycles to 2939 cycles
Relaxing scrub interval from 2939 cycles to 3673 cycles
Relaxing scrub interval from 3673 cycles to 4591 cycles
Tightening scrub interval from 4591 cycles to 2295 cycles
Relaxing scrub interval from 2295 cycles to 2868 cycles
Tightening scrub interval from 2868 cycles to 1434 cycles
Relaxing scrub interval from 1434 cycles to 1792 cycles
Relaxing scrub interval from 1792 cycles to 2240 cycles
Relaxing scrub interval from 2240 cycles to 2800 cycles
Relaxing scrub interval from 2800 cycles to 3500 cycles
Tightening scrub interval from 3500 cycles to 1750 cycles
Relaxing scrub interval from 1750 cycles to 2187 cycles
Relaxing scrub interval from 2187 cycles to 2733 cycles
Tightening scrub interval from 2733 cycles to 1366 cycles
Tightening scrub interval from 1366 cycles to 683 cycles
Relaxing scrub interval from 683 cycles to 853 cycles
Relaxing scrub interval from 853 cycles to 1066 cycles
Relaxing scrub interval from 1066 cycles to 1332 cycles
Relaxing scrub interval from 1332 cycles to 1665 cycles
Relaxing scrub interval from 1665 cycles to 2081 cycles
Relaxing scrub interval from 2081 cycles to 2601 cycles
Relaxing scrub interval from 2601 cycles to 3251 cycles
Relaxing scrub interval from 3251 cycles to 4063 cycles
Relaxing scrub interval from 4063 cycles to 5078 cycles
Relaxing scrub interval from 5078 cycles to 6347 cycles
Relaxing scrub interval from 6347 cycles to 7933 cycles
Relaxing scrub interval from 7933 cycles to 9916 cycles
Relaxing scrub interval from 9916 cycles to 12395 cycles
Tightening scrub interval from 12395 cycles to 6197 cycles
Relaxing scrub interval from 6197 cycles to 7746 cycles
Relaxing scrub interval from 7746 cycles to 9682 cycles
Relaxing scrub interval from 9682 cycles to 12102 cycles
Tightening scrub interval from 12102 cycles to 6051 cycles
Relaxing scrub interval from 6051 cycles to 7563 cycles
Relaxing scrub interval from 7563 cycles to 9453 cycles
