warn: No dot file generated. Please install pydot to generate the dot file and pdf.
Scrubbing enabled with adaptive interval starting at 10 cycles, tightening factor 2, relax factor 1.25
src/arch/riscv/isa.cc:275: info: RVV enabled, VLEN = 256 bits, ELEN = 64 bits
src/arch/riscv/linux/se_workload.cc:60: warn: Unknown operating system; assuming Linux.
src/base/statistics.hh:279: warn: One of the stats is a legacy stat. Legacy stat is a stat that does not belong to any statistics::Group. Legacy stat is deprecated.
src/base/remote_gdb.cc:418: warn: Sockets disabled, not accepting gdb connections
src/sim/simulate.cc:199: info: Entering event queue @ 0.  Starting simulation...
Relaxing scrub interval from 10 cycles to 12 cycles
Relaxing scrub interval from 12 cycles to 15 cycles
Relaxing scrub interval from 15 cycles to 18 cycles
Relaxing scrub interval from 18 cycles to 22 cycles
Relaxing scrub interval from 22 cycles to 27 cycles
Relaxing scrub interval from 27 cycles to 33 cycles
Relaxing scrub interval from 33 cycles to 41 cycles
Relaxing scrub interval from 41 cycles to 51 cycles
Relaxing scrub interval from 51 cycles to 63 cycles
Relaxing scrub interval from 63 cycles to 78 cycles
Relaxing scrub interval from 78 cycles to 97 cycles
Relaxing scrub interval from 97 cycles to 121 cycles
Relaxing scrub interval from 121 cycles to 151 cycles
Relaxing scrub interval from 151 cycles to 188 cycles
Relaxing scrub interval from 188 cycles to 235 cycles
Relaxing scrub interval from 235 cycles to 293 cycles
Relaxing scrub interval from 293 cycles to 366 cycles
Relaxing scrub interval from 366 cycles to 457 cycles
Relaxing scrub interval from 457 cycles to 571 cycles
Relaxing scrub interval from 571 cycles to 713 cycles
Relaxing scrub interval from 713 cycles to 891 cycles
Relaxing scrub interval from 891 cycles to 1113 cycles
Relaxing scrub interval from 1113 cycles to 1391 cycles
Relaxing scrub interval from 1391 cycles to 1738 cycles
Relaxing scrub interval from 1738 cycles to 2172 cycles
Relaxing scrub interval from 2172 cycles to 2715 cycles
Relaxing scrub interval from 2715 cycles to 3393 cycles
Relaxing scrub interval from 3393 cycles to 4241 cycles
Relaxing scrub interval from 4241 cycles to 5301 cycles
Relaxing scrub interval from 5301 cycles to 6626 cycles
Relaxing scrub interval from 6626 cycles to 8282 cycles
Relaxing scrub interval from 8282 cycles to 10352 cycles
Relaxing scrub interval from 10352 cycles to 12940 cycles
Tightening scrub interval from 12940 cycles to 6470 cycles
Relaxing scrub interval from 6470 cycles to 8087 cycles
Tightening scrub interval from 8087 cycles to 4043 cycles
Tightening scrub interval from 4043 cycles to 2021 cycles
Relaxing scrub interval from 2021 cycles to 2526 cycles
Relaxing scrub interval from 2526 cycles to 3157 cycles
Relaxing scrub interval from 3157 cycles to 3946 cycles
Relaxing scrub interval from 3946 cycles to 4932 cycles
Relaxing scrub interval from 4932 cycles to 6165 cycles
Tightening scrub interval from 6165 cycles to 3082 cycles
Relaxing scrub interval from 3082 cycles to 3852 cycles
Relaxing scrub interval from 3852 cycles to 4815 cycles
Relaxing scrub interval from 4815 cycles to 6018 cycles
Relaxing scrub interval from 6018 cycles to 7522 cycles
Tightening scrub interval from 7522 cycles to 3761 cycles
Tightening scrub interval from 3761 cycles to 1880 cycles
Relaxing scrub interval from 1880 cycles to 2350 cycles
Tightening scrub interval from 2350 cycles to 1175 cycles
Relaxing scrub interval from 1175 cycles to 1468 cycles
Relaxing scrub interval from 1468 cycles to 1835 cycles
Relaxing scrub interval from 1835 cycles to 2293 cycles
Relaxing scrub interval from 2293 cycles to 2866 cycles
Relaxing scrub interval from 2866 cycles to 3582 cycles
Relaxing scrub interval from 3582 cycles to 4477 cycles
Relaxing scrub interval from 4477 cycles to 5596 cycles
Tightening scrub interval from 5596 cycles to 2798 cycles
Relaxing scrub interval from 2798 cycles to 3497 cycles
Relaxing scrub interval from 3497 cycles to 4371 cycles
Tightening scrub interval from 4371 cycles to 2185 cycles
Relaxing scrub interval from 2185 cycles to 2731 cycles
Relaxing scrub interval from 2731 cycles to 3413 cycles
Relaxing scrub interval from 3413 cycles to 4266 cycles
Tightening scrub interval from 4266 cycles to 2133 cycles
Relaxing scrub interval from 2133 cycles to 2666 cycles
Relaxing scrub interval from 2666 cycles to 3332 cycles
Relaxing scrub interval from 3332 cycles to 4165 cycles
Relaxing scrub interval from 4165 cycles to 5206 cycles
Relaxing scrub interval from 5206 cycles to 6507 cycles
Relaxing scrub interval from 6507 cycles to 8133 cycles
Relaxing scrub interval from 8133 cycles to 10166 cycles
Tightening scrub interval from 10166 cycles to 5083 cycles
Relaxing scrub interval from 5083 cycles to 6353 cycles
Relaxing scrub interval from 6353 cycles to 7941 cycles
Relaxing scrub interval from 7941 cycles to 9926 cycles
Tightening scrub interval from 9926 cycles to 4963 cycles
Relaxing scrub interval from 4963 cycles to 6203 cycles
Tightening scrub interval from 6203 cycles to 3101 cycles
Relaxing scrub interval from 3101 cycles to 3876 cycles
Tightening scrub interval from 3876 cycles to 1938 cycles
Tightening scrub interval from 1938 cycles to 969 cycles
Relaxing scrub interval from 969 cycles to 1211 cycles
Relaxing scrub interval from 1211 cycles to 1513 cycles
Relaxing scrub interval from 1513 cycles to 1891 cycles
Relaxing scrub interval from 1891 cycles to 2363 cycles
Tightening scrub interval from 2363 cycles to 1181 cycles
Tightening scrub interval from 1181 cycles to 590 cycles
Relaxing scrub interval from 590 cycles to 737 cycles
Relaxing scrub interval from 737 cycles to 921 cycles
Relaxing scrub interval from 921 cycles to 1151 cycles
Relaxing scrub interval from 1151 cycles to 1438 cycles
Relaxing scrub interval from 1438 cycles to 1797 cycles
Relaxing scrub interval from 1797 cycles to 2246 cycles
Relaxing scrub interval from 2246 cycles to 2807 cycles
Relaxing scrub interval from 2807 cycles to 3508 cycles
Relaxing scrub interval from 3508 cycles to 4385 cycles
Tightening scrub interval from 4385 cycles to 2192 cycles
Relaxing scrub interval from 2192 cycles to 2740 cycles
Relaxing scrub interval from 2740 cycles to 3425 cycles
Tightening scrub interval from 3425 cycles to 1712 cycles
Relaxing scrub interval from 1712 cycles to 2140 cycles
Relaxing scrub interval from 2140 cycles to 2675 cycles
Relaxing scrub interval from 2675 cycles to 3343 cycles
Relaxing scrub interval from 3343 cycles to 4178 cycles
Relaxing scrub interval from 4178 cycles to 5222 cycles
Tightening scrub interval from 5222 cycles to 2611 cycles
Relaxing scrub interval from 2611 cycles to 3263 cycles
Relaxing scrub interval from 3263 cycles to 4078 cycles
Relaxing scrub interval from 4078 cycles to 5097 cycles
