warn: No dot file generated. Please install pydot to generate the dot file and pdf.
Scrubbing enabled with fixed interval of 10000000 cycles
src/arch/riscv/isa.cc:275: info: RVV enabled, VLEN = 256 bits, ELEN = 64 bits
src/arch/riscv/linux/se_workload.cc:60: warn: Unknown operating system; assuming Linux.
src/base/statistics.hh:279: warn: One of the stats is a legacy stat. Legacy stat is a stat that does not belong to any statistics::Group. Legacy stat is deprecated.
src/base/remote_gdb.cc:418: warn: Sockets disabled, not accepting gdb connections
src/sim/simulate.cc:199: info: Entering event queue @ 0.  Starting simulation...
src/sim/faults.cc:102: panic: panic condition !handled && !tc->getSystemPtr()->trapToGdb(GDBSignal::SEGV, tc->contextId()) occurred: Page table fault when accessing virtual address 0x800001faf0
Memory Usage: 8529120 KBytes
Program aborted at tick 90716000
--- BEGIN LIBC BACKTRACE ---
/gem5_build/gem5.debug(_ZN4gem515print_backtraceEv+0x32)[0x55e8eecdb061]
/gem5_build/gem5.debug(_ZN4gem512abortHandlerEi+0x7e)[0x55e8eed00ea8]
/lib/x86_64-linux-gnu/libc.so.6(+0x42520)[0x7f359f7ec520]
/lib/x86_64-linux-gnu/libc.so.6(pthread_kill+0x12c)[0x7f359f8409fc]
/lib/x86_64-linux-gnu/libc.so.6(raise+0x16)[0x7f359f7ec476]
/lib/x86_64-linux-gnu/libc.so.6(abort+0xd3)[0x7f359f7d27f3]
/gem5_build/gem5.debug(_ZNSt12__shared_ptrIN4gem59FaultBaseELN9__gnu_cxx12_Lock_policyE2EED1Ev+0x0)[0x55e8ed211028]
/gem5_build/gem5.debug(_ZN4gem521GenericPageTableFault6invokeEPNS_13ThreadContextERKNS_14RefCountingPtrINS_10StaticInstEEE+0x139)[0x55e8eed55f0b]
/gem5_build/gem5.debug(_ZN4gem52o33CPU4trapERKSt10shared_ptrINS_9FaultBaseEEsRKNS_14RefCountingPtrINS_10StaticInstEEE+0x65)[0x55e8eddca387]
/gem5_build/gem5.debug(_ZN4gem52o36Commit10commitHeadERKNS_14RefCountingPtrINS0_7DynInstEEEj+0xc3f)[0x55e8eddb890f]
/gem5_build/gem5.debug(_ZN4gem52o36Commit11commitInstsEv+0x54a)[0x55e8eddb6dcc]
/gem5_build/gem5.debug(_ZN4gem52o36Commit6commitEv+0xaf9)[0x55e8eddb649b]
/gem5_build/gem5.debug(_ZN4gem52o36Commit4tickEv+0x2aa)[0x55e8eddb4aee]
/gem5_build/gem5.debug(_ZN4gem52o33CPU4tickEv+0x1d7)[0x55e8eddc8421]
/gem5_build/gem5.debug(+0x351f903)[0x55e8eddc5903]
/gem5_build/gem5.debug(+0x35293a2)[0x55e8eddcf3a2]
/gem5_build/gem5.debug(+0x3529134)[0x55e8eddcf134]
/gem5_build/gem5.debug(+0x3528f2e)[0x55e8eddcef2e]
/gem5_build/gem5.debug(_ZNKSt8functionIFvvEEclEv+0x36)[0x55e8ed2fb956]
/gem5_build/gem5.debug(_ZN4gem520EventFunctionWrapper7processEv+0x20)[0x55e8ed2fa188]
/gem5_build/gem5.debug(_ZN4gem510EventQueue10serviceOneEv+0x121)[0x55e8eecef015]
/gem5_build/gem5.debug(_ZN4gem59doSimLoopEPNS_10EventQueueE+0x240)[0x55e8eed127d7]
/gem5_build/gem5.debug(_ZN4gem58simulateEm+0x23e)[0x55e8eed1226e]
/gem5_build/gem5.debug(+0x4392cbe)[0x55e8eec38cbe]
/gem5_build/gem5.debug(+0x439111c)[0x55e8eec3711c]
/gem5_build/gem5.debug(+0x438cdcd)[0x55e8eec32dcd]
/gem5_build/gem5.debug(+0x438ce38)[0x55e8eec32e38]
/gem5_build/gem5.debug(+0x297cb39)[0x55e8ed222b39]
/lib/x86_64-linux-gnu/libpython3.10.so.1.0(+0x128033)[0x7f35a010f033]
/lib/x86_64-linux-gnu/libpython3.10.so.1.0(_PyObject_Call+0x5c)[0x7f35a00c8ffc]
/lib/x86_64-linux-gnu/libpython3.10.so.1.0(_PyEval_EvalFrameDefault+0x4b16)[0x7f35a005d776]
/lib/x86_64-linux-gnu/libpython3.10.so.1.0(+0x1c24df)[0x7f35a01a94df]
--- END LIBC BACKTRACE ---
For more info on how to address this issue, please visit https://www.gem5.org/documentation/general_docs/common-errors/ 

/home/cs1952y-user/gem5/1952y-fp/gem5/scripts/run-test.sh: line 82: 70105 Killed                  timeout --signal=KILL 15 "$GEM5_BIN" --outdir="$OUTDIR" "$CONFIG" "$BINARY_REL" --chaos-prob "$CHAOS_PROB" --chaos-bits "$CHAOS_BITS" --delay "$DELAY" --scrub-interval "$SCRUB_INTERVAL" --scrub-tighten-factor "$SCRUB_TIGHTEN_FACTOR" --scrub-relax-factor "$SCRUB_RELAX_FACTOR" --cache-size "$CACHE_SIZE" "${EXTRA[@]}"
