warn: No dot file generated. Please install pydot to generate the dot file and pdf.
Scrubbing enabled with adaptive interval starting at 10 cycles, tightening factor 2, relax factor 1.25
src/arch/riscv/isa.cc:275: info: RVV enabled, VLEN = 256 bits, ELEN = 64 bits
src/arch/riscv/linux/se_workload.cc:60: warn: Unknown operating system; assuming Linux.
src/base/statistics.hh:279: warn: One of the stats is a legacy stat. Legacy stat is a stat that does not belong to any statistics::Group. Legacy stat is deprecated.
src/base/remote_gdb.cc:418: warn: Sockets disabled, not accepting gdb connections
src/sim/simulate.cc:199: info: Entering event queue @ 0.  Starting simulation...
Relaxing sdfsdfsdfdsfdfsdfsdfsdscrub interval from 10 cycles to 12 cycles
Relaxing sdfsdfsdfdsfdfsdfsdfsdscrub interval from 12 cycles to 15 cycles
Relaxing sdfsdfsdfdsfdfsdfsdfsdscrub interval from 15 cycles to 18 cycles
Relaxing sdfsdfsdfdsfdfsdfsdfsdscrub interval from 18 cycles to 22 cycles
Relaxing sdfsdfsdfdsfdfsdfsdfsdscrub interval from 22 cycles to 27 cycles
Relaxing sdfsdfsdfdsfdfsdfsdfsdscrub interval from 27 cycles to 33 cycles
Relaxing sdfsdfsdfdsfdfsdfsdfsdscrub interval from 33 cycles to 41 cycles
Relaxing sdfsdfsdfdsfdfsdfsdfsdscrub interval from 41 cycles to 51 cycles
Relaxing sdfsdfsdfdsfdfsdfsdfsdscrub interval from 51 cycles to 63 cycles
Relaxing sdfsdfsdfdsfdfsdfsdfsdscrub interval from 63 cycles to 78 cycles
Relaxing sdfsdfsdfdsfdfsdfsdfsdscrub interval from 78 cycles to 97 cycles
Relaxing sdfsdfsdfdsfdfsdfsdfsdscrub interval from 97 cycles to 121 cycles
Relaxing sdfsdfsdfdsfdfsdfsdfsdscrub interval from 121 cycles to 151 cycles
Relaxing sdfsdfsdfdsfdfsdfsdfsdscrub interval from 151 cycles to 188 cycles
Relaxing sdfsdfsdfdsfdfsdfsdfsdscrub interval from 188 cycles to 235 cycles
Relaxing sdfsdfsdfdsfdfsdfsdfsdscrub interval from 235 cycles to 293 cycles
Relaxing sdfsdfsdfdsfdfsdfsdfsdscrub interval from 293 cycles to 366 cycles
Relaxing sdfsdfsdfdsfdfsdfsdfsdscrub interval from 366 cycles to 457 cycles
Relaxing sdfsdfsdfdsfdfsdfsdfsdscrub interval from 457 cycles to 571 cycles
Relaxing sdfsdfsdfdsfdfsdfsdfsdscrub interval from 571 cycles to 713 cycles
Relaxing sdfsdfsdfdsfdfsdfsdfsdscrub interval from 713 cycles to 891 cycles
Relaxing sdfsdfsdfdsfdfsdfsdfsdscrub interval from 891 cycles to 1113 cycles
Relaxing sdfsdfsdfdsfdfsdfsdfsdscrub interval from 1113 cycles to 1391 cycles
Relaxing sdfsdfsdfdsfdfsdfsdfsdscrub interval from 1391 cycles to 1738 cycles
Relaxing sdfsdfsdfdsfdfsdfsdfsdscrub interval from 1738 cycles to 2172 cycles
Relaxing sdfsdfsdfdsfdfsdfsdfsdscrub interval from 2172 cycles to 2715 cycles
Relaxing sdfsdfsdfdsfdfsdfsdfsdscrub interval from 2715 cycles to 3393 cycles
Relaxing sdfsdfsdfdsfdfsdfsdfsdscrub interval from 3393 cycles to 4241 cycles
Relaxing sdfsdfsdfdsfdfsdfsdfsdscrub interval from 4241 cycles to 5301 cycles
Relaxing sdfsdfsdfdsfdfsdfsdfsdscrub interval from 5301 cycles to 6626 cycles
Relaxing sdfsdfsdfdsfdfsdfsdfsdscrub interval from 6626 cycles to 8282 cycles
Relaxing sdfsdfsdfdsfdfsdfsdfsdscrub interval from 8282 cycles to 10352 cycles
Relaxing sdfsdfsdfdsfdfsdfsdfsdscrub interval from 10352 cycles to 12940 cycles
Relaxing sdfsdfsdfdsfdfsdfsdfsdscrub interval from 12940 cycles to 16175 cycles
Relaxing sdfsdfsdfdsfdfsdfsdfsdscrub interval from 16175 cycles to 20218 cycles
Tightening scrub interval from 20218 cycles to 10109 cycles
Tightening scrub interval from 10109 cycles to 5054 cycles
Relaxing sdfsdfsdfdsfdfsdfsdfsdscrub interval from 5054 cycles to 6317 cycles
Tightening scrub interval from 6317 cycles to 3158 cycles
Relaxing sdfsdfsdfdsfdfsdfsdfsdscrub interval from 3158 cycles to 3947 cycles
Tightening scrub interval from 3947 cycles to 1973 cycles
Relaxing sdfsdfsdfdsfdfsdfsdfsdscrub interval from 1973 cycles to 2466 cycles
Relaxing sdfsdfsdfdsfdfsdfsdfsdscrub interval from 2466 cycles to 3082 cycles
Relaxing sdfsdfsdfdsfdfsdfsdfsdscrub interval from 3082 cycles to 3852 cycles
Relaxing sdfsdfsdfdsfdfsdfsdfsdscrub interval from 3852 cycles to 4815 cycles
Relaxing sdfsdfsdfdsfdfsdfsdfsdscrub interval from 4815 cycles to 6018 cycles
Tightening scrub interval from 6018 cycles to 3009 cycles
Tightening scrub interval from 3009 cycles to 1504 cycles
Relaxing sdfsdfsdfdsfdfsdfsdfsdscrub interval from 1504 cycles to 1880 cycles
Tightening scrub interval from 1880 cycles to 940 cycles
Tightening scrub interval from 940 cycles to 470 cycles
Relaxing sdfsdfsdfdsfdfsdfsdfsdscrub interval from 470 cycles to 587 cycles
Tightening scrub interval from 587 cycles to 293 cycles
Relaxing sdfsdfsdfdsfdfsdfsdfsdscrub interval from 293 cycles to 366 cycles
Relaxing sdfsdfsdfdsfdfsdfsdfsdscrub interval from 366 cycles to 457 cycles
Relaxing sdfsdfsdfdsfdfsdfsdfsdscrub interval from 457 cycles to 571 cycles
Relaxing sdfsdfsdfdsfdfsdfsdfsdscrub interval from 571 cycles to 713 cycles
Relaxing sdfsdfsdfdsfdfsdfsdfsdscrub interval from 713 cycles to 891 cycles
Relaxing sdfsdfsdfdsfdfsdfsdfsdscrub interval from 891 cycles to 1113 cycles
Relaxing sdfsdfsdfdsfdfsdfsdfsdscrub interval from 1113 cycles to 1391 cycles
Relaxing sdfsdfsdfdsfdfsdfsdfsdscrub interval from 1391 cycles to 1738 cycles
Relaxing sdfsdfsdfdsfdfsdfsdfsdscrub interval from 1738 cycles to 2172 cycles
Relaxing sdfsdfsdfdsfdfsdfsdfsdscrub interval from 2172 cycles to 2715 cycles
Tightening scrub interval from 2715 cycles to 1357 cycles
Relaxing sdfsdfsdfdsfdfsdfsdfsdscrub interval from 1357 cycles to 1696 cycles
Relaxing sdfsdfsdfdsfdfsdfsdfsdscrub interval from 1696 cycles to 2120 cycles
Relaxing sdfsdfsdfdsfdfsdfsdfsdscrub interval from 2120 cycles to 2650 cycles
Relaxing sdfsdfsdfdsfdfsdfsdfsdscrub interval from 2650 cycles to 3312 cycles
Tightening scrub interval from 3312 cycles to 1656 cycles
Relaxing sdfsdfsdfdsfdfsdfsdfsdscrub interval from 1656 cycles to 2070 cycles
Relaxing sdfsdfsdfdsfdfsdfsdfsdscrub interval from 2070 cycles to 2587 cycles
Relaxing sdfsdfsdfdsfdfsdfsdfsdscrub interval from 2587 cycles to 3233 cycles
Relaxing sdfsdfsdfdsfdfsdfsdfsdscrub interval from 3233 cycles to 4041 cycles
Tightening scrub interval from 4041 cycles to 2020 cycles
Tightening scrub interval from 2020 cycles to 1010 cycles
Relaxing sdfsdfsdfdsfdfsdfsdfsdscrub interval from 1010 cycles to 1262 cycles
Relaxing sdfsdfsdfdsfdfsdfsdfsdscrub interval from 1262 cycles to 1577 cycles
Relaxing sdfsdfsdfdsfdfsdfsdfsdscrub interval from 1577 cycles to 1971 cycles
Relaxing sdfsdfsdfdsfdfsdfsdfsdscrub interval from 1971 cycles to 2463 cycles
Relaxing sdfsdfsdfdsfdfsdfsdfsdscrub interval from 2463 cycles to 3078 cycles
Tightening scrub interval from 3078 cycles to 1539 cycles
Relaxing sdfsdfsdfdsfdfsdfsdfsdscrub interval from 1539 cycles to 1923 cycles
Relaxing sdfsdfsdfdsfdfsdfsdfsdscrub interval from 1923 cycles to 2403 cycles
Tightening scrub interval from 2403 cycles to 1201 cycles
Relaxing sdfsdfsdfdsfdfsdfsdfsdscrub interval from 1201 cycles to 1501 cycles
Relaxing sdfsdfsdfdsfdfsdfsdfsdscrub interval from 1501 cycles to 1876 cycles
Relaxing sdfsdfsdfdsfdfsdfsdfsdscrub interval from 1876 cycles to 2345 cycles
Relaxing sdfsdfsdfdsfdfsdfsdfsdscrub interval from 2345 cycles to 2931 cycles
Relaxing sdfsdfsdfdsfdfsdfsdfsdscrub interval from 2931 cycles to 3663 cycles
Tightening scrub interval from 3663 cycles to 1831 cycles
Tightening scrub interval from 1831 cycles to 915 cycles
Relaxing sdfsdfsdfdsfdfsdfsdfsdscrub interval from 915 cycles to 1143 cycles
Relaxing sdfsdfsdfdsfdfsdfsdfsdscrub interval from 1143 cycles to 1428 cycles
Relaxing sdfsdfsdfdsfdfsdfsdfsdscrub interval from 1428 cycles to 1785 cycles
Relaxing sdfsdfsdfdsfdfsdfsdfsdscrub interval from 1785 cycles to 2231 cycles
Relaxing sdfsdfsdfdsfdfsdfsdfsdscrub interval from 2231 cycles to 2788 cycles
Tightening scrub interval from 2788 cycles to 1394 cycles
Tightening scrub interval from 1394 cycles to 697 cycles
Relaxing sdfsdfsdfdsfdfsdfsdfsdscrub interval from 697 cycles to 871 cycles
Relaxing sdfsdfsdfdsfdfsdfsdfsdscrub interval from 871 cycles to 1088 cycles
Relaxing sdfsdfsdfdsfdfsdfsdfsdscrub interval from 1088 cycles to 1360 cycles
Relaxing sdfsdfsdfdsfdfsdfsdfsdscrub interval from 1360 cycles to 1700 cycles
Tightening scrub interval from 1700 cycles to 850 cycles
Relaxing sdfsdfsdfdsfdfsdfsdfsdscrub interval from 850 cycles to 1062 cycles
Relaxing sdfsdfsdfdsfdfsdfsdfsdscrub interval from 1062 cycles to 1327 cycles
Relaxing sdfsdfsdfdsfdfsdfsdfsdscrub interval from 1327 cycles to 1658 cycles
Relaxing sdfsdfsdfdsfdfsdfsdfsdscrub interval from 1658 cycles to 2072 cycles
Relaxing sdfsdfsdfdsfdfsdfsdfsdscrub interval from 2072 cycles to 2590 cycles
Relaxing sdfsdfsdfdsfdfsdfsdfsdscrub interval from 2590 cycles to 3237 cycles
Relaxing sdfsdfsdfdsfdfsdfsdfsdscrub interval from 3237 cycles to 4046 cycles
Relaxing sdfsdfsdfdsfdfsdfsdfsdscrub interval from 4046 cycles to 5057 cycles
Tightening scrub interval from 5057 cycles to 2528 cycles
Relaxing sdfsdfsdfdsfdfsdfsdfsdscrub interval from 2528 cycles to 3160 cycles
Relaxing sdfsdfsdfdsfdfsdfsdfsdscrub interval from 3160 cycles to 3950 cycles
Tightening scrub interval from 3950 cycles to 1975 cycles
Relaxing sdfsdfsdfdsfdfsdfsdfsdscrub interval from 1975 cycles to 2468 cycles
Tightening scrub interval from 2468 cycles to 1234 cycles
Relaxing sdfsdfsdfdsfdfsdfsdfsdscrub interval from 1234 cycles to 1542 cycles
Relaxing sdfsdfsdfdsfdfsdfsdfsdscrub interval from 1542 cycles to 1927 cycles
Relaxing sdfsdfsdfdsfdfsdfsdfsdscrub interval from 1927 cycles to 2408 cycles
Relaxing sdfsdfsdfdsfdfsdfsdfsdscrub interval from 2408 cycles to 3010 cycles
Tightening scrub interval from 3010 cycles to 1505 cycles
Tightening scrub interval from 1505 cycles to 752 cycles
Relaxing sdfsdfsdfdsfdfsdfsdfsdscrub interval from 752 cycles to 940 cycles
Relaxing sdfsdfsdfdsfdfsdfsdfsdscrub interval from 940 cycles to 1175 cycles
Relaxing sdfsdfsdfdsfdfsdfsdfsdscrub interval from 1175 cycles to 1468 cycles
Relaxing sdfsdfsdfdsfdfsdfsdfsdscrub interval from 1468 cycles to 1835 cycles
Relaxing sdfsdfsdfdsfdfsdfsdfsdscrub interval from 1835 cycles to 2293 cycles
Relaxing sdfsdfsdfdsfdfsdfsdfsdscrub interval from 2293 cycles to 2866 cycles
Tightening scrub interval from 2866 cycles to 1433 cycles
Relaxing sdfsdfsdfdsfdfsdfsdfsdscrub interval from 1433 cycles to 1791 cycles
Relaxing sdfsdfsdfdsfdfsdfsdfsdscrub interval from 1791 cycles to 2238 cycles
Tightening scrub interval from 2238 cycles to 1119 cycles
Relaxing sdfsdfsdfdsfdfsdfsdfsdscrub interval from 1119 cycles to 1398 cycles
Relaxing sdfsdfsdfdsfdfsdfsdfsdscrub interval from 1398 cycles to 1747 cycles
Relaxing sdfsdfsdfdsfdfsdfsdfsdscrub interval from 1747 cycles to 2183 cycles
Relaxing sdfsdfsdfdsfdfsdfsdfsdscrub interval from 2183 cycles to 2728 cycles
Relaxing sdfsdfsdfdsfdfsdfsdfsdscrub interval from 2728 cycles to 3410 cycles
Relaxing sdfsdfsdfdsfdfsdfsdfsdscrub interval from 3410 cycles to 4262 cycles
Relaxing sdfsdfsdfdsfdfsdfsdfsdscrub interval from 4262 cycles to 5327 cycles
Tightening scrub interval from 5327 cycles to 2663 cycles
Relaxing sdfsdfsdfdsfdfsdfsdfsdscrub interval from 2663 cycles to 3328 cycles
Relaxing sdfsdfsdfdsfdfsdfsdfsdscrub interval from 3328 cycles to 4160 cycles
Tightening scrub interval from 4160 cycles to 2080 cycles
