warn: No dot file generated. Please install pydot to generate the dot file and pdf.
Scrubbing enabled with adaptive interval starting at 10 cycles, tightening factor 2, relax factor 1.25
src/arch/riscv/isa.cc:275: info: RVV enabled, VLEN = 256 bits, ELEN = 64 bits
src/base/statistics.hh:279: warn: One of the stats is a legacy stat. Legacy stat is a stat that does not belong to any statistics::Group. Legacy stat is deprecated.
src/base/remote_gdb.cc:418: warn: Sockets disabled, not accepting gdb connections
src/sim/simulate.cc:199: info: Entering event queue @ 0.  Starting simulation...
Relaxing scrub interval from 10 cycles to 12 cycles
Relaxing scrub interval from 12 cycles to 15 cycles
Relaxing scrub interval from 15 cycles to 18 cycles
Relaxing scrub interval from 18 cycles to 22 cycles
Relaxing scrub interval from 22 cycles to 27 cycles
Relaxing scrub interval from 27 cycles to 33 cycles
Relaxing scrub interval from 33 cycles to 41 cycles
Relaxing scrub interval from 41 cycles to 51 cycles
Relaxing scrub interval from 51 cycles to 63 cycles
Relaxing scrub interval from 63 cycles to 78 cycles
Relaxing scrub interval from 78 cycles to 97 cycles
Relaxing scrub interval from 97 cycles to 121 cycles
Relaxing scrub interval from 121 cycles to 151 cycles
Relaxing scrub interval from 151 cycles to 188 cycles
Relaxing scrub interval from 188 cycles to 235 cycles
Relaxing scrub interval from 235 cycles to 293 cycles
Relaxing scrub interval from 293 cycles to 366 cycles
Relaxing scrub interval from 366 cycles to 457 cycles
Relaxing scrub interval from 457 cycles to 571 cycles
Relaxing scrub interval from 571 cycles to 713 cycles
Relaxing scrub interval from 713 cycles to 891 cycles
src/sim/syscall_emul.cc:86: warn: ignoring syscall set_robust_list(...)
      (further warnings will be suppressed)
Relaxing scrub interval from 891 cycles to 1113 cycles
Relaxing scrub interval from 1113 cycles to 1391 cycles
src/sim/syscall_emul.hh:1014: warn: readlink() called on '/proc/self/exe' may yield unexpected results in various settings.
      Returning '/home/cs1952y-user/gem5/1952y-fp/gem5/tests/test-progs/cs1952y-fp/alt'
src/sim/mem_state.cc:448: info: Increasing stack size by one page.
Relaxing scrub interval from 1391 cycles to 1738 cycles
Relaxing scrub interval from 1738 cycles to 2172 cycles
Relaxing scrub interval from 2172 cycles to 2715 cycles
Relaxing scrub interval from 2715 cycles to 3393 cycles
Relaxing scrub interval from 3393 cycles to 4241 cycles
src/sim/syscall_emul.cc:75: warn: ignoring syscall mprotect(...) at tick 17327000
Relaxing scrub interval from 4241 cycles to 5301 cycles
Relaxing scrub interval from 5301 cycles to 6626 cycles
Relaxing scrub interval from 6626 cycles to 8282 cycles
Relaxing scrub interval from 8282 cycles to 10352 cycles
Relaxing scrub interval from 10352 cycles to 12940 cycles
Tightening scrub interval from 12940 cycles to 6470 cycles
Tightening scrub interval from 6470 cycles to 3235 cycles
Relaxing scrub interval from 3235 cycles to 4043 cycles
Tightening scrub interval from 4043 cycles to 2021 cycles
Tightening scrub interval from 2021 cycles to 1010 cycles
Relaxing scrub interval from 1010 cycles to 1262 cycles
Relaxing scrub interval from 1262 cycles to 1577 cycles
Relaxing scrub interval from 1577 cycles to 1971 cycles
Relaxing scrub interval from 1971 cycles to 2463 cycles
Relaxing scrub interval from 2463 cycles to 3078 cycles
Relaxing scrub interval from 3078 cycles to 3847 cycles
Relaxing scrub interval from 3847 cycles to 4808 cycles
Tightening scrub interval from 4808 cycles to 2404 cycles
Relaxing scrub interval from 2404 cycles to 3005 cycles
Relaxing scrub interval from 3005 cycles to 3756 cycles
Tightening scrub interval from 3756 cycles to 1878 cycles
Relaxing scrub interval from 1878 cycles to 2347 cycles
Relaxing scrub interval from 2347 cycles to 2933 cycles
Relaxing scrub interval from 2933 cycles to 3666 cycles
Relaxing scrub interval from 3666 cycles to 4582 cycles
Tightening scrub interval from 4582 cycles to 2291 cycles
Relaxing scrub interval from 2291 cycles to 2863 cycles
Relaxing scrub interval from 2863 cycles to 3578 cycles
Relaxing scrub interval from 3578 cycles to 4472 cycles
Tightening scrub interval from 4472 cycles to 2236 cycles
Relaxing scrub interval from 2236 cycles to 2795 cycles
Relaxing scrub interval from 2795 cycles to 3493 cycles
Relaxing scrub interval from 3493 cycles to 4366 cycles
Relaxing scrub interval from 4366 cycles to 5457 cycles
Tightening scrub interval from 5457 cycles to 2728 cycles
Relaxing scrub interval from 2728 cycles to 3410 cycles
Tightening scrub interval from 3410 cycles to 1705 cycles
Relaxing scrub interval from 1705 cycles to 2131 cycles
Relaxing scrub interval from 2131 cycles to 2663 cycles
Relaxing scrub interval from 2663 cycles to 3328 cycles
Relaxing scrub interval from 3328 cycles to 4160 cycles
Tightening scrub interval from 4160 cycles to 2080 cycles
Relaxing scrub interval from 2080 cycles to 2600 cycles
Relaxing scrub interval from 2600 cycles to 3250 cycles
Relaxing scrub interval from 3250 cycles to 4062 cycles
Relaxing scrub interval from 4062 cycles to 5077 cycles
Relaxing scrub interval from 5077 cycles to 6346 cycles
Tightening scrub interval from 6346 cycles to 3173 cycles
Tightening scrub interval from 3173 cycles to 1586 cycles
Relaxing scrub interval from 1586 cycles to 1982 cycles
Relaxing scrub interval from 1982 cycles to 2477 cycles
Relaxing scrub interval from 2477 cycles to 3096 cycles
Tightening scrub interval from 3096 cycles to 1548 cycles
Relaxing scrub interval from 1548 cycles to 1935 cycles
Relaxing scrub interval from 1935 cycles to 2418 cycles
Relaxing scrub interval from 2418 cycles to 3022 cycles
Relaxing scrub interval from 3022 cycles to 3777 cycles
Relaxing scrub interval from 3777 cycles to 4721 cycles
Relaxing scrub interval from 4721 cycles to 5901 cycles
Relaxing scrub interval from 5901 cycles to 7376 cycles
Relaxing scrub interval from 7376 cycles to 9220 cycles
Relaxing scrub interval from 9220 cycles to 11525 cycles
Relaxing scrub interval from 11525 cycles to 14406 cycles
Tightening scrub interval from 14406 cycles to 7203 cycles
Relaxing scrub interval from 7203 cycles to 9003 cycles
Relaxing scrub interval from 9003 cycles to 11253 cycles
Relaxing scrub interval from 11253 cycles to 14066 cycles
Tightening scrub interval from 14066 cycles to 7033 cycles
Tightening scrub interval from 7033 cycles to 3516 cycles
Relaxing scrub interval from 3516 cycles to 4395 cycles
Relaxing scrub interval from 4395 cycles to 5493 cycles
Relaxing scrub interval from 5493 cycles to 6866 cycles
Tightening scrub interval from 6866 cycles to 3433 cycles
Relaxing scrub interval from 3433 cycles to 4291 cycles
Tightening scrub interval from 4291 cycles to 2145 cycles
Relaxing scrub interval from 2145 cycles to 2681 cycles
Relaxing scrub interval from 2681 cycles to 3351 cycles
Relaxing scrub interval from 3351 cycles to 4188 cycles
Relaxing scrub interval from 4188 cycles to 5235 cycles
Relaxing scrub interval from 5235 cycles to 6543 cycles
Relaxing scrub interval from 6543 cycles to 8178 cycles
Tightening scrub interval from 8178 cycles to 4089 cycles
Relaxing scrub interval from 4089 cycles to 5111 cycles
Tightening scrub interval from 5111 cycles to 2555 cycles
Relaxing scrub interval from 2555 cycles to 3193 cycles
Relaxing scrub interval from 3193 cycles to 3991 cycles
Relaxing scrub interval from 3991 cycles to 4988 cycles
Relaxing scrub interval from 4988 cycles to 6235 cycles
Relaxing scrub interval from 6235 cycles to 7793 cycles
Tightening scrub interval from 7793 cycles to 3896 cycles
Relaxing scrub interval from 3896 cycles to 4870 cycles
Relaxing scrub interval from 4870 cycles to 6087 cycles
Relaxing scrub interval from 6087 cycles to 7608 cycles
Relaxing scrub interval from 7608 cycles to 9510 cycles
Tightening scrub interval from 9510 cycles to 4755 cycles
Tightening scrub interval from 4755 cycles to 2377 cycles
Relaxing scrub interval from 2377 cycles to 2971 cycles
Relaxing scrub interval from 2971 cycles to 3713 cycles
Relaxing scrub interval from 3713 cycles to 4641 cycles
Relaxing scrub interval from 4641 cycles to 5801 cycles
Relaxing scrub interval from 5801 cycles to 7251 cycles
Tightening scrub interval from 7251 cycles to 3625 cycles
Relaxing scrub interval from 3625 cycles to 4531 cycles
Relaxing scrub interval from 4531 cycles to 5663 cycles
Tightening scrub interval from 5663 cycles to 2831 cycles
Relaxing scrub interval from 2831 cycles to 3538 cycles
Tightening scrub interval from 3538 cycles to 1769 cycles
Relaxing scrub interval from 1769 cycles to 2211 cycles
Relaxing scrub interval from 2211 cycles to 2763 cycles
Relaxing scrub interval from 2763 cycles to 3453 cycles
Tightening scrub interval from 3453 cycles to 1726 cycles
Tightening scrub interval from 1726 cycles to 863 cycles
Relaxing scrub interval from 863 cycles to 1078 cycles
Relaxing scrub interval from 1078 cycles to 1347 cycles
Relaxing scrub interval from 1347 cycles to 1683 cycles
Relaxing scrub interval from 1683 cycles to 2103 cycles
Tightening scrub interval from 2103 cycles to 1051 cycles
Tightening scrub interval from 1051 cycles to 525 cycles
Relaxing scrub interval from 525 cycles to 656 cycles
Relaxing scrub interval from 656 cycles to 820 cycles
Tightening scrub interval from 820 cycles to 410 cycles
Relaxing scrub interval from 410 cycles to 512 cycles
Relaxing scrub interval from 512 cycles to 640 cycles
Tightening scrub interval from 640 cycles to 320 cycles
Relaxing scrub interval from 320 cycles to 400 cycles
Relaxing scrub interval from 400 cycles to 500 cycles
Relaxing scrub interval from 500 cycles to 625 cycles
Relaxing scrub interval from 625 cycles to 781 cycles
Relaxing scrub interval from 781 cycles to 976 cycles
Relaxing scrub interval from 976 cycles to 1220 cycles
Relaxing scrub interval from 1220 cycles to 1525 cycles
Relaxing scrub interval from 1525 cycles to 1906 cycles
Tightening scrub interval from 1906 cycles to 953 cycles
Tightening scrub interval from 953 cycles to 476 cycles
Relaxing scrub interval from 476 cycles to 595 cycles
Relaxing scrub interval from 595 cycles to 743 cycles
Relaxing scrub interval from 743 cycles to 928 cycles
Relaxing scrub interval from 928 cycles to 1160 cycles
Relaxing scrub interval from 1160 cycles to 1450 cycles
Relaxing scrub interval from 1450 cycles to 1812 cycles
Relaxing scrub interval from 1812 cycles to 2265 cycles
Relaxing scrub interval from 2265 cycles to 2831 cycles
Tightening scrub interval from 2831 cycles to 1415 cycles
Tightening scrub interval from 1415 cycles to 707 cycles
Relaxing scrub interval from 707 cycles to 883 cycles
Tightening scrub interval from 883 cycles to 441 cycles
Relaxing scrub interval from 441 cycles to 551 cycles
Relaxing scrub interval from 551 cycles to 688 cycles
Relaxing scrub interval from 688 cycles to 860 cycles
Relaxing scrub interval from 860 cycles to 1075 cycles
Tightening scrub interval from 1075 cycles to 537 cycles
Relaxing scrub interval from 537 cycles to 671 cycles
Relaxing scrub interval from 671 cycles to 838 cycles
Tightening scrub interval from 838 cycles to 419 cycles
Relaxing scrub interval from 419 cycles to 523 cycles
Relaxing scrub interval from 523 cycles to 653 cycles
Relaxing scrub interval from 653 cycles to 816 cycles
Relaxing scrub interval from 816 cycles to 1020 cycles
Relaxing scrub interval from 1020 cycles to 1275 cycles
Tightening scrub interval from 1275 cycles to 637 cycles
Relaxing scrub interval from 637 cycles to 796 cycles
Relaxing scrub interval from 796 cycles to 995 cycles
Tightening scrub interval from 995 cycles to 497 cycles
Relaxing scrub interval from 497 cycles to 621 cycles
Relaxing scrub interval from 621 cycles to 776 cycles
Relaxing scrub interval from 776 cycles to 970 cycles
Relaxing scrub interval from 970 cycles to 1212 cycles
Relaxing scrub interval from 1212 cycles to 1515 cycles
Relaxing scrub interval from 1515 cycles to 1893 cycles
Relaxing scrub interval from 1893 cycles to 2366 cycles
Relaxing scrub interval from 2366 cycles to 2957 cycles
Relaxing scrub interval from 2957 cycles to 3696 cycles
Relaxing scrub interval from 3696 cycles to 4620 cycles
Tightening scrub interval from 4620 cycles to 2310 cycles
Relaxing scrub interval from 2310 cycles to 2887 cycles
Relaxing scrub interval from 2887 cycles to 3608 cycles
Tightening scrub interval from 3608 cycles to 1804 cycles
Relaxing scrub interval from 1804 cycles to 2255 cycles
Tightening scrub interval from 2255 cycles to 1127 cycles
Relaxing scrub interval from 1127 cycles to 1408 cycles
Relaxing scrub interval from 1408 cycles to 1760 cycles
Relaxing scrub interval from 1760 cycles to 2200 cycles
Relaxing scrub interval from 2200 cycles to 2750 cycles
Tightening scrub interval from 2750 cycles to 1375 cycles
Relaxing scrub interval from 1375 cycles to 1718 cycles
Relaxing scrub interval from 1718 cycles to 2147 cycles
Relaxing scrub interval from 2147 cycles to 2683 cycles
Tightening scrub interval from 2683 cycles to 1341 cycles
Relaxing scrub interval from 1341 cycles to 1676 cycles
Relaxing scrub interval from 1676 cycles to 2095 cycles
Relaxing scrub interval from 2095 cycles to 2618 cycles
Relaxing scrub interval from 2618 cycles to 3272 cycles
Relaxing scrub interval from 3272 cycles to 4090 cycles
Relaxing scrub interval from 4090 cycles to 5112 cycles
Tightening scrub interval from 5112 cycles to 2556 cycles
Tightening scrub interval from 2556 cycles to 1278 cycles
Relaxing scrub interval from 1278 cycles to 1597 cycles
Relaxing scrub interval from 1597 cycles to 1996 cycles
Relaxing scrub interval from 1996 cycles to 2495 cycles
Relaxing scrub interval from 2495 cycles to 3118 cycles
Relaxing scrub interval from 3118 cycles to 3897 cycles
Relaxing scrub interval from 3897 cycles to 4871 cycles
Relaxing scrub interval from 4871 cycles to 6088 cycles
Relaxing scrub interval from 6088 cycles to 7610 cycles
Relaxing scrub interval from 7610 cycles to 9512 cycles
Relaxing scrub interval from 9512 cycles to 11890 cycles
Relaxing scrub interval from 11890 cycles to 14862 cycles
Relaxing scrub interval from 14862 cycles to 18577 cycles
Tightening scrub interval from 18577 cycles to 9288 cycles
Relaxing scrub interval from 9288 cycles to 11610 cycles
Relaxing scrub interval from 11610 cycles to 14512 cycles
Tightening scrub interval from 14512 cycles to 7256 cycles
Tightening scrub interval from 7256 cycles to 3628 cycles
Relaxing scrub interval from 3628 cycles to 4535 cycles
Tightening scrub interval from 4535 cycles to 2267 cycles
Relaxing scrub interval from 2267 cycles to 2833 cycles
Relaxing scrub interval from 2833 cycles to 3541 cycles
Relaxing scrub interval from 3541 cycles to 4426 cycles
Tightening scrub interval from 4426 cycles to 2213 cycles
Relaxing scrub interval from 2213 cycles to 2766 cycles
Tightening scrub interval from 2766 cycles to 1383 cycles
Relaxing scrub interval from 1383 cycles to 1728 cycles
Relaxing scrub interval from 1728 cycles to 2160 cycles
Relaxing scrub interval from 2160 cycles to 2700 cycles
Tightening scrub interval from 2700 cycles to 1350 cycles
Relaxing scrub interval from 1350 cycles to 1687 cycles
Tightening scrub interval from 1687 cycles to 843 cycles
Relaxing scrub interval from 843 cycles to 1053 cycles
Relaxing scrub interval from 1053 cycles to 1316 cycles
Relaxing scrub interval from 1316 cycles to 1645 cycles
Relaxing scrub interval from 1645 cycles to 2056 cycles
Relaxing scrub interval from 2056 cycles to 2570 cycles
Relaxing scrub interval from 2570 cycles to 3212 cycles
Relaxing scrub interval from 3212 cycles to 4015 cycles
Tightening scrub interval from 4015 cycles to 2007 cycles
Relaxing scrub interval from 2007 cycles to 2508 cycles
Relaxing scrub interval from 2508 cycles to 3135 cycles
Relaxing scrub interval from 3135 cycles to 3918 cycles
Tightening scrub interval from 3918 cycles to 1959 cycles
Relaxing scrub interval from 1959 cycles to 2448 cycles
Relaxing scrub interval from 2448 cycles to 3060 cycles
Relaxing scrub interval from 3060 cycles to 3825 cycles
Relaxing scrub interval from 3825 cycles to 4781 cycles
Tightening scrub interval from 4781 cycles to 2390 cycles
Relaxing scrub interval from 2390 cycles to 2987 cycles
Relaxing scrub interval from 2987 cycles to 3733 cycles
Relaxing scrub interval from 3733 cycles to 4666 cycles
Tightening scrub interval from 4666 cycles to 2333 cycles
Relaxing scrub interval from 2333 cycles to 2916 cycles
Tightening scrub interval from 2916 cycles to 1458 cycles
Tightening scrub interval from 1458 cycles to 729 cycles
Relaxing scrub interval from 729 cycles to 911 cycles
Relaxing scrub interval from 911 cycles to 1138 cycles
Relaxing scrub interval from 1138 cycles to 1422 cycles
Tightening scrub interval from 1422 cycles to 711 cycles
Relaxing scrub interval from 711 cycles to 888 cycles
Relaxing scrub interval from 888 cycles to 1110 cycles
Tightening scrub interval from 1110 cycles to 555 cycles
Relaxing scrub interval from 555 cycles to 693 cycles
Relaxing scrub interval from 693 cycles to 866 cycles
Relaxing scrub interval from 866 cycles to 1082 cycles
Tightening scrub interval from 1082 cycles to 541 cycles
Relaxing scrub interval from 541 cycles to 676 cycles
Relaxing scrub interval from 676 cycles to 845 cycles
Relaxing scrub interval from 845 cycles to 1056 cycles
Relaxing scrub interval from 1056 cycles to 1320 cycles
Relaxing scrub interval from 1320 cycles to 1650 cycles
Relaxing scrub interval from 1650 cycles to 2062 cycles
Relaxing scrub interval from 2062 cycles to 2577 cycles
Relaxing scrub interval from 2577 cycles to 3221 cycles
Relaxing scrub interval from 3221 cycles to 4026 cycles
Tightening scrub interval from 4026 cycles to 2013 cycles
Relaxing scrub interval from 2013 cycles to 2516 cycles
Relaxing scrub interval from 2516 cycles to 3145 cycles
Relaxing scrub interval from 3145 cycles to 3931 cycles
Tightening scrub interval from 3931 cycles to 1965 cycles
Tightening scrub interval from 1965 cycles to 982 cycles
Relaxing scrub interval from 982 cycles to 1227 cycles
Tightening scrub interval from 1227 cycles to 613 cycles
Tightening scrub interval from 613 cycles to 306 cycles
Relaxing scrub interval from 306 cycles to 382 cycles
Relaxing scrub interval from 382 cycles to 477 cycles
Relaxing scrub interval from 477 cycles to 596 cycles
Relaxing scrub interval from 596 cycles to 745 cycles
Relaxing scrub interval from 745 cycles to 931 cycles
Tightening scrub interval from 931 cycles to 465 cycles
Relaxing scrub interval from 465 cycles to 581 cycles
Relaxing scrub interval from 581 cycles to 726 cycles
Relaxing scrub interval from 726 cycles to 907 cycles
Relaxing scrub interval from 907 cycles to 1133 cycles
Relaxing scrub interval from 1133 cycles to 1416 cycles
Tightening scrub interval from 1416 cycles to 708 cycles
Relaxing scrub interval from 708 cycles to 885 cycles
Relaxing scrub interval from 885 cycles to 1106 cycles
Relaxing scrub interval from 1106 cycles to 1382 cycles
Relaxing scrub interval from 1382 cycles to 1727 cycles
Relaxing scrub interval from 1727 cycles to 2158 cycles
Relaxing scrub interval from 2158 cycles to 2697 cycles
Relaxing scrub interval from 2697 cycles to 3371 cycles
Relaxing scrub interval from 3371 cycles to 4213 cycles
Relaxing scrub interval from 4213 cycles to 5266 cycles
Relaxing scrub interval from 5266 cycles to 6582 cycles
Relaxing scrub interval from 6582 cycles to 8227 cycles
Relaxing scrub interval from 8227 cycles to 10283 cycles
Tightening scrub interval from 10283 cycles to 5141 cycles
Relaxing scrub interval from 5141 cycles to 6426 cycles
Relaxing scrub interval from 6426 cycles to 8032 cycles
Relaxing scrub interval from 8032 cycles to 10040 cycles
Relaxing scrub interval from 10040 cycles to 12550 cycles
Relaxing scrub interval from 12550 cycles to 15687 cycles
Tightening scrub interval from 15687 cycles to 7843 cycles
Relaxing scrub interval from 7843 cycles to 9803 cycles
Tightening scrub interval from 9803 cycles to 4901 cycles
Relaxing scrub interval from 4901 cycles to 6126 cycles
Tightening scrub interval from 6126 cycles to 3063 cycles
Relaxing scrub interval from 3063 cycles to 3828 cycles
Tightening scrub interval from 3828 cycles to 1914 cycles
Tightening scrub interval from 1914 cycles to 957 cycles
Relaxing scrub interval from 957 cycles to 1196 cycles
Relaxing scrub interval from 1196 cycles to 1495 cycles
Relaxing scrub interval from 1495 cycles to 1868 cycles
Relaxing scrub interval from 1868 cycles to 2335 cycles
Relaxing scrub interval from 2335 cycles to 2918 cycles
Relaxing scrub interval from 2918 cycles to 3647 cycles
Relaxing scrub interval from 3647 cycles to 4558 cycles
Relaxing scrub interval from 4558 cycles to 5697 cycles
Tightening scrub interval from 5697 cycles to 2848 cycles
Relaxing scrub interval from 2848 cycles to 3560 cycles
Tightening scrub interval from 3560 cycles to 1780 cycles
Relaxing scrub interval from 1780 cycles to 2225 cycles
Relaxing scrub interval from 2225 cycles to 2781 cycles
Relaxing scrub interval from 2781 cycles to 3476 cycles
Relaxing scrub interval from 3476 cycles to 4345 cycles
Relaxing scrub interval from 4345 cycles to 5431 cycles
Relaxing scrub interval from 5431 cycles to 6788 cycles
Relaxing scrub interval from 6788 cycles to 8485 cycles
Tightening scrub interval from 8485 cycles to 4242 cycles
Relaxing scrub interval from 4242 cycles to 5302 cycles
Relaxing scrub interval from 5302 cycles to 6627 cycles
Tightening scrub interval from 6627 cycles to 3313 cycles
Tightening scrub interval from 3313 cycles to 1656 cycles
Relaxing scrub interval from 1656 cycles to 2070 cycles
Relaxing scrub interval from 2070 cycles to 2587 cycles
Relaxing scrub interval from 2587 cycles to 3233 cycles
Relaxing scrub interval from 3233 cycles to 4041 cycles
Relaxing scrub interval from 4041 cycles to 5051 cycles
Relaxing scrub interval from 5051 cycles to 6313 cycles
Relaxing scrub interval from 6313 cycles to 7891 cycles
Relaxing scrub interval from 7891 cycles to 9863 cycles
Relaxing scrub interval from 9863 cycles to 12328 cycles
Tightening scrub interval from 12328 cycles to 6164 cycles
Tightening scrub interval from 6164 cycles to 3082 cycles
Relaxing scrub interval from 3082 cycles to 3852 cycles
Relaxing scrub interval from 3852 cycles to 4815 cycles
Tightening scrub interval from 4815 cycles to 2407 cycles
Tightening scrub interval from 2407 cycles to 1203 cycles
Relaxing scrub interval from 1203 cycles to 1503 cycles
Relaxing scrub interval from 1503 cycles to 1878 cycles
Tightening scrub interval from 1878 cycles to 939 cycles
Tightening scrub interval from 939 cycles to 469 cycles
Relaxing scrub interval from 469 cycles to 586 cycles
Relaxing scrub interval from 586 cycles to 732 cycles
Relaxing scrub interval from 732 cycles to 915 cycles
Relaxing scrub interval from 915 cycles to 1143 cycles
Relaxing scrub interval from 1143 cycles to 1428 cycles
Relaxing scrub interval from 1428 cycles to 1785 cycles
Relaxing scrub interval from 1785 cycles to 2231 cycles
Relaxing scrub interval from 2231 cycles to 2788 cycles
Relaxing scrub interval from 2788 cycles to 3485 cycles
Tightening scrub interval from 3485 cycles to 1742 cycles
Relaxing scrub interval from 1742 cycles to 2177 cycles
Tightening scrub interval from 2177 cycles to 1088 cycles
Tightening scrub interval from 1088 cycles to 544 cycles
Relaxing scrub interval from 544 cycles to 680 cycles
Relaxing scrub interval from 680 cycles to 850 cycles
Relaxing scrub interval from 850 cycles to 1062 cycles
Relaxing scrub interval from 1062 cycles to 1327 cycles
Relaxing scrub interval from 1327 cycles to 1658 cycles
Tightening scrub interval from 1658 cycles to 829 cycles
Relaxing scrub interval from 829 cycles to 1036 cycles
Relaxing scrub interval from 1036 cycles to 1295 cycles
Relaxing scrub interval from 1295 cycles to 1618 cycles
Relaxing scrub interval from 1618 cycles to 2022 cycles
Relaxing scrub interval from 2022 cycles to 2527 cycles
Tightening scrub interval from 2527 cycles to 1263 cycles
Relaxing scrub interval from 1263 cycles to 1578 cycles
Relaxing scrub interval from 1578 cycles to 1972 cycles
Relaxing scrub interval from 1972 cycles to 2465 cycles
Relaxing scrub interval from 2465 cycles to 3081 cycles
Relaxing scrub interval from 3081 cycles to 3851 cycles
Tightening scrub interval from 3851 cycles to 1925 cycles
Relaxing scrub interval from 1925 cycles to 2406 cycles
Relaxing scrub interval from 2406 cycles to 3007 cycles
Relaxing scrub interval from 3007 cycles to 3758 cycles
Relaxing scrub interval from 3758 cycles to 4697 cycles
Relaxing scrub interval from 4697 cycles to 5871 cycles
Tightening scrub interval from 5871 cycles to 2935 cycles
Relaxing scrub interval from 2935 cycles to 3668 cycles
Relaxing scrub interval from 3668 cycles to 4585 cycles
Tightening scrub interval from 4585 cycles to 2292 cycles
Relaxing scrub interval from 2292 cycles to 2865 cycles
Relaxing scrub interval from 2865 cycles to 3581 cycles
Tightening scrub interval from 3581 cycles to 1790 cycles
Relaxing scrub interval from 1790 cycles to 2237 cycles
Relaxing scrub interval from 2237 cycles to 2796 cycles
Tightening scrub interval from 2796 cycles to 1398 cycles
Relaxing scrub interval from 1398 cycles to 1747 cycles
Relaxing scrub interval from 1747 cycles to 2183 cycles
Relaxing scrub interval from 2183 cycles to 2728 cycles
Relaxing scrub interval from 2728 cycles to 3410 cycles
Tightening scrub interval from 3410 cycles to 1705 cycles
Relaxing scrub interval from 1705 cycles to 2131 cycles
Tightening scrub interval from 2131 cycles to 1065 cycles
Relaxing scrub interval from 1065 cycles to 1331 cycles
Relaxing scrub interval from 1331 cycles to 1663 cycles
Tightening scrub interval from 1663 cycles to 831 cycles
Relaxing scrub interval from 831 cycles to 1038 cycles
Relaxing scrub interval from 1038 cycles to 1297 cycles
Relaxing scrub interval from 1297 cycles to 1621 cycles
Relaxing scrub interval from 1621 cycles to 2026 cycles
Tightening scrub interval from 2026 cycles to 1013 cycles
Relaxing scrub interval from 1013 cycles to 1266 cycles
Relaxing scrub interval from 1266 cycles to 1582 cycles
Relaxing scrub interval from 1582 cycles to 1977 cycles
Relaxing scrub interval from 1977 cycles to 2471 cycles
Relaxing scrub interval from 2471 cycles to 3088 cycles
Relaxing scrub interval from 3088 cycles to 3860 cycles
Relaxing scrub interval from 3860 cycles to 4825 cycles
Tightening scrub interval from 4825 cycles to 2412 cycles
Relaxing scrub interval from 2412 cycles to 3015 cycles
Relaxing scrub interval from 3015 cycles to 3768 cycles
Tightening scrub interval from 3768 cycles to 1884 cycles
Relaxing scrub interval from 1884 cycles to 2355 cycles
Tightening scrub interval from 2355 cycles to 1177 cycles
Relaxing scrub interval from 1177 cycles to 1471 cycles
Relaxing scrub interval from 1471 cycles to 1838 cycles
Relaxing scrub interval from 1838 cycles to 2297 cycles
Relaxing scrub interval from 2297 cycles to 2871 cycles
Relaxing scrub interval from 2871 cycles to 3588 cycles
Relaxing scrub interval from 3588 cycles to 4485 cycles
Relaxing scrub interval from 4485 cycles to 5606 cycles
Tightening scrub interval from 5606 cycles to 2803 cycles
Tightening scrub interval from 2803 cycles to 1401 cycles
Relaxing scrub interval from 1401 cycles to 1751 cycles
Tightening scrub interval from 1751 cycles to 875 cycles
Relaxing scrub interval from 875 cycles to 1093 cycles
Relaxing scrub interval from 1093 cycles to 1366 cycles
Relaxing scrub interval from 1366 cycles to 1707 cycles
Relaxing scrub interval from 1707 cycles to 2133 cycles
Relaxing scrub interval from 2133 cycles to 2666 cycles
Relaxing scrub interval from 2666 cycles to 3332 cycles
Tightening scrub interval from 3332 cycles to 1666 cycles
Relaxing scrub interval from 1666 cycles to 2082 cycles
Relaxing scrub interval from 2082 cycles to 2602 cycles
Tightening scrub interval from 2602 cycles to 1301 cycles
Relaxing scrub interval from 1301 cycles to 1626 cycles
Relaxing scrub interval from 1626 cycles to 2032 cycles
Relaxing scrub interval from 2032 cycles to 2540 cycles
Tightening scrub interval from 2540 cycles to 1270 cycles
Relaxing scrub interval from 1270 cycles to 1587 cycles
Relaxing scrub interval from 1587 cycles to 1983 cycles
Relaxing scrub interval from 1983 cycles to 2478 cycles
Relaxing scrub interval from 2478 cycles to 3097 cycles
Relaxing scrub interval from 3097 cycles to 3871 cycles
Relaxing scrub interval from 3871 cycles to 4838 cycles
Tightening scrub interval from 4838 cycles to 2419 cycles
Tightening scrub interval from 2419 cycles to 1209 cycles
Relaxing scrub interval from 1209 cycles to 1511 cycles
Relaxing scrub interval from 1511 cycles to 1888 cycles
Relaxing scrub interval from 1888 cycles to 2360 cycles
Tightening scrub interval from 2360 cycles to 1180 cycles
Relaxing scrub interval from 1180 cycles to 1475 cycles
Relaxing scrub interval from 1475 cycles to 1843 cycles
Relaxing scrub interval from 1843 cycles to 2303 cycles
Relaxing scrub interval from 2303 cycles to 2878 cycles
Relaxing scrub interval from 2878 cycles to 3597 cycles
Relaxing scrub interval from 3597 cycles to 4496 cycles
Relaxing scrub interval from 4496 cycles to 5620 cycles
Tightening scrub interval from 5620 cycles to 2810 cycles
Relaxing scrub interval from 2810 cycles to 3512 cycles
Relaxing scrub interval from 3512 cycles to 4390 cycles
Relaxing scrub interval from 4390 cycles to 5487 cycles
Relaxing scrub interval from 5487 cycles to 6858 cycles
Relaxing scrub interval from 6858 cycles to 8572 cycles
Tightening scrub interval from 8572 cycles to 4286 cycles
Relaxing scrub interval from 4286 cycles to 5357 cycles
Tightening scrub interval from 5357 cycles to 2678 cycles
Relaxing scrub interval from 2678 cycles to 3347 cycles
Tightening scrub interval from 3347 cycles to 1673 cycles
Tightening scrub interval from 1673 cycles to 836 cycles
Relaxing scrub interval from 836 cycles to 1045 cycles
Tightening scrub interval from 1045 cycles to 522 cycles
Relaxing scrub interval from 522 cycles to 652 cycles
Relaxing scrub interval from 652 cycles to 815 cycles
Relaxing scrub interval from 815 cycles to 1018 cycles
Relaxing scrub interval from 1018 cycles to 1272 cycles
Relaxing scrub interval from 1272 cycles to 1590 cycles
Relaxing scrub interval from 1590 cycles to 1987 cycles
Relaxing scrub interval from 1987 cycles to 2483 cycles
Relaxing scrub interval from 2483 cycles to 3103 cycles
Relaxing scrub interval from 3103 cycles to 3878 cycles
Relaxing scrub interval from 3878 cycles to 4847 cycles
Relaxing scrub interval from 4847 cycles to 6058 cycles
Relaxing scrub interval from 6058 cycles to 7572 cycles
Tightening scrub interval from 7572 cycles to 3786 cycles
Tightening scrub interval from 3786 cycles to 1893 cycles
Tightening scrub interval from 1893 cycles to 946 cycles
Relaxing scrub interval from 946 cycles to 1182 cycles
Relaxing scrub interval from 1182 cycles to 1477 cycles
Relaxing scrub interval from 1477 cycles to 1846 cycles
Relaxing scrub interval from 1846 cycles to 2307 cycles
Relaxing scrub interval from 2307 cycles to 2883 cycles
Relaxing scrub interval from 2883 cycles to 3603 cycles
Relaxing scrub interval from 3603 cycles to 4503 cycles
Relaxing scrub interval from 4503 cycles to 5628 cycles
Relaxing scrub interval from 5628 cycles to 7035 cycles
Tightening scrub interval from 7035 cycles to 3517 cycles
Relaxing scrub interval from 3517 cycles to 4396 cycles
Tightening scrub interval from 4396 cycles to 2198 cycles
Relaxing scrub interval from 2198 cycles to 2747 cycles
Relaxing scrub interval from 2747 cycles to 3433 cycles
Tightening scrub interval from 3433 cycles to 1716 cycles
Relaxing scrub interval from 1716 cycles to 2145 cycles
Relaxing scrub interval from 2145 cycles to 2681 cycles
Tightening scrub interval from 2681 cycles to 1340 cycles
Relaxing scrub interval from 1340 cycles to 1675 cycles
Relaxing scrub interval from 1675 cycles to 2093 cycles
Tightening scrub interval from 2093 cycles to 1046 cycles
Relaxing scrub interval from 1046 cycles to 1307 cycles
Relaxing scrub interval from 1307 cycles to 1633 cycles
Relaxing scrub interval from 1633 cycles to 2041 cycles
Relaxing scrub interval from 2041 cycles to 2551 cycles
Relaxing scrub interval from 2551 cycles to 3188 cycles
Tightening scrub interval from 3188 cycles to 1594 cycles
Relaxing scrub interval from 1594 cycles to 1992 cycles
Relaxing scrub interval from 1992 cycles to 2490 cycles
Tightening scrub interval from 2490 cycles to 1245 cycles
Relaxing scrub interval from 1245 cycles to 1556 cycles
Relaxing scrub interval from 1556 cycles to 1945 cycles
Relaxing scrub interval from 1945 cycles to 2431 cycles
Relaxing scrub interval from 2431 cycles to 3038 cycles
Relaxing scrub interval from 3038 cycles to 3797 cycles
Tightening scrub interval from 3797 cycles to 1898 cycles
Relaxing scrub interval from 1898 cycles to 2372 cycles
Relaxing scrub interval from 2372 cycles to 2965 cycles
Relaxing scrub interval from 2965 cycles to 3706 cycles
Tightening scrub interval from 3706 cycles to 1853 cycles
Relaxing scrub interval from 1853 cycles to 2316 cycles
Relaxing scrub interval from 2316 cycles to 2895 cycles
Relaxing scrub interval from 2895 cycles to 3618 cycles
Relaxing scrub interval from 3618 cycles to 4522 cycles
Relaxing scrub interval from 4522 cycles to 5652 cycles
Tightening scrub interval from 5652 cycles to 2826 cycles
Relaxing scrub interval from 2826 cycles to 3532 cycles
Tightening scrub interval from 3532 cycles to 1766 cycles
Tightening scrub interval from 1766 cycles to 883 cycles
Relaxing scrub interval from 883 cycles to 1103 cycles
Relaxing scrub interval from 1103 cycles to 1378 cycles
Relaxing scrub interval from 1378 cycles to 1722 cycles
Relaxing scrub interval from 1722 cycles to 2152 cycles
Relaxing scrub interval from 2152 cycles to 2690 cycles
Relaxing scrub interval from 2690 cycles to 3362 cycles
Relaxing scrub interval from 3362 cycles to 4202 cycles
Relaxing scrub interval from 4202 cycles to 5252 cycles
Relaxing scrub interval from 5252 cycles to 6565 cycles
Relaxing scrub interval from 6565 cycles to 8206 cycles
Relaxing scrub interval from 8206 cycles to 10257 cycles
