warn: No dot file generated. Please install pydot to generate the dot file and pdf.
Scrubbing enabled with adaptive interval starting at 10 cycles, tightening factor 2, relax factor 1.25
src/arch/riscv/isa.cc:275: info: RVV enabled, VLEN = 256 bits, ELEN = 64 bits
src/arch/riscv/linux/se_workload.cc:60: warn: Unknown operating system; assuming Linux.
src/base/statistics.hh:279: warn: One of the stats is a legacy stat. Legacy stat is a stat that does not belong to any statistics::Group. Legacy stat is deprecated.
src/base/remote_gdb.cc:418: warn: Sockets disabled, not accepting gdb connections
src/sim/simulate.cc:199: info: Entering event queue @ 0.  Starting simulation...
Relaxing scrub interval from 10 cycles to 12 cycles
Relaxing scrub interval from 12 cycles to 15 cycles
Relaxing scrub interval from 15 cycles to 18 cycles
Relaxing scrub interval from 18 cycles to 22 cycles
Relaxing scrub interval from 22 cycles to 27 cycles
Relaxing scrub interval from 27 cycles to 33 cycles
Relaxing scrub interval from 33 cycles to 41 cycles
Relaxing scrub interval from 41 cycles to 51 cycles
Relaxing scrub interval from 51 cycles to 63 cycles
Relaxing scrub interval from 63 cycles to 78 cycles
Relaxing scrub interval from 78 cycles to 97 cycles
Relaxing scrub interval from 97 cycles to 121 cycles
Relaxing scrub interval from 121 cycles to 151 cycles
Relaxing scrub interval from 151 cycles to 188 cycles
Relaxing scrub interval from 188 cycles to 235 cycles
Relaxing scrub interval from 235 cycles to 293 cycles
Relaxing scrub interval from 293 cycles to 366 cycles
Relaxing scrub interval from 366 cycles to 457 cycles
Relaxing scrub interval from 457 cycles to 571 cycles
Relaxing scrub interval from 571 cycles to 713 cycles
Relaxing scrub interval from 713 cycles to 891 cycles
Relaxing scrub interval from 891 cycles to 1113 cycles
Relaxing scrub interval from 1113 cycles to 1391 cycles
Relaxing scrub interval from 1391 cycles to 1738 cycles
Relaxing scrub interval from 1738 cycles to 2172 cycles
Relaxing scrub interval from 2172 cycles to 2715 cycles
Relaxing scrub interval from 2715 cycles to 3393 cycles
Relaxing scrub interval from 3393 cycles to 4241 cycles
Relaxing scrub interval from 4241 cycles to 5301 cycles
Relaxing scrub interval from 5301 cycles to 6626 cycles
Relaxing scrub interval from 6626 cycles to 8282 cycles
Relaxing scrub interval from 8282 cycles to 10352 cycles
Relaxing scrub interval from 10352 cycles to 12940 cycles
Relaxing scrub interval from 12940 cycles to 16175 cycles
Tightening scrub interval from 16175 cycles to 8087 cycles
Relaxing scrub interval from 8087 cycles to 10108 cycles
Tightening scrub interval from 10108 cycles to 5054 cycles
Relaxing scrub interval from 5054 cycles to 6317 cycles
Tightening scrub interval from 6317 cycles to 3158 cycles
Relaxing scrub interval from 3158 cycles to 3947 cycles
Tightening scrub interval from 3947 cycles to 1973 cycles
Relaxing scrub interval from 1973 cycles to 2466 cycles
Relaxing scrub interval from 2466 cycles to 3082 cycles
Tightening scrub interval from 3082 cycles to 1541 cycles
Relaxing scrub interval from 1541 cycles to 1926 cycles
Relaxing scrub interval from 1926 cycles to 2407 cycles
Relaxing scrub interval from 2407 cycles to 3008 cycles
Relaxing scrub interval from 3008 cycles to 3760 cycles
Relaxing scrub interval from 3760 cycles to 4700 cycles
Relaxing scrub interval from 4700 cycles to 5875 cycles
Tightening scrub interval from 5875 cycles to 2937 cycles
Tightening scrub interval from 2937 cycles to 1468 cycles
Relaxing scrub interval from 1468 cycles to 1835 cycles
Relaxing scrub interval from 1835 cycles to 2293 cycles
Relaxing scrub interval from 2293 cycles to 2866 cycles
Relaxing scrub interval from 2866 cycles to 3582 cycles
Tightening scrub interval from 3582 cycles to 1791 cycles
Relaxing scrub interval from 1791 cycles to 2238 cycles
Relaxing scrub interval from 2238 cycles to 2797 cycles
Tightening scrub interval from 2797 cycles to 1398 cycles
Relaxing scrub interval from 1398 cycles to 1747 cycles
Relaxing scrub interval from 1747 cycles to 2183 cycles
Relaxing scrub interval from 2183 cycles to 2728 cycles
Relaxing scrub interval from 2728 cycles to 3410 cycles
Tightening scrub interval from 3410 cycles to 1705 cycles
Tightening scrub interval from 1705 cycles to 852 cycles
Relaxing scrub interval from 852 cycles to 1065 cycles
Tightening scrub interval from 1065 cycles to 532 cycles
Relaxing scrub interval from 532 cycles to 665 cycles
Relaxing scrub interval from 665 cycles to 831 cycles
Relaxing scrub interval from 831 cycles to 1038 cycles
Tightening scrub interval from 1038 cycles to 519 cycles
Relaxing scrub interval from 519 cycles to 648 cycles
Relaxing scrub interval from 648 cycles to 810 cycles
Relaxing scrub interval from 810 cycles to 1012 cycles
Relaxing scrub interval from 1012 cycles to 1265 cycles
Relaxing scrub interval from 1265 cycles to 1581 cycles
Relaxing scrub interval from 1581 cycles to 1976 cycles
Relaxing scrub interval from 1976 cycles to 2470 cycles
Relaxing scrub interval from 2470 cycles to 3087 cycles
Relaxing scrub interval from 3087 cycles to 3858 cycles
Tightening scrub interval from 3858 cycles to 1929 cycles
Relaxing scrub interval from 1929 cycles to 2411 cycles
Relaxing scrub interval from 2411 cycles to 3013 cycles
Tightening scrub interval from 3013 cycles to 1506 cycles
Relaxing scrub interval from 1506 cycles to 1882 cycles
Relaxing scrub interval from 1882 cycles to 2352 cycles
Relaxing scrub interval from 2352 cycles to 2940 cycles
Relaxing scrub interval from 2940 cycles to 3675 cycles
Relaxing scrub interval from 3675 cycles to 4593 cycles
Relaxing scrub interval from 4593 cycles to 5741 cycles
Relaxing scrub interval from 5741 cycles to 7176 cycles
Tightening scrub interval from 7176 cycles to 3588 cycles
Relaxing scrub interval from 3588 cycles to 4485 cycles
Relaxing scrub interval from 4485 cycles to 5606 cycles
Tightening scrub interval from 5606 cycles to 2803 cycles
Tightening scrub interval from 2803 cycles to 1401 cycles
Relaxing scrub interval from 1401 cycles to 1751 cycles
Relaxing scrub interval from 1751 cycles to 2188 cycles
Relaxing scrub interval from 2188 cycles to 2735 cycles
Tightening scrub interval from 2735 cycles to 1367 cycles
Relaxing scrub interval from 1367 cycles to 1708 cycles
Relaxing scrub interval from 1708 cycles to 2135 cycles
Relaxing scrub interval from 2135 cycles to 2668 cycles
Relaxing scrub interval from 2668 cycles to 3335 cycles
Relaxing scrub interval from 3335 cycles to 4168 cycles
Relaxing scrub interval from 4168 cycles to 5210 cycles
Tightening scrub interval from 5210 cycles to 2605 cycles
Relaxing scrub interval from 2605 cycles to 3256 cycles
Relaxing scrub interval from 3256 cycles to 4070 cycles
Tightening scrub interval from 4070 cycles to 2035 cycles
Relaxing scrub interval from 2035 cycles to 2543 cycles
Relaxing scrub interval from 2543 cycles to 3178 cycles
Tightening scrub interval from 3178 cycles to 1589 cycles
Relaxing scrub interval from 1589 cycles to 1986 cycles
Relaxing scrub interval from 1986 cycles to 2482 cycles
Relaxing scrub interval from 2482 cycles to 3102 cycles
Relaxing scrub interval from 3102 cycles to 3877 cycles
Tightening scrub interval from 3877 cycles to 1938 cycles
Relaxing scrub interval from 1938 cycles to 2422 cycles
Relaxing scrub interval from 2422 cycles to 3027 cycles
Tightening scrub interval from 3027 cycles to 1513 cycles
Relaxing scrub interval from 1513 cycles to 1891 cycles
Relaxing scrub interval from 1891 cycles to 2363 cycles
Tightening scrub interval from 2363 cycles to 1181 cycles
Tightening scrub interval from 1181 cycles to 590 cycles
Tightening scrub interval from 590 cycles to 295 cycles
Relaxing scrub interval from 295 cycles to 368 cycles
Relaxing scrub interval from 368 cycles to 460 cycles
Relaxing scrub interval from 460 cycles to 575 cycles
Relaxing scrub interval from 575 cycles to 718 cycles
Tightening scrub interval from 718 cycles to 359 cycles
Relaxing scrub interval from 359 cycles to 448 cycles
Relaxing scrub interval from 448 cycles to 560 cycles
Relaxing scrub interval from 560 cycles to 700 cycles
Relaxing scrub interval from 700 cycles to 875 cycles
Relaxing scrub interval from 875 cycles to 1093 cycles
Relaxing scrub interval from 1093 cycles to 1366 cycles
Relaxing scrub interval from 1366 cycles to 1707 cycles
Tightening scrub interval from 1707 cycles to 853 cycles
Relaxing scrub interval from 853 cycles to 1066 cycles
Relaxing scrub interval from 1066 cycles to 1332 cycles
Tightening scrub interval from 1332 cycles to 666 cycles
Relaxing scrub interval from 666 cycles to 832 cycles
