warn: No dot file generated. Please install pydot to generate the dot file and pdf.
Scrubbing enabled with adaptive interval starting at 10 cycles, tightening factor 2, relax factor 1.25
src/arch/riscv/isa.cc:275: info: RVV enabled, VLEN = 256 bits, ELEN = 64 bits
src/arch/riscv/linux/se_workload.cc:60: warn: Unknown operating system; assuming Linux.
src/base/statistics.hh:279: warn: One of the stats is a legacy stat. Legacy stat is a stat that does not belong to any statistics::Group. Legacy stat is deprecated.
src/base/remote_gdb.cc:418: warn: Sockets disabled, not accepting gdb connections
src/sim/simulate.cc:199: info: Entering event queue @ 0.  Starting simulation...
Relaxing scrub interval from 10 cycles to 12 cycles
Relaxing scrub interval from 12 cycles to 15 cycles
Relaxing scrub interval from 15 cycles to 18 cycles
Relaxing scrub interval from 18 cycles to 22 cycles
Relaxing scrub interval from 22 cycles to 27 cycles
Relaxing scrub interval from 27 cycles to 33 cycles
Relaxing scrub interval from 33 cycles to 41 cycles
Relaxing scrub interval from 41 cycles to 51 cycles
Relaxing scrub interval from 51 cycles to 63 cycles
Relaxing scrub interval from 63 cycles to 78 cycles
Relaxing scrub interval from 78 cycles to 97 cycles
Relaxing scrub interval from 97 cycles to 121 cycles
Relaxing scrub interval from 121 cycles to 151 cycles
Relaxing scrub interval from 151 cycles to 188 cycles
Relaxing scrub interval from 188 cycles to 235 cycles
Relaxing scrub interval from 235 cycles to 293 cycles
Relaxing scrub interval from 293 cycles to 366 cycles
Relaxing scrub interval from 366 cycles to 457 cycles
Relaxing scrub interval from 457 cycles to 571 cycles
Relaxing scrub interval from 571 cycles to 713 cycles
Relaxing scrub interval from 713 cycles to 891 cycles
Relaxing scrub interval from 891 cycles to 1113 cycles
Relaxing scrub interval from 1113 cycles to 1391 cycles
Relaxing scrub interval from 1391 cycles to 1738 cycles
Relaxing scrub interval from 1738 cycles to 2172 cycles
Relaxing scrub interval from 2172 cycles to 2715 cycles
Relaxing scrub interval from 2715 cycles to 3393 cycles
Relaxing scrub interval from 3393 cycles to 4241 cycles
Relaxing scrub interval from 4241 cycles to 5301 cycles
Relaxing scrub interval from 5301 cycles to 6626 cycles
Relaxing scrub interval from 6626 cycles to 8282 cycles
Relaxing scrub interval from 8282 cycles to 10352 cycles
Relaxing scrub interval from 10352 cycles to 12940 cycles
Tightening scrub interval from 12940 cycles to 6470 cycles
Tightening scrub interval from 6470 cycles to 3235 cycles
Relaxing scrub interval from 3235 cycles to 4043 cycles
Relaxing scrub interval from 4043 cycles to 5053 cycles
Relaxing scrub interval from 5053 cycles to 6316 cycles
Tightening scrub interval from 6316 cycles to 3158 cycles
Tightening scrub interval from 3158 cycles to 1579 cycles
Tightening scrub interval from 1579 cycles to 789 cycles
Relaxing scrub interval from 789 cycles to 986 cycles
Relaxing scrub interval from 986 cycles to 1232 cycles
Relaxing scrub interval from 1232 cycles to 1540 cycles
Relaxing scrub interval from 1540 cycles to 1925 cycles
Relaxing scrub interval from 1925 cycles to 2406 cycles
Relaxing scrub interval from 2406 cycles to 3007 cycles
Relaxing scrub interval from 3007 cycles to 3758 cycles
Relaxing scrub interval from 3758 cycles to 4697 cycles
Tightening scrub interval from 4697 cycles to 2348 cycles
Relaxing scrub interval from 2348 cycles to 2935 cycles
Tightening scrub interval from 2935 cycles to 1467 cycles
Relaxing scrub interval from 1467 cycles to 1833 cycles
Relaxing scrub interval from 1833 cycles to 2291 cycles
Relaxing scrub interval from 2291 cycles to 2863 cycles
Relaxing scrub interval from 2863 cycles to 3578 cycles
Relaxing scrub interval from 3578 cycles to 4472 cycles
Tightening scrub interval from 4472 cycles to 2236 cycles
Relaxing scrub interval from 2236 cycles to 2795 cycles
Relaxing scrub interval from 2795 cycles to 3493 cycles
Relaxing scrub interval from 3493 cycles to 4366 cycles
Relaxing scrub interval from 4366 cycles to 5457 cycles
Relaxing scrub interval from 5457 cycles to 6821 cycles
Tightening scrub interval from 6821 cycles to 3410 cycles
Relaxing scrub interval from 3410 cycles to 4262 cycles
Relaxing scrub interval from 4262 cycles to 5327 cycles
Tightening scrub interval from 5327 cycles to 2663 cycles
Relaxing scrub interval from 2663 cycles to 3328 cycles
Tightening scrub interval from 3328 cycles to 1664 cycles
Relaxing scrub interval from 1664 cycles to 2080 cycles
Tightening scrub interval from 2080 cycles to 1040 cycles
Tightening scrub interval from 1040 cycles to 520 cycles
Relaxing scrub interval from 520 cycles to 650 cycles
Relaxing scrub interval from 650 cycles to 812 cycles
Relaxing scrub interval from 812 cycles to 1015 cycles
Tightening scrub interval from 1015 cycles to 507 cycles
Relaxing scrub interval from 507 cycles to 633 cycles
Relaxing scrub interval from 633 cycles to 791 cycles
Relaxing scrub interval from 791 cycles to 988 cycles
Relaxing scrub interval from 988 cycles to 1235 cycles
Relaxing scrub interval from 1235 cycles to 1543 cycles
Relaxing scrub interval from 1543 cycles to 1928 cycles
Relaxing scrub interval from 1928 cycles to 2410 cycles
Relaxing scrub interval from 2410 cycles to 3012 cycles
Relaxing scrub interval from 3012 cycles to 3765 cycles
Relaxing scrub interval from 3765 cycles to 4706 cycles
Relaxing scrub interval from 4706 cycles to 5882 cycles
Tightening scrub interval from 5882 cycles to 2941 cycles
Relaxing scrub interval from 2941 cycles to 3676 cycles
Relaxing scrub interval from 3676 cycles to 4595 cycles
Relaxing scrub interval from 4595 cycles to 5743 cycles
Tightening scrub interval from 5743 cycles to 2871 cycles
Relaxing scrub interval from 2871 cycles to 3588 cycles
Relaxing scrub interval from 3588 cycles to 4485 cycles
Relaxing scrub interval from 4485 cycles to 5606 cycles
Tightening scrub interval from 5606 cycles to 2803 cycles
Relaxing scrub interval from 2803 cycles to 3503 cycles
Relaxing scrub interval from 3503 cycles to 4378 cycles
Tightening scrub interval from 4378 cycles to 2189 cycles
Relaxing scrub interval from 2189 cycles to 2736 cycles
Relaxing scrub interval from 2736 cycles to 3420 cycles
Relaxing scrub interval from 3420 cycles to 4275 cycles
Tightening scrub interval from 4275 cycles to 2137 cycles
Relaxing scrub interval from 2137 cycles to 2671 cycles
Tightening scrub interval from 2671 cycles to 1335 cycles
Relaxing scrub interval from 1335 cycles to 1668 cycles
Relaxing scrub interval from 1668 cycles to 2085 cycles
Relaxing scrub interval from 2085 cycles to 2606 cycles
Tightening scrub interval from 2606 cycles to 1303 cycles
Tightening scrub interval from 1303 cycles to 651 cycles
Relaxing scrub interval from 651 cycles to 813 cycles
Relaxing scrub interval from 813 cycles to 1016 cycles
Relaxing scrub interval from 1016 cycles to 1270 cycles
Relaxing scrub interval from 1270 cycles to 1587 cycles
Relaxing scrub interval from 1587 cycles to 1983 cycles
Relaxing scrub interval from 1983 cycles to 2478 cycles
Relaxing scrub interval from 2478 cycles to 3097 cycles
Relaxing scrub interval from 3097 cycles to 3871 cycles
Relaxing scrub interval from 3871 cycles to 4838 cycles
Tightening scrub interval from 4838 cycles to 2419 cycles
Relaxing scrub interval from 2419 cycles to 3023 cycles
Relaxing scrub interval from 3023 cycles to 3778 cycles
Relaxing scrub interval from 3778 cycles to 4722 cycles
Relaxing scrub interval from 4722 cycles to 5902 cycles
Tightening scrub interval from 5902 cycles to 2951 cycles
Relaxing scrub interval from 2951 cycles to 3688 cycles
Tightening scrub interval from 3688 cycles to 1844 cycles
Relaxing scrub interval from 1844 cycles to 2305 cycles
Relaxing scrub interval from 2305 cycles to 2881 cycles
Relaxing scrub interval from 2881 cycles to 3601 cycles
Relaxing scrub interval from 3601 cycles to 4501 cycles
