warn: No dot file generated. Please install pydot to generate the dot file and pdf.
Scrubbing enabled with adaptive interval starting at 10 cycles, tightening factor 2, relax factor 1.25
src/arch/riscv/isa.cc:275: info: RVV enabled, VLEN = 256 bits, ELEN = 64 bits
src/arch/riscv/linux/se_workload.cc:60: warn: Unknown operating system; assuming Linux.
src/base/statistics.hh:279: warn: One of the stats is a legacy stat. Legacy stat is a stat that does not belong to any statistics::Group. Legacy stat is deprecated.
src/base/remote_gdb.cc:418: warn: Sockets disabled, not accepting gdb connections
src/sim/simulate.cc:199: info: Entering event queue @ 0.  Starting simulation...
Relaxing sdfsdfsdfdsfdfsdfsdfsdscrub interval from 10 cycles to 12 cycles
Relaxing sdfsdfsdfdsfdfsdfsdfsdscrub interval from 12 cycles to 15 cycles
Relaxing sdfsdfsdfdsfdfsdfsdfsdscrub interval from 15 cycles to 18 cycles
Relaxing sdfsdfsdfdsfdfsdfsdfsdscrub interval from 18 cycles to 22 cycles
Relaxing sdfsdfsdfdsfdfsdfsdfsdscrub interval from 22 cycles to 27 cycles
Relaxing sdfsdfsdfdsfdfsdfsdfsdscrub interval from 27 cycles to 33 cycles
Relaxing sdfsdfsdfdsfdfsdfsdfsdscrub interval from 33 cycles to 41 cycles
Relaxing sdfsdfsdfdsfdfsdfsdfsdscrub interval from 41 cycles to 51 cycles
Relaxing sdfsdfsdfdsfdfsdfsdfsdscrub interval from 51 cycles to 63 cycles
Relaxing sdfsdfsdfdsfdfsdfsdfsdscrub interval from 63 cycles to 78 cycles
Relaxing sdfsdfsdfdsfdfsdfsdfsdscrub interval from 78 cycles to 97 cycles
Relaxing sdfsdfsdfdsfdfsdfsdfsdscrub interval from 97 cycles to 121 cycles
Relaxing sdfsdfsdfdsfdfsdfsdfsdscrub interval from 121 cycles to 151 cycles
Relaxing sdfsdfsdfdsfdfsdfsdfsdscrub interval from 151 cycles to 188 cycles
Relaxing sdfsdfsdfdsfdfsdfsdfsdscrub interval from 188 cycles to 235 cycles
Relaxing sdfsdfsdfdsfdfsdfsdfsdscrub interval from 235 cycles to 293 cycles
Relaxing sdfsdfsdfdsfdfsdfsdfsdscrub interval from 293 cycles to 366 cycles
Relaxing sdfsdfsdfdsfdfsdfsdfsdscrub interval from 366 cycles to 457 cycles
Relaxing sdfsdfsdfdsfdfsdfsdfsdscrub interval from 457 cycles to 571 cycles
Relaxing sdfsdfsdfdsfdfsdfsdfsdscrub interval from 571 cycles to 713 cycles
Relaxing sdfsdfsdfdsfdfsdfsdfsdscrub interval from 713 cycles to 891 cycles
Relaxing sdfsdfsdfdsfdfsdfsdfsdscrub interval from 891 cycles to 1113 cycles
Relaxing sdfsdfsdfdsfdfsdfsdfsdscrub interval from 1113 cycles to 1391 cycles
Relaxing sdfsdfsdfdsfdfsdfsdfsdscrub interval from 1391 cycles to 1738 cycles
Relaxing sdfsdfsdfdsfdfsdfsdfsdscrub interval from 1738 cycles to 2172 cycles
Relaxing sdfsdfsdfdsfdfsdfsdfsdscrub interval from 2172 cycles to 2715 cycles
Relaxing sdfsdfsdfdsfdfsdfsdfsdscrub interval from 2715 cycles to 3393 cycles
Relaxing sdfsdfsdfdsfdfsdfsdfsdscrub interval from 3393 cycles to 4241 cycles
Relaxing sdfsdfsdfdsfdfsdfsdfsdscrub interval from 4241 cycles to 5301 cycles
Relaxing sdfsdfsdfdsfdfsdfsdfsdscrub interval from 5301 cycles to 6626 cycles
Relaxing sdfsdfsdfdsfdfsdfsdfsdscrub interval from 6626 cycles to 8282 cycles
Relaxing sdfsdfsdfdsfdfsdfsdfsdscrub interval from 8282 cycles to 10352 cycles
Relaxing sdfsdfsdfdsfdfsdfsdfsdscrub interval from 10352 cycles to 12940 cycles
Relaxing sdfsdfsdfdsfdfsdfsdfsdscrub interval from 12940 cycles to 16175 cycles
Tightening scrub interval from 16175 cycles to 8087 cycles
Tightening scrub interval from 8087 cycles to 4043 cycles
Relaxing sdfsdfsdfdsfdfsdfsdfsdscrub interval from 4043 cycles to 5053 cycles
Relaxing sdfsdfsdfdsfdfsdfsdfsdscrub interval from 5053 cycles to 6316 cycles
Relaxing sdfsdfsdfdsfdfsdfsdfsdscrub interval from 6316 cycles to 7895 cycles
Relaxing sdfsdfsdfdsfdfsdfsdfsdscrub interval from 7895 cycles to 9868 cycles
Tightening scrub interval from 9868 cycles to 4934 cycles
Tightening scrub interval from 4934 cycles to 2467 cycles
Relaxing sdfsdfsdfdsfdfsdfsdfsdscrub interval from 2467 cycles to 3083 cycles
Relaxing sdfsdfsdfdsfdfsdfsdfsdscrub interval from 3083 cycles to 3853 cycles
Relaxing sdfsdfsdfdsfdfsdfsdfsdscrub interval from 3853 cycles to 4816 cycles
Tightening scrub interval from 4816 cycles to 2408 cycles
Relaxing sdfsdfsdfdsfdfsdfsdfsdscrub interval from 2408 cycles to 3010 cycles
Tightening scrub interval from 3010 cycles to 1505 cycles
Tightening scrub interval from 1505 cycles to 752 cycles
Relaxing sdfsdfsdfdsfdfsdfsdfsdscrub interval from 752 cycles to 940 cycles
Relaxing sdfsdfsdfdsfdfsdfsdfsdscrub interval from 940 cycles to 1175 cycles
Relaxing sdfsdfsdfdsfdfsdfsdfsdscrub interval from 1175 cycles to 1468 cycles
Tightening scrub interval from 1468 cycles to 734 cycles
Tightening scrub interval from 734 cycles to 367 cycles
Relaxing sdfsdfsdfdsfdfsdfsdfsdscrub interval from 367 cycles to 458 cycles
Relaxing sdfsdfsdfdsfdfsdfsdfsdscrub interval from 458 cycles to 572 cycles
Tightening scrub interval from 572 cycles to 286 cycles
Relaxing sdfsdfsdfdsfdfsdfsdfsdscrub interval from 286 cycles to 357 cycles
Relaxing sdfsdfsdfdsfdfsdfsdfsdscrub interval from 357 cycles to 446 cycles
Relaxing sdfsdfsdfdsfdfsdfsdfsdscrub interval from 446 cycles to 557 cycles
Relaxing sdfsdfsdfdsfdfsdfsdfsdscrub interval from 557 cycles to 696 cycles
Relaxing sdfsdfsdfdsfdfsdfsdfsdscrub interval from 696 cycles to 870 cycles
Relaxing sdfsdfsdfdsfdfsdfsdfsdscrub interval from 870 cycles to 1087 cycles
Relaxing sdfsdfsdfdsfdfsdfsdfsdscrub interval from 1087 cycles to 1358 cycles
Relaxing sdfsdfsdfdsfdfsdfsdfsdscrub interval from 1358 cycles to 1697 cycles
Relaxing sdfsdfsdfdsfdfsdfsdfsdscrub interval from 1697 cycles to 2121 cycles
Relaxing sdfsdfsdfdsfdfsdfsdfsdscrub interval from 2121 cycles to 2651 cycles
Tightening scrub interval from 2651 cycles to 1325 cycles
Relaxing sdfsdfsdfdsfdfsdfsdfsdscrub interval from 1325 cycles to 1656 cycles
Relaxing sdfsdfsdfdsfdfsdfsdfsdscrub interval from 1656 cycles to 2070 cycles
Relaxing sdfsdfsdfdsfdfsdfsdfsdscrub interval from 2070 cycles to 2587 cycles
Relaxing sdfsdfsdfdsfdfsdfsdfsdscrub interval from 2587 cycles to 3233 cycles
Relaxing sdfsdfsdfdsfdfsdfsdfsdscrub interval from 3233 cycles to 4041 cycles
Relaxing sdfsdfsdfdsfdfsdfsdfsdscrub interval from 4041 cycles to 5051 cycles
Tightening scrub interval from 5051 cycles to 2525 cycles
Relaxing sdfsdfsdfdsfdfsdfsdfsdscrub interval from 2525 cycles to 3156 cycles
Relaxing sdfsdfsdfdsfdfsdfsdfsdscrub interval from 3156 cycles to 3945 cycles
Tightening scrub interval from 3945 cycles to 1972 cycles
Relaxing sdfsdfsdfdsfdfsdfsdfsdscrub interval from 1972 cycles to 2465 cycles
Relaxing sdfsdfsdfdsfdfsdfsdfsdscrub interval from 2465 cycles to 3081 cycles
Relaxing sdfsdfsdfdsfdfsdfsdfsdscrub interval from 3081 cycles to 3851 cycles
Relaxing sdfsdfsdfdsfdfsdfsdfsdscrub interval from 3851 cycles to 4813 cycles
Relaxing sdfsdfsdfdsfdfsdfsdfsdscrub interval from 4813 cycles to 6016 cycles
Relaxing sdfsdfsdfdsfdfsdfsdfsdscrub interval from 6016 cycles to 7520 cycles
Tightening scrub interval from 7520 cycles to 3760 cycles
Relaxing sdfsdfsdfdsfdfsdfsdfsdscrub interval from 3760 cycles to 4700 cycles
Relaxing sdfsdfsdfdsfdfsdfsdfsdscrub interval from 4700 cycles to 5875 cycles
Relaxing sdfsdfsdfdsfdfsdfsdfsdscrub interval from 5875 cycles to 7343 cycles
Tightening scrub interval from 7343 cycles to 3671 cycles
Relaxing sdfsdfsdfdsfdfsdfsdfsdscrub interval from 3671 cycles to 4588 cycles
Relaxing sdfsdfsdfdsfdfsdfsdfsdscrub interval from 4588 cycles to 5735 cycles
Relaxing sdfsdfsdfdsfdfsdfsdfsdscrub interval from 5735 cycles to 7168 cycles
Tightening scrub interval from 7168 cycles to 3584 cycles
Relaxing sdfsdfsdfdsfdfsdfsdfsdscrub interval from 3584 cycles to 4480 cycles
Tightening scrub interval from 4480 cycles to 2240 cycles
Relaxing sdfsdfsdfdsfdfsdfsdfsdscrub interval from 2240 cycles to 2800 cycles
Relaxing sdfsdfsdfdsfdfsdfsdfsdscrub interval from 2800 cycles to 3500 cycles
Tightening scrub interval from 3500 cycles to 1750 cycles
Relaxing sdfsdfsdfdsfdfsdfsdfsdscrub interval from 1750 cycles to 2187 cycles
Tightening scrub interval from 2187 cycles to 1093 cycles
Relaxing sdfsdfsdfdsfdfsdfsdfsdscrub interval from 1093 cycles to 1366 cycles
Relaxing sdfsdfsdfdsfdfsdfsdfsdscrub interval from 1366 cycles to 1707 cycles
Relaxing sdfsdfsdfdsfdfsdfsdfsdscrub interval from 1707 cycles to 2133 cycles
Tightening scrub interval from 2133 cycles to 1066 cycles
Relaxing sdfsdfsdfdsfdfsdfsdfsdscrub interval from 1066 cycles to 1332 cycles
Tightening scrub interval from 1332 cycles to 666 cycles
Relaxing sdfsdfsdfdsfdfsdfsdfsdscrub interval from 666 cycles to 832 cycles
Relaxing sdfsdfsdfdsfdfsdfsdfsdscrub interval from 832 cycles to 1040 cycles
Relaxing sdfsdfsdfdsfdfsdfsdfsdscrub interval from 1040 cycles to 1300 cycles
Relaxing sdfsdfsdfdsfdfsdfsdfsdscrub interval from 1300 cycles to 1625 cycles
Relaxing sdfsdfsdfdsfdfsdfsdfsdscrub interval from 1625 cycles to 2031 cycles
Relaxing sdfsdfsdfdsfdfsdfsdfsdscrub interval from 2031 cycles to 2538 cycles
Tightening scrub interval from 2538 cycles to 1269 cycles
Relaxing sdfsdfsdfdsfdfsdfsdfsdscrub interval from 1269 cycles to 1586 cycles
Tightening scrub interval from 1586 cycles to 793 cycles
Relaxing sdfsdfsdfdsfdfsdfsdfsdscrub interval from 793 cycles to 991 cycles
Tightening scrub interval from 991 cycles to 495 cycles
Relaxing sdfsdfsdfdsfdfsdfsdfsdscrub interval from 495 cycles to 618 cycles
Tightening scrub interval from 618 cycles to 309 cycles
Relaxing sdfsdfsdfdsfdfsdfsdfsdscrub interval from 309 cycles to 386 cycles
Relaxing sdfsdfsdfdsfdfsdfsdfsdscrub interval from 386 cycles to 482 cycles
Relaxing sdfsdfsdfdsfdfsdfsdfsdscrub interval from 482 cycles to 602 cycles
Relaxing sdfsdfsdfdsfdfsdfsdfsdscrub interval from 602 cycles to 752 cycles
Relaxing sdfsdfsdfdsfdfsdfsdfsdscrub interval from 752 cycles to 940 cycles
Relaxing sdfsdfsdfdsfdfsdfsdfsdscrub interval from 940 cycles to 1175 cycles
Relaxing sdfsdfsdfdsfdfsdfsdfsdscrub interval from 1175 cycles to 1468 cycles
Relaxing sdfsdfsdfdsfdfsdfsdfsdscrub interval from 1468 cycles to 1835 cycles
Relaxing sdfsdfsdfdsfdfsdfsdfsdscrub interval from 1835 cycles to 2293 cycles
Relaxing sdfsdfsdfdsfdfsdfsdfsdscrub interval from 2293 cycles to 2866 cycles
Tightening scrub interval from 2866 cycles to 1433 cycles
Relaxing sdfsdfsdfdsfdfsdfsdfsdscrub interval from 1433 cycles to 1791 cycles
Relaxing sdfsdfsdfdsfdfsdfsdfsdscrub interval from 1791 cycles to 2238 cycles
Relaxing sdfsdfsdfdsfdfsdfsdfsdscrub interval from 2238 cycles to 2797 cycles
Relaxing sdfsdfsdfdsfdfsdfsdfsdscrub interval from 2797 cycles to 3496 cycles
Relaxing sdfsdfsdfdsfdfsdfsdfsdscrub interval from 3496 cycles to 4370 cycles
Relaxing sdfsdfsdfdsfdfsdfsdfsdscrub interval from 4370 cycles to 5462 cycles
