warn: No dot file generated. Please install pydot to generate the dot file and pdf.
Scrubbing enabled with adaptive interval starting at 10 cycles, tightening factor 2, relax factor 1.25
src/arch/riscv/isa.cc:275: info: RVV enabled, VLEN = 256 bits, ELEN = 64 bits
src/arch/riscv/linux/se_workload.cc:60: warn: Unknown operating system; assuming Linux.
src/base/statistics.hh:279: warn: One of the stats is a legacy stat. Legacy stat is a stat that does not belong to any statistics::Group. Legacy stat is deprecated.
src/base/remote_gdb.cc:418: warn: Sockets disabled, not accepting gdb connections
src/sim/simulate.cc:199: info: Entering event queue @ 0.  Starting simulation...
Relaxing scrub interval from 10 cycles to 12 cycles
Relaxing scrub interval from 12 cycles to 15 cycles
Relaxing scrub interval from 15 cycles to 18 cycles
Relaxing scrub interval from 18 cycles to 22 cycles
Relaxing scrub interval from 22 cycles to 27 cycles
Relaxing scrub interval from 27 cycles to 33 cycles
Relaxing scrub interval from 33 cycles to 41 cycles
Relaxing scrub interval from 41 cycles to 51 cycles
Relaxing scrub interval from 51 cycles to 63 cycles
Relaxing scrub interval from 63 cycles to 78 cycles
Relaxing scrub interval from 78 cycles to 97 cycles
Relaxing scrub interval from 97 cycles to 121 cycles
Relaxing scrub interval from 121 cycles to 151 cycles
Relaxing scrub interval from 151 cycles to 188 cycles
Relaxing scrub interval from 188 cycles to 235 cycles
Relaxing scrub interval from 235 cycles to 293 cycles
Relaxing scrub interval from 293 cycles to 366 cycles
Relaxing scrub interval from 366 cycles to 457 cycles
Relaxing scrub interval from 457 cycles to 571 cycles
Relaxing scrub interval from 571 cycles to 713 cycles
Relaxing scrub interval from 713 cycles to 891 cycles
Relaxing scrub interval from 891 cycles to 1113 cycles
Relaxing scrub interval from 1113 cycles to 1391 cycles
Relaxing scrub interval from 1391 cycles to 1738 cycles
Relaxing scrub interval from 1738 cycles to 2172 cycles
Relaxing scrub interval from 2172 cycles to 2715 cycles
Relaxing scrub interval from 2715 cycles to 3393 cycles
Relaxing scrub interval from 3393 cycles to 4241 cycles
Relaxing scrub interval from 4241 cycles to 5301 cycles
Relaxing scrub interval from 5301 cycles to 6626 cycles
Relaxing scrub interval from 6626 cycles to 8282 cycles
Relaxing scrub interval from 8282 cycles to 10352 cycles
Relaxing scrub interval from 10352 cycles to 12940 cycles
Relaxing scrub interval from 12940 cycles to 16175 cycles
Tightening scrub interval from 16175 cycles to 8087 cycles
Relaxing scrub interval from 8087 cycles to 10108 cycles
Tightening scrub interval from 10108 cycles to 5054 cycles
Tightening scrub interval from 5054 cycles to 2527 cycles
Tightening scrub interval from 2527 cycles to 1263 cycles
Relaxing scrub interval from 1263 cycles to 1578 cycles
Relaxing scrub interval from 1578 cycles to 1972 cycles
Relaxing scrub interval from 1972 cycles to 2465 cycles
Relaxing scrub interval from 2465 cycles to 3081 cycles
Relaxing scrub interval from 3081 cycles to 3851 cycles
Tightening scrub interval from 3851 cycles to 1925 cycles
Relaxing scrub interval from 1925 cycles to 2406 cycles
Relaxing scrub interval from 2406 cycles to 3007 cycles
Relaxing scrub interval from 3007 cycles to 3758 cycles
Tightening scrub interval from 3758 cycles to 1879 cycles
Relaxing scrub interval from 1879 cycles to 2348 cycles
Relaxing scrub interval from 2348 cycles to 2935 cycles
Relaxing scrub interval from 2935 cycles to 3668 cycles
Relaxing scrub interval from 3668 cycles to 4585 cycles
Relaxing scrub interval from 4585 cycles to 5731 cycles
Relaxing scrub interval from 5731 cycles to 7163 cycles
Tightening scrub interval from 7163 cycles to 3581 cycles
Relaxing scrub interval from 3581 cycles to 4476 cycles
Relaxing scrub interval from 4476 cycles to 5595 cycles
Relaxing scrub interval from 5595 cycles to 6993 cycles
Tightening scrub interval from 6993 cycles to 3496 cycles
Relaxing scrub interval from 3496 cycles to 4370 cycles
Relaxing scrub interval from 4370 cycles to 5462 cycles
Relaxing scrub interval from 5462 cycles to 6827 cycles
Relaxing scrub interval from 6827 cycles to 8533 cycles
Relaxing scrub interval from 8533 cycles to 10666 cycles
Relaxing scrub interval from 10666 cycles to 13332 cycles
Tightening scrub interval from 13332 cycles to 6666 cycles
Tightening scrub interval from 6666 cycles to 3333 cycles
Relaxing scrub interval from 3333 cycles to 4166 cycles
Tightening scrub interval from 4166 cycles to 2083 cycles
Relaxing scrub interval from 2083 cycles to 2603 cycles
Relaxing scrub interval from 2603 cycles to 3253 cycles
Relaxing scrub interval from 3253 cycles to 4066 cycles
Relaxing scrub interval from 4066 cycles to 5082 cycles
Relaxing scrub interval from 5082 cycles to 6352 cycles
Tightening scrub interval from 6352 cycles to 3176 cycles
Relaxing scrub interval from 3176 cycles to 3970 cycles
Tightening scrub interval from 3970 cycles to 1985 cycles
Relaxing scrub interval from 1985 cycles to 2481 cycles
Relaxing scrub interval from 2481 cycles to 3101 cycles
Relaxing scrub interval from 3101 cycles to 3876 cycles
Relaxing scrub interval from 3876 cycles to 4845 cycles
Relaxing scrub interval from 4845 cycles to 6056 cycles
Relaxing scrub interval from 6056 cycles to 7570 cycles
Tightening scrub interval from 7570 cycles to 3785 cycles
Relaxing scrub interval from 3785 cycles to 4731 cycles
Tightening scrub interval from 4731 cycles to 2365 cycles
Relaxing scrub interval from 2365 cycles to 2956 cycles
Relaxing scrub interval from 2956 cycles to 3695 cycles
Relaxing scrub interval from 3695 cycles to 4618 cycles
Tightening scrub interval from 4618 cycles to 2309 cycles
Relaxing scrub interval from 2309 cycles to 2886 cycles
Relaxing scrub interval from 2886 cycles to 3607 cycles
Tightening scrub interval from 3607 cycles to 1803 cycles
Relaxing scrub interval from 1803 cycles to 2253 cycles
Relaxing scrub interval from 2253 cycles to 2816 cycles
Tightening scrub interval from 2816 cycles to 1408 cycles
