warn: No dot file generated. Please install pydot to generate the dot file and pdf.
Scrubbing enabled with adaptive interval starting at 10 cycles, tightening factor 2, relax factor 1.25
src/arch/riscv/isa.cc:275: info: RVV enabled, VLEN = 256 bits, ELEN = 64 bits
src/arch/riscv/linux/se_workload.cc:60: warn: Unknown operating system; assuming Linux.
src/base/statistics.hh:279: warn: One of the stats is a legacy stat. Legacy stat is a stat that does not belong to any statistics::Group. Legacy stat is deprecated.
src/base/remote_gdb.cc:418: warn: Sockets disabled, not accepting gdb connections
src/sim/simulate.cc:199: info: Entering event queue @ 0.  Starting simulation...
Relaxing scrub interval from 10 cycles to 12 cycles
Relaxing scrub interval from 12 cycles to 15 cycles
Relaxing scrub interval from 15 cycles to 18 cycles
Relaxing scrub interval from 18 cycles to 22 cycles
Relaxing scrub interval from 22 cycles to 27 cycles
Relaxing scrub interval from 27 cycles to 33 cycles
Relaxing scrub interval from 33 cycles to 41 cycles
Relaxing scrub interval from 41 cycles to 51 cycles
Relaxing scrub interval from 51 cycles to 63 cycles
Relaxing scrub interval from 63 cycles to 78 cycles
Relaxing scrub interval from 78 cycles to 97 cycles
Relaxing scrub interval from 97 cycles to 121 cycles
Relaxing scrub interval from 121 cycles to 151 cycles
Relaxing scrub interval from 151 cycles to 188 cycles
Relaxing scrub interval from 188 cycles to 235 cycles
Relaxing scrub interval from 235 cycles to 293 cycles
Relaxing scrub interval from 293 cycles to 366 cycles
Relaxing scrub interval from 366 cycles to 457 cycles
Relaxing scrub interval from 457 cycles to 571 cycles
Relaxing scrub interval from 571 cycles to 713 cycles
Relaxing scrub interval from 713 cycles to 891 cycles
Relaxing scrub interval from 891 cycles to 1113 cycles
Relaxing scrub interval from 1113 cycles to 1391 cycles
Relaxing scrub interval from 1391 cycles to 1738 cycles
Relaxing scrub interval from 1738 cycles to 2172 cycles
Relaxing scrub interval from 2172 cycles to 2715 cycles
Relaxing scrub interval from 2715 cycles to 3393 cycles
Relaxing scrub interval from 3393 cycles to 4241 cycles
Relaxing scrub interval from 4241 cycles to 5301 cycles
Relaxing scrub interval from 5301 cycles to 6626 cycles
Relaxing scrub interval from 6626 cycles to 8282 cycles
Relaxing scrub interval from 8282 cycles to 10352 cycles
Relaxing scrub interval from 10352 cycles to 12940 cycles
Relaxing scrub interval from 12940 cycles to 16175 cycles
Tightening scrub interval from 16175 cycles to 8087 cycles
Tightening scrub interval from 8087 cycles to 4043 cycles
Relaxing scrub interval from 4043 cycles to 5053 cycles
Tightening scrub interval from 5053 cycles to 2526 cycles
Tightening scrub interval from 2526 cycles to 1263 cycles
Tightening scrub interval from 1263 cycles to 631 cycles
Relaxing scrub interval from 631 cycles to 788 cycles
Relaxing scrub interval from 788 cycles to 985 cycles
Relaxing scrub interval from 985 cycles to 1231 cycles
Relaxing scrub interval from 1231 cycles to 1538 cycles
Relaxing scrub interval from 1538 cycles to 1922 cycles
Relaxing scrub interval from 1922 cycles to 2402 cycles
Relaxing scrub interval from 2402 cycles to 3002 cycles
Relaxing scrub interval from 3002 cycles to 3752 cycles
Relaxing scrub interval from 3752 cycles to 4690 cycles
Relaxing scrub interval from 4690 cycles to 5862 cycles
Relaxing scrub interval from 5862 cycles to 7327 cycles
Relaxing scrub interval from 7327 cycles to 9158 cycles
Relaxing scrub interval from 9158 cycles to 11447 cycles
Relaxing scrub interval from 11447 cycles to 14308 cycles
Relaxing scrub interval from 14308 cycles to 17885 cycles
Tightening scrub interval from 17885 cycles to 8942 cycles
Relaxing scrub interval from 8942 cycles to 11177 cycles
Tightening scrub interval from 11177 cycles to 5588 cycles
Relaxing scrub interval from 5588 cycles to 6985 cycles
Tightening scrub interval from 6985 cycles to 3492 cycles
Relaxing scrub interval from 3492 cycles to 4365 cycles
Tightening scrub interval from 4365 cycles to 2182 cycles
Relaxing scrub interval from 2182 cycles to 2727 cycles
Tightening scrub interval from 2727 cycles to 1363 cycles
Relaxing scrub interval from 1363 cycles to 1703 cycles
Relaxing scrub interval from 1703 cycles to 2128 cycles
Relaxing scrub interval from 2128 cycles to 2660 cycles
Relaxing scrub interval from 2660 cycles to 3325 cycles
Relaxing scrub interval from 3325 cycles to 4156 cycles
Tightening scrub interval from 4156 cycles to 2078 cycles
Relaxing scrub interval from 2078 cycles to 2597 cycles
Tightening scrub interval from 2597 cycles to 1298 cycles
Relaxing scrub interval from 1298 cycles to 1622 cycles
Tightening scrub interval from 1622 cycles to 811 cycles
Relaxing scrub interval from 811 cycles to 1013 cycles
Relaxing scrub interval from 1013 cycles to 1266 cycles
Relaxing scrub interval from 1266 cycles to 1582 cycles
Relaxing scrub interval from 1582 cycles to 1977 cycles
Relaxing scrub interval from 1977 cycles to 2471 cycles
Relaxing scrub interval from 2471 cycles to 3088 cycles
Tightening scrub interval from 3088 cycles to 1544 cycles
Tightening scrub interval from 1544 cycles to 772 cycles
Relaxing scrub interval from 772 cycles to 965 cycles
Relaxing scrub interval from 965 cycles to 1206 cycles
Relaxing scrub interval from 1206 cycles to 1507 cycles
Relaxing scrub interval from 1507 cycles to 1883 cycles
Relaxing scrub interval from 1883 cycles to 2353 cycles
Tightening scrub interval from 2353 cycles to 1176 cycles
Relaxing scrub interval from 1176 cycles to 1470 cycles
Relaxing scrub interval from 1470 cycles to 1837 cycles
Relaxing scrub interval from 1837 cycles to 2296 cycles
Relaxing scrub interval from 2296 cycles to 2870 cycles
Relaxing scrub interval from 2870 cycles to 3587 cycles
Tightening scrub interval from 3587 cycles to 1793 cycles
Relaxing scrub interval from 1793 cycles to 2241 cycles
Relaxing scrub interval from 2241 cycles to 2801 cycles
Relaxing scrub interval from 2801 cycles to 3501 cycles
Relaxing scrub interval from 3501 cycles to 4376 cycles
Tightening scrub interval from 4376 cycles to 2188 cycles
Relaxing scrub interval from 2188 cycles to 2735 cycles
Relaxing scrub interval from 2735 cycles to 3418 cycles
Relaxing scrub interval from 3418 cycles to 4272 cycles
Relaxing scrub interval from 4272 cycles to 5340 cycles
Tightening scrub interval from 5340 cycles to 2670 cycles
Relaxing scrub interval from 2670 cycles to 3337 cycles
Tightening scrub interval from 3337 cycles to 1668 cycles
Relaxing scrub interval from 1668 cycles to 2085 cycles
Relaxing scrub interval from 2085 cycles to 2606 cycles
Tightening scrub interval from 2606 cycles to 1303 cycles
Relaxing scrub interval from 1303 cycles to 1628 cycles
Tightening scrub interval from 1628 cycles to 814 cycles
Relaxing scrub interval from 814 cycles to 1017 cycles
Relaxing scrub interval from 1017 cycles to 1271 cycles
Relaxing scrub interval from 1271 cycles to 1588 cycles
Tightening scrub interval from 1588 cycles to 794 cycles
Relaxing scrub interval from 794 cycles to 992 cycles
Relaxing scrub interval from 992 cycles to 1240 cycles
