warn: No dot file generated. Please install pydot to generate the dot file and pdf.
Scrubbing enabled with adaptive interval starting at 10 cycles, tightening factor 2, relax factor 1.25
src/arch/riscv/isa.cc:275: info: RVV enabled, VLEN = 256 bits, ELEN = 64 bits
src/base/statistics.hh:279: warn: One of the stats is a legacy stat. Legacy stat is a stat that does not belong to any statistics::Group. Legacy stat is deprecated.
src/base/remote_gdb.cc:418: warn: Sockets disabled, not accepting gdb connections
src/sim/simulate.cc:199: info: Entering event queue @ 0.  Starting simulation...
Relaxing scrub interval from 10 cycles to 12 cycles
Relaxing scrub interval from 12 cycles to 15 cycles
Relaxing scrub interval from 15 cycles to 18 cycles
Relaxing scrub interval from 18 cycles to 22 cycles
Relaxing scrub interval from 22 cycles to 27 cycles
Relaxing scrub interval from 27 cycles to 33 cycles
Relaxing scrub interval from 33 cycles to 41 cycles
Relaxing scrub interval from 41 cycles to 51 cycles
Relaxing scrub interval from 51 cycles to 63 cycles
Relaxing scrub interval from 63 cycles to 78 cycles
Relaxing scrub interval from 78 cycles to 97 cycles
Relaxing scrub interval from 97 cycles to 121 cycles
Relaxing scrub interval from 121 cycles to 151 cycles
Relaxing scrub interval from 151 cycles to 188 cycles
Relaxing scrub interval from 188 cycles to 235 cycles
Relaxing scrub interval from 235 cycles to 293 cycles
Relaxing scrub interval from 293 cycles to 366 cycles
Relaxing scrub interval from 366 cycles to 457 cycles
Relaxing scrub interval from 457 cycles to 571 cycles
Relaxing scrub interval from 571 cycles to 713 cycles
Relaxing scrub interval from 713 cycles to 891 cycles
src/sim/syscall_emul.cc:86: warn: ignoring syscall set_robust_list(...)
      (further warnings will be suppressed)
Relaxing scrub interval from 891 cycles to 1113 cycles
Relaxing scrub interval from 1113 cycles to 1391 cycles
src/sim/syscall_emul.hh:1014: warn: readlink() called on '/proc/self/exe' may yield unexpected results in various settings.
      Returning '/home/cs1952y-user/gem5/1952y-fp/gem5/tests/test-progs/cs1952y-fp/alt'
src/sim/mem_state.cc:448: info: Increasing stack size by one page.
Relaxing scrub interval from 1391 cycles to 1738 cycles
Relaxing scrub interval from 1738 cycles to 2172 cycles
Relaxing scrub interval from 2172 cycles to 2715 cycles
Relaxing scrub interval from 2715 cycles to 3393 cycles
Relaxing scrub interval from 3393 cycles to 4241 cycles
src/sim/syscall_emul.cc:75: warn: ignoring syscall mprotect(...) at tick 17327000
Relaxing scrub interval from 4241 cycles to 5301 cycles
Relaxing scrub interval from 5301 cycles to 6626 cycles
Relaxing scrub interval from 6626 cycles to 8282 cycles
Relaxing scrub interval from 8282 cycles to 10352 cycles
Relaxing scrub interval from 10352 cycles to 12940 cycles
Relaxing scrub interval from 12940 cycles to 16175 cycles
Relaxing scrub interval from 16175 cycles to 20218 cycles
Tightening scrub interval from 20218 cycles to 10109 cycles
Tightening scrub interval from 10109 cycles to 5054 cycles
Relaxing scrub interval from 5054 cycles to 6317 cycles
Tightening scrub interval from 6317 cycles to 3158 cycles
Relaxing scrub interval from 3158 cycles to 3947 cycles
Relaxing scrub interval from 3947 cycles to 4933 cycles
Relaxing scrub interval from 4933 cycles to 6166 cycles
Relaxing scrub interval from 6166 cycles to 7707 cycles
Relaxing scrub interval from 7707 cycles to 9633 cycles
Relaxing scrub interval from 9633 cycles to 12041 cycles
Tightening scrub interval from 12041 cycles to 6020 cycles
Relaxing scrub interval from 6020 cycles to 7525 cycles
Relaxing scrub interval from 7525 cycles to 9406 cycles
Relaxing scrub interval from 9406 cycles to 11757 cycles
Tightening scrub interval from 11757 cycles to 5878 cycles
Relaxing scrub interval from 5878 cycles to 7347 cycles
Relaxing scrub interval from 7347 cycles to 9183 cycles
Relaxing scrub interval from 9183 cycles to 11478 cycles
Tightening scrub interval from 11478 cycles to 5739 cycles
Relaxing scrub interval from 5739 cycles to 7173 cycles
Relaxing scrub interval from 7173 cycles to 8966 cycles
Relaxing scrub interval from 8966 cycles to 11207 cycles
Tightening scrub interval from 11207 cycles to 5603 cycles
Tightening scrub interval from 5603 cycles to 2801 cycles
Relaxing scrub interval from 2801 cycles to 3501 cycles
Relaxing scrub interval from 3501 cycles to 4376 cycles
Relaxing scrub interval from 4376 cycles to 5470 cycles
Tightening scrub interval from 5470 cycles to 2735 cycles
Relaxing scrub interval from 2735 cycles to 3418 cycles
Relaxing scrub interval from 3418 cycles to 4272 cycles
Tightening scrub interval from 4272 cycles to 2136 cycles
Tightening scrub interval from 2136 cycles to 1068 cycles
Relaxing scrub interval from 1068 cycles to 1335 cycles
Relaxing scrub interval from 1335 cycles to 1668 cycles
Relaxing scrub interval from 1668 cycles to 2085 cycles
Tightening scrub interval from 2085 cycles to 1042 cycles
Relaxing scrub interval from 1042 cycles to 1302 cycles
Relaxing scrub interval from 1302 cycles to 1627 cycles
Relaxing scrub interval from 1627 cycles to 2033 cycles
Tightening scrub interval from 2033 cycles to 1016 cycles
Relaxing scrub interval from 1016 cycles to 1270 cycles
Relaxing scrub interval from 1270 cycles to 1587 cycles
Relaxing scrub interval from 1587 cycles to 1983 cycles
Tightening scrub interval from 1983 cycles to 991 cycles
Relaxing scrub interval from 991 cycles to 1238 cycles
Relaxing scrub interval from 1238 cycles to 1547 cycles
Relaxing scrub interval from 1547 cycles to 1933 cycles
Relaxing scrub interval from 1933 cycles to 2416 cycles
Relaxing scrub interval from 2416 cycles to 3020 cycles
Relaxing scrub interval from 3020 cycles to 3775 cycles
Relaxing scrub interval from 3775 cycles to 4718 cycles
Tightening scrub interval from 4718 cycles to 2359 cycles
Relaxing scrub interval from 2359 cycles to 2948 cycles
Relaxing scrub interval from 2948 cycles to 3685 cycles
Relaxing scrub interval from 3685 cycles to 4606 cycles
Tightening scrub interval from 4606 cycles to 2303 cycles
Relaxing scrub interval from 2303 cycles to 2878 cycles
Relaxing scrub interval from 2878 cycles to 3597 cycles
Relaxing scrub interval from 3597 cycles to 4496 cycles
Relaxing scrub interval from 4496 cycles to 5620 cycles
Relaxing scrub interval from 5620 cycles to 7025 cycles
Relaxing scrub interval from 7025 cycles to 8781 cycles
Tightening scrub interval from 8781 cycles to 4390 cycles
Tightening scrub interval from 4390 cycles to 2195 cycles
Tightening scrub interval from 2195 cycles to 1097 cycles
Relaxing scrub interval from 1097 cycles to 1371 cycles
Relaxing scrub interval from 1371 cycles to 1713 cycles
Relaxing scrub interval from 1713 cycles to 2141 cycles
Relaxing scrub interval from 2141 cycles to 2676 cycles
Relaxing scrub interval from 2676 cycles to 3345 cycles
Relaxing scrub interval from 3345 cycles to 4181 cycles
Relaxing scrub interval from 4181 cycles to 5226 cycles
Relaxing scrub interval from 5226 cycles to 6532 cycles
Tightening scrub interval from 6532 cycles to 3266 cycles
Relaxing scrub interval from 3266 cycles to 4082 cycles
Tightening scrub interval from 4082 cycles to 2041 cycles
Relaxing scrub interval from 2041 cycles to 2551 cycles
Relaxing scrub interval from 2551 cycles to 3188 cycles
Tightening scrub interval from 3188 cycles to 1594 cycles
Relaxing scrub interval from 1594 cycles to 1992 cycles
Relaxing scrub interval from 1992 cycles to 2490 cycles
Relaxing scrub interval from 2490 cycles to 3112 cycles
Relaxing scrub interval from 3112 cycles to 3890 cycles
Relaxing scrub interval from 3890 cycles to 4862 cycles
Relaxing scrub interval from 4862 cycles to 6077 cycles
Relaxing scrub interval from 6077 cycles to 7596 cycles
Relaxing scrub interval from 7596 cycles to 9495 cycles
Tightening scrub interval from 9495 cycles to 4747 cycles
Tightening scrub interval from 4747 cycles to 2373 cycles
Relaxing scrub interval from 2373 cycles to 2966 cycles
Relaxing scrub interval from 2966 cycles to 3707 cycles
Relaxing scrub interval from 3707 cycles to 4633 cycles
Relaxing scrub interval from 4633 cycles to 5791 cycles
Relaxing scrub interval from 5791 cycles to 7238 cycles
Relaxing scrub interval from 7238 cycles to 9047 cycles
Relaxing scrub interval from 9047 cycles to 11308 cycles
Tightening scrub interval from 11308 cycles to 5654 cycles
Tightening scrub interval from 5654 cycles to 2827 cycles
Relaxing scrub interval from 2827 cycles to 3533 cycles
Tightening scrub interval from 3533 cycles to 1766 cycles
Relaxing scrub interval from 1766 cycles to 2207 cycles
Tightening scrub interval from 2207 cycles to 1103 cycles
Relaxing scrub interval from 1103 cycles to 1378 cycles
Relaxing scrub interval from 1378 cycles to 1722 cycles
Relaxing scrub interval from 1722 cycles to 2152 cycles
Relaxing scrub interval from 2152 cycles to 2690 cycles
Tightening scrub interval from 2690 cycles to 1345 cycles
Relaxing scrub interval from 1345 cycles to 1681 cycles
Tightening scrub interval from 1681 cycles to 840 cycles
Relaxing scrub interval from 840 cycles to 1050 cycles
Relaxing scrub interval from 1050 cycles to 1312 cycles
Relaxing scrub interval from 1312 cycles to 1640 cycles
Relaxing scrub interval from 1640 cycles to 2050 cycles
Relaxing scrub interval from 2050 cycles to 2562 cycles
Tightening scrub interval from 2562 cycles to 1281 cycles
Relaxing scrub interval from 1281 cycles to 1601 cycles
Tightening scrub interval from 1601 cycles to 800 cycles
Tightening scrub interval from 800 cycles to 400 cycles
Relaxing scrub interval from 400 cycles to 500 cycles
Relaxing scrub interval from 500 cycles to 625 cycles
Relaxing scrub interval from 625 cycles to 781 cycles
Relaxing scrub interval from 781 cycles to 976 cycles
Relaxing scrub interval from 976 cycles to 1220 cycles
Relaxing scrub interval from 1220 cycles to 1525 cycles
Relaxing scrub interval from 1525 cycles to 1906 cycles
Relaxing scrub interval from 1906 cycles to 2382 cycles
Relaxing scrub interval from 2382 cycles to 2977 cycles
Relaxing scrub interval from 2977 cycles to 3721 cycles
Relaxing scrub interval from 3721 cycles to 4651 cycles
Relaxing scrub interval from 4651 cycles to 5813 cycles
Relaxing scrub interval from 5813 cycles to 7266 cycles
Tightening scrub interval from 7266 cycles to 3633 cycles
Relaxing scrub interval from 3633 cycles to 4541 cycles
Tightening scrub interval from 4541 cycles to 2270 cycles
Relaxing scrub interval from 2270 cycles to 2837 cycles
Relaxing scrub interval from 2837 cycles to 3546 cycles
Tightening scrub interval from 3546 cycles to 1773 cycles
Relaxing scrub interval from 1773 cycles to 2216 cycles
Relaxing scrub interval from 2216 cycles to 2770 cycles
Tightening scrub interval from 2770 cycles to 1385 cycles
Relaxing scrub interval from 1385 cycles to 1731 cycles
Relaxing scrub interval from 1731 cycles to 2163 cycles
Relaxing scrub interval from 2163 cycles to 2703 cycles
Relaxing scrub interval from 2703 cycles to 3378 cycles
Tightening scrub interval from 3378 cycles to 1689 cycles
Relaxing scrub interval from 1689 cycles to 2111 cycles
Tightening scrub interval from 2111 cycles to 1055 cycles
Relaxing scrub interval from 1055 cycles to 1318 cycles
Relaxing scrub interval from 1318 cycles to 1647 cycles
Tightening scrub interval from 1647 cycles to 823 cycles
Relaxing scrub interval from 823 cycles to 1028 cycles
Tightening scrub interval from 1028 cycles to 514 cycles
Relaxing scrub interval from 514 cycles to 642 cycles
Relaxing scrub interval from 642 cycles to 802 cycles
Relaxing scrub interval from 802 cycles to 1002 cycles
Relaxing scrub interval from 1002 cycles to 1252 cycles
Tightening scrub interval from 1252 cycles to 626 cycles
Relaxing scrub interval from 626 cycles to 782 cycles
Relaxing scrub interval from 782 cycles to 977 cycles
Relaxing scrub interval from 977 cycles to 1221 cycles
Relaxing scrub interval from 1221 cycles to 1526 cycles
Relaxing scrub interval from 1526 cycles to 1907 cycles
Relaxing scrub interval from 1907 cycles to 2383 cycles
Relaxing scrub interval from 2383 cycles to 2978 cycles
Relaxing scrub interval from 2978 cycles to 3722 cycles
Relaxing scrub interval from 3722 cycles to 4652 cycles
Tightening scrub interval from 4652 cycles to 2326 cycles
Relaxing scrub interval from 2326 cycles to 2907 cycles
Relaxing scrub interval from 2907 cycles to 3633 cycles
Tightening scrub interval from 3633 cycles to 1816 cycles
Relaxing scrub interval from 1816 cycles to 2270 cycles
Relaxing scrub interval from 2270 cycles to 2837 cycles
Relaxing scrub interval from 2837 cycles to 3546 cycles
Tightening scrub interval from 3546 cycles to 1773 cycles
Relaxing scrub interval from 1773 cycles to 2216 cycles
Relaxing scrub interval from 2216 cycles to 2770 cycles
Relaxing scrub interval from 2770 cycles to 3462 cycles
Tightening scrub interval from 3462 cycles to 1731 cycles
Relaxing scrub interval from 1731 cycles to 2163 cycles
Tightening scrub interval from 2163 cycles to 1081 cycles
Relaxing scrub interval from 1081 cycles to 1351 cycles
Tightening scrub interval from 1351 cycles to 675 cycles
Relaxing scrub interval from 675 cycles to 843 cycles
Relaxing scrub interval from 843 cycles to 1053 cycles
Relaxing scrub interval from 1053 cycles to 1316 cycles
Relaxing scrub interval from 1316 cycles to 1645 cycles
Relaxing scrub interval from 1645 cycles to 2056 cycles
Relaxing scrub interval from 2056 cycles to 2570 cycles
Relaxing scrub interval from 2570 cycles to 3212 cycles
Relaxing scrub interval from 3212 cycles to 4015 cycles
Relaxing scrub interval from 4015 cycles to 5018 cycles
Tightening scrub interval from 5018 cycles to 2509 cycles
Relaxing scrub interval from 2509 cycles to 3136 cycles
Relaxing scrub interval from 3136 cycles to 3920 cycles
Relaxing scrub interval from 3920 cycles to 4900 cycles
Relaxing scrub interval from 4900 cycles to 6125 cycles
Relaxing scrub interval from 6125 cycles to 7656 cycles
Relaxing scrub interval from 7656 cycles to 9570 cycles
Relaxing scrub interval from 9570 cycles to 11962 cycles
Relaxing scrub interval from 11962 cycles to 14952 cycles
Tightening scrub interval from 14952 cycles to 7476 cycles
Tightening scrub interval from 7476 cycles to 3738 cycles
Tightening scrub interval from 3738 cycles to 1869 cycles
Relaxing scrub interval from 1869 cycles to 2336 cycles
Relaxing scrub interval from 2336 cycles to 2920 cycles
Tightening scrub interval from 2920 cycles to 1460 cycles
Relaxing scrub interval from 1460 cycles to 1825 cycles
Relaxing scrub interval from 1825 cycles to 2281 cycles
Relaxing scrub interval from 2281 cycles to 2851 cycles
Relaxing scrub interval from 2851 cycles to 3563 cycles
Relaxing scrub interval from 3563 cycles to 4453 cycles
Relaxing scrub interval from 4453 cycles to 5566 cycles
Relaxing scrub interval from 5566 cycles to 6957 cycles
Relaxing scrub interval from 6957 cycles to 8696 cycles
Relaxing scrub interval from 8696 cycles to 10870 cycles
Tightening scrub interval from 10870 cycles to 5435 cycles
Relaxing scrub interval from 5435 cycles to 6793 cycles
Relaxing scrub interval from 6793 cycles to 8491 cycles
Tightening scrub interval from 8491 cycles to 4245 cycles
Relaxing scrub interval from 4245 cycles to 5306 cycles
Tightening scrub interval from 5306 cycles to 2653 cycles
Relaxing scrub interval from 2653 cycles to 3316 cycles
Tightening scrub interval from 3316 cycles to 1658 cycles
Relaxing scrub interval from 1658 cycles to 2072 cycles
Tightening scrub interval from 2072 cycles to 1036 cycles
Tightening scrub interval from 1036 cycles to 518 cycles
Relaxing scrub interval from 518 cycles to 647 cycles
Relaxing scrub interval from 647 cycles to 808 cycles
Tightening scrub interval from 808 cycles to 404 cycles
Relaxing scrub interval from 404 cycles to 505 cycles
Tightening scrub interval from 505 cycles to 252 cycles
Relaxing scrub interval from 252 cycles to 315 cycles
Relaxing scrub interval from 315 cycles to 393 cycles
Relaxing scrub interval from 393 cycles to 491 cycles
Relaxing scrub interval from 491 cycles to 613 cycles
Relaxing scrub interval from 613 cycles to 766 cycles
Relaxing scrub interval from 766 cycles to 957 cycles
Relaxing scrub interval from 957 cycles to 1196 cycles
Relaxing scrub interval from 1196 cycles to 1495 cycles
Tightening scrub interval from 1495 cycles to 747 cycles
Tightening scrub interval from 747 cycles to 373 cycles
Relaxing scrub interval from 373 cycles to 466 cycles
Relaxing scrub interval from 466 cycles to 582 cycles
Relaxing scrub interval from 582 cycles to 727 cycles
Relaxing scrub interval from 727 cycles to 908 cycles
Relaxing scrub interval from 908 cycles to 1135 cycles
Relaxing scrub interval from 1135 cycles to 1418 cycles
Relaxing scrub interval from 1418 cycles to 1772 cycles
Relaxing scrub interval from 1772 cycles to 2215 cycles
Relaxing scrub interval from 2215 cycles to 2768 cycles
Relaxing scrub interval from 2768 cycles to 3460 cycles
Relaxing scrub interval from 3460 cycles to 4325 cycles
Relaxing scrub interval from 4325 cycles to 5406 cycles
Tightening scrub interval from 5406 cycles to 2703 cycles
Relaxing scrub interval from 2703 cycles to 3378 cycles
Relaxing scrub interval from 3378 cycles to 4222 cycles
Relaxing scrub interval from 4222 cycles to 5277 cycles
Relaxing scrub interval from 5277 cycles to 6596 cycles
Tightening scrub interval from 6596 cycles to 3298 cycles
Relaxing scrub interval from 3298 cycles to 4122 cycles
Relaxing scrub interval from 4122 cycles to 5152 cycles
Tightening scrub interval from 5152 cycles to 2576 cycles
Relaxing scrub interval from 2576 cycles to 3220 cycles
Relaxing scrub interval from 3220 cycles to 4025 cycles
Relaxing scrub interval from 4025 cycles to 5031 cycles
Relaxing scrub interval from 5031 cycles to 6288 cycles
Relaxing scrub interval from 6288 cycles to 7860 cycles
Tightening scrub interval from 7860 cycles to 3930 cycles
Relaxing scrub interval from 3930 cycles to 4912 cycles
Relaxing scrub interval from 4912 cycles to 6140 cycles
Relaxing scrub interval from 6140 cycles to 7675 cycles
Relaxing scrub interval from 7675 cycles to 9593 cycles
Tightening scrub interval from 9593 cycles to 4796 cycles
Tightening scrub interval from 4796 cycles to 2398 cycles
Relaxing scrub interval from 2398 cycles to 2997 cycles
Relaxing scrub interval from 2997 cycles to 3746 cycles
Relaxing scrub interval from 3746 cycles to 4682 cycles
Relaxing scrub interval from 4682 cycles to 5852 cycles
Tightening scrub interval from 5852 cycles to 2926 cycles
Relaxing scrub interval from 2926 cycles to 3657 cycles
Relaxing scrub interval from 3657 cycles to 4571 cycles
Relaxing scrub interval from 4571 cycles to 5713 cycles
Relaxing scrub interval from 5713 cycles to 7141 cycles
Relaxing scrub interval from 7141 cycles to 8926 cycles
Tightening scrub interval from 8926 cycles to 4463 cycles
Tightening scrub interval from 4463 cycles to 2231 cycles
Relaxing scrub interval from 2231 cycles to 2788 cycles
Relaxing scrub interval from 2788 cycles to 3485 cycles
Relaxing scrub interval from 3485 cycles to 4356 cycles
Relaxing scrub interval from 4356 cycles to 5445 cycles
Relaxing scrub interval from 5445 cycles to 6806 cycles
Tightening scrub interval from 6806 cycles to 3403 cycles
Relaxing scrub interval from 3403 cycles to 4253 cycles
Relaxing scrub interval from 4253 cycles to 5316 cycles
Relaxing scrub interval from 5316 cycles to 6645 cycles
Relaxing scrub interval from 6645 cycles to 8306 cycles
Relaxing scrub interval from 8306 cycles to 10382 cycles
Tightening scrub interval from 10382 cycles to 5191 cycles
Relaxing scrub interval from 5191 cycles to 6488 cycles
Tightening scrub interval from 6488 cycles to 3244 cycles
Relaxing scrub interval from 3244 cycles to 4055 cycles
Relaxing scrub interval from 4055 cycles to 5068 cycles
Tightening scrub interval from 5068 cycles to 2534 cycles
Relaxing scrub interval from 2534 cycles to 3167 cycles
Tightening scrub interval from 3167 cycles to 1583 cycles
Relaxing scrub interval from 1583 cycles to 1978 cycles
Relaxing scrub interval from 1978 cycles to 2472 cycles
Relaxing scrub interval from 2472 cycles to 3090 cycles
Relaxing scrub interval from 3090 cycles to 3862 cycles
Tightening scrub interval from 3862 cycles to 1931 cycles
Relaxing scrub interval from 1931 cycles to 2413 cycles
Relaxing scrub interval from 2413 cycles to 3016 cycles
Relaxing scrub interval from 3016 cycles to 3770 cycles
Relaxing scrub interval from 3770 cycles to 4712 cycles
Relaxing scrub interval from 4712 cycles to 5890 cycles
Relaxing scrub interval from 5890 cycles to 7362 cycles
Tightening scrub interval from 7362 cycles to 3681 cycles
Tightening scrub interval from 3681 cycles to 1840 cycles
Relaxing scrub interval from 1840 cycles to 2300 cycles
Relaxing scrub interval from 2300 cycles to 2875 cycles
Relaxing scrub interval from 2875 cycles to 3593 cycles
Relaxing scrub interval from 3593 cycles to 4491 cycles
Tightening scrub interval from 4491 cycles to 2245 cycles
Tightening scrub interval from 2245 cycles to 1122 cycles
Relaxing scrub interval from 1122 cycles to 1402 cycles
Relaxing scrub interval from 1402 cycles to 1752 cycles
Tightening scrub interval from 1752 cycles to 876 cycles
Relaxing scrub interval from 876 cycles to 1095 cycles
Relaxing scrub interval from 1095 cycles to 1368 cycles
Relaxing scrub interval from 1368 cycles to 1710 cycles
Relaxing scrub interval from 1710 cycles to 2137 cycles
Relaxing scrub interval from 2137 cycles to 2671 cycles
Tightening scrub interval from 2671 cycles to 1335 cycles
Relaxing scrub interval from 1335 cycles to 1668 cycles
Relaxing scrub interval from 1668 cycles to 2085 cycles
Tightening scrub interval from 2085 cycles to 1042 cycles
Relaxing scrub interval from 1042 cycles to 1302 cycles
Relaxing scrub interval from 1302 cycles to 1627 cycles
Relaxing scrub interval from 1627 cycles to 2033 cycles
Tightening scrub interval from 2033 cycles to 1016 cycles
Relaxing scrub interval from 1016 cycles to 1270 cycles
Relaxing scrub interval from 1270 cycles to 1587 cycles
Relaxing scrub interval from 1587 cycles to 1983 cycles
Relaxing scrub interval from 1983 cycles to 2478 cycles
Relaxing scrub interval from 2478 cycles to 3097 cycles
Tightening scrub interval from 3097 cycles to 1548 cycles
Relaxing scrub interval from 1548 cycles to 1935 cycles
Relaxing scrub interval from 1935 cycles to 2418 cycles
Tightening scrub interval from 2418 cycles to 1209 cycles
Relaxing scrub interval from 1209 cycles to 1511 cycles
Relaxing scrub interval from 1511 cycles to 1888 cycles
Relaxing scrub interval from 1888 cycles to 2360 cycles
Tightening scrub interval from 2360 cycles to 1180 cycles
Relaxing scrub interval from 1180 cycles to 1475 cycles
Relaxing scrub interval from 1475 cycles to 1843 cycles
Relaxing scrub interval from 1843 cycles to 2303 cycles
Relaxing scrub interval from 2303 cycles to 2878 cycles
Relaxing scrub interval from 2878 cycles to 3597 cycles
Relaxing scrub interval from 3597 cycles to 4496 cycles
Relaxing scrub interval from 4496 cycles to 5620 cycles
Tightening scrub interval from 5620 cycles to 2810 cycles
Relaxing scrub interval from 2810 cycles to 3512 cycles
Relaxing scrub interval from 3512 cycles to 4390 cycles
Relaxing scrub interval from 4390 cycles to 5487 cycles
Relaxing scrub interval from 5487 cycles to 6858 cycles
Tightening scrub interval from 6858 cycles to 3429 cycles
Relaxing scrub interval from 3429 cycles to 4286 cycles
Tightening scrub interval from 4286 cycles to 2143 cycles
Relaxing scrub interval from 2143 cycles to 2678 cycles
Tightening scrub interval from 2678 cycles to 1339 cycles
Relaxing scrub interval from 1339 cycles to 1673 cycles
Relaxing scrub interval from 1673 cycles to 2091 cycles
Relaxing scrub interval from 2091 cycles to 2613 cycles
Relaxing scrub interval from 2613 cycles to 3266 cycles
Relaxing scrub interval from 3266 cycles to 4082 cycles
Tightening scrub interval from 4082 cycles to 2041 cycles
Relaxing scrub interval from 2041 cycles to 2551 cycles
Tightening scrub interval from 2551 cycles to 1275 cycles
Relaxing scrub interval from 1275 cycles to 1593 cycles
Relaxing scrub interval from 1593 cycles to 1991 cycles
Relaxing scrub interval from 1991 cycles to 2488 cycles
Relaxing scrub interval from 2488 cycles to 3110 cycles
Tightening scrub interval from 3110 cycles to 1555 cycles
Relaxing scrub interval from 1555 cycles to 1943 cycles
Tightening scrub interval from 1943 cycles to 971 cycles
Relaxing scrub interval from 971 cycles to 1213 cycles
Relaxing scrub interval from 1213 cycles to 1516 cycles
Relaxing scrub interval from 1516 cycles to 1895 cycles
Relaxing scrub interval from 1895 cycles to 2368 cycles
Tightening scrub interval from 2368 cycles to 1184 cycles
Relaxing scrub interval from 1184 cycles to 1480 cycles
Relaxing scrub interval from 1480 cycles to 1850 cycles
Relaxing scrub interval from 1850 cycles to 2312 cycles
Relaxing scrub interval from 2312 cycles to 2890 cycles
Relaxing scrub interval from 2890 cycles to 3612 cycles
Relaxing scrub interval from 3612 cycles to 4515 cycles
Relaxing scrub interval from 4515 cycles to 5643 cycles
Tightening scrub interval from 5643 cycles to 2821 cycles
Relaxing scrub interval from 2821 cycles to 3526 cycles
Tightening scrub interval from 3526 cycles to 1763 cycles
Relaxing scrub interval from 1763 cycles to 2203 cycles
Relaxing scrub interval from 2203 cycles to 2753 cycles
Relaxing scrub interval from 2753 cycles to 3441 cycles
Tightening scrub interval from 3441 cycles to 1720 cycles
Relaxing scrub interval from 1720 cycles to 2150 cycles
Relaxing scrub interval from 2150 cycles to 2687 cycles
Relaxing scrub interval from 2687 cycles to 3358 cycles
Relaxing scrub interval from 3358 cycles to 4197 cycles
Relaxing scrub interval from 4197 cycles to 5246 cycles
Relaxing scrub interval from 5246 cycles to 6557 cycles
Relaxing scrub interval from 6557 cycles to 8196 cycles
Relaxing scrub interval from 8196 cycles to 10245 cycles
Tightening scrub interval from 10245 cycles to 5122 cycles
Tightening scrub interval from 5122 cycles to 2561 cycles
Relaxing scrub interval from 2561 cycles to 3201 cycles
Relaxing scrub interval from 3201 cycles to 4001 cycles
Tightening scrub interval from 4001 cycles to 2000 cycles
Relaxing scrub interval from 2000 cycles to 2500 cycles
Relaxing scrub interval from 2500 cycles to 3125 cycles
Relaxing scrub interval from 3125 cycles to 3906 cycles
Relaxing scrub interval from 3906 cycles to 4882 cycles
Tightening scrub interval from 4882 cycles to 2441 cycles
Relaxing scrub interval from 2441 cycles to 3051 cycles
Relaxing scrub interval from 3051 cycles to 3813 cycles
Tightening scrub interval from 3813 cycles to 1906 cycles
Relaxing scrub interval from 1906 cycles to 2382 cycles
Relaxing scrub interval from 2382 cycles to 2977 cycles
Relaxing scrub interval from 2977 cycles to 3721 cycles
Tightening scrub interval from 3721 cycles to 1860 cycles
Relaxing scrub interval from 1860 cycles to 2325 cycles
Relaxing scrub interval from 2325 cycles to 2906 cycles
Relaxing scrub interval from 2906 cycles to 3632 cycles
Tightening scrub interval from 3632 cycles to 1816 cycles
Relaxing scrub interval from 1816 cycles to 2270 cycles
Relaxing scrub interval from 2270 cycles to 2837 cycles
Relaxing scrub interval from 2837 cycles to 3546 cycles
Relaxing scrub interval from 3546 cycles to 4432 cycles
Relaxing scrub interval from 4432 cycles to 5540 cycles
Tightening scrub interval from 5540 cycles to 2770 cycles
Tightening scrub interval from 2770 cycles to 1385 cycles
Relaxing scrub interval from 1385 cycles to 1731 cycles
Relaxing scrub interval from 1731 cycles to 2163 cycles
Relaxing scrub interval from 2163 cycles to 2703 cycles
Relaxing scrub interval from 2703 cycles to 3378 cycles
Tightening scrub interval from 3378 cycles to 1689 cycles
Relaxing scrub interval from 1689 cycles to 2111 cycles
Relaxing scrub interval from 2111 cycles to 2638 cycles
Relaxing scrub interval from 2638 cycles to 3297 cycles
Relaxing scrub interval from 3297 cycles to 4121 cycles
Relaxing scrub interval from 4121 cycles to 5151 cycles
Tightening scrub interval from 5151 cycles to 2575 cycles
Relaxing scrub interval from 2575 cycles to 3218 cycles
Relaxing scrub interval from 3218 cycles to 4022 cycles
Tightening scrub interval from 4022 cycles to 2011 cycles
Relaxing scrub interval from 2011 cycles to 2513 cycles
Tightening scrub interval from 2513 cycles to 1256 cycles
Relaxing scrub interval from 1256 cycles to 1570 cycles
Tightening scrub interval from 1570 cycles to 785 cycles
Relaxing scrub interval from 785 cycles to 981 cycles
Relaxing scrub interval from 981 cycles to 1226 cycles
Relaxing scrub interval from 1226 cycles to 1532 cycles
Relaxing scrub interval from 1532 cycles to 1915 cycles
Relaxing scrub interval from 1915 cycles to 2393 cycles
Relaxing scrub interval from 2393 cycles to 2991 cycles
Relaxing scrub interval from 2991 cycles to 3738 cycles
Relaxing scrub interval from 3738 cycles to 4672 cycles
Relaxing scrub interval from 4672 cycles to 5840 cycles
Tightening scrub interval from 5840 cycles to 2920 cycles
Relaxing scrub interval from 2920 cycles to 3650 cycles
Relaxing scrub interval from 3650 cycles to 4562 cycles
Relaxing scrub interval from 4562 cycles to 5702 cycles
Relaxing scrub interval from 5702 cycles to 7127 cycles
Relaxing scrub interval from 7127 cycles to 8908 cycles
Tightening scrub interval from 8908 cycles to 4454 cycles
Tightening scrub interval from 4454 cycles to 2227 cycles
Tightening scrub interval from 2227 cycles to 1113 cycles
Relaxing scrub interval from 1113 cycles to 1391 cycles
Relaxing scrub interval from 1391 cycles to 1738 cycles
Relaxing scrub interval from 1738 cycles to 2172 cycles
Relaxing scrub interval from 2172 cycles to 2715 cycles
Relaxing scrub interval from 2715 cycles to 3393 cycles
Relaxing scrub interval from 3393 cycles to 4241 cycles
Tightening scrub interval from 4241 cycles to 2120 cycles
Relaxing scrub interval from 2120 cycles to 2650 cycles
Relaxing scrub interval from 2650 cycles to 3312 cycles
Tightening scrub interval from 3312 cycles to 1656 cycles
Relaxing scrub interval from 1656 cycles to 2070 cycles
Tightening scrub interval from 2070 cycles to 1035 cycles
Relaxing scrub interval from 1035 cycles to 1293 cycles
Relaxing scrub interval from 1293 cycles to 1616 cycles
Tightening scrub interval from 1616 cycles to 808 cycles
Relaxing scrub interval from 808 cycles to 1010 cycles
Relaxing scrub interval from 1010 cycles to 1262 cycles
Relaxing scrub interval from 1262 cycles to 1577 cycles
Relaxing scrub interval from 1577 cycles to 1971 cycles
Relaxing scrub interval from 1971 cycles to 2463 cycles
Tightening scrub interval from 2463 cycles to 1231 cycles
Relaxing scrub interval from 1231 cycles to 1538 cycles
Tightening scrub interval from 1538 cycles to 769 cycles
Relaxing scrub interval from 769 cycles to 961 cycles
Relaxing scrub interval from 961 cycles to 1201 cycles
Tightening scrub interval from 1201 cycles to 600 cycles
Relaxing scrub interval from 600 cycles to 750 cycles
Relaxing scrub interval from 750 cycles to 937 cycles
Relaxing scrub interval from 937 cycles to 1171 cycles
Relaxing scrub interval from 1171 cycles to 1463 cycles
Relaxing scrub interval from 1463 cycles to 1828 cycles
Relaxing scrub interval from 1828 cycles to 2285 cycles
Relaxing scrub interval from 2285 cycles to 2856 cycles
Relaxing scrub interval from 2856 cycles to 3570 cycles
Tightening scrub interval from 3570 cycles to 1785 cycles
Relaxing scrub interval from 1785 cycles to 2231 cycles
Relaxing scrub interval from 2231 cycles to 2788 cycles
Relaxing scrub interval from 2788 cycles to 3485 cycles
Tightening scrub interval from 3485 cycles to 1742 cycles
