warn: No dot file generated. Please install pydot to generate the dot file and pdf.
Scrubbing enabled with adaptive interval starting at 10 cycles, tightening factor 2, relax factor 1.25
src/arch/riscv/isa.cc:275: info: RVV enabled, VLEN = 256 bits, ELEN = 64 bits
src/arch/riscv/linux/se_workload.cc:60: warn: Unknown operating system; assuming Linux.
src/base/statistics.hh:279: warn: One of the stats is a legacy stat. Legacy stat is a stat that does not belong to any statistics::Group. Legacy stat is deprecated.
src/base/remote_gdb.cc:418: warn: Sockets disabled, not accepting gdb connections
src/sim/simulate.cc:199: info: Entering event queue @ 0.  Starting simulation...
Relaxing scrub interval from 10 cycles to 12 cycles
Relaxing scrub interval from 12 cycles to 15 cycles
Relaxing scrub interval from 15 cycles to 18 cycles
Relaxing scrub interval from 18 cycles to 22 cycles
Relaxing scrub interval from 22 cycles to 27 cycles
Relaxing scrub interval from 27 cycles to 33 cycles
Relaxing scrub interval from 33 cycles to 41 cycles
Relaxing scrub interval from 41 cycles to 51 cycles
Relaxing scrub interval from 51 cycles to 63 cycles
Relaxing scrub interval from 63 cycles to 78 cycles
Relaxing scrub interval from 78 cycles to 97 cycles
Relaxing scrub interval from 97 cycles to 121 cycles
Relaxing scrub interval from 121 cycles to 151 cycles
Relaxing scrub interval from 151 cycles to 188 cycles
Relaxing scrub interval from 188 cycles to 235 cycles
Relaxing scrub interval from 235 cycles to 293 cycles
Relaxing scrub interval from 293 cycles to 366 cycles
Relaxing scrub interval from 366 cycles to 457 cycles
Relaxing scrub interval from 457 cycles to 571 cycles
Relaxing scrub interval from 571 cycles to 713 cycles
Relaxing scrub interval from 713 cycles to 891 cycles
Relaxing scrub interval from 891 cycles to 1113 cycles
Relaxing scrub interval from 1113 cycles to 1391 cycles
Relaxing scrub interval from 1391 cycles to 1738 cycles
Relaxing scrub interval from 1738 cycles to 2172 cycles
Relaxing scrub interval from 2172 cycles to 2715 cycles
Relaxing scrub interval from 2715 cycles to 3393 cycles
Relaxing scrub interval from 3393 cycles to 4241 cycles
Relaxing scrub interval from 4241 cycles to 5301 cycles
Relaxing scrub interval from 5301 cycles to 6626 cycles
Relaxing scrub interval from 6626 cycles to 8282 cycles
Relaxing scrub interval from 8282 cycles to 10352 cycles
Relaxing scrub interval from 10352 cycles to 12940 cycles
Tightening scrub interval from 12940 cycles to 6470 cycles
Tightening scrub interval from 6470 cycles to 3235 cycles
Relaxing scrub interval from 3235 cycles to 4043 cycles
Relaxing scrub interval from 4043 cycles to 5053 cycles
Relaxing scrub interval from 5053 cycles to 6316 cycles
Relaxing scrub interval from 6316 cycles to 7895 cycles
Relaxing scrub interval from 7895 cycles to 9868 cycles
Tightening scrub interval from 9868 cycles to 4934 cycles
Tightening scrub interval from 4934 cycles to 2467 cycles
Relaxing scrub interval from 2467 cycles to 3083 cycles
Tightening scrub interval from 3083 cycles to 1541 cycles
Relaxing scrub interval from 1541 cycles to 1926 cycles
Relaxing scrub interval from 1926 cycles to 2407 cycles
Relaxing scrub interval from 2407 cycles to 3008 cycles
Relaxing scrub interval from 3008 cycles to 3760 cycles
Tightening scrub interval from 3760 cycles to 1880 cycles
Relaxing scrub interval from 1880 cycles to 2350 cycles
Relaxing scrub interval from 2350 cycles to 2937 cycles
Tightening scrub interval from 2937 cycles to 1468 cycles
Relaxing scrub interval from 1468 cycles to 1835 cycles
Relaxing scrub interval from 1835 cycles to 2293 cycles
Relaxing scrub interval from 2293 cycles to 2866 cycles
Relaxing scrub interval from 2866 cycles to 3582 cycles
Relaxing scrub interval from 3582 cycles to 4477 cycles
Tightening scrub interval from 4477 cycles to 2238 cycles
Relaxing scrub interval from 2238 cycles to 2797 cycles
Relaxing scrub interval from 2797 cycles to 3496 cycles
Tightening scrub interval from 3496 cycles to 1748 cycles
Relaxing scrub interval from 1748 cycles to 2185 cycles
Relaxing scrub interval from 2185 cycles to 2731 cycles
Relaxing scrub interval from 2731 cycles to 3413 cycles
Relaxing scrub interval from 3413 cycles to 4266 cycles
Tightening scrub interval from 4266 cycles to 2133 cycles
Relaxing scrub interval from 2133 cycles to 2666 cycles
Relaxing scrub interval from 2666 cycles to 3332 cycles
Relaxing scrub interval from 3332 cycles to 4165 cycles
Relaxing scrub interval from 4165 cycles to 5206 cycles
Relaxing scrub interval from 5206 cycles to 6507 cycles
Relaxing scrub interval from 6507 cycles to 8133 cycles
Relaxing scrub interval from 8133 cycles to 10166 cycles
Relaxing scrub interval from 10166 cycles to 12707 cycles
Tightening scrub interval from 12707 cycles to 6353 cycles
Tightening scrub interval from 6353 cycles to 3176 cycles
Relaxing scrub interval from 3176 cycles to 3970 cycles
Relaxing scrub interval from 3970 cycles to 4962 cycles
Tightening scrub interval from 4962 cycles to 2481 cycles
Relaxing scrub interval from 2481 cycles to 3101 cycles
Relaxing scrub interval from 3101 cycles to 3876 cycles
Relaxing scrub interval from 3876 cycles to 4845 cycles
Relaxing scrub interval from 4845 cycles to 6056 cycles
Relaxing scrub interval from 6056 cycles to 7570 cycles
Relaxing scrub interval from 7570 cycles to 9462 cycles
Relaxing scrub interval from 9462 cycles to 11827 cycles
Relaxing scrub interval from 11827 cycles to 14783 cycles
Relaxing scrub interval from 14783 cycles to 18478 cycles
Tightening scrub interval from 18478 cycles to 9239 cycles
Tightening scrub interval from 9239 cycles to 4619 cycles
Relaxing scrub interval from 4619 cycles to 5773 cycles
