warn: No dot file generated. Please install pydot to generate the dot file and pdf.
Scrubbing enabled with adaptive interval starting at 10 cycles, tightening factor 2, relax factor 1.25
src/arch/riscv/isa.cc:275: info: RVV enabled, VLEN = 256 bits, ELEN = 64 bits
src/arch/riscv/linux/se_workload.cc:60: warn: Unknown operating system; assuming Linux.
src/base/statistics.hh:279: warn: One of the stats is a legacy stat. Legacy stat is a stat that does not belong to any statistics::Group. Legacy stat is deprecated.
src/base/remote_gdb.cc:418: warn: Sockets disabled, not accepting gdb connections
src/sim/simulate.cc:199: info: Entering event queue @ 0.  Starting simulation...
Relaxing scrub interval from 10 cycles to 12 cycles
Relaxing scrub interval from 12 cycles to 15 cycles
Relaxing scrub interval from 15 cycles to 18 cycles
Relaxing scrub interval from 18 cycles to 22 cycles
Relaxing scrub interval from 22 cycles to 27 cycles
Relaxing scrub interval from 27 cycles to 33 cycles
Relaxing scrub interval from 33 cycles to 41 cycles
Relaxing scrub interval from 41 cycles to 51 cycles
Relaxing scrub interval from 51 cycles to 63 cycles
Relaxing scrub interval from 63 cycles to 78 cycles
Relaxing scrub interval from 78 cycles to 97 cycles
Relaxing scrub interval from 97 cycles to 121 cycles
Relaxing scrub interval from 121 cycles to 151 cycles
Relaxing scrub interval from 151 cycles to 188 cycles
Relaxing scrub interval from 188 cycles to 235 cycles
Relaxing scrub interval from 235 cycles to 293 cycles
Relaxing scrub interval from 293 cycles to 366 cycles
Relaxing scrub interval from 366 cycles to 457 cycles
Relaxing scrub interval from 457 cycles to 571 cycles
Relaxing scrub interval from 571 cycles to 713 cycles
Relaxing scrub interval from 713 cycles to 891 cycles
Relaxing scrub interval from 891 cycles to 1113 cycles
Relaxing scrub interval from 1113 cycles to 1391 cycles
Relaxing scrub interval from 1391 cycles to 1738 cycles
Relaxing scrub interval from 1738 cycles to 2172 cycles
Relaxing scrub interval from 2172 cycles to 2715 cycles
Relaxing scrub interval from 2715 cycles to 3393 cycles
Relaxing scrub interval from 3393 cycles to 4241 cycles
Relaxing scrub interval from 4241 cycles to 5301 cycles
Relaxing scrub interval from 5301 cycles to 6626 cycles
Relaxing scrub interval from 6626 cycles to 8282 cycles
Relaxing scrub interval from 8282 cycles to 10352 cycles
Relaxing scrub interval from 10352 cycles to 12940 cycles
Relaxing scrub interval from 12940 cycles to 16175 cycles
Relaxing scrub interval from 16175 cycles to 20218 cycles
Relaxing scrub interval from 20218 cycles to 25272 cycles
Tightening scrub interval from 25272 cycles to 12636 cycles
Relaxing scrub interval from 12636 cycles to 15795 cycles
Tightening scrub interval from 15795 cycles to 7897 cycles
Tightening scrub interval from 7897 cycles to 3948 cycles
Tightening scrub interval from 3948 cycles to 1974 cycles
Relaxing scrub interval from 1974 cycles to 2467 cycles
Tightening scrub interval from 2467 cycles to 1233 cycles
Relaxing scrub interval from 1233 cycles to 1541 cycles
Tightening scrub interval from 1541 cycles to 770 cycles
Relaxing scrub interval from 770 cycles to 962 cycles
Relaxing scrub interval from 962 cycles to 1202 cycles
Relaxing scrub interval from 1202 cycles to 1502 cycles
Relaxing scrub interval from 1502 cycles to 1877 cycles
Tightening scrub interval from 1877 cycles to 938 cycles
Relaxing scrub interval from 938 cycles to 1172 cycles
Relaxing scrub interval from 1172 cycles to 1465 cycles
Relaxing scrub interval from 1465 cycles to 1831 cycles
Tightening scrub interval from 1831 cycles to 915 cycles
Relaxing scrub interval from 915 cycles to 1143 cycles
Tightening scrub interval from 1143 cycles to 571 cycles
Relaxing scrub interval from 571 cycles to 713 cycles
Relaxing scrub interval from 713 cycles to 891 cycles
Relaxing scrub interval from 891 cycles to 1113 cycles
Relaxing scrub interval from 1113 cycles to 1391 cycles
Relaxing scrub interval from 1391 cycles to 1738 cycles
Relaxing scrub interval from 1738 cycles to 2172 cycles
Tightening scrub interval from 2172 cycles to 1086 cycles
Relaxing scrub interval from 1086 cycles to 1357 cycles
Relaxing scrub interval from 1357 cycles to 1696 cycles
Relaxing scrub interval from 1696 cycles to 2120 cycles
Tightening scrub interval from 2120 cycles to 1060 cycles
Relaxing scrub interval from 1060 cycles to 1325 cycles
Relaxing scrub interval from 1325 cycles to 1656 cycles
Relaxing scrub interval from 1656 cycles to 2070 cycles
Tightening scrub interval from 2070 cycles to 1035 cycles
Relaxing scrub interval from 1035 cycles to 1293 cycles
Relaxing scrub interval from 1293 cycles to 1616 cycles
Tightening scrub interval from 1616 cycles to 808 cycles
Relaxing scrub interval from 808 cycles to 1010 cycles
Relaxing scrub interval from 1010 cycles to 1262 cycles
Relaxing scrub interval from 1262 cycles to 1577 cycles
Relaxing scrub interval from 1577 cycles to 1971 cycles
Relaxing scrub interval from 1971 cycles to 2463 cycles
Relaxing scrub interval from 2463 cycles to 3078 cycles
Relaxing scrub interval from 3078 cycles to 3847 cycles
Relaxing scrub interval from 3847 cycles to 4808 cycles
Relaxing scrub interval from 4808 cycles to 6010 cycles
Tightening scrub interval from 6010 cycles to 3005 cycles
Tightening scrub interval from 3005 cycles to 1502 cycles
Relaxing scrub interval from 1502 cycles to 1877 cycles
Relaxing scrub interval from 1877 cycles to 2346 cycles
Relaxing scrub interval from 2346 cycles to 2932 cycles
Relaxing scrub interval from 2932 cycles to 3665 cycles
Tightening scrub interval from 3665 cycles to 1832 cycles
Relaxing scrub interval from 1832 cycles to 2290 cycles
Relaxing scrub interval from 2290 cycles to 2862 cycles
Relaxing scrub interval from 2862 cycles to 3577 cycles
Relaxing scrub interval from 3577 cycles to 4471 cycles
Tightening scrub interval from 4471 cycles to 2235 cycles
Relaxing scrub interval from 2235 cycles to 2793 cycles
Relaxing scrub interval from 2793 cycles to 3491 cycles
Tightening scrub interval from 3491 cycles to 1745 cycles
Relaxing scrub interval from 1745 cycles to 2181 cycles
Relaxing scrub interval from 2181 cycles to 2726 cycles
Tightening scrub interval from 2726 cycles to 1363 cycles
Relaxing scrub interval from 1363 cycles to 1703 cycles
Relaxing scrub interval from 1703 cycles to 2128 cycles
Relaxing scrub interval from 2128 cycles to 2660 cycles
Relaxing scrub interval from 2660 cycles to 3325 cycles
Relaxing scrub interval from 3325 cycles to 4156 cycles
Relaxing scrub interval from 4156 cycles to 5195 cycles
Relaxing scrub interval from 5195 cycles to 6493 cycles
Tightening scrub interval from 6493 cycles to 3246 cycles
Relaxing scrub interval from 3246 cycles to 4057 cycles
Relaxing scrub interval from 4057 cycles to 5071 cycles
Relaxing scrub interval from 5071 cycles to 6338 cycles
Tightening scrub interval from 6338 cycles to 3169 cycles
Relaxing scrub interval from 3169 cycles to 3961 cycles
Relaxing scrub interval from 3961 cycles to 4951 cycles
Relaxing scrub interval from 4951 cycles to 6188 cycles
