warn: No dot file generated. Please install pydot to generate the dot file and pdf.
Scrubbing enabled with adaptive interval starting at 10 cycles, tightening factor 2, relax factor 1.25
src/arch/riscv/isa.cc:275: info: RVV enabled, VLEN = 1024 bits, ELEN = 64 bits
src/base/statistics.hh:279: warn: One of the stats is a legacy stat. Legacy stat is a stat that does not belong to any statistics::Group. Legacy stat is deprecated.
src/base/remote_gdb.cc:418: warn: Sockets disabled, not accepting gdb connections
src/sim/simulate.cc:199: info: Entering event queue @ 0.  Starting simulation...
Relaxing scrub interval from 10 cycles to 12 cycles
Relaxing scrub interval from 12 cycles to 15 cycles
Relaxing scrub interval from 15 cycles to 18 cycles
Relaxing scrub interval from 18 cycles to 22 cycles
Relaxing scrub interval from 22 cycles to 27 cycles
Relaxing scrub interval from 27 cycles to 33 cycles
Relaxing scrub interval from 33 cycles to 41 cycles
Relaxing scrub interval from 41 cycles to 51 cycles
Relaxing scrub interval from 51 cycles to 63 cycles
Relaxing scrub interval from 63 cycles to 78 cycles
Relaxing scrub interval from 78 cycles to 97 cycles
Relaxing scrub interval from 97 cycles to 121 cycles
Relaxing scrub interval from 121 cycles to 151 cycles
Relaxing scrub interval from 151 cycles to 188 cycles
Relaxing scrub interval from 188 cycles to 235 cycles
Relaxing scrub interval from 235 cycles to 293 cycles
Relaxing scrub interval from 293 cycles to 366 cycles
Relaxing scrub interval from 366 cycles to 457 cycles
Relaxing scrub interval from 457 cycles to 571 cycles
Relaxing scrub interval from 571 cycles to 713 cycles
Relaxing scrub interval from 713 cycles to 891 cycles
src/sim/syscall_emul.cc:86: warn: ignoring syscall set_robust_list(...)
      (further warnings will be suppressed)
Relaxing scrub interval from 891 cycles to 1113 cycles
Relaxing scrub interval from 1113 cycles to 1391 cycles
src/sim/syscall_emul.hh:1014: warn: readlink() called on '/proc/self/exe' may yield unexpected results in various settings.
      Returning '/home/cs1952y-user/gem5/1952y-fp/gem5/tests/test-progs/cs1952y-fp/vec_no_parallel'
src/sim/mem_state.cc:448: info: Increasing stack size by one page.
Relaxing scrub interval from 1391 cycles to 1738 cycles
Relaxing scrub interval from 1738 cycles to 2172 cycles
Relaxing scrub interval from 2172 cycles to 2715 cycles
Relaxing scrub interval from 2715 cycles to 3393 cycles
Relaxing scrub interval from 3393 cycles to 4241 cycles
Relaxing scrub interval from 4241 cycles to 5301 cycles
src/sim/syscall_emul.cc:75: warn: ignoring syscall mprotect(...) at tick 24879000
Relaxing scrub interval from 5301 cycles to 6626 cycles
Relaxing scrub interval from 6626 cycles to 8282 cycles
Relaxing scrub interval from 8282 cycles to 10352 cycles
Relaxing scrub interval from 10352 cycles to 12940 cycles
Relaxing scrub interval from 12940 cycles to 16175 cycles
Relaxing scrub interval from 16175 cycles to 20218 cycles
Relaxing scrub interval from 20218 cycles to 25272 cycles
Relaxing scrub interval from 25272 cycles to 31590 cycles
Relaxing scrub interval from 31590 cycles to 39487 cycles
Relaxing scrub interval from 39487 cycles to 49358 cycles
Relaxing scrub interval from 49358 cycles to 61697 cycles
Relaxing scrub interval from 61697 cycles to 77121 cycles
Relaxing scrub interval from 77121 cycles to 96401 cycles
Relaxing scrub interval from 96401 cycles to 120501 cycles
Relaxing scrub interval from 120501 cycles to 150626 cycles
Relaxing scrub interval from 150626 cycles to 188282 cycles
Relaxing scrub interval from 188282 cycles to 235352 cycles
Relaxing scrub interval from 235352 cycles to 294190 cycles
Relaxing scrub interval from 294190 cycles to 367737 cycles
Relaxing scrub interval from 367737 cycles to 459671 cycles
Relaxing scrub interval from 459671 cycles to 574588 cycles
Relaxing scrub interval from 574588 cycles to 718235 cycles
Tightening scrub interval from 718235 cycles to 359117 cycles
Tightening scrub interval from 359117 cycles to 179558 cycles
Relaxing scrub interval from 179558 cycles to 224447 cycles
Relaxing scrub interval from 224447 cycles to 280558 cycles
Tightening scrub interval from 280558 cycles to 140279 cycles
Relaxing scrub interval from 140279 cycles to 175348 cycles
Relaxing scrub interval from 175348 cycles to 219185 cycles
Relaxing scrub interval from 219185 cycles to 273981 cycles
Relaxing scrub interval from 273981 cycles to 342476 cycles
Relaxing scrub interval from 342476 cycles to 428095 cycles
Tightening scrub interval from 428095 cycles to 214047 cycles
Relaxing scrub interval from 214047 cycles to 267558 cycles
Relaxing scrub interval from 267558 cycles to 334447 cycles
Tightening scrub interval from 334447 cycles to 167223 cycles
Relaxing scrub interval from 167223 cycles to 209028 cycles
Tightening scrub interval from 209028 cycles to 104514 cycles
Relaxing scrub interval from 104514 cycles to 130642 cycles
Relaxing scrub interval from 130642 cycles to 163302 cycles
src/sim/faults.cc:102: panic: panic condition !handled && !tc->getSystemPtr()->trapToGdb(GDBSignal::SEGV, tc->contextId()) occurred: Page table fault when accessing virtual address 0x40000010840
Memory Usage: 8530880 KBytes
Program aborted at tick 6003135000
--- BEGIN LIBC BACKTRACE ---
/gem5_build/gem5.debug(_ZN4gem515print_backtraceEv+0x32)[0x557cc394c105]
/gem5_build/gem5.debug(_ZN4gem512abortHandlerEi+0x7e)[0x557cc3971f4c]
/lib/x86_64-linux-gnu/libc.so.6(+0x42520)[0x7f94967a9520]
/lib/x86_64-linux-gnu/libc.so.6(pthread_kill+0x12c)[0x7f94967fd9fc]
/lib/x86_64-linux-gnu/libc.so.6(raise+0x16)[0x7f94967a9476]
/lib/x86_64-linux-gnu/libc.so.6(abort+0xd3)[0x7f949678f7f3]
/gem5_build/gem5.debug(_ZNSt12__shared_ptrIN4gem59FaultBaseELN9__gnu_cxx12_Lock_policyE2EED1Ev+0x0)[0x557cc1e82028]
/gem5_build/gem5.debug(_ZN4gem521GenericPageTableFault6invokeEPNS_13ThreadContextERKNS_14RefCountingPtrINS_10StaticInstEEE+0x139)[0x557cc39c6faf]
/gem5_build/gem5.debug(_ZN4gem52o33CPU4trapERKSt10shared_ptrINS_9FaultBaseEEsRKNS_14RefCountingPtrINS_10StaticInstEEE+0x65)[0x557cc2a3b387]
/gem5_build/gem5.debug(_ZN4gem52o36Commit10commitHeadERKNS_14RefCountingPtrINS0_7DynInstEEEj+0xc3f)[0x557cc2a2990f]
/gem5_build/gem5.debug(_ZN4gem52o36Commit11commitInstsEv+0x54a)[0x557cc2a27dcc]
/gem5_build/gem5.debug(_ZN4gem52o36Commit6commitEv+0xaf9)[0x557cc2a2749b]
/gem5_build/gem5.debug(_ZN4gem52o36Commit4tickEv+0x2aa)[0x557cc2a25aee]
/gem5_build/gem5.debug(_ZN4gem52o33CPU4tickEv+0x1d7)[0x557cc2a39421]
/gem5_build/gem5.debug(+0x351f903)[0x557cc2a36903]
/gem5_build/gem5.debug(+0x35293a2)[0x557cc2a403a2]
/gem5_build/gem5.debug(+0x3529134)[0x557cc2a40134]
/gem5_build/gem5.debug(+0x3528f2e)[0x557cc2a3ff2e]
/gem5_build/gem5.debug(_ZNKSt8functionIFvvEEclEv+0x36)[0x557cc1f6c956]
/gem5_build/gem5.debug(_ZN4gem520EventFunctionWrapper7processEv+0x20)[0x557cc1f6b188]
/gem5_build/gem5.debug(_ZN4gem510EventQueue10serviceOneEv+0x121)[0x557cc39600b9]
/gem5_build/gem5.debug(_ZN4gem59doSimLoopEPNS_10EventQueueE+0x240)[0x557cc398387b]
/gem5_build/gem5.debug(_ZN4gem58simulateEm+0x23e)[0x557cc3983312]
/gem5_build/gem5.debug(+0x4392d62)[0x557cc38a9d62]
/gem5_build/gem5.debug(+0x43911c0)[0x557cc38a81c0]
/gem5_build/gem5.debug(+0x438ce71)[0x557cc38a3e71]
/gem5_build/gem5.debug(+0x438cedc)[0x557cc38a3edc]
/gem5_build/gem5.debug(+0x297cb39)[0x557cc1e93b39]
/lib/x86_64-linux-gnu/libpython3.10.so.1.0(+0x128033)[0x7f94970cc033]
/lib/x86_64-linux-gnu/libpython3.10.so.1.0(_PyObject_Call+0x5c)[0x7f9497085ffc]
/lib/x86_64-linux-gnu/libpython3.10.so.1.0(_PyEval_EvalFrameDefault+0x4b16)[0x7f949701a776]
/lib/x86_64-linux-gnu/libpython3.10.so.1.0(+0x1c24df)[0x7f94971664df]
--- END LIBC BACKTRACE ---
For more info on how to address this issue, please visit https://www.gem5.org/documentation/general_docs/common-errors/ 

timeout: the monitored command dumped core
/home/cs1952y-user/gem5/1952y-fp/gem5/scripts/run-test.sh: line 82: 89650 Aborted                 timeout --signal=KILL 1200 "$GEM5_BIN" --outdir="$OUTDIR" "$CONFIG" "$BINARY_REL" --chaos-prob "$CHAOS_PROB" --chaos-bits "$CHAOS_BITS" --delay "$DELAY" --scrub-interval "$SCRUB_INTERVAL" --scrub-tighten-factor "$SCRUB_TIGHTEN_FACTOR" --scrub-relax-factor "$SCRUB_RELAX_FACTOR" --cache-size "$CACHE_SIZE" "${EXTRA[@]}"
