warn: No dot file generated. Please install pydot to generate the dot file and pdf.
Scrubbing enabled with adaptive interval starting at 10 cycles, tightening factor 2, relax factor 1.25
src/arch/riscv/isa.cc:275: info: RVV enabled, VLEN = 1024 bits, ELEN = 64 bits
src/base/statistics.hh:279: warn: One of the stats is a legacy stat. Legacy stat is a stat that does not belong to any statistics::Group. Legacy stat is deprecated.
src/base/remote_gdb.cc:418: warn: Sockets disabled, not accepting gdb connections
src/sim/simulate.cc:199: info: Entering event queue @ 0.  Starting simulation...
Relaxing scrub interval from 10 cycles to 12 cycles
Relaxing scrub interval from 12 cycles to 15 cycles
Relaxing scrub interval from 15 cycles to 18 cycles
Relaxing scrub interval from 18 cycles to 22 cycles
Relaxing scrub interval from 22 cycles to 27 cycles
Relaxing scrub interval from 27 cycles to 33 cycles
Relaxing scrub interval from 33 cycles to 41 cycles
Relaxing scrub interval from 41 cycles to 51 cycles
Relaxing scrub interval from 51 cycles to 63 cycles
Relaxing scrub interval from 63 cycles to 78 cycles
Relaxing scrub interval from 78 cycles to 97 cycles
Relaxing scrub interval from 97 cycles to 121 cycles
Relaxing scrub interval from 121 cycles to 151 cycles
Relaxing scrub interval from 151 cycles to 188 cycles
Relaxing scrub interval from 188 cycles to 235 cycles
Relaxing scrub interval from 235 cycles to 293 cycles
Relaxing scrub interval from 293 cycles to 366 cycles
Relaxing scrub interval from 366 cycles to 457 cycles
Relaxing scrub interval from 457 cycles to 571 cycles
Relaxing scrub interval from 571 cycles to 713 cycles
Relaxing scrub interval from 713 cycles to 891 cycles
src/sim/syscall_emul.cc:86: warn: ignoring syscall set_robust_list(...)
      (further warnings will be suppressed)
Relaxing scrub interval from 891 cycles to 1113 cycles
Relaxing scrub interval from 1113 cycles to 1391 cycles
src/sim/syscall_emul.hh:1014: warn: readlink() called on '/proc/self/exe' may yield unexpected results in various settings.
      Returning '/home/cs1952y-user/gem5/1952y-fp/gem5/tests/test-progs/cs1952y-fp/vec_no_parallel'
src/sim/mem_state.cc:448: info: Increasing stack size by one page.
Relaxing scrub interval from 1391 cycles to 1738 cycles
Relaxing scrub interval from 1738 cycles to 2172 cycles
Relaxing scrub interval from 2172 cycles to 2715 cycles
Relaxing scrub interval from 2715 cycles to 3393 cycles
Relaxing scrub interval from 3393 cycles to 4241 cycles
Relaxing scrub interval from 4241 cycles to 5301 cycles
src/sim/syscall_emul.cc:75: warn: ignoring syscall mprotect(...) at tick 24879000
Relaxing scrub interval from 5301 cycles to 6626 cycles
Relaxing scrub interval from 6626 cycles to 8282 cycles
Relaxing scrub interval from 8282 cycles to 10352 cycles
Relaxing scrub interval from 10352 cycles to 12940 cycles
Relaxing scrub interval from 12940 cycles to 16175 cycles
Relaxing scrub interval from 16175 cycles to 20218 cycles
Tightening scrub interval from 20218 cycles to 10109 cycles
Relaxing scrub interval from 10109 cycles to 12636 cycles
Tightening scrub interval from 12636 cycles to 6318 cycles
Relaxing scrub interval from 6318 cycles to 7897 cycles
Relaxing scrub interval from 7897 cycles to 9871 cycles
Relaxing scrub interval from 9871 cycles to 12338 cycles
Tightening scrub interval from 12338 cycles to 6169 cycles
Tightening scrub interval from 6169 cycles to 3084 cycles
Relaxing scrub interval from 3084 cycles to 3855 cycles
Relaxing scrub interval from 3855 cycles to 4818 cycles
Relaxing scrub interval from 4818 cycles to 6022 cycles
Relaxing scrub interval from 6022 cycles to 7527 cycles
Relaxing scrub interval from 7527 cycles to 9408 cycles
Relaxing scrub interval from 9408 cycles to 11760 cycles
Relaxing scrub interval from 11760 cycles to 14700 cycles
Tightening scrub interval from 14700 cycles to 7350 cycles
Tightening scrub interval from 7350 cycles to 3675 cycles
Relaxing scrub interval from 3675 cycles to 4593 cycles
Relaxing scrub interval from 4593 cycles to 5741 cycles
Relaxing scrub interval from 5741 cycles to 7176 cycles
Relaxing scrub interval from 7176 cycles to 8970 cycles
Relaxing scrub interval from 8970 cycles to 11212 cycles
Relaxing scrub interval from 11212 cycles to 14015 cycles
Relaxing scrub interval from 14015 cycles to 17518 cycles
Relaxing scrub interval from 17518 cycles to 21897 cycles
Relaxing scrub interval from 21897 cycles to 27371 cycles
Tightening scrub interval from 27371 cycles to 13685 cycles
Relaxing scrub interval from 13685 cycles to 17106 cycles
Relaxing scrub interval from 17106 cycles to 21382 cycles
Tightening scrub interval from 21382 cycles to 10691 cycles
Relaxing scrub interval from 10691 cycles to 13363 cycles
Relaxing scrub interval from 13363 cycles to 16703 cycles
Relaxing scrub interval from 16703 cycles to 20878 cycles
Tightening scrub interval from 20878 cycles to 10439 cycles
Relaxing scrub interval from 10439 cycles to 13048 cycles
Relaxing scrub interval from 13048 cycles to 16310 cycles
Relaxing scrub interval from 16310 cycles to 20387 cycles
Relaxing scrub interval from 20387 cycles to 25483 cycles
Relaxing scrub interval from 25483 cycles to 31853 cycles
Tightening scrub interval from 31853 cycles to 15926 cycles
Relaxing scrub interval from 15926 cycles to 19907 cycles
Relaxing scrub interval from 19907 cycles to 24883 cycles
Relaxing scrub interval from 24883 cycles to 31103 cycles
Tightening scrub interval from 31103 cycles to 15551 cycles
Relaxing scrub interval from 15551 cycles to 19438 cycles
Relaxing scrub interval from 19438 cycles to 24297 cycles
Relaxing scrub interval from 24297 cycles to 30371 cycles
Relaxing scrub interval from 30371 cycles to 37963 cycles
Relaxing scrub interval from 37963 cycles to 47453 cycles
Tightening scrub interval from 47453 cycles to 23726 cycles
Relaxing scrub interval from 23726 cycles to 29657 cycles
Relaxing scrub interval from 29657 cycles to 37071 cycles
Tightening scrub interval from 37071 cycles to 18535 cycles
Tightening scrub interval from 18535 cycles to 9267 cycles
Relaxing scrub interval from 9267 cycles to 11583 cycles
Relaxing scrub interval from 11583 cycles to 14478 cycles
Relaxing scrub interval from 14478 cycles to 18097 cycles
Tightening scrub interval from 18097 cycles to 9048 cycles
Relaxing scrub interval from 9048 cycles to 11310 cycles
Relaxing scrub interval from 11310 cycles to 14137 cycles
Relaxing scrub interval from 14137 cycles to 17671 cycles
Relaxing scrub interval from 17671 cycles to 22088 cycles
Relaxing scrub interval from 22088 cycles to 27610 cycles
Relaxing scrub interval from 27610 cycles to 34512 cycles
Relaxing scrub interval from 34512 cycles to 43140 cycles
Relaxing scrub interval from 43140 cycles to 53925 cycles
Relaxing scrub interval from 53925 cycles to 67406 cycles
