warn: No dot file generated. Please install pydot to generate the dot file and pdf.
Scrubbing enabled with adaptive interval starting at 10 cycles, tightening factor 2, relax factor 1.25
src/arch/riscv/isa.cc:275: info: RVV enabled, VLEN = 1024 bits, ELEN = 64 bits
src/base/statistics.hh:279: warn: One of the stats is a legacy stat. Legacy stat is a stat that does not belong to any statistics::Group. Legacy stat is deprecated.
src/base/remote_gdb.cc:418: warn: Sockets disabled, not accepting gdb connections
src/sim/simulate.cc:199: info: Entering event queue @ 0.  Starting simulation...
Relaxing scrub interval from 10 cycles to 12 cycles
Relaxing scrub interval from 12 cycles to 15 cycles
Relaxing scrub interval from 15 cycles to 18 cycles
Relaxing scrub interval from 18 cycles to 22 cycles
Relaxing scrub interval from 22 cycles to 27 cycles
Relaxing scrub interval from 27 cycles to 33 cycles
Relaxing scrub interval from 33 cycles to 41 cycles
Relaxing scrub interval from 41 cycles to 51 cycles
Relaxing scrub interval from 51 cycles to 63 cycles
Relaxing scrub interval from 63 cycles to 78 cycles
Relaxing scrub interval from 78 cycles to 97 cycles
Relaxing scrub interval from 97 cycles to 121 cycles
Relaxing scrub interval from 121 cycles to 151 cycles
Relaxing scrub interval from 151 cycles to 188 cycles
Relaxing scrub interval from 188 cycles to 235 cycles
Relaxing scrub interval from 235 cycles to 293 cycles
Relaxing scrub interval from 293 cycles to 366 cycles
Relaxing scrub interval from 366 cycles to 457 cycles
Relaxing scrub interval from 457 cycles to 571 cycles
Relaxing scrub interval from 571 cycles to 713 cycles
Relaxing scrub interval from 713 cycles to 891 cycles
src/sim/syscall_emul.cc:86: warn: ignoring syscall set_robust_list(...)
      (further warnings will be suppressed)
Relaxing scrub interval from 891 cycles to 1113 cycles
Relaxing scrub interval from 1113 cycles to 1391 cycles
src/sim/syscall_emul.hh:1014: warn: readlink() called on '/proc/self/exe' may yield unexpected results in various settings.
      Returning '/home/cs1952y-user/gem5/1952y-fp/gem5/tests/test-progs/cs1952y-fp/vec_no_parallel'
src/sim/mem_state.cc:448: info: Increasing stack size by one page.
Relaxing scrub interval from 1391 cycles to 1738 cycles
Relaxing scrub interval from 1738 cycles to 2172 cycles
Relaxing scrub interval from 2172 cycles to 2715 cycles
Relaxing scrub interval from 2715 cycles to 3393 cycles
Relaxing scrub interval from 3393 cycles to 4241 cycles
Relaxing scrub interval from 4241 cycles to 5301 cycles
src/sim/syscall_emul.cc:75: warn: ignoring syscall mprotect(...) at tick 24879000
Relaxing scrub interval from 5301 cycles to 6626 cycles
Relaxing scrub interval from 6626 cycles to 8282 cycles
Relaxing scrub interval from 8282 cycles to 10352 cycles
Relaxing scrub interval from 10352 cycles to 12940 cycles
Tightening scrub interval from 12940 cycles to 6470 cycles
Relaxing scrub interval from 6470 cycles to 8087 cycles
Relaxing scrub interval from 8087 cycles to 10108 cycles
Tightening scrub interval from 10108 cycles to 5054 cycles
Relaxing scrub interval from 5054 cycles to 6317 cycles
Relaxing scrub interval from 6317 cycles to 7896 cycles
Relaxing scrub interval from 7896 cycles to 9870 cycles
Relaxing scrub interval from 9870 cycles to 12337 cycles
Relaxing scrub interval from 12337 cycles to 15421 cycles
Tightening scrub interval from 15421 cycles to 7710 cycles
Relaxing scrub interval from 7710 cycles to 9637 cycles
Relaxing scrub interval from 9637 cycles to 12046 cycles
Tightening scrub interval from 12046 cycles to 6023 cycles
Relaxing scrub interval from 6023 cycles to 7528 cycles
Tightening scrub interval from 7528 cycles to 3764 cycles
Tightening scrub interval from 3764 cycles to 1882 cycles
Relaxing scrub interval from 1882 cycles to 2352 cycles
Relaxing scrub interval from 2352 cycles to 2940 cycles
Relaxing scrub interval from 2940 cycles to 3675 cycles
Relaxing scrub interval from 3675 cycles to 4593 cycles
Relaxing scrub interval from 4593 cycles to 5741 cycles
Relaxing scrub interval from 5741 cycles to 7176 cycles
Relaxing scrub interval from 7176 cycles to 8970 cycles
Relaxing scrub interval from 8970 cycles to 11212 cycles
Relaxing scrub interval from 11212 cycles to 14015 cycles
Relaxing scrub interval from 14015 cycles to 17518 cycles
Tightening scrub interval from 17518 cycles to 8759 cycles
Relaxing scrub interval from 8759 cycles to 10948 cycles
Tightening scrub interval from 10948 cycles to 5474 cycles
Relaxing scrub interval from 5474 cycles to 6842 cycles
Relaxing scrub interval from 6842 cycles to 8552 cycles
Relaxing scrub interval from 8552 cycles to 10690 cycles
Tightening scrub interval from 10690 cycles to 5345 cycles
Tightening scrub interval from 5345 cycles to 2672 cycles
Relaxing scrub interval from 2672 cycles to 3340 cycles
Relaxing scrub interval from 3340 cycles to 4175 cycles
Relaxing scrub interval from 4175 cycles to 5218 cycles
Relaxing scrub interval from 5218 cycles to 6522 cycles
Relaxing scrub interval from 6522 cycles to 8152 cycles
Relaxing scrub interval from 8152 cycles to 10190 cycles
Relaxing scrub interval from 10190 cycles to 12737 cycles
Tightening scrub interval from 12737 cycles to 6368 cycles
Relaxing scrub interval from 6368 cycles to 7960 cycles
Relaxing scrub interval from 7960 cycles to 9950 cycles
Relaxing scrub interval from 9950 cycles to 12437 cycles
Relaxing scrub interval from 12437 cycles to 15546 cycles
Relaxing scrub interval from 15546 cycles to 19432 cycles
Relaxing scrub interval from 19432 cycles to 24290 cycles
Relaxing scrub interval from 24290 cycles to 30362 cycles
Relaxing scrub interval from 30362 cycles to 37952 cycles
Relaxing scrub interval from 37952 cycles to 47440 cycles
Tightening scrub interval from 47440 cycles to 23720 cycles
Tightening scrub interval from 23720 cycles to 11860 cycles
Relaxing scrub interval from 11860 cycles to 14825 cycles
Relaxing scrub interval from 14825 cycles to 18531 cycles
Relaxing scrub interval from 18531 cycles to 23163 cycles
Relaxing scrub interval from 23163 cycles to 28953 cycles
Relaxing scrub interval from 28953 cycles to 36191 cycles
Tightening scrub interval from 36191 cycles to 18095 cycles
Relaxing scrub interval from 18095 cycles to 22618 cycles
Tightening scrub interval from 22618 cycles to 11309 cycles
Relaxing scrub interval from 11309 cycles to 14136 cycles
Relaxing scrub interval from 14136 cycles to 17670 cycles
Relaxing scrub interval from 17670 cycles to 22087 cycles
Relaxing scrub interval from 22087 cycles to 27608 cycles
Relaxing scrub interval from 27608 cycles to 34510 cycles
Tightening scrub interval from 34510 cycles to 17255 cycles
Relaxing scrub interval from 17255 cycles to 21568 cycles
Relaxing scrub interval from 21568 cycles to 26960 cycles
Relaxing scrub interval from 26960 cycles to 33700 cycles
Relaxing scrub interval from 33700 cycles to 42125 cycles
Relaxing scrub interval from 42125 cycles to 52656 cycles
Tightening scrub interval from 52656 cycles to 26328 cycles
Tightening scrub interval from 26328 cycles to 13164 cycles
Relaxing scrub interval from 13164 cycles to 16455 cycles
Relaxing scrub interval from 16455 cycles to 20568 cycles
Relaxing scrub interval from 20568 cycles to 25710 cycles
Relaxing scrub interval from 25710 cycles to 32137 cycles
Relaxing scrub interval from 32137 cycles to 40171 cycles
Tightening scrub interval from 40171 cycles to 20085 cycles
Relaxing scrub interval from 20085 cycles to 25106 cycles
Relaxing scrub interval from 25106 cycles to 31382 cycles
Tightening scrub interval from 31382 cycles to 15691 cycles
Relaxing scrub interval from 15691 cycles to 19613 cycles
Tightening scrub interval from 19613 cycles to 9806 cycles
Relaxing scrub interval from 9806 cycles to 12257 cycles
Relaxing scrub interval from 12257 cycles to 15321 cycles
Relaxing scrub interval from 15321 cycles to 19151 cycles
Relaxing scrub interval from 19151 cycles to 23938 cycles
Relaxing scrub interval from 23938 cycles to 29922 cycles
Relaxing scrub interval from 29922 cycles to 37402 cycles
Relaxing scrub interval from 37402 cycles to 46752 cycles
Relaxing scrub interval from 46752 cycles to 58440 cycles
Relaxing scrub interval from 58440 cycles to 73050 cycles
Tightening scrub interval from 73050 cycles to 36525 cycles
Relaxing scrub interval from 36525 cycles to 45656 cycles
Relaxing scrub interval from 45656 cycles to 57070 cycles
Tightening scrub interval from 57070 cycles to 28535 cycles
Relaxing scrub interval from 28535 cycles to 35668 cycles
Tightening scrub interval from 35668 cycles to 17834 cycles
Relaxing scrub interval from 17834 cycles to 22292 cycles
Relaxing scrub interval from 22292 cycles to 27865 cycles
Relaxing scrub interval from 27865 cycles to 34831 cycles
Relaxing scrub interval from 34831 cycles to 43538 cycles
Relaxing scrub interval from 43538 cycles to 54422 cycles
Relaxing scrub interval from 54422 cycles to 68027 cycles
Relaxing scrub interval from 68027 cycles to 85033 cycles
Relaxing scrub interval from 85033 cycles to 106291 cycles
Relaxing scrub interval from 106291 cycles to 132863 cycles
Tightening scrub interval from 132863 cycles to 66431 cycles
Relaxing scrub interval from 66431 cycles to 83038 cycles
Relaxing scrub interval from 83038 cycles to 103797 cycles
Tightening scrub interval from 103797 cycles to 51898 cycles
Relaxing scrub interval from 51898 cycles to 64872 cycles
Tightening scrub interval from 64872 cycles to 32436 cycles
Relaxing scrub interval from 32436 cycles to 40545 cycles
Relaxing scrub interval from 40545 cycles to 50681 cycles
Relaxing scrub interval from 50681 cycles to 63351 cycles
Relaxing scrub interval from 63351 cycles to 79188 cycles
Tightening scrub interval from 79188 cycles to 39594 cycles
Tightening scrub interval from 39594 cycles to 19797 cycles
Relaxing scrub interval from 19797 cycles to 24746 cycles
Tightening scrub interval from 24746 cycles to 12373 cycles
Relaxing scrub interval from 12373 cycles to 15466 cycles
Relaxing scrub interval from 15466 cycles to 19332 cycles
Relaxing scrub interval from 19332 cycles to 24165 cycles
Relaxing scrub interval from 24165 cycles to 30206 cycles
Relaxing scrub interval from 30206 cycles to 37757 cycles
Relaxing scrub interval from 37757 cycles to 47196 cycles
Relaxing scrub interval from 47196 cycles to 58995 cycles
Tightening scrub interval from 58995 cycles to 29497 cycles
Relaxing scrub interval from 29497 cycles to 36871 cycles
Tightening scrub interval from 36871 cycles to 18435 cycles
Tightening scrub interval from 18435 cycles to 9217 cycles
Relaxing scrub interval from 9217 cycles to 11521 cycles
Relaxing scrub interval from 11521 cycles to 14401 cycles
Relaxing scrub interval from 14401 cycles to 18001 cycles
Tightening scrub interval from 18001 cycles to 9000 cycles
Relaxing scrub interval from 9000 cycles to 11250 cycles
Relaxing scrub interval from 11250 cycles to 14062 cycles
Relaxing scrub interval from 14062 cycles to 17577 cycles
Tightening scrub interval from 17577 cycles to 8788 cycles
Tightening scrub interval from 8788 cycles to 4394 cycles
Relaxing scrub interval from 4394 cycles to 5492 cycles
Relaxing scrub interval from 5492 cycles to 6865 cycles
Relaxing scrub interval from 6865 cycles to 8581 cycles
Relaxing scrub interval from 8581 cycles to 10726 cycles
Relaxing scrub interval from 10726 cycles to 13407 cycles
Relaxing scrub interval from 13407 cycles to 16758 cycles
Relaxing scrub interval from 16758 cycles to 20947 cycles
Relaxing scrub interval from 20947 cycles to 26183 cycles
Relaxing scrub interval from 26183 cycles to 32728 cycles
Tightening scrub interval from 32728 cycles to 16364 cycles
Relaxing scrub interval from 16364 cycles to 20455 cycles
Relaxing scrub interval from 20455 cycles to 25568 cycles
Relaxing scrub interval from 25568 cycles to 31960 cycles
Tightening scrub interval from 31960 cycles to 15980 cycles
Relaxing scrub interval from 15980 cycles to 19975 cycles
Relaxing scrub interval from 19975 cycles to 24968 cycles
Relaxing scrub interval from 24968 cycles to 31210 cycles
Relaxing scrub interval from 31210 cycles to 39012 cycles
Relaxing scrub interval from 39012 cycles to 48765 cycles
Relaxing scrub interval from 48765 cycles to 60956 cycles
Tightening scrub interval from 60956 cycles to 30478 cycles
Relaxing scrub interval from 30478 cycles to 38097 cycles
Relaxing scrub interval from 38097 cycles to 47621 cycles
Tightening scrub interval from 47621 cycles to 23810 cycles
Tightening scrub interval from 23810 cycles to 11905 cycles
Tightening scrub interval from 11905 cycles to 5952 cycles
Relaxing scrub interval from 5952 cycles to 7440 cycles
Relaxing scrub interval from 7440 cycles to 9300 cycles
Relaxing scrub interval from 9300 cycles to 11625 cycles
Relaxing scrub interval from 11625 cycles to 14531 cycles
Relaxing scrub interval from 14531 cycles to 18163 cycles
Relaxing scrub interval from 18163 cycles to 22703 cycles
Tightening scrub interval from 22703 cycles to 11351 cycles
Relaxing scrub interval from 11351 cycles to 14188 cycles
Tightening scrub interval from 14188 cycles to 7094 cycles
Relaxing scrub interval from 7094 cycles to 8867 cycles
Relaxing scrub interval from 8867 cycles to 11083 cycles
Relaxing scrub interval from 11083 cycles to 13853 cycles
Relaxing scrub interval from 13853 cycles to 17316 cycles
Tightening scrub interval from 17316 cycles to 8658 cycles
Relaxing scrub interval from 8658 cycles to 10822 cycles
Relaxing scrub interval from 10822 cycles to 13527 cycles
Relaxing scrub interval from 13527 cycles to 16908 cycles
Tightening scrub interval from 16908 cycles to 8454 cycles
Relaxing scrub interval from 8454 cycles to 10567 cycles
Relaxing scrub interval from 10567 cycles to 13208 cycles
Relaxing scrub interval from 13208 cycles to 16510 cycles
Relaxing scrub interval from 16510 cycles to 20637 cycles
Relaxing scrub interval from 20637 cycles to 25796 cycles
Relaxing scrub interval from 25796 cycles to 32245 cycles
Relaxing scrub interval from 32245 cycles to 40306 cycles
Tightening scrub interval from 40306 cycles to 20153 cycles
Relaxing scrub interval from 20153 cycles to 25191 cycles
Relaxing scrub interval from 25191 cycles to 31488 cycles
Relaxing scrub interval from 31488 cycles to 39360 cycles
Tightening scrub interval from 39360 cycles to 19680 cycles
Relaxing scrub interval from 19680 cycles to 24600 cycles
Relaxing scrub interval from 24600 cycles to 30750 cycles
Relaxing scrub interval from 30750 cycles to 38437 cycles
Relaxing scrub interval from 38437 cycles to 48046 cycles
Tightening scrub interval from 48046 cycles to 24023 cycles
Relaxing scrub interval from 24023 cycles to 30028 cycles
Relaxing scrub interval from 30028 cycles to 37535 cycles
Relaxing scrub interval from 37535 cycles to 46918 cycles
Relaxing scrub interval from 46918 cycles to 58647 cycles
Tightening scrub interval from 58647 cycles to 29323 cycles
Relaxing scrub interval from 29323 cycles to 36653 cycles
Relaxing scrub interval from 36653 cycles to 45816 cycles
Tightening scrub interval from 45816 cycles to 22908 cycles
Relaxing scrub interval from 22908 cycles to 28635 cycles
Relaxing scrub interval from 28635 cycles to 35793 cycles
Tightening scrub interval from 35793 cycles to 17896 cycles
Relaxing scrub interval from 17896 cycles to 22370 cycles
Tightening scrub interval from 22370 cycles to 11185 cycles
Relaxing scrub interval from 11185 cycles to 13981 cycles
Tightening scrub interval from 13981 cycles to 6990 cycles
Relaxing scrub interval from 6990 cycles to 8737 cycles
Relaxing scrub interval from 8737 cycles to 10921 cycles
Relaxing scrub interval from 10921 cycles to 13651 cycles
Relaxing scrub interval from 13651 cycles to 17063 cycles
Relaxing scrub interval from 17063 cycles to 21328 cycles
Relaxing scrub interval from 21328 cycles to 26660 cycles
Relaxing scrub interval from 26660 cycles to 33325 cycles
Relaxing scrub interval from 33325 cycles to 41656 cycles
Relaxing scrub interval from 41656 cycles to 52070 cycles
Relaxing scrub interval from 52070 cycles to 65087 cycles
Relaxing scrub interval from 65087 cycles to 81358 cycles
Relaxing scrub interval from 81358 cycles to 101697 cycles
Relaxing scrub interval from 101697 cycles to 127121 cycles
Relaxing scrub interval from 127121 cycles to 158901 cycles
Relaxing scrub interval from 158901 cycles to 198626 cycles
Tightening scrub interval from 198626 cycles to 99313 cycles
Tightening scrub interval from 99313 cycles to 49656 cycles
Relaxing scrub interval from 49656 cycles to 62070 cycles
Tightening scrub interval from 62070 cycles to 31035 cycles
Relaxing scrub interval from 31035 cycles to 38793 cycles
Relaxing scrub interval from 38793 cycles to 48491 cycles
Tightening scrub interval from 48491 cycles to 24245 cycles
Relaxing scrub interval from 24245 cycles to 30306 cycles
Relaxing scrub interval from 30306 cycles to 37882 cycles
Relaxing scrub interval from 37882 cycles to 47352 cycles
Relaxing scrub interval from 47352 cycles to 59190 cycles
Tightening scrub interval from 59190 cycles to 29595 cycles
Relaxing scrub interval from 29595 cycles to 36993 cycles
Tightening scrub interval from 36993 cycles to 18496 cycles
Relaxing scrub interval from 18496 cycles to 23120 cycles
Relaxing scrub interval from 23120 cycles to 28900 cycles
Relaxing scrub interval from 28900 cycles to 36125 cycles
Tightening scrub interval from 36125 cycles to 18062 cycles
Tightening scrub interval from 18062 cycles to 9031 cycles
Relaxing scrub interval from 9031 cycles to 11288 cycles
Relaxing scrub interval from 11288 cycles to 14110 cycles
Relaxing scrub interval from 14110 cycles to 17637 cycles
Relaxing scrub interval from 17637 cycles to 22046 cycles
Relaxing scrub interval from 22046 cycles to 27557 cycles
Relaxing scrub interval from 27557 cycles to 34446 cycles
Tightening scrub interval from 34446 cycles to 17223 cycles
Relaxing scrub interval from 17223 cycles to 21528 cycles
Relaxing scrub interval from 21528 cycles to 26910 cycles
Tightening scrub interval from 26910 cycles to 13455 cycles
Relaxing scrub interval from 13455 cycles to 16818 cycles
Relaxing scrub interval from 16818 cycles to 21022 cycles
Relaxing scrub interval from 21022 cycles to 26277 cycles
Relaxing scrub interval from 26277 cycles to 32846 cycles
Relaxing scrub interval from 32846 cycles to 41057 cycles
Relaxing scrub interval from 41057 cycles to 51321 cycles
Tightening scrub interval from 51321 cycles to 25660 cycles
Relaxing scrub interval from 25660 cycles to 32075 cycles
Tightening scrub interval from 32075 cycles to 16037 cycles
Relaxing scrub interval from 16037 cycles to 20046 cycles
Relaxing scrub interval from 20046 cycles to 25057 cycles
Tightening scrub interval from 25057 cycles to 12528 cycles
Relaxing scrub interval from 12528 cycles to 15660 cycles
Relaxing scrub interval from 15660 cycles to 19575 cycles
Tightening scrub interval from 19575 cycles to 9787 cycles
Tightening scrub interval from 9787 cycles to 4893 cycles
Tightening scrub interval from 4893 cycles to 2446 cycles
Relaxing scrub interval from 2446 cycles to 3057 cycles
Relaxing scrub interval from 3057 cycles to 3821 cycles
Relaxing scrub interval from 3821 cycles to 4776 cycles
Relaxing scrub interval from 4776 cycles to 5970 cycles
Relaxing scrub interval from 5970 cycles to 7462 cycles
Relaxing scrub interval from 7462 cycles to 9327 cycles
Relaxing scrub interval from 9327 cycles to 11658 cycles
Relaxing scrub interval from 11658 cycles to 14572 cycles
Relaxing scrub interval from 14572 cycles to 18215 cycles
Relaxing scrub interval from 18215 cycles to 22768 cycles
Relaxing scrub interval from 22768 cycles to 28460 cycles
Relaxing scrub interval from 28460 cycles to 35575 cycles
Relaxing scrub interval from 35575 cycles to 44468 cycles
Relaxing scrub interval from 44468 cycles to 55585 cycles
Relaxing scrub interval from 55585 cycles to 69481 cycles
Tightening scrub interval from 69481 cycles to 34740 cycles
Relaxing scrub interval from 34740 cycles to 43425 cycles
Relaxing scrub interval from 43425 cycles to 54281 cycles
Relaxing scrub interval from 54281 cycles to 67851 cycles
Relaxing scrub interval from 67851 cycles to 84813 cycles
Relaxing scrub interval from 84813 cycles to 106016 cycles
Relaxing scrub interval from 106016 cycles to 132520 cycles
Tightening scrub interval from 132520 cycles to 66260 cycles
Relaxing scrub interval from 66260 cycles to 82825 cycles
Tightening scrub interval from 82825 cycles to 41412 cycles
Relaxing scrub interval from 41412 cycles to 51765 cycles
Tightening scrub interval from 51765 cycles to 25882 cycles
Relaxing scrub interval from 25882 cycles to 32352 cycles
Tightening scrub interval from 32352 cycles to 16176 cycles
Relaxing scrub interval from 16176 cycles to 20220 cycles
Relaxing scrub interval from 20220 cycles to 25275 cycles
Relaxing scrub interval from 25275 cycles to 31593 cycles
Relaxing scrub interval from 31593 cycles to 39491 cycles
Relaxing scrub interval from 39491 cycles to 49363 cycles
Relaxing scrub interval from 49363 cycles to 61703 cycles
Tightening scrub interval from 61703 cycles to 30851 cycles
Tightening scrub interval from 30851 cycles to 15425 cycles
Relaxing scrub interval from 15425 cycles to 19281 cycles
Relaxing scrub interval from 19281 cycles to 24101 cycles
Relaxing scrub interval from 24101 cycles to 30126 cycles
Relaxing scrub interval from 30126 cycles to 37657 cycles
Tightening scrub interval from 37657 cycles to 18828 cycles
Relaxing scrub interval from 18828 cycles to 23535 cycles
Relaxing scrub interval from 23535 cycles to 29418 cycles
Tightening scrub interval from 29418 cycles to 14709 cycles
Relaxing scrub interval from 14709 cycles to 18386 cycles
Relaxing scrub interval from 18386 cycles to 22982 cycles
Relaxing scrub interval from 22982 cycles to 28727 cycles
Relaxing scrub interval from 28727 cycles to 35908 cycles
/home/cs1952y-user/gem5/1952y-fp/gem5/scripts/run-test.sh: line 82: 67536 Killed                  timeout --signal=KILL 600 "$GEM5_BIN" --outdir="$OUTDIR" "$CONFIG" "$BINARY_REL" --chaos-prob "$CHAOS_PROB" --chaos-bits "$CHAOS_BITS" --delay "$DELAY" --scrub-interval "$SCRUB_INTERVAL" --scrub-tighten-factor "$SCRUB_TIGHTEN_FACTOR" --scrub-relax-factor "$SCRUB_RELAX_FACTOR" --cache-size "$CACHE_SIZE" "${EXTRA[@]}"
