warn: No dot file generated. Please install pydot to generate the dot file and pdf.
Scrubbing enabled with adaptive interval starting at 10 cycles, tightening factor 2, relax factor 1.25
src/arch/riscv/isa.cc:275: info: RVV enabled, VLEN = 1024 bits, ELEN = 64 bits
src/base/statistics.hh:279: warn: One of the stats is a legacy stat. Legacy stat is a stat that does not belong to any statistics::Group. Legacy stat is deprecated.
src/base/remote_gdb.cc:418: warn: Sockets disabled, not accepting gdb connections
src/sim/simulate.cc:199: info: Entering event queue @ 0.  Starting simulation...
Relaxing scrub interval from 10 cycles to 12 cycles
Relaxing scrub interval from 12 cycles to 15 cycles
Relaxing scrub interval from 15 cycles to 18 cycles
Relaxing scrub interval from 18 cycles to 22 cycles
Relaxing scrub interval from 22 cycles to 27 cycles
Relaxing scrub interval from 27 cycles to 33 cycles
Relaxing scrub interval from 33 cycles to 41 cycles
Relaxing scrub interval from 41 cycles to 51 cycles
Relaxing scrub interval from 51 cycles to 63 cycles
Relaxing scrub interval from 63 cycles to 78 cycles
Relaxing scrub interval from 78 cycles to 97 cycles
Relaxing scrub interval from 97 cycles to 121 cycles
Relaxing scrub interval from 121 cycles to 151 cycles
Relaxing scrub interval from 151 cycles to 188 cycles
Relaxing scrub interval from 188 cycles to 235 cycles
Relaxing scrub interval from 235 cycles to 293 cycles
Relaxing scrub interval from 293 cycles to 366 cycles
Relaxing scrub interval from 366 cycles to 457 cycles
Relaxing scrub interval from 457 cycles to 571 cycles
Relaxing scrub interval from 571 cycles to 713 cycles
Relaxing scrub interval from 713 cycles to 891 cycles
src/sim/syscall_emul.cc:86: warn: ignoring syscall set_robust_list(...)
      (further warnings will be suppressed)
Relaxing scrub interval from 891 cycles to 1113 cycles
Relaxing scrub interval from 1113 cycles to 1391 cycles
src/sim/syscall_emul.hh:1014: warn: readlink() called on '/proc/self/exe' may yield unexpected results in various settings.
      Returning '/home/cs1952y-user/gem5/1952y-fp/gem5/tests/test-progs/cs1952y-fp/vec_no_parallel'
src/sim/mem_state.cc:448: info: Increasing stack size by one page.
Relaxing scrub interval from 1391 cycles to 1738 cycles
Relaxing scrub interval from 1738 cycles to 2172 cycles
Relaxing scrub interval from 2172 cycles to 2715 cycles
Relaxing scrub interval from 2715 cycles to 3393 cycles
Relaxing scrub interval from 3393 cycles to 4241 cycles
Relaxing scrub interval from 4241 cycles to 5301 cycles
src/sim/syscall_emul.cc:75: warn: ignoring syscall mprotect(...) at tick 24879000
Relaxing scrub interval from 5301 cycles to 6626 cycles
Relaxing scrub interval from 6626 cycles to 8282 cycles
Relaxing scrub interval from 8282 cycles to 10352 cycles
Relaxing scrub interval from 10352 cycles to 12940 cycles
Tightening scrub interval from 12940 cycles to 6470 cycles
Relaxing scrub interval from 6470 cycles to 8087 cycles
Relaxing scrub interval from 8087 cycles to 10108 cycles
Relaxing scrub interval from 10108 cycles to 12635 cycles
Relaxing scrub interval from 12635 cycles to 15793 cycles
Relaxing scrub interval from 15793 cycles to 19741 cycles
Relaxing scrub interval from 19741 cycles to 24676 cycles
Relaxing scrub interval from 24676 cycles to 30845 cycles
Relaxing scrub interval from 30845 cycles to 38556 cycles
Relaxing scrub interval from 38556 cycles to 48195 cycles
Tightening scrub interval from 48195 cycles to 24097 cycles
Relaxing scrub interval from 24097 cycles to 30121 cycles
Relaxing scrub interval from 30121 cycles to 37651 cycles
Relaxing scrub interval from 37651 cycles to 47063 cycles
Relaxing scrub interval from 47063 cycles to 58828 cycles
Relaxing scrub interval from 58828 cycles to 73535 cycles
Tightening scrub interval from 73535 cycles to 36767 cycles
Relaxing scrub interval from 36767 cycles to 45958 cycles
Tightening scrub interval from 45958 cycles to 22979 cycles
Tightening scrub interval from 22979 cycles to 11489 cycles
Relaxing scrub interval from 11489 cycles to 14361 cycles
Relaxing scrub interval from 14361 cycles to 17951 cycles
Relaxing scrub interval from 17951 cycles to 22438 cycles
Relaxing scrub interval from 22438 cycles to 28047 cycles
Tightening scrub interval from 28047 cycles to 14023 cycles
Relaxing scrub interval from 14023 cycles to 17528 cycles
Relaxing scrub interval from 17528 cycles to 21910 cycles
Relaxing scrub interval from 21910 cycles to 27387 cycles
Relaxing scrub interval from 27387 cycles to 34233 cycles
Relaxing scrub interval from 34233 cycles to 42791 cycles
Relaxing scrub interval from 42791 cycles to 53488 cycles
Tightening scrub interval from 53488 cycles to 26744 cycles
Tightening scrub interval from 26744 cycles to 13372 cycles
Relaxing scrub interval from 13372 cycles to 16715 cycles
Relaxing scrub interval from 16715 cycles to 20893 cycles
Relaxing scrub interval from 20893 cycles to 26116 cycles
Relaxing scrub interval from 26116 cycles to 32645 cycles
Relaxing scrub interval from 32645 cycles to 40806 cycles
Tightening scrub interval from 40806 cycles to 20403 cycles
Relaxing scrub interval from 20403 cycles to 25503 cycles
Relaxing scrub interval from 25503 cycles to 31878 cycles
Relaxing scrub interval from 31878 cycles to 39847 cycles
Relaxing scrub interval from 39847 cycles to 49808 cycles
Relaxing scrub interval from 49808 cycles to 62260 cycles
Tightening scrub interval from 62260 cycles to 31130 cycles
Relaxing scrub interval from 31130 cycles to 38912 cycles
Tightening scrub interval from 38912 cycles to 19456 cycles
Relaxing scrub interval from 19456 cycles to 24320 cycles
Relaxing scrub interval from 24320 cycles to 30400 cycles
Tightening scrub interval from 30400 cycles to 15200 cycles
Relaxing scrub interval from 15200 cycles to 19000 cycles
Relaxing scrub interval from 19000 cycles to 23750 cycles
Relaxing scrub interval from 23750 cycles to 29687 cycles
Relaxing scrub interval from 29687 cycles to 37108 cycles
Relaxing scrub interval from 37108 cycles to 46385 cycles
Tightening scrub interval from 46385 cycles to 23192 cycles
Relaxing scrub interval from 23192 cycles to 28990 cycles
Tightening scrub interval from 28990 cycles to 14495 cycles
Relaxing scrub interval from 14495 cycles to 18118 cycles
Relaxing scrub interval from 18118 cycles to 22647 cycles
Relaxing scrub interval from 22647 cycles to 28308 cycles
Tightening scrub interval from 28308 cycles to 14154 cycles
Relaxing scrub interval from 14154 cycles to 17692 cycles
Tightening scrub interval from 17692 cycles to 8846 cycles
Relaxing scrub interval from 8846 cycles to 11057 cycles
Relaxing scrub interval from 11057 cycles to 13821 cycles
Relaxing scrub interval from 13821 cycles to 17276 cycles
Relaxing scrub interval from 17276 cycles to 21595 cycles
Tightening scrub interval from 21595 cycles to 10797 cycles
Tightening scrub interval from 10797 cycles to 5398 cycles
Relaxing scrub interval from 5398 cycles to 6747 cycles
Relaxing scrub interval from 6747 cycles to 8433 cycles
Relaxing scrub interval from 8433 cycles to 10541 cycles
Relaxing scrub interval from 10541 cycles to 13176 cycles
Relaxing scrub interval from 13176 cycles to 16470 cycles
Relaxing scrub interval from 16470 cycles to 20587 cycles
Relaxing scrub interval from 20587 cycles to 25733 cycles
Relaxing scrub interval from 25733 cycles to 32166 cycles
Tightening scrub interval from 32166 cycles to 16083 cycles
Relaxing scrub interval from 16083 cycles to 20103 cycles
src/sim/faults.cc:102: panic: panic condition !handled && !tc->getSystemPtr()->trapToGdb(GDBSignal::SEGV, tc->contextId()) occurred: Page table fault when accessing virtual address 0x410840
Memory Usage: 8529784 KBytes
Program aborted at tick 1666895000
--- BEGIN LIBC BACKTRACE ---
/gem5_build/gem5.debug(_ZN4gem515print_backtraceEv+0x32)[0x55e71254f105]
/gem5_build/gem5.debug(_ZN4gem512abortHandlerEi+0x7e)[0x55e712574f4c]
/lib/x86_64-linux-gnu/libc.so.6(+0x42520)[0x7fcb91f52520]
/lib/x86_64-linux-gnu/libc.so.6(pthread_kill+0x12c)[0x7fcb91fa69fc]
/lib/x86_64-linux-gnu/libc.so.6(raise+0x16)[0x7fcb91f52476]
/lib/x86_64-linux-gnu/libc.so.6(abort+0xd3)[0x7fcb91f387f3]
/gem5_build/gem5.debug(_ZNSt12__shared_ptrIN4gem59FaultBaseELN9__gnu_cxx12_Lock_policyE2EED1Ev+0x0)[0x55e710a85028]
/gem5_build/gem5.debug(_ZN4gem521GenericPageTableFault6invokeEPNS_13ThreadContextERKNS_14RefCountingPtrINS_10StaticInstEEE+0x139)[0x55e7125c9faf]
/gem5_build/gem5.debug(_ZN4gem52o33CPU4trapERKSt10shared_ptrINS_9FaultBaseEEsRKNS_14RefCountingPtrINS_10StaticInstEEE+0x65)[0x55e71163e387]
/gem5_build/gem5.debug(_ZN4gem52o36Commit10commitHeadERKNS_14RefCountingPtrINS0_7DynInstEEEj+0xc3f)[0x55e71162c90f]
/gem5_build/gem5.debug(_ZN4gem52o36Commit11commitInstsEv+0x54a)[0x55e71162adcc]
/gem5_build/gem5.debug(_ZN4gem52o36Commit6commitEv+0xaf9)[0x55e71162a49b]
/gem5_build/gem5.debug(_ZN4gem52o36Commit4tickEv+0x2aa)[0x55e711628aee]
/gem5_build/gem5.debug(_ZN4gem52o33CPU4tickEv+0x1d7)[0x55e71163c421]
/gem5_build/gem5.debug(+0x351f903)[0x55e711639903]
/gem5_build/gem5.debug(+0x35293a2)[0x55e7116433a2]
/gem5_build/gem5.debug(+0x3529134)[0x55e711643134]
/gem5_build/gem5.debug(+0x3528f2e)[0x55e711642f2e]
/gem5_build/gem5.debug(_ZNKSt8functionIFvvEEclEv+0x36)[0x55e710b6f956]
/gem5_build/gem5.debug(_ZN4gem520EventFunctionWrapper7processEv+0x20)[0x55e710b6e188]
/gem5_build/gem5.debug(_ZN4gem510EventQueue10serviceOneEv+0x121)[0x55e7125630b9]
/gem5_build/gem5.debug(_ZN4gem59doSimLoopEPNS_10EventQueueE+0x240)[0x55e71258687b]
/gem5_build/gem5.debug(_ZN4gem58simulateEm+0x23e)[0x55e712586312]
/gem5_build/gem5.debug(+0x4392d62)[0x55e7124acd62]
/gem5_build/gem5.debug(+0x43911c0)[0x55e7124ab1c0]
/gem5_build/gem5.debug(+0x438ce71)[0x55e7124a6e71]
/gem5_build/gem5.debug(+0x438cedc)[0x55e7124a6edc]
/gem5_build/gem5.debug(+0x297cb39)[0x55e710a96b39]
/lib/x86_64-linux-gnu/libpython3.10.so.1.0(+0x128033)[0x7fcb92875033]
/lib/x86_64-linux-gnu/libpython3.10.so.1.0(_PyObject_Call+0x5c)[0x7fcb9282effc]
/lib/x86_64-linux-gnu/libpython3.10.so.1.0(_PyEval_EvalFrameDefault+0x4b16)[0x7fcb927c3776]
/lib/x86_64-linux-gnu/libpython3.10.so.1.0(+0x1c24df)[0x7fcb9290f4df]
--- END LIBC BACKTRACE ---
For more info on how to address this issue, please visit https://www.gem5.org/documentation/general_docs/common-errors/ 

timeout: the monitored command dumped core
/home/cs1952y-user/gem5/1952y-fp/gem5/scripts/run-test.sh: line 82: 64432 Aborted                 timeout --signal=KILL 600 "$GEM5_BIN" --outdir="$OUTDIR" "$CONFIG" "$BINARY_REL" --chaos-prob "$CHAOS_PROB" --chaos-bits "$CHAOS_BITS" --delay "$DELAY" --scrub-interval "$SCRUB_INTERVAL" --scrub-tighten-factor "$SCRUB_TIGHTEN_FACTOR" --scrub-relax-factor "$SCRUB_RELAX_FACTOR" --cache-size "$CACHE_SIZE" "${EXTRA[@]}"
