warn: No dot file generated. Please install pydot to generate the dot file and pdf.
Scrubbing enabled with adaptive interval starting at 10 cycles, tightening factor 2, relax factor 1.25
src/arch/riscv/isa.cc:275: info: RVV enabled, VLEN = 1024 bits, ELEN = 64 bits
src/base/statistics.hh:279: warn: One of the stats is a legacy stat. Legacy stat is a stat that does not belong to any statistics::Group. Legacy stat is deprecated.
src/base/remote_gdb.cc:418: warn: Sockets disabled, not accepting gdb connections
src/sim/simulate.cc:199: info: Entering event queue @ 0.  Starting simulation...
Relaxing scrub interval from 10 cycles to 12 cycles
Relaxing scrub interval from 12 cycles to 15 cycles
Relaxing scrub interval from 15 cycles to 18 cycles
Relaxing scrub interval from 18 cycles to 22 cycles
Relaxing scrub interval from 22 cycles to 27 cycles
Relaxing scrub interval from 27 cycles to 33 cycles
Relaxing scrub interval from 33 cycles to 41 cycles
Relaxing scrub interval from 41 cycles to 51 cycles
Relaxing scrub interval from 51 cycles to 63 cycles
Relaxing scrub interval from 63 cycles to 78 cycles
Relaxing scrub interval from 78 cycles to 97 cycles
Relaxing scrub interval from 97 cycles to 121 cycles
Relaxing scrub interval from 121 cycles to 151 cycles
Relaxing scrub interval from 151 cycles to 188 cycles
Relaxing scrub interval from 188 cycles to 235 cycles
Relaxing scrub interval from 235 cycles to 293 cycles
Relaxing scrub interval from 293 cycles to 366 cycles
Relaxing scrub interval from 366 cycles to 457 cycles
Relaxing scrub interval from 457 cycles to 571 cycles
Relaxing scrub interval from 571 cycles to 713 cycles
Relaxing scrub interval from 713 cycles to 891 cycles
src/sim/syscall_emul.cc:86: warn: ignoring syscall set_robust_list(...)
      (further warnings will be suppressed)
Relaxing scrub interval from 891 cycles to 1113 cycles
Relaxing scrub interval from 1113 cycles to 1391 cycles
src/sim/syscall_emul.hh:1014: warn: readlink() called on '/proc/self/exe' may yield unexpected results in various settings.
      Returning '/home/cs1952y-user/gem5/1952y-fp/gem5/tests/test-progs/cs1952y-fp/vec_no_parallel'
src/sim/mem_state.cc:448: info: Increasing stack size by one page.
Relaxing scrub interval from 1391 cycles to 1738 cycles
Relaxing scrub interval from 1738 cycles to 2172 cycles
Relaxing scrub interval from 2172 cycles to 2715 cycles
Relaxing scrub interval from 2715 cycles to 3393 cycles
Relaxing scrub interval from 3393 cycles to 4241 cycles
Relaxing scrub interval from 4241 cycles to 5301 cycles
src/sim/syscall_emul.cc:75: warn: ignoring syscall mprotect(...) at tick 24879000
Relaxing scrub interval from 5301 cycles to 6626 cycles
Relaxing scrub interval from 6626 cycles to 8282 cycles
Relaxing scrub interval from 8282 cycles to 10352 cycles
Relaxing scrub interval from 10352 cycles to 12940 cycles
Relaxing scrub interval from 12940 cycles to 16175 cycles
Relaxing scrub interval from 16175 cycles to 20218 cycles
Relaxing scrub interval from 20218 cycles to 25272 cycles
Relaxing scrub interval from 25272 cycles to 31590 cycles
Relaxing scrub interval from 31590 cycles to 39487 cycles
Tightening scrub interval from 39487 cycles to 19743 cycles
Relaxing scrub interval from 19743 cycles to 24678 cycles
Relaxing scrub interval from 24678 cycles to 30847 cycles
Relaxing scrub interval from 30847 cycles to 38558 cycles
Relaxing scrub interval from 38558 cycles to 48197 cycles
Relaxing scrub interval from 48197 cycles to 60246 cycles
Relaxing scrub interval from 60246 cycles to 75307 cycles
Relaxing scrub interval from 75307 cycles to 94133 cycles
Relaxing scrub interval from 94133 cycles to 117666 cycles
Relaxing scrub interval from 117666 cycles to 147082 cycles
Relaxing scrub interval from 147082 cycles to 183852 cycles
Relaxing scrub interval from 183852 cycles to 229815 cycles
Relaxing scrub interval from 229815 cycles to 287268 cycles
Relaxing scrub interval from 287268 cycles to 359085 cycles
Relaxing scrub interval from 359085 cycles to 448856 cycles
Tightening scrub interval from 448856 cycles to 224428 cycles
Relaxing scrub interval from 224428 cycles to 280535 cycles
Tightening scrub interval from 280535 cycles to 140267 cycles
Relaxing scrub interval from 140267 cycles to 175333 cycles
Relaxing scrub interval from 175333 cycles to 219166 cycles
Relaxing scrub interval from 219166 cycles to 273957 cycles
Tightening scrub interval from 273957 cycles to 136978 cycles
Tightening scrub interval from 136978 cycles to 68489 cycles
Relaxing scrub interval from 68489 cycles to 85611 cycles
Relaxing scrub interval from 85611 cycles to 107013 cycles
Relaxing scrub interval from 107013 cycles to 133766 cycles
Relaxing scrub interval from 133766 cycles to 167207 cycles
Relaxing scrub interval from 167207 cycles to 209008 cycles
Relaxing scrub interval from 209008 cycles to 261260 cycles
Tightening scrub interval from 261260 cycles to 130630 cycles
Relaxing scrub interval from 130630 cycles to 163287 cycles
Relaxing scrub interval from 163287 cycles to 204108 cycles
Tightening scrub interval from 204108 cycles to 102054 cycles
Tightening scrub interval from 102054 cycles to 51027 cycles
Relaxing scrub interval from 51027 cycles to 63783 cycles
Relaxing scrub interval from 63783 cycles to 79728 cycles
Relaxing scrub interval from 79728 cycles to 99660 cycles
Relaxing scrub interval from 99660 cycles to 124575 cycles
Relaxing scrub interval from 124575 cycles to 155718 cycles
Relaxing scrub interval from 155718 cycles to 194647 cycles
Relaxing scrub interval from 194647 cycles to 243308 cycles
Tightening scrub interval from 243308 cycles to 121654 cycles
Relaxing scrub interval from 121654 cycles to 152067 cycles
Relaxing scrub interval from 152067 cycles to 190083 cycles
Relaxing scrub interval from 190083 cycles to 237603 cycles
