warn: No dot file generated. Please install pydot to generate the dot file and pdf.
Scrubbing enabled with adaptive interval starting at 10 cycles, tightening factor 2, relax factor 1.25
src/arch/riscv/isa.cc:275: info: RVV enabled, VLEN = 256 bits, ELEN = 64 bits
src/arch/riscv/linux/se_workload.cc:60: warn: Unknown operating system; assuming Linux.
src/base/statistics.hh:279: warn: One of the stats is a legacy stat. Legacy stat is a stat that does not belong to any statistics::Group. Legacy stat is deprecated.
src/base/remote_gdb.cc:418: warn: Sockets disabled, not accepting gdb connections
src/sim/simulate.cc:199: info: Entering event queue @ 0.  Starting simulation...
Relaxing scrub interval from 10 cycles to 12 cycles
Relaxing scrub interval from 12 cycles to 15 cycles
Relaxing scrub interval from 15 cycles to 18 cycles
Relaxing scrub interval from 18 cycles to 22 cycles
Relaxing scrub interval from 22 cycles to 27 cycles
Relaxing scrub interval from 27 cycles to 33 cycles
Relaxing scrub interval from 33 cycles to 41 cycles
Relaxing scrub interval from 41 cycles to 51 cycles
Relaxing scrub interval from 51 cycles to 63 cycles
Relaxing scrub interval from 63 cycles to 78 cycles
Relaxing scrub interval from 78 cycles to 97 cycles
Relaxing scrub interval from 97 cycles to 121 cycles
Relaxing scrub interval from 121 cycles to 151 cycles
Relaxing scrub interval from 151 cycles to 188 cycles
Relaxing scrub interval from 188 cycles to 235 cycles
Relaxing scrub interval from 235 cycles to 293 cycles
Relaxing scrub interval from 293 cycles to 366 cycles
Relaxing scrub interval from 366 cycles to 457 cycles
Relaxing scrub interval from 457 cycles to 571 cycles
Relaxing scrub interval from 571 cycles to 713 cycles
Relaxing scrub interval from 713 cycles to 891 cycles
Relaxing scrub interval from 891 cycles to 1113 cycles
Relaxing scrub interval from 1113 cycles to 1391 cycles
Relaxing scrub interval from 1391 cycles to 1738 cycles
Relaxing scrub interval from 1738 cycles to 2172 cycles
Relaxing scrub interval from 2172 cycles to 2715 cycles
Relaxing scrub interval from 2715 cycles to 3393 cycles
Relaxing scrub interval from 3393 cycles to 4241 cycles
Relaxing scrub interval from 4241 cycles to 5301 cycles
Relaxing scrub interval from 5301 cycles to 6626 cycles
Relaxing scrub interval from 6626 cycles to 8282 cycles
Relaxing scrub interval from 8282 cycles to 10352 cycles
Relaxing scrub interval from 10352 cycles to 12940 cycles
Tightening scrub interval from 12940 cycles to 6470 cycles
Tightening scrub interval from 6470 cycles to 3235 cycles
Relaxing scrub interval from 3235 cycles to 4043 cycles
Tightening scrub interval from 4043 cycles to 2021 cycles
Relaxing scrub interval from 2021 cycles to 2526 cycles
Tightening scrub interval from 2526 cycles to 1263 cycles
Tightening scrub interval from 1263 cycles to 631 cycles
Tightening scrub interval from 631 cycles to 315 cycles
Relaxing scrub interval from 315 cycles to 393 cycles
Tightening scrub interval from 393 cycles to 196 cycles
Relaxing scrub interval from 196 cycles to 245 cycles
Relaxing scrub interval from 245 cycles to 306 cycles
Relaxing scrub interval from 306 cycles to 382 cycles
Relaxing scrub interval from 382 cycles to 477 cycles
Tightening scrub interval from 477 cycles to 238 cycles
Relaxing scrub interval from 238 cycles to 297 cycles
Relaxing scrub interval from 297 cycles to 371 cycles
Tightening scrub interval from 371 cycles to 185 cycles
Relaxing scrub interval from 185 cycles to 231 cycles
Tightening scrub interval from 231 cycles to 115 cycles
Tightening scrub interval from 115 cycles to 57 cycles
Relaxing scrub interval from 57 cycles to 71 cycles
Relaxing scrub interval from 71 cycles to 88 cycles
Relaxing scrub interval from 88 cycles to 110 cycles
Relaxing scrub interval from 110 cycles to 137 cycles
Relaxing scrub interval from 137 cycles to 171 cycles
Relaxing scrub interval from 171 cycles to 213 cycles
Relaxing scrub interval from 213 cycles to 266 cycles
Relaxing scrub interval from 266 cycles to 332 cycles
Relaxing scrub interval from 332 cycles to 415 cycles
Tightening scrub interval from 415 cycles to 207 cycles
Tightening scrub interval from 207 cycles to 103 cycles
Tightening scrub interval from 103 cycles to 51 cycles
Relaxing scrub interval from 51 cycles to 63 cycles
Relaxing scrub interval from 63 cycles to 78 cycles
Relaxing scrub interval from 78 cycles to 97 cycles
Relaxing scrub interval from 97 cycles to 121 cycles
Relaxing scrub interval from 121 cycles to 151 cycles
Relaxing scrub interval from 151 cycles to 188 cycles
Relaxing scrub interval from 188 cycles to 235 cycles
Relaxing scrub interval from 235 cycles to 293 cycles
Relaxing scrub interval from 293 cycles to 366 cycles
Tightening scrub interval from 366 cycles to 183 cycles
Relaxing scrub interval from 183 cycles to 228 cycles
Relaxing scrub interval from 228 cycles to 285 cycles
Tightening scrub interval from 285 cycles to 142 cycles
Relaxing scrub interval from 142 cycles to 177 cycles
Relaxing scrub interval from 177 cycles to 221 cycles
Relaxing scrub interval from 221 cycles to 276 cycles
Relaxing scrub interval from 276 cycles to 345 cycles
Relaxing scrub interval from 345 cycles to 431 cycles
Relaxing scrub interval from 431 cycles to 538 cycles
Tightening scrub interval from 538 cycles to 269 cycles
Relaxing scrub interval from 269 cycles to 336 cycles
Tightening scrub interval from 336 cycles to 168 cycles
Tightening scrub interval from 168 cycles to 84 cycles
Relaxing scrub interval from 84 cycles to 105 cycles
Relaxing scrub interval from 105 cycles to 131 cycles
Tightening scrub interval from 131 cycles to 65 cycles
Relaxing scrub interval from 65 cycles to 81 cycles
Tightening scrub interval from 81 cycles to 40 cycles
Relaxing scrub interval from 40 cycles to 50 cycles
Relaxing scrub interval from 50 cycles to 62 cycles
Relaxing scrub interval from 62 cycles to 77 cycles
Relaxing scrub interval from 77 cycles to 96 cycles
Relaxing scrub interval from 96 cycles to 120 cycles
Relaxing scrub interval from 120 cycles to 150 cycles
Relaxing scrub interval from 150 cycles to 187 cycles
Relaxing scrub interval from 187 cycles to 233 cycles
src/sim/faults.cc:102: panic: panic condition !handled && !tc->getSystemPtr()->trapToGdb(GDBSignal::SEGV, tc->contextId()) occurred: Page table fault when accessing virtual address 0x421290
Memory Usage: 8529152 KBytes
Program aborted at tick 97428000
--- BEGIN LIBC BACKTRACE ---
/gem5_build/gem5.debug(_ZN4gem515print_backtraceEv+0x32)[0x55ed58fc5061]
/gem5_build/gem5.debug(_ZN4gem512abortHandlerEi+0x7e)[0x55ed58feaea8]
/lib/x86_64-linux-gnu/libc.so.6(+0x42520)[0x7fb1e20a5520]
/lib/x86_64-linux-gnu/libc.so.6(pthread_kill+0x12c)[0x7fb1e20f99fc]
/lib/x86_64-linux-gnu/libc.so.6(raise+0x16)[0x7fb1e20a5476]
/lib/x86_64-linux-gnu/libc.so.6(abort+0xd3)[0x7fb1e208b7f3]
/gem5_build/gem5.debug(_ZNSt12__shared_ptrIN4gem59FaultBaseELN9__gnu_cxx12_Lock_policyE2EED1Ev+0x0)[0x55ed574fb028]
/gem5_build/gem5.debug(_ZN4gem521GenericPageTableFault6invokeEPNS_13ThreadContextERKNS_14RefCountingPtrINS_10StaticInstEEE+0x139)[0x55ed5903ff0b]
/gem5_build/gem5.debug(_ZN4gem52o33CPU4trapERKSt10shared_ptrINS_9FaultBaseEEsRKNS_14RefCountingPtrINS_10StaticInstEEE+0x65)[0x55ed580b4387]
/gem5_build/gem5.debug(_ZN4gem52o36Commit10commitHeadERKNS_14RefCountingPtrINS0_7DynInstEEEj+0xc3f)[0x55ed580a290f]
/gem5_build/gem5.debug(_ZN4gem52o36Commit11commitInstsEv+0x54a)[0x55ed580a0dcc]
/gem5_build/gem5.debug(_ZN4gem52o36Commit6commitEv+0xaf9)[0x55ed580a049b]
/gem5_build/gem5.debug(_ZN4gem52o36Commit4tickEv+0x2aa)[0x55ed5809eaee]
/gem5_build/gem5.debug(_ZN4gem52o33CPU4tickEv+0x1d7)[0x55ed580b2421]
/gem5_build/gem5.debug(+0x351f903)[0x55ed580af903]
/gem5_build/gem5.debug(+0x35293a2)[0x55ed580b93a2]
/gem5_build/gem5.debug(+0x3529134)[0x55ed580b9134]
/gem5_build/gem5.debug(+0x3528f2e)[0x55ed580b8f2e]
/gem5_build/gem5.debug(_ZNKSt8functionIFvvEEclEv+0x36)[0x55ed575e5956]
/gem5_build/gem5.debug(_ZN4gem520EventFunctionWrapper7processEv+0x20)[0x55ed575e4188]
/gem5_build/gem5.debug(_ZN4gem510EventQueue10serviceOneEv+0x121)[0x55ed58fd9015]
/gem5_build/gem5.debug(_ZN4gem59doSimLoopEPNS_10EventQueueE+0x240)[0x55ed58ffc7d7]
/gem5_build/gem5.debug(_ZN4gem58simulateEm+0x23e)[0x55ed58ffc26e]
/gem5_build/gem5.debug(+0x4392cbe)[0x55ed58f22cbe]
/gem5_build/gem5.debug(+0x439111c)[0x55ed58f2111c]
/gem5_build/gem5.debug(+0x438cdcd)[0x55ed58f1cdcd]
/gem5_build/gem5.debug(+0x438ce38)[0x55ed58f1ce38]
/gem5_build/gem5.debug(+0x297cb39)[0x55ed5750cb39]
/lib/x86_64-linux-gnu/libpython3.10.so.1.0(+0x128033)[0x7fb1e29c8033]
/lib/x86_64-linux-gnu/libpython3.10.so.1.0(_PyObject_Call+0x5c)[0x7fb1e2981ffc]
/lib/x86_64-linux-gnu/libpython3.10.so.1.0(_PyEval_EvalFrameDefault+0x4b16)[0x7fb1e2916776]
/lib/x86_64-linux-gnu/libpython3.10.so.1.0(+0x1c24df)[0x7fb1e2a624df]
--- END LIBC BACKTRACE ---
For more info on how to address this issue, please visit https://www.gem5.org/documentation/general_docs/common-errors/ 

/home/cs1952y-user/gem5/1952y-fp/gem5/scripts/run-test.sh: line 79:  2808 Killed                  timeout --signal=KILL 30 "$GEM5_BIN" --outdir="$OUTDIR" "$CONFIG" "$BINARY_REL" --chaos-prob "$CHAOS_PROB" --chaos-bits "$CHAOS_BITS" --delay "$DELAY" --scrub-interval "$SCRUB_INTERVAL" --scrub-tighten-factor "$SCRUB_TIGHTEN_FACTOR" --scrub-relax-factor "$SCRUB_RELAX_FACTOR" "${EXTRA[@]}"
