warn: No dot file generated. Please install pydot to generate the dot file and pdf.
Scrubbing enabled with adaptive interval starting at 10 cycles, tightening factor 2, relax factor 1.25
src/arch/riscv/isa.cc:275: info: RVV enabled, VLEN = 256 bits, ELEN = 64 bits
src/arch/riscv/linux/se_workload.cc:60: warn: Unknown operating system; assuming Linux.
src/base/statistics.hh:279: warn: One of the stats is a legacy stat. Legacy stat is a stat that does not belong to any statistics::Group. Legacy stat is deprecated.
src/base/remote_gdb.cc:418: warn: Sockets disabled, not accepting gdb connections
src/sim/simulate.cc:199: info: Entering event queue @ 0.  Starting simulation...
Relaxing scrub interval from 10 cycles to 12 cycles
Relaxing scrub interval from 12 cycles to 15 cycles
Relaxing scrub interval from 15 cycles to 18 cycles
Relaxing scrub interval from 18 cycles to 22 cycles
Relaxing scrub interval from 22 cycles to 27 cycles
Relaxing scrub interval from 27 cycles to 33 cycles
Relaxing scrub interval from 33 cycles to 41 cycles
Relaxing scrub interval from 41 cycles to 51 cycles
Relaxing scrub interval from 51 cycles to 63 cycles
Relaxing scrub interval from 63 cycles to 78 cycles
Relaxing scrub interval from 78 cycles to 97 cycles
Relaxing scrub interval from 97 cycles to 121 cycles
Relaxing scrub interval from 121 cycles to 151 cycles
Relaxing scrub interval from 151 cycles to 188 cycles
Relaxing scrub interval from 188 cycles to 235 cycles
Relaxing scrub interval from 235 cycles to 293 cycles
Relaxing scrub interval from 293 cycles to 366 cycles
Relaxing scrub interval from 366 cycles to 457 cycles
Relaxing scrub interval from 457 cycles to 571 cycles
Relaxing scrub interval from 571 cycles to 713 cycles
Relaxing scrub interval from 713 cycles to 891 cycles
Relaxing scrub interval from 891 cycles to 1113 cycles
Relaxing scrub interval from 1113 cycles to 1391 cycles
Relaxing scrub interval from 1391 cycles to 1738 cycles
Relaxing scrub interval from 1738 cycles to 2172 cycles
Relaxing scrub interval from 2172 cycles to 2715 cycles
Relaxing scrub interval from 2715 cycles to 3393 cycles
Relaxing scrub interval from 3393 cycles to 4241 cycles
Relaxing scrub interval from 4241 cycles to 5301 cycles
Relaxing scrub interval from 5301 cycles to 6626 cycles
Relaxing scrub interval from 6626 cycles to 8282 cycles
Relaxing scrub interval from 8282 cycles to 10352 cycles
Relaxing scrub interval from 10352 cycles to 12940 cycles
Tightening scrub interval from 12940 cycles to 6470 cycles
Tightening scrub interval from 6470 cycles to 3235 cycles
Tightening scrub interval from 3235 cycles to 1617 cycles
Tightening scrub interval from 1617 cycles to 808 cycles
Tightening scrub interval from 808 cycles to 404 cycles
Relaxing scrub interval from 404 cycles to 505 cycles
Relaxing scrub interval from 505 cycles to 631 cycles
Relaxing scrub interval from 631 cycles to 788 cycles
Tightening scrub interval from 788 cycles to 394 cycles
Relaxing scrub interval from 394 cycles to 492 cycles
Tightening scrub interval from 492 cycles to 246 cycles
Relaxing scrub interval from 246 cycles to 307 cycles
Relaxing scrub interval from 307 cycles to 383 cycles
Relaxing scrub interval from 383 cycles to 478 cycles
Tightening scrub interval from 478 cycles to 239 cycles
Relaxing scrub interval from 239 cycles to 298 cycles
Relaxing scrub interval from 298 cycles to 372 cycles
Relaxing scrub interval from 372 cycles to 465 cycles
Relaxing scrub interval from 465 cycles to 581 cycles
Tightening scrub interval from 581 cycles to 290 cycles
Relaxing scrub interval from 290 cycles to 362 cycles
Relaxing scrub interval from 362 cycles to 452 cycles
Relaxing scrub interval from 452 cycles to 565 cycles
Tightening scrub interval from 565 cycles to 282 cycles
Relaxing scrub interval from 282 cycles to 352 cycles
Relaxing scrub interval from 352 cycles to 440 cycles
Relaxing scrub interval from 440 cycles to 550 cycles
Relaxing scrub interval from 550 cycles to 687 cycles
Tightening scrub interval from 687 cycles to 343 cycles
Relaxing scrub interval from 343 cycles to 428 cycles
Relaxing scrub interval from 428 cycles to 535 cycles
Tightening scrub interval from 535 cycles to 267 cycles
Relaxing scrub interval from 267 cycles to 333 cycles
Relaxing scrub interval from 333 cycles to 416 cycles
Relaxing scrub interval from 416 cycles to 520 cycles
Relaxing scrub interval from 520 cycles to 650 cycles
Tightening scrub interval from 650 cycles to 325 cycles
Tightening scrub interval from 325 cycles to 162 cycles
Relaxing scrub interval from 162 cycles to 202 cycles
Relaxing scrub interval from 202 cycles to 252 cycles
Relaxing scrub interval from 252 cycles to 315 cycles
Relaxing scrub interval from 315 cycles to 393 cycles
Tightening scrub interval from 393 cycles to 196 cycles
Relaxing scrub interval from 196 cycles to 245 cycles
Relaxing scrub interval from 245 cycles to 306 cycles
Tightening scrub interval from 306 cycles to 153 cycles
Relaxing scrub interval from 153 cycles to 191 cycles
Tightening scrub interval from 191 cycles to 95 cycles
Relaxing scrub interval from 95 cycles to 118 cycles
Relaxing scrub interval from 118 cycles to 147 cycles
Tightening scrub interval from 147 cycles to 73 cycles
Relaxing scrub interval from 73 cycles to 91 cycles
Relaxing scrub interval from 91 cycles to 113 cycles
Relaxing scrub interval from 113 cycles to 141 cycles
Relaxing scrub interval from 141 cycles to 176 cycles
Relaxing scrub interval from 176 cycles to 220 cycles
Relaxing scrub interval from 220 cycles to 275 cycles
Tightening scrub interval from 275 cycles to 137 cycles
Relaxing scrub interval from 137 cycles to 171 cycles
Relaxing scrub interval from 171 cycles to 213 cycles
Relaxing scrub interval from 213 cycles to 266 cycles
Relaxing scrub interval from 266 cycles to 332 cycles
Relaxing scrub interval from 332 cycles to 415 cycles
Relaxing scrub interval from 415 cycles to 518 cycles
Tightening scrub interval from 518 cycles to 259 cycles
Relaxing scrub interval from 259 cycles to 323 cycles
Relaxing scrub interval from 323 cycles to 403 cycles
Relaxing scrub interval from 403 cycles to 503 cycles
Relaxing scrub interval from 503 cycles to 628 cycles
Tightening scrub interval from 628 cycles to 314 cycles
Relaxing scrub interval from 314 cycles to 392 cycles
Tightening scrub interval from 392 cycles to 196 cycles
Relaxing scrub interval from 196 cycles to 245 cycles
Relaxing scrub interval from 245 cycles to 306 cycles
Tightening scrub interval from 306 cycles to 153 cycles
Relaxing scrub interval from 153 cycles to 191 cycles
Tightening scrub interval from 191 cycles to 95 cycles
Relaxing scrub interval from 95 cycles to 118 cycles
Relaxing scrub interval from 118 cycles to 147 cycles
Relaxing scrub interval from 147 cycles to 183 cycles
Tightening scrub interval from 183 cycles to 91 cycles
Tightening scrub interval from 91 cycles to 45 cycles
Relaxing scrub interval from 45 cycles to 56 cycles
Relaxing scrub interval from 56 cycles to 70 cycles
Relaxing scrub interval from 70 cycles to 87 cycles
Relaxing scrub interval from 87 cycles to 108 cycles
Relaxing scrub interval from 108 cycles to 135 cycles
Relaxing scrub interval from 135 cycles to 168 cycles
Relaxing scrub interval from 168 cycles to 210 cycles
Relaxing scrub interval from 210 cycles to 262 cycles
Relaxing scrub interval from 262 cycles to 327 cycles
Tightening scrub interval from 327 cycles to 163 cycles
Relaxing scrub interval from 163 cycles to 203 cycles
Relaxing scrub interval from 203 cycles to 253 cycles
Relaxing scrub interval from 253 cycles to 316 cycles
Relaxing scrub interval from 316 cycles to 395 cycles
Relaxing scrub interval from 395 cycles to 493 cycles
Relaxing scrub interval from 493 cycles to 616 cycles
Relaxing scrub interval from 616 cycles to 770 cycles
Relaxing scrub interval from 770 cycles to 962 cycles
Relaxing scrub interval from 962 cycles to 1202 cycles
Tightening scrub interval from 1202 cycles to 601 cycles
Tightening scrub interval from 601 cycles to 300 cycles
Relaxing scrub interval from 300 cycles to 375 cycles
Relaxing scrub interval from 375 cycles to 468 cycles
Relaxing scrub interval from 468 cycles to 585 cycles
Relaxing scrub interval from 585 cycles to 731 cycles
Relaxing scrub interval from 731 cycles to 913 cycles
Relaxing scrub interval from 913 cycles to 1141 cycles
Tightening scrub interval from 1141 cycles to 570 cycles
Relaxing scrub interval from 570 cycles to 712 cycles
Tightening scrub interval from 712 cycles to 356 cycles
Relaxing scrub interval from 356 cycles to 445 cycles
Relaxing scrub interval from 445 cycles to 556 cycles
Relaxing scrub interval from 556 cycles to 695 cycles
Tightening scrub interval from 695 cycles to 347 cycles
Tightening scrub interval from 347 cycles to 173 cycles
Tightening scrub interval from 173 cycles to 86 cycles
Relaxing scrub interval from 86 cycles to 107 cycles
Relaxing scrub interval from 107 cycles to 133 cycles
Relaxing scrub interval from 133 cycles to 166 cycles
Relaxing scrub interval from 166 cycles to 207 cycles
Relaxing scrub interval from 207 cycles to 258 cycles
Tightening scrub interval from 258 cycles to 129 cycles
Relaxing scrub interval from 129 cycles to 161 cycles
Relaxing scrub interval from 161 cycles to 201 cycles
Relaxing scrub interval from 201 cycles to 251 cycles
Tightening scrub interval from 251 cycles to 125 cycles
Relaxing scrub interval from 125 cycles to 156 cycles
Tightening scrub interval from 156 cycles to 78 cycles
Relaxing scrub interval from 78 cycles to 97 cycles
Relaxing scrub interval from 97 cycles to 121 cycles
Relaxing scrub interval from 121 cycles to 151 cycles
Relaxing scrub interval from 151 cycles to 188 cycles
Relaxing scrub interval from 188 cycles to 235 cycles
Relaxing scrub interval from 235 cycles to 293 cycles
Relaxing scrub interval from 293 cycles to 366 cycles
Relaxing scrub interval from 366 cycles to 457 cycles
Relaxing scrub interval from 457 cycles to 571 cycles
Tightening scrub interval from 571 cycles to 285 cycles
Tightening scrub interval from 285 cycles to 142 cycles
Relaxing scrub interval from 142 cycles to 177 cycles
Relaxing scrub interval from 177 cycles to 221 cycles
Relaxing scrub interval from 221 cycles to 276 cycles
Relaxing scrub interval from 276 cycles to 345 cycles
Relaxing scrub interval from 345 cycles to 431 cycles
Tightening scrub interval from 431 cycles to 215 cycles
Relaxing scrub interval from 215 cycles to 268 cycles
Relaxing scrub interval from 268 cycles to 335 cycles
Relaxing scrub interval from 335 cycles to 418 cycles
Relaxing scrub interval from 418 cycles to 522 cycles
Tightening scrub interval from 522 cycles to 261 cycles
Relaxing scrub interval from 261 cycles to 326 cycles
Relaxing scrub interval from 326 cycles to 407 cycles
Tightening scrub interval from 407 cycles to 203 cycles
Relaxing scrub interval from 203 cycles to 253 cycles
Relaxing scrub interval from 253 cycles to 316 cycles
Relaxing scrub interval from 316 cycles to 395 cycles
Tightening scrub interval from 395 cycles to 197 cycles
Relaxing scrub interval from 197 cycles to 246 cycles
Tightening scrub interval from 246 cycles to 123 cycles
Relaxing scrub interval from 123 cycles to 153 cycles
Relaxing scrub interval from 153 cycles to 191 cycles
Relaxing scrub interval from 191 cycles to 238 cycles
Tightening scrub interval from 238 cycles to 119 cycles
Tightening scrub interval from 119 cycles to 59 cycles
Relaxing scrub interval from 59 cycles to 73 cycles
Relaxing scrub interval from 73 cycles to 91 cycles
Tightening scrub interval from 91 cycles to 45 cycles
Relaxing scrub interval from 45 cycles to 56 cycles
Relaxing scrub interval from 56 cycles to 70 cycles
Relaxing scrub interval from 70 cycles to 87 cycles
Relaxing scrub interval from 87 cycles to 108 cycles
Relaxing scrub interval from 108 cycles to 135 cycles
Relaxing scrub interval from 135 cycles to 168 cycles
Relaxing scrub interval from 168 cycles to 210 cycles
Tightening scrub interval from 210 cycles to 105 cycles
Relaxing scrub interval from 105 cycles to 131 cycles
Relaxing scrub interval from 131 cycles to 163 cycles
Relaxing scrub interval from 163 cycles to 203 cycles
Relaxing scrub interval from 203 cycles to 253 cycles
Relaxing scrub interval from 253 cycles to 316 cycles
Relaxing scrub interval from 316 cycles to 395 cycles
Relaxing scrub interval from 395 cycles to 493 cycles
Tightening scrub interval from 493 cycles to 246 cycles
Relaxing scrub interval from 246 cycles to 307 cycles
Relaxing scrub interval from 307 cycles to 383 cycles
Relaxing scrub interval from 383 cycles to 478 cycles
Relaxing scrub interval from 478 cycles to 597 cycles
Tightening scrub interval from 597 cycles to 298 cycles
Relaxing scrub interval from 298 cycles to 372 cycles
Tightening scrub interval from 372 cycles to 186 cycles
Relaxing scrub interval from 186 cycles to 232 cycles
Relaxing scrub interval from 232 cycles to 290 cycles
Relaxing scrub interval from 290 cycles to 362 cycles
Relaxing scrub interval from 362 cycles to 452 cycles
Relaxing scrub interval from 452 cycles to 565 cycles
Tightening scrub interval from 565 cycles to 282 cycles
Tightening scrub interval from 282 cycles to 141 cycles
Relaxing scrub interval from 141 cycles to 176 cycles
Relaxing scrub interval from 176 cycles to 220 cycles
Relaxing scrub interval from 220 cycles to 275 cycles
Relaxing scrub interval from 275 cycles to 343 cycles
Relaxing scrub interval from 343 cycles to 428 cycles
Tightening scrub interval from 428 cycles to 214 cycles
Relaxing scrub interval from 214 cycles to 267 cycles
Relaxing scrub interval from 267 cycles to 333 cycles
Tightening scrub interval from 333 cycles to 166 cycles
Tightening scrub interval from 166 cycles to 83 cycles
Relaxing scrub interval from 83 cycles to 103 cycles
Relaxing scrub interval from 103 cycles to 128 cycles
Relaxing scrub interval from 128 cycles to 160 cycles
Tightening scrub interval from 160 cycles to 80 cycles
Relaxing scrub interval from 80 cycles to 100 cycles
Tightening scrub interval from 100 cycles to 50 cycles
Relaxing scrub interval from 50 cycles to 62 cycles
Tightening scrub interval from 62 cycles to 31 cycles
Relaxing scrub interval from 31 cycles to 38 cycles
Relaxing scrub interval from 38 cycles to 47 cycles
Relaxing scrub interval from 47 cycles to 58 cycles
Relaxing scrub interval from 58 cycles to 72 cycles
Relaxing scrub interval from 72 cycles to 90 cycles
Relaxing scrub interval from 90 cycles to 112 cycles
Relaxing scrub interval from 112 cycles to 140 cycles
Tightening scrub interval from 140 cycles to 70 cycles
Relaxing scrub interval from 70 cycles to 87 cycles
Tightening scrub interval from 87 cycles to 43 cycles
Tightening scrub interval from 43 cycles to 21 cycles
Relaxing scrub interval from 21 cycles to 26 cycles
Relaxing scrub interval from 26 cycles to 32 cycles
Relaxing scrub interval from 32 cycles to 40 cycles
Relaxing scrub interval from 40 cycles to 50 cycles
Relaxing scrub interval from 50 cycles to 62 cycles
Relaxing scrub interval from 62 cycles to 77 cycles
Relaxing scrub interval from 77 cycles to 96 cycles
Tightening scrub interval from 96 cycles to 48 cycles
Relaxing scrub interval from 48 cycles to 60 cycles
Relaxing scrub interval from 60 cycles to 75 cycles
Relaxing scrub interval from 75 cycles to 93 cycles
Relaxing scrub interval from 93 cycles to 116 cycles
Relaxing scrub interval from 116 cycles to 145 cycles
Relaxing scrub interval from 145 cycles to 181 cycles
Tightening scrub interval from 181 cycles to 90 cycles
Relaxing scrub interval from 90 cycles to 112 cycles
Relaxing scrub interval from 112 cycles to 140 cycles
Relaxing scrub interval from 140 cycles to 175 cycles
Tightening scrub interval from 175 cycles to 87 cycles
Relaxing scrub interval from 87 cycles to 108 cycles
Tightening scrub interval from 108 cycles to 54 cycles
Relaxing scrub interval from 54 cycles to 67 cycles
Relaxing scrub interval from 67 cycles to 83 cycles
Relaxing scrub interval from 83 cycles to 103 cycles
Relaxing scrub interval from 103 cycles to 128 cycles
Relaxing scrub interval from 128 cycles to 160 cycles
Relaxing scrub interval from 160 cycles to 200 cycles
Relaxing scrub interval from 200 cycles to 250 cycles
Tightening scrub interval from 250 cycles to 125 cycles
Relaxing scrub interval from 125 cycles to 156 cycles
Relaxing scrub interval from 156 cycles to 195 cycles
Relaxing scrub interval from 195 cycles to 243 cycles
Tightening scrub interval from 243 cycles to 121 cycles
Relaxing scrub interval from 121 cycles to 151 cycles
Relaxing scrub interval from 151 cycles to 188 cycles
Relaxing scrub interval from 188 cycles to 235 cycles
Relaxing scrub interval from 235 cycles to 293 cycles
Tightening scrub interval from 293 cycles to 146 cycles
Tightening scrub interval from 146 cycles to 73 cycles
Relaxing scrub interval from 73 cycles to 91 cycles
Relaxing scrub interval from 91 cycles to 113 cycles
Relaxing scrub interval from 113 cycles to 141 cycles
Relaxing scrub interval from 141 cycles to 176 cycles
Tightening scrub interval from 176 cycles to 88 cycles
Relaxing scrub interval from 88 cycles to 110 cycles
Relaxing scrub interval from 110 cycles to 137 cycles
Relaxing scrub interval from 137 cycles to 171 cycles
Relaxing scrub interval from 171 cycles to 213 cycles
Relaxing scrub interval from 213 cycles to 266 cycles
Tightening scrub interval from 266 cycles to 133 cycles
Relaxing scrub interval from 133 cycles to 166 cycles
Relaxing scrub interval from 166 cycles to 207 cycles
Relaxing scrub interval from 207 cycles to 258 cycles
Relaxing scrub interval from 258 cycles to 322 cycles
Tightening scrub interval from 322 cycles to 161 cycles
Relaxing scrub interval from 161 cycles to 201 cycles
Relaxing scrub interval from 201 cycles to 251 cycles
Tightening scrub interval from 251 cycles to 125 cycles
Tightening scrub interval from 125 cycles to 62 cycles
src/sim/faults.cc:102: panic: panic condition !handled && !tc->getSystemPtr()->trapToGdb(GDBSignal::SEGV, tc->contextId()) occurred: Page table fault when accessing virtual address 0x1002da30
Memory Usage: 8529056 KBytes
Program aborted at tick 149596000
--- BEGIN LIBC BACKTRACE ---
/gem5_build/gem5.debug(_ZN4gem515print_backtraceEv+0x32)[0x561c9e62f061]
/gem5_build/gem5.debug(_ZN4gem512abortHandlerEi+0x7e)[0x561c9e654ea8]
/lib/x86_64-linux-gnu/libc.so.6(+0x42520)[0x7f2bb5abb520]
/lib/x86_64-linux-gnu/libc.so.6(pthread_kill+0x12c)[0x7f2bb5b0f9fc]
/lib/x86_64-linux-gnu/libc.so.6(raise+0x16)[0x7f2bb5abb476]
/lib/x86_64-linux-gnu/libc.so.6(abort+0xd3)[0x7f2bb5aa17f3]
/gem5_build/gem5.debug(_ZNSt12__shared_ptrIN4gem59FaultBaseELN9__gnu_cxx12_Lock_policyE2EED1Ev+0x0)[0x561c9cb65028]
/gem5_build/gem5.debug(_ZN4gem521GenericPageTableFault6invokeEPNS_13ThreadContextERKNS_14RefCountingPtrINS_10StaticInstEEE+0x139)[0x561c9e6a9f0b]
/gem5_build/gem5.debug(_ZN4gem52o33CPU4trapERKSt10shared_ptrINS_9FaultBaseEEsRKNS_14RefCountingPtrINS_10StaticInstEEE+0x65)[0x561c9d71e387]
/gem5_build/gem5.debug(_ZN4gem52o36Commit10commitHeadERKNS_14RefCountingPtrINS0_7DynInstEEEj+0xc3f)[0x561c9d70c90f]
/gem5_build/gem5.debug(_ZN4gem52o36Commit11commitInstsEv+0x54a)[0x561c9d70adcc]
/gem5_build/gem5.debug(_ZN4gem52o36Commit6commitEv+0xaf9)[0x561c9d70a49b]
/gem5_build/gem5.debug(_ZN4gem52o36Commit4tickEv+0x2aa)[0x561c9d708aee]
/gem5_build/gem5.debug(_ZN4gem52o33CPU4tickEv+0x1d7)[0x561c9d71c421]
/gem5_build/gem5.debug(+0x351f903)[0x561c9d719903]
/gem5_build/gem5.debug(+0x35293a2)[0x561c9d7233a2]
/gem5_build/gem5.debug(+0x3529134)[0x561c9d723134]
/gem5_build/gem5.debug(+0x3528f2e)[0x561c9d722f2e]
/gem5_build/gem5.debug(_ZNKSt8functionIFvvEEclEv+0x36)[0x561c9cc4f956]
/gem5_build/gem5.debug(_ZN4gem520EventFunctionWrapper7processEv+0x20)[0x561c9cc4e188]
/gem5_build/gem5.debug(_ZN4gem510EventQueue10serviceOneEv+0x121)[0x561c9e643015]
/gem5_build/gem5.debug(_ZN4gem59doSimLoopEPNS_10EventQueueE+0x240)[0x561c9e6667d7]
/gem5_build/gem5.debug(_ZN4gem58simulateEm+0x23e)[0x561c9e66626e]
/gem5_build/gem5.debug(+0x4392cbe)[0x561c9e58ccbe]
/gem5_build/gem5.debug(+0x439111c)[0x561c9e58b11c]
/gem5_build/gem5.debug(+0x438cdcd)[0x561c9e586dcd]
/gem5_build/gem5.debug(+0x438ce38)[0x561c9e586e38]
/gem5_build/gem5.debug(+0x297cb39)[0x561c9cb76b39]
/lib/x86_64-linux-gnu/libpython3.10.so.1.0(+0x128033)[0x7f2bb63de033]
/lib/x86_64-linux-gnu/libpython3.10.so.1.0(_PyObject_Call+0x5c)[0x7f2bb6397ffc]
/lib/x86_64-linux-gnu/libpython3.10.so.1.0(_PyEval_EvalFrameDefault+0x4b16)[0x7f2bb632c776]
/lib/x86_64-linux-gnu/libpython3.10.so.1.0(+0x1c24df)[0x7f2bb64784df]
--- END LIBC BACKTRACE ---
For more info on how to address this issue, please visit https://www.gem5.org/documentation/general_docs/common-errors/ 

/home/cs1952y-user/gem5/1952y-fp/gem5/scripts/run-test.sh: line 82: 52135 Killed                  timeout --signal=KILL 15 "$GEM5_BIN" --outdir="$OUTDIR" "$CONFIG" "$BINARY_REL" --chaos-prob "$CHAOS_PROB" --chaos-bits "$CHAOS_BITS" --delay "$DELAY" --scrub-interval "$SCRUB_INTERVAL" --scrub-tighten-factor "$SCRUB_TIGHTEN_FACTOR" --scrub-relax-factor "$SCRUB_RELAX_FACTOR" --cache-size "$CACHE_SIZE" "${EXTRA[@]}"
