warn: No dot file generated. Please install pydot to generate the dot file and pdf.
Scrubbing enabled with fixed interval of 10000000 cycles
src/arch/riscv/isa.cc:275: info: RVV enabled, VLEN = 256 bits, ELEN = 64 bits
src/base/statistics.hh:279: warn: One of the stats is a legacy stat. Legacy stat is a stat that does not belong to any statistics::Group. Legacy stat is deprecated.
src/base/remote_gdb.cc:418: warn: Sockets disabled, not accepting gdb connections
src/sim/simulate.cc:199: info: Entering event queue @ 0.  Starting simulation...
src/sim/syscall_emul.cc:86: warn: ignoring syscall set_robust_list(...)
      (further warnings will be suppressed)
src/sim/syscall_emul.hh:1014: warn: readlink() called on '/proc/self/exe' may yield unexpected results in various settings.
      Returning '/home/cs1952y-user/gem5/1952y-fp/gem5/tests/test-progs/cs1952y-fp/alt'
src/sim/mem_state.cc:448: info: Increasing stack size by one page.
src/sim/syscall_emul.cc:75: warn: ignoring syscall mprotect(...) at tick 17327000
src/sim/faults.cc:102: panic: panic condition !handled && !tc->getSystemPtr()->trapToGdb(GDBSignal::SEGV, tc->contextId()) occurred: Page table fault when accessing virtual address 0x2000000000859d0
Memory Usage: 8530608 KBytes
Program aborted at tick 252544000
--- BEGIN LIBC BACKTRACE ---
/gem5_build/gem5.debug(_ZN4gem515print_backtraceEv+0x32)[0x55b04d0fe0cb]
/gem5_build/gem5.debug(_ZN4gem512abortHandlerEi+0x7e)[0x55b04d123f12]
/lib/x86_64-linux-gnu/libc.so.6(+0x42520)[0x7fdcf6890520]
/lib/x86_64-linux-gnu/libc.so.6(pthread_kill+0x12c)[0x7fdcf68e49fc]
/lib/x86_64-linux-gnu/libc.so.6(raise+0x16)[0x7fdcf6890476]
/lib/x86_64-linux-gnu/libc.so.6(abort+0xd3)[0x7fdcf68767f3]
/gem5_build/gem5.debug(_ZNSt12__shared_ptrIN4gem59FaultBaseELN9__gnu_cxx12_Lock_policyE2EED1Ev+0x0)[0x55b04b634028]
/gem5_build/gem5.debug(_ZN4gem521GenericPageTableFault6invokeEPNS_13ThreadContextERKNS_14RefCountingPtrINS_10StaticInstEEE+0x139)[0x55b04d178f75]
/gem5_build/gem5.debug(_ZN4gem52o33CPU4trapERKSt10shared_ptrINS_9FaultBaseEEsRKNS_14RefCountingPtrINS_10StaticInstEEE+0x65)[0x55b04c1ed387]
/gem5_build/gem5.debug(_ZN4gem52o36Commit10commitHeadERKNS_14RefCountingPtrINS0_7DynInstEEEj+0xc3f)[0x55b04c1db90f]
/gem5_build/gem5.debug(_ZN4gem52o36Commit11commitInstsEv+0x54a)[0x55b04c1d9dcc]
/gem5_build/gem5.debug(_ZN4gem52o36Commit6commitEv+0xaf9)[0x55b04c1d949b]
/gem5_build/gem5.debug(_ZN4gem52o36Commit4tickEv+0x2aa)[0x55b04c1d7aee]
/gem5_build/gem5.debug(_ZN4gem52o33CPU4tickEv+0x1d7)[0x55b04c1eb421]
/gem5_build/gem5.debug(+0x351f903)[0x55b04c1e8903]
/gem5_build/gem5.debug(+0x35293a2)[0x55b04c1f23a2]
/gem5_build/gem5.debug(+0x3529134)[0x55b04c1f2134]
/gem5_build/gem5.debug(+0x3528f2e)[0x55b04c1f1f2e]
/gem5_build/gem5.debug(_ZNKSt8functionIFvvEEclEv+0x36)[0x55b04b71e956]
/gem5_build/gem5.debug(_ZN4gem520EventFunctionWrapper7processEv+0x20)[0x55b04b71d188]
/gem5_build/gem5.debug(_ZN4gem510EventQueue10serviceOneEv+0x121)[0x55b04d11207f]
/gem5_build/gem5.debug(_ZN4gem59doSimLoopEPNS_10EventQueueE+0x240)[0x55b04d135841]
/gem5_build/gem5.debug(_ZN4gem58simulateEm+0x23e)[0x55b04d1352d8]
/gem5_build/gem5.debug(+0x4392d28)[0x55b04d05bd28]
/gem5_build/gem5.debug(+0x4391186)[0x55b04d05a186]
/gem5_build/gem5.debug(+0x438ce37)[0x55b04d055e37]
/gem5_build/gem5.debug(+0x438cea2)[0x55b04d055ea2]
/gem5_build/gem5.debug(+0x297cb39)[0x55b04b645b39]
/lib/x86_64-linux-gnu/libpython3.10.so.1.0(+0x128033)[0x7fdcf71b3033]
/lib/x86_64-linux-gnu/libpython3.10.so.1.0(_PyObject_Call+0x5c)[0x7fdcf716cffc]
/lib/x86_64-linux-gnu/libpython3.10.so.1.0(_PyEval_EvalFrameDefault+0x4b16)[0x7fdcf7101776]
/lib/x86_64-linux-gnu/libpython3.10.so.1.0(+0x1c24df)[0x7fdcf724d4df]
--- END LIBC BACKTRACE ---
For more info on how to address this issue, please visit https://www.gem5.org/documentation/general_docs/common-errors/ 

/home/cs1952y-user/gem5/1952y-fp/gem5/scripts/run-test.sh: line 82: 38310 Killed                  timeout --signal=KILL 60 "$GEM5_BIN" --outdir="$OUTDIR" "$CONFIG" "$BINARY_REL" --chaos-prob "$CHAOS_PROB" --chaos-bits "$CHAOS_BITS" --delay "$DELAY" --scrub-interval "$SCRUB_INTERVAL" --scrub-tighten-factor "$SCRUB_TIGHTEN_FACTOR" --scrub-relax-factor "$SCRUB_RELAX_FACTOR" --cache-size "$CACHE_SIZE" "${EXTRA[@]}"
