warn: No dot file generated. Please install pydot to generate the dot file and pdf.
Scrubbing enabled with fixed interval of 10000000 cycles
src/arch/riscv/isa.cc:275: info: RVV enabled, VLEN = 256 bits, ELEN = 64 bits
src/arch/riscv/linux/se_workload.cc:60: warn: Unknown operating system; assuming Linux.
src/base/statistics.hh:279: warn: One of the stats is a legacy stat. Legacy stat is a stat that does not belong to any statistics::Group. Legacy stat is deprecated.
src/base/remote_gdb.cc:418: warn: Sockets disabled, not accepting gdb connections
src/sim/simulate.cc:199: info: Entering event queue @ 0.  Starting simulation...
src/sim/faults.cc:102: panic: panic condition !handled && !tc->getSystemPtr()->trapToGdb(GDBSignal::SEGV, tc->contextId()) occurred: Page table fault when accessing virtual address 0x40244b0
Memory Usage: 8529056 KBytes
Program aborted at tick 111519000
--- BEGIN LIBC BACKTRACE ---
/gem5_build/gem5.debug(_ZN4gem515print_backtraceEv+0x32)[0x56341124704d]
/gem5_build/gem5.debug(_ZN4gem512abortHandlerEi+0x7e)[0x56341126ce94]
/lib/x86_64-linux-gnu/libc.so.6(+0x42520)[0x7f6f63bd5520]
/lib/x86_64-linux-gnu/libc.so.6(pthread_kill+0x12c)[0x7f6f63c299fc]
/lib/x86_64-linux-gnu/libc.so.6(raise+0x16)[0x7f6f63bd5476]
/lib/x86_64-linux-gnu/libc.so.6(abort+0xd3)[0x7f6f63bbb7f3]
/gem5_build/gem5.debug(_ZNSt12__shared_ptrIN4gem59FaultBaseELN9__gnu_cxx12_Lock_policyE2EED1Ev+0x0)[0x56340f77d048]
/gem5_build/gem5.debug(_ZN4gem521GenericPageTableFault6invokeEPNS_13ThreadContextERKNS_14RefCountingPtrINS_10StaticInstEEE+0x139)[0x5634112c1ef7]
/gem5_build/gem5.debug(_ZN4gem52o33CPU4trapERKSt10shared_ptrINS_9FaultBaseEEsRKNS_14RefCountingPtrINS_10StaticInstEEE+0x65)[0x5634103363a7]
/gem5_build/gem5.debug(_ZN4gem52o36Commit10commitHeadERKNS_14RefCountingPtrINS0_7DynInstEEEj+0xc3f)[0x56341032492f]
/gem5_build/gem5.debug(_ZN4gem52o36Commit11commitInstsEv+0x54a)[0x563410322dec]
/gem5_build/gem5.debug(_ZN4gem52o36Commit6commitEv+0xaf9)[0x5634103224bb]
/gem5_build/gem5.debug(_ZN4gem52o36Commit4tickEv+0x2aa)[0x563410320b0e]
/gem5_build/gem5.debug(_ZN4gem52o33CPU4tickEv+0x1d7)[0x563410334441]
/gem5_build/gem5.debug(+0x351f923)[0x563410331923]
/gem5_build/gem5.debug(+0x35293c2)[0x56341033b3c2]
/gem5_build/gem5.debug(+0x3529154)[0x56341033b154]
/gem5_build/gem5.debug(+0x3528f4e)[0x56341033af4e]
/gem5_build/gem5.debug(_ZNKSt8functionIFvvEEclEv+0x36)[0x56340f867976]
/gem5_build/gem5.debug(_ZN4gem520EventFunctionWrapper7processEv+0x20)[0x56340f8661a8]
/gem5_build/gem5.debug(_ZN4gem510EventQueue10serviceOneEv+0x121)[0x56341125b001]
/gem5_build/gem5.debug(_ZN4gem59doSimLoopEPNS_10EventQueueE+0x240)[0x56341127e7c3]
/gem5_build/gem5.debug(_ZN4gem58simulateEm+0x23e)[0x56341127e25a]
/gem5_build/gem5.debug(+0x4392caa)[0x5634111a4caa]
/gem5_build/gem5.debug(+0x4391108)[0x5634111a3108]
/gem5_build/gem5.debug(+0x438cdb9)[0x56341119edb9]
/gem5_build/gem5.debug(+0x438ce24)[0x56341119ee24]
/gem5_build/gem5.debug(+0x297cb59)[0x56340f78eb59]
/lib/x86_64-linux-gnu/libpython3.10.so.1.0(+0x128033)[0x7f6f644f8033]
/lib/x86_64-linux-gnu/libpython3.10.so.1.0(_PyObject_Call+0x5c)[0x7f6f644b1ffc]
/lib/x86_64-linux-gnu/libpython3.10.so.1.0(_PyEval_EvalFrameDefault+0x4b16)[0x7f6f64446776]
/lib/x86_64-linux-gnu/libpython3.10.so.1.0(+0x1c24df)[0x7f6f645924df]
--- END LIBC BACKTRACE ---
For more info on how to address this issue, please visit https://www.gem5.org/documentation/general_docs/common-errors/ 

/home/cs1952y-user/gem5/1952y-fp/gem5/scripts/run-test.sh: line 80: 98482 Aborted                 (core dumped) "$GEM5_BIN" --outdir="$OUTDIR" "$CONFIG" "$BINARY_REL" --chaos-prob "$CHAOS_PROB" --chaos-bits "$CHAOS_BITS" --delay "$DELAY" --scrub-interval "$SCRUB_INTERVAL" --scrub-tighten-factor "$SCRUB_TIGHTEN_FACTOR" --scrub-relax-factor "$SCRUB_RELAX_FACTOR" "${EXTRA[@]}"
