warn: No dot file generated. Please install pydot to generate the dot file and pdf.
Scrubbing enabled with adaptive interval starting at 10 cycles, tightening factor 2, relax factor 1.25
src/arch/riscv/isa.cc:275: info: RVV enabled, VLEN = 256 bits, ELEN = 64 bits
src/arch/riscv/linux/se_workload.cc:60: warn: Unknown operating system; assuming Linux.
src/base/statistics.hh:279: warn: One of the stats is a legacy stat. Legacy stat is a stat that does not belong to any statistics::Group. Legacy stat is deprecated.
src/base/remote_gdb.cc:418: warn: Sockets disabled, not accepting gdb connections
src/sim/simulate.cc:199: info: Entering event queue @ 0.  Starting simulation...
Relaxing scrub interval from 10 cycles to 12 cycles
Relaxing scrub interval from 12 cycles to 15 cycles
Relaxing scrub interval from 15 cycles to 18 cycles
Relaxing scrub interval from 18 cycles to 22 cycles
Relaxing scrub interval from 22 cycles to 27 cycles
Relaxing scrub interval from 27 cycles to 33 cycles
Relaxing scrub interval from 33 cycles to 41 cycles
Relaxing scrub interval from 41 cycles to 51 cycles
Relaxing scrub interval from 51 cycles to 63 cycles
Relaxing scrub interval from 63 cycles to 78 cycles
Relaxing scrub interval from 78 cycles to 97 cycles
Relaxing scrub interval from 97 cycles to 121 cycles
Relaxing scrub interval from 121 cycles to 151 cycles
Relaxing scrub interval from 151 cycles to 188 cycles
Relaxing scrub interval from 188 cycles to 235 cycles
Relaxing scrub interval from 235 cycles to 293 cycles
Relaxing scrub interval from 293 cycles to 366 cycles
Relaxing scrub interval from 366 cycles to 457 cycles
Relaxing scrub interval from 457 cycles to 571 cycles
Relaxing scrub interval from 571 cycles to 713 cycles
Relaxing scrub interval from 713 cycles to 891 cycles
Relaxing scrub interval from 891 cycles to 1113 cycles
Relaxing scrub interval from 1113 cycles to 1391 cycles
Relaxing scrub interval from 1391 cycles to 1738 cycles
Relaxing scrub interval from 1738 cycles to 2172 cycles
Relaxing scrub interval from 2172 cycles to 2715 cycles
Relaxing scrub interval from 2715 cycles to 3393 cycles
Relaxing scrub interval from 3393 cycles to 4241 cycles
Relaxing scrub interval from 4241 cycles to 5301 cycles
Relaxing scrub interval from 5301 cycles to 6626 cycles
Relaxing scrub interval from 6626 cycles to 8282 cycles
Relaxing scrub interval from 8282 cycles to 10352 cycles
Relaxing scrub interval from 10352 cycles to 12940 cycles
Tightening scrub interval from 12940 cycles to 6470 cycles
Tightening scrub interval from 6470 cycles to 3235 cycles
Tightening scrub interval from 3235 cycles to 1617 cycles
Tightening scrub interval from 1617 cycles to 808 cycles
Unrecoverable error in dirty block at 0x15000
Unrecoverable error in dirty block at 0x16040
Unrecoverable error in dirty block at 0x14040
Verification after correction: mismatch at byte 15 for block 0x562f3efa7de8
Verification after correction: mismatch at byte 5 for block 0x562f3efa7e60
Verification after correction: mismatch at byte 1 for block 0x562f3efa8040
Unrecoverable error in dirty block at 0x120c0
Verification after correction: mismatch at byte 15 for block 0x562f3efa8310
Unrecoverable error in dirty block at 0x16100
Verification after correction: mismatch at byte 2 for block 0x562f3efa8400
Unrecoverable error in dirty block at 0x18100
Verification after correction: mismatch at byte 32 for block 0x562f3efa85e0
Unrecoverable error in dirty block at 0x17140
Unrecoverable error in dirty block at 0x18180
Unrecoverable error in dirty block at 0x161c0
Unrecoverable error in dirty block at 0x181c0
Unrecoverable error in dirty block at 0x16200
Unrecoverable error in dirty block at 0x17200
Verification after correction: mismatch at byte 3 for block 0x562f3efa94e0
Unrecoverable error in dirty block at 0x15240
Unrecoverable error in dirty block at 0x18240
Unrecoverable error in dirty block at 0x12240
Verification after correction: mismatch at byte 2 for block 0x562f3efa9a80
Unrecoverable error in dirty block at 0x12280
Unrecoverable error in dirty block at 0x13280
Unrecoverable error in dirty block at 0x14280
Unrecoverable error in dirty block at 0x152c0
Unrecoverable error in dirty block at 0x182c0
Verification after correction: mismatch at byte 2 for block 0x562f3efaa200
Unrecoverable error in dirty block at 0x13380
Unrecoverable error in dirty block at 0x183c0
Unrecoverable error in dirty block at 0x143c0
Unrecoverable error in dirty block at 0x13400
Unrecoverable error in dirty block at 0x13440
Unrecoverable error in dirty block at 0x174c0
Unrecoverable error in dirty block at 0x134c0
Unrecoverable error in dirty block at 0x12500
Unrecoverable error in dirty block at 0x13500
Unrecoverable error in dirty block at 0x18580
Unrecoverable error in dirty block at 0x155c0
Unrecoverable error in dirty block at 0x165c0
Verification after correction: mismatch at byte 3 for block 0x562f3efacff0
Unrecoverable error in dirty block at 0x18640
Unrecoverable error in dirty block at 0x15680
Unrecoverable error in dirty block at 0x12680
Unrecoverable error in dirty block at 0x156c0
Unrecoverable error in dirty block at 0x166c0
Unrecoverable error in dirty block at 0x15700
Unrecoverable error in dirty block at 0x12740
Unrecoverable error in dirty block at 0x14780
Unrecoverable error in dirty block at 0x15780
Verification after correction: mismatch at byte 3 for block 0x562f3efae580
Unrecoverable error in dirty block at 0x17780
Verification after correction: mismatch at byte 16 for block 0x562f3efae940
Unrecoverable error in dirty block at 0x187c0
Unrecoverable error in dirty block at 0x197c0
Unrecoverable error in dirty block at 0x17800
Verification after correction: mismatch at byte 25 for block 0x562f3efaedf0
Unrecoverable error in dirty block at 0x14840
Unrecoverable error in dirty block at 0x18840
Unrecoverable error in dirty block at 0x16880
Unrecoverable error in dirty block at 0x12880
Unrecoverable error in dirty block at 0x148c0
Unrecoverable error in dirty block at 0x14900
Unrecoverable error in dirty block at 0x15900
Unrecoverable error in dirty block at 0x17900
Unrecoverable error in dirty block at 0x18900
Unrecoverable error in dirty block at 0x12900
Unrecoverable error in dirty block at 0x14940
Unrecoverable error in dirty block at 0x12940
Verification after correction: mismatch at byte 12 for block 0x562f3efb0218
Unrecoverable error in dirty block at 0x14980
Verification after correction: mismatch at byte 9 for block 0x562f3efb0380
Unrecoverable error in dirty block at 0x11980
Unrecoverable error in dirty block at 0x169c0
Unrecoverable error in dirty block at 0x119c0
Unrecoverable error in dirty block at 0x129c0
Unrecoverable error in dirty block at 0x16a00
Verification after correction: mismatch at byte 24 for block 0x562f3efb1028
Unrecoverable error in dirty block at 0x14a80
Unrecoverable error in dirty block at 0x16a80
Verification after correction: mismatch at byte 12 for block 0x562f3efb1370
Unrecoverable error in dirty block at 0x15ac0
Verification after correction: mismatch at byte 5 for block 0x562f3efb17a8
Unrecoverable error in dirty block at 0x14b00
Unrecoverable error in dirty block at 0x17b00
Unrecoverable error in dirty block at 0x13b00
Unrecoverable error in dirty block at 0x15b40
Unrecoverable error in dirty block at 0x14b80
Unrecoverable error in dirty block at 0x15b80
Unrecoverable error in dirty block at 0x12bc0
Unrecoverable error in dirty block at 0x13bc0
Unrecoverable error in dirty block at 0x18c00
Unrecoverable error in dirty block at 0x11c80
Unrecoverable error in dirty block at 0x17cc0
Unrecoverable error in dirty block at 0x11cc0
Verification after correction: mismatch at byte 5 for block 0x562f3efb3620
Unrecoverable error in dirty block at 0x15d00
Unrecoverable error in dirty block at 0x16d00
Unrecoverable error in dirty block at 0x17d00
Unrecoverable error in dirty block at 0x11d00
Unrecoverable error in dirty block at 0x15d40
Unrecoverable error in dirty block at 0x12d40
Unrecoverable error in dirty block at 0x13d40
Unrecoverable error in dirty block at 0x14dc0
Unrecoverable error in dirty block at 0xee00
Verification after correction: mismatch at byte 0 for block 0x562f3efb48e0
Unrecoverable error in dirty block at 0x13e00
Verification after correction: mismatch at byte 15 for block 0x562f3efb4e08
Verification after correction: mismatch at byte 9 for block 0x562f3efb4ef8
Verification after correction: mismatch at byte 3 for block 0x562f3efb4f70
Unrecoverable error in dirty block at 0x14ec0
Verification after correction: mismatch at byte 5 for block 0x562f3efb5240
Unrecoverable error in dirty block at 0x13ec0
Unrecoverable error in dirty block at 0x14f00
Unrecoverable error in dirty block at 0x17f00
Unrecoverable error in dirty block at 0x11f00
Verification after correction: mismatch at byte 6 for block 0x562f3efb57e0
Unrecoverable error in dirty block at 0x13f00
Unrecoverable error in dirty block at 0x14f40
Unrecoverable error in dirty block at 0x15f80
Unrecoverable error in dirty block at 0x18fc0
Verification after correction: mismatch at byte 2 for block 0x562f3efb6398
Tightening scrub interval from 808 cycles to 404 cycles
