warn: No dot file generated. Please install pydot to generate the dot file and pdf.
Scrubbing enabled with adaptive interval starting at 10 cycles, tightening factor 2, relax factor 1.25
src/arch/riscv/isa.cc:275: info: RVV enabled, VLEN = 256 bits, ELEN = 64 bits
src/arch/riscv/linux/se_workload.cc:60: warn: Unknown operating system; assuming Linux.
src/base/statistics.hh:279: warn: One of the stats is a legacy stat. Legacy stat is a stat that does not belong to any statistics::Group. Legacy stat is deprecated.
src/base/remote_gdb.cc:418: warn: Sockets disabled, not accepting gdb connections
src/sim/simulate.cc:199: info: Entering event queue @ 0.  Starting simulation...
Relaxing scrub interval from 10 cycles to 12 cycles
Relaxing scrub interval from 12 cycles to 15 cycles
Relaxing scrub interval from 15 cycles to 18 cycles
Relaxing scrub interval from 18 cycles to 22 cycles
Relaxing scrub interval from 22 cycles to 27 cycles
Relaxing scrub interval from 27 cycles to 33 cycles
Relaxing scrub interval from 33 cycles to 41 cycles
Relaxing scrub interval from 41 cycles to 51 cycles
Relaxing scrub interval from 51 cycles to 63 cycles
Relaxing scrub interval from 63 cycles to 78 cycles
Relaxing scrub interval from 78 cycles to 97 cycles
Relaxing scrub interval from 97 cycles to 121 cycles
Relaxing scrub interval from 121 cycles to 151 cycles
Relaxing scrub interval from 151 cycles to 188 cycles
Relaxing scrub interval from 188 cycles to 235 cycles
Relaxing scrub interval from 235 cycles to 293 cycles
Relaxing scrub interval from 293 cycles to 366 cycles
Relaxing scrub interval from 366 cycles to 457 cycles
Relaxing scrub interval from 457 cycles to 571 cycles
Relaxing scrub interval from 571 cycles to 713 cycles
Relaxing scrub interval from 713 cycles to 891 cycles
Relaxing scrub interval from 891 cycles to 1113 cycles
Relaxing scrub interval from 1113 cycles to 1391 cycles
Relaxing scrub interval from 1391 cycles to 1738 cycles
Relaxing scrub interval from 1738 cycles to 2172 cycles
Relaxing scrub interval from 2172 cycles to 2715 cycles
Relaxing scrub interval from 2715 cycles to 3393 cycles
Relaxing scrub interval from 3393 cycles to 4241 cycles
Relaxing scrub interval from 4241 cycles to 5301 cycles
Relaxing scrub interval from 5301 cycles to 6626 cycles
Relaxing scrub interval from 6626 cycles to 8282 cycles
Relaxing scrub interval from 8282 cycles to 10352 cycles
Relaxing scrub interval from 10352 cycles to 12940 cycles
Tightening scrub interval from 12940 cycles to 6470 cycles
Tightening scrub interval from 6470 cycles to 3235 cycles
Tightening scrub interval from 3235 cycles to 1617 cycles
Tightening scrub interval from 1617 cycles to 808 cycles
Unrecoverable error in dirty block at 0x15000
Unrecoverable error in dirty block at 0x16000
Unrecoverable error in dirty block at 0x18000
Unrecoverable error in dirty block at 0x14000
Verification after correction: mismatch at byte 3 for block 0x55f0a5ee1b90
Unrecoverable error in dirty block at 0x17080
Unrecoverable error in dirty block at 0x18080
Unrecoverable error in dirty block at 0x13080
Unrecoverable error in dirty block at 0x150c0
Unrecoverable error in dirty block at 0x180c0
Verification after correction: mismatch at byte 1 for block 0x55f0a5ee2388
Unrecoverable error in dirty block at 0x17100
Unrecoverable error in dirty block at 0x18100
Unrecoverable error in dirty block at 0x19100
Verification after correction: mismatch at byte 23 for block 0x55f0a5ee2838
Unrecoverable error in dirty block at 0x16180
Unrecoverable error in dirty block at 0x14180
Verification after correction: mismatch at byte 13 for block 0x55f0a5ee2e50
Verification after correction: mismatch at byte 36 for block 0x55f0a5ee3120
Unrecoverable error in dirty block at 0x141c0
Unrecoverable error in dirty block at 0x15200
Unrecoverable error in dirty block at 0x17200
Unrecoverable error in dirty block at 0x18200
Unrecoverable error in dirty block at 0x12200
Unrecoverable error in dirty block at 0x13200
Verification after correction: mismatch at byte 11 for block 0x55f0a5ee35d0
Unrecoverable error in dirty block at 0x17280
Unrecoverable error in dirty block at 0x152c0
Verification after correction: mismatch at byte 2 for block 0x55f0a5ee3dc8
Verification after correction: mismatch at byte 14 for block 0x55f0a5ee3e40
Unrecoverable error in dirty block at 0x132c0
Unrecoverable error in dirty block at 0x142c0
Unrecoverable error in dirty block at 0x18300
Unrecoverable error in dirty block at 0x13300
Verification after correction: mismatch at byte 20 for block 0x55f0a5ee45c0
Unrecoverable error in dirty block at 0x14340
Unrecoverable error in dirty block at 0x15380
Verification after correction: mismatch at byte 4 for block 0x55f0a5ee49f8
Unrecoverable error in dirty block at 0x183c0
Unrecoverable error in dirty block at 0x15400
Verification after correction: mismatch at byte 7 for block 0x55f0a5ee5100
Unrecoverable error in dirty block at 0x17440
Verification after correction: mismatch at byte 5 for block 0x55f0a5ee5718
Unrecoverable error in dirty block at 0x15480
Unrecoverable error in dirty block at 0x16480
Verification after correction: mismatch at byte 13 for block 0x55f0a5ee58f8
Unrecoverable error in dirty block at 0x14480
Verification after correction: mismatch at byte 1 for block 0x55f0a5ee5cb8
Unrecoverable error in dirty block at 0x134c0
Unrecoverable error in dirty block at 0x144c0
Unrecoverable error in dirty block at 0x17500
Unrecoverable error in dirty block at 0x18500
Unrecoverable error in dirty block at 0x15540
Unrecoverable error in dirty block at 0x18540
Unrecoverable error in dirty block at 0x17580
Unrecoverable error in dirty block at 0x18580
Unrecoverable error in dirty block at 0x145c0
Unrecoverable error in dirty block at 0x15600
Unrecoverable error in dirty block at 0x17600
Unrecoverable error in dirty block at 0x17640
Unrecoverable error in dirty block at 0x13640
Verification after correction: mismatch at byte 5 for block 0x55f0a5ee7770
Unrecoverable error in dirty block at 0x176c0
Unrecoverable error in dirty block at 0x14700
Unrecoverable error in dirty block at 0x17700
Unrecoverable error in dirty block at 0x13700
Verification after correction: mismatch at byte 2 for block 0x55f0a5ee82b0
Unrecoverable error in dirty block at 0x13740
Unrecoverable error in dirty block at 0x17780
Unrecoverable error in dirty block at 0x13780
Verification after correction: mismatch at byte 12 for block 0x55f0a5ee8850
Unrecoverable error in dirty block at 0x17800
Unrecoverable error in dirty block at 0x18840
Unrecoverable error in dirty block at 0x12840
Verification after correction: mismatch at byte 3 for block 0x55f0a5ee9390
Unrecoverable error in dirty block at 0x16880
Verification after correction: mismatch at byte 6 for block 0x55f0a5ee9570
Unrecoverable error in dirty block at 0x168c0
Unrecoverable error in dirty block at 0x128c0
Unrecoverable error in dirty block at 0x17900
Unrecoverable error in dirty block at 0x13900
Unrecoverable error in dirty block at 0x12940
Unrecoverable error in dirty block at 0x14980
Verification after correction: mismatch at byte 10 for block 0x55f0a5eea380
Unrecoverable error in dirty block at 0x17980
Unrecoverable error in dirty block at 0x159c0
Verification after correction: mismatch at byte 5 for block 0x55f0a5eea7b8
Unrecoverable error in dirty block at 0x189c0
Unrecoverable error in dirty block at 0x129c0
Verification after correction: mismatch at byte 20 for block 0x55f0a5eeab00
Unrecoverable error in dirty block at 0x16a00
Unrecoverable error in dirty block at 0x12a00
Unrecoverable error in dirty block at 0x15a40
Unrecoverable error in dirty block at 0x14a80
Verification after correction: mismatch at byte 14 for block 0x55f0a5eeb460
Unrecoverable error in dirty block at 0x16b00
Unrecoverable error in dirty block at 0x18b00
Unrecoverable error in dirty block at 0x11b00
Unrecoverable error in dirty block at 0x12b00
Unrecoverable error in dirty block at 0x17b40
Unrecoverable error in dirty block at 0x11b40
Unrecoverable error in dirty block at 0x13b40
Unrecoverable error in dirty block at 0x14b80
Unrecoverable error in dirty block at 0x15b80
Unrecoverable error in dirty block at 0x17b80
Unrecoverable error in dirty block at 0x12b80
Unrecoverable error in dirty block at 0x15c00
Unrecoverable error in dirty block at 0x12c00
Verification after correction: mismatch at byte 49 for block 0x55f0a5eecbd0
Unrecoverable error in dirty block at 0x18c40
Unrecoverable error in dirty block at 0x12c40
Unrecoverable error in dirty block at 0x13c80
Verification after correction: mismatch at byte 16 for block 0x55f0a5eed440
Unrecoverable error in dirty block at 0x11d00
Verification after correction: mismatch at byte 17 for block 0x55f0a5eed968
Unrecoverable error in dirty block at 0x14d00
Unrecoverable error in dirty block at 0x15d40
Unrecoverable error in dirty block at 0x16d40
Unrecoverable error in dirty block at 0x13d40
Unrecoverable error in dirty block at 0x14d40
Unrecoverable error in dirty block at 0x16d80
Unrecoverable error in dirty block at 0x13d80
Verification after correction: mismatch at byte 11 for block 0x55f0a5eee250
Unrecoverable error in dirty block at 0x12dc0
Unrecoverable error in dirty block at 0x13dc0
Unrecoverable error in dirty block at 0x14dc0
Unrecoverable error in dirty block at 0x16e00
Unrecoverable error in dirty block at 0x17e00
Unrecoverable error in dirty block at 0x16e40
Verification after correction: mismatch at byte 0 for block 0x55f0a5eeebb0
Unrecoverable error in dirty block at 0x17e80
Verification after correction: mismatch at byte 6 for block 0x55f0a5eef1c8
Unrecoverable error in dirty block at 0x12ec0
Unrecoverable error in dirty block at 0x11f00
Unrecoverable error in dirty block at 0x13f00
Unrecoverable error in dirty block at 0x17f40
Unrecoverable error in dirty block at 0x13f40
Unrecoverable error in dirty block at 0x14f40
Verification after correction: mismatch at byte 21 for block 0x55f0a5eefc90
Unrecoverable error in dirty block at 0x13f80
Verification after correction: mismatch at byte 11 for block 0x55f0a5eeffd8
Unrecoverable error in dirty block at 0x15fc0
Unrecoverable error in dirty block at 0x13fc0
Tightening scrub interval from 808 cycles to 404 cycles
