warn: No dot file generated. Please install pydot to generate the dot file and pdf.
Scrubbing enabled with adaptive interval starting at 10 cycles, tightening factor 2, relax factor 1.25
src/arch/riscv/isa.cc:275: info: RVV enabled, VLEN = 256 bits, ELEN = 64 bits
src/arch/riscv/linux/se_workload.cc:60: warn: Unknown operating system; assuming Linux.
src/base/statistics.hh:279: warn: One of the stats is a legacy stat. Legacy stat is a stat that does not belong to any statistics::Group. Legacy stat is deprecated.
src/base/remote_gdb.cc:418: warn: Sockets disabled, not accepting gdb connections
src/sim/simulate.cc:199: info: Entering event queue @ 0.  Starting simulation...
Relaxing scrub interval from 10 cycles to 12 cycles
Relaxing scrub interval from 12 cycles to 15 cycles
Relaxing scrub interval from 15 cycles to 18 cycles
Relaxing scrub interval from 18 cycles to 22 cycles
Relaxing scrub interval from 22 cycles to 27 cycles
Relaxing scrub interval from 27 cycles to 33 cycles
Relaxing scrub interval from 33 cycles to 41 cycles
Relaxing scrub interval from 41 cycles to 51 cycles
Relaxing scrub interval from 51 cycles to 63 cycles
Relaxing scrub interval from 63 cycles to 78 cycles
Relaxing scrub interval from 78 cycles to 97 cycles
Relaxing scrub interval from 97 cycles to 121 cycles
Relaxing scrub interval from 121 cycles to 151 cycles
Relaxing scrub interval from 151 cycles to 188 cycles
Relaxing scrub interval from 188 cycles to 235 cycles
Relaxing scrub interval from 235 cycles to 293 cycles
Relaxing scrub interval from 293 cycles to 366 cycles
Relaxing scrub interval from 366 cycles to 457 cycles
Relaxing scrub interval from 457 cycles to 571 cycles
Relaxing scrub interval from 571 cycles to 713 cycles
Relaxing scrub interval from 713 cycles to 891 cycles
Relaxing scrub interval from 891 cycles to 1113 cycles
Relaxing scrub interval from 1113 cycles to 1391 cycles
Relaxing scrub interval from 1391 cycles to 1738 cycles
Relaxing scrub interval from 1738 cycles to 2172 cycles
Relaxing scrub interval from 2172 cycles to 2715 cycles
Relaxing scrub interval from 2715 cycles to 3393 cycles
Relaxing scrub interval from 3393 cycles to 4241 cycles
Relaxing scrub interval from 4241 cycles to 5301 cycles
Relaxing scrub interval from 5301 cycles to 6626 cycles
Relaxing scrub interval from 6626 cycles to 8282 cycles
Relaxing scrub interval from 8282 cycles to 10352 cycles
Relaxing scrub interval from 10352 cycles to 12940 cycles
Tightening scrub interval from 12940 cycles to 6470 cycles
Tightening scrub interval from 6470 cycles to 3235 cycles
Tightening scrub interval from 3235 cycles to 1617 cycles
Tightening scrub interval from 1617 cycles to 808 cycles
Verification after correction: mismatch at byte 10 for block 0x55660141c410
Verification after correction: mismatch at byte 11 for block 0x55660141c7d0
Verification after correction: mismatch at byte 31 for block 0x55660141c848
Verification after correction: mismatch at byte 16 for block 0x55660141cf50
Unrecoverable error in dirty block at 0x170c0
Verification after correction: mismatch at byte 17 for block 0x55660141d478
Unrecoverable error in dirty block at 0x19100
Unrecoverable error in dirty block at 0x12100
Unrecoverable error in dirty block at 0x16140
Unrecoverable error in dirty block at 0x171c0
Verification after correction: mismatch at byte 8 for block 0x55660141e120
Unrecoverable error in dirty block at 0x16200
Verification after correction: mismatch at byte 30 for block 0x55660141e378
Verification after correction: mismatch at byte 17 for block 0x55660141e468
Unrecoverable error in dirty block at 0x13200
Verification after correction: mismatch at byte 7 for block 0x55660141e6c0
Unrecoverable error in dirty block at 0x12240
Unrecoverable error in dirty block at 0x122c0
Unrecoverable error in dirty block at 0x17300
Unrecoverable error in dirty block at 0x19300
Unrecoverable error in dirty block at 0x16340
Unrecoverable error in dirty block at 0x13340
Verification after correction: mismatch at byte 14 for block 0x55660141f818
Unrecoverable error in dirty block at 0x15380
Unrecoverable error in dirty block at 0x17380
Unrecoverable error in dirty block at 0x12380
Verification after correction: mismatch at byte 2 for block 0x55660141fc50
Unrecoverable error in dirty block at 0x123c0
Unrecoverable error in dirty block at 0x17400
Unrecoverable error in dirty block at 0x12400
Verification after correction: mismatch at byte 11 for block 0x5566014202e0
Unrecoverable error in dirty block at 0x18440
Verification after correction: mismatch at byte 2 for block 0x556601420628
Verification after correction: mismatch at byte 4 for block 0x5566014206a0
Unrecoverable error in dirty block at 0x15480
Verification after correction: mismatch at byte 9 for block 0x556601420a60
Verification after correction: mismatch at byte 31 for block 0x556601420b50
Unrecoverable error in dirty block at 0x164c0
Unrecoverable error in dirty block at 0x124c0
Verification after correction: mismatch at byte 2 for block 0x556601420e98
Unrecoverable error in dirty block at 0x16500
Verification after correction: mismatch at byte 0 for block 0x5566014211e0
Unrecoverable error in dirty block at 0x17540
Unrecoverable error in dirty block at 0x17580
Unrecoverable error in dirty block at 0x185c0
Unrecoverable error in dirty block at 0x135c0
Unrecoverable error in dirty block at 0x14640
Verification after correction: mismatch at byte 6 for block 0x556601422248
Verification after correction: mismatch at byte 1 for block 0x556601422518
Verification after correction: mismatch at byte 39 for block 0x556601422590
Unrecoverable error in dirty block at 0x176c0
Unrecoverable error in dirty block at 0x136c0
Verification after correction: mismatch at byte 7 for block 0x5566014230d0
Unrecoverable error in dirty block at 0x16740
Unrecoverable error in dirty block at 0x16780
Verification after correction: mismatch at byte 13 for block 0x556601423c88
Verification after correction: mismatch at byte 13 for block 0x556601423d00
Unrecoverable error in dirty block at 0x17800
Unrecoverable error in dirty block at 0x14840
Unrecoverable error in dirty block at 0x11840
Unrecoverable error in dirty block at 0x13840
Unrecoverable error in dirty block at 0x14880
Verification after correction: mismatch at byte 16 for block 0x556601424480
Unrecoverable error in dirty block at 0x11880
Verification after correction: mismatch at byte 2 for block 0x556601424a98
Unrecoverable error in dirty block at 0x16900
Unrecoverable error in dirty block at 0x13900
Unrecoverable error in dirty block at 0x15940
Verification after correction: mismatch at byte 5 for block 0x5566014250b0
Unrecoverable error in dirty block at 0x17980
Verification after correction: mismatch at byte 6 for block 0x556601425830
Unrecoverable error in dirty block at 0x189c0
Unrecoverable error in dirty block at 0x15a00
Unrecoverable error in dirty block at 0x16a00
Verification after correction: mismatch at byte 0 for block 0x556601425d58
Verification after correction: mismatch at byte 41 for block 0x556601426028
Unrecoverable error in dirty block at 0x18a40
Unrecoverable error in dirty block at 0x16a80
Verification after correction: mismatch at byte 14 for block 0x556601426370
Verification after correction: mismatch at byte 17 for block 0x556601426460
Verification after correction: mismatch at byte 9 for block 0x5566014264d8
Unrecoverable error in dirty block at 0x16ac0
Unrecoverable error in dirty block at 0x12ac0
Unrecoverable error in dirty block at 0x15b00
Unrecoverable error in dirty block at 0x12b00
Unrecoverable error in dirty block at 0x16b40
Unrecoverable error in dirty block at 0x15b80
Unrecoverable error in dirty block at 0x16b80
Verification after correction: mismatch at byte 13 for block 0x556601427798
Verification after correction: mismatch at byte 41 for block 0x556601427b58
Unrecoverable error in dirty block at 0x15c40
Unrecoverable error in dirty block at 0x17c40
Unrecoverable error in dirty block at 0x11c40
Unrecoverable error in dirty block at 0x13c40
Unrecoverable error in dirty block at 0x14c40
Verification after correction: mismatch at byte 8 for block 0x556601428080
Unrecoverable error in dirty block at 0x11c80
Unrecoverable error in dirty block at 0x13c80
Unrecoverable error in dirty block at 0x15cc0
Unrecoverable error in dirty block at 0x14d00
Verification after correction: mismatch at byte 13 for block 0x556601428ad0
Unrecoverable error in dirty block at 0x13d40
Unrecoverable error in dirty block at 0x15d80
Verification after correction: mismatch at byte 12 for block 0x556601428ff8
Verification after correction: mismatch at byte 2 for block 0x556601429160
Verification after correction: mismatch at byte 28 for block 0x556601429520
Unrecoverable error in dirty block at 0x14e00
Unrecoverable error in dirty block at 0x14e40
Unrecoverable error in dirty block at 0x15e40
Verification after correction: mismatch at byte 6 for block 0x556601429f70
Unrecoverable error in dirty block at 0x18e80
Unrecoverable error in dirty block at 0x11ec0
Unrecoverable error in dirty block at 0x14f00
Verification after correction: mismatch at byte 4 for block 0x55660142a8d0
Unrecoverable error in dirty block at 0x11f40
Verification after correction: mismatch at byte 1 for block 0x55660142ac90
Verification after correction: mismatch at byte 3 for block 0x55660142b0c8
Tightening scrub interval from 808 cycles to 404 cycles
