warn: No dot file generated. Please install pydot to generate the dot file and pdf.
Scrubbing enabled with adaptive interval starting at 10 cycles, tightening factor 2, relax factor 1.25
src/arch/riscv/isa.cc:275: info: RVV enabled, VLEN = 256 bits, ELEN = 64 bits
src/arch/riscv/linux/se_workload.cc:60: warn: Unknown operating system; assuming Linux.
src/base/statistics.hh:279: warn: One of the stats is a legacy stat. Legacy stat is a stat that does not belong to any statistics::Group. Legacy stat is deprecated.
src/base/remote_gdb.cc:418: warn: Sockets disabled, not accepting gdb connections
src/sim/simulate.cc:199: info: Entering event queue @ 0.  Starting simulation...
Relaxing scrub interval from 10 cycles to 12 cycles
Relaxing scrub interval from 12 cycles to 15 cycles
Relaxing scrub interval from 15 cycles to 18 cycles
Relaxing scrub interval from 18 cycles to 22 cycles
Relaxing scrub interval from 22 cycles to 27 cycles
Relaxing scrub interval from 27 cycles to 33 cycles
Relaxing scrub interval from 33 cycles to 41 cycles
Relaxing scrub interval from 41 cycles to 51 cycles
Relaxing scrub interval from 51 cycles to 63 cycles
Relaxing scrub interval from 63 cycles to 78 cycles
Relaxing scrub interval from 78 cycles to 97 cycles
Relaxing scrub interval from 97 cycles to 121 cycles
Relaxing scrub interval from 121 cycles to 151 cycles
Relaxing scrub interval from 151 cycles to 188 cycles
Relaxing scrub interval from 188 cycles to 235 cycles
Relaxing scrub interval from 235 cycles to 293 cycles
Relaxing scrub interval from 293 cycles to 366 cycles
Relaxing scrub interval from 366 cycles to 457 cycles
Relaxing scrub interval from 457 cycles to 571 cycles
Relaxing scrub interval from 571 cycles to 713 cycles
Relaxing scrub interval from 713 cycles to 891 cycles
Relaxing scrub interval from 891 cycles to 1113 cycles
Relaxing scrub interval from 1113 cycles to 1391 cycles
Relaxing scrub interval from 1391 cycles to 1738 cycles
Relaxing scrub interval from 1738 cycles to 2172 cycles
Relaxing scrub interval from 2172 cycles to 2715 cycles
Relaxing scrub interval from 2715 cycles to 3393 cycles
Relaxing scrub interval from 3393 cycles to 4241 cycles
Relaxing scrub interval from 4241 cycles to 5301 cycles
Relaxing scrub interval from 5301 cycles to 6626 cycles
Relaxing scrub interval from 6626 cycles to 8282 cycles
Relaxing scrub interval from 8282 cycles to 10352 cycles
Relaxing scrub interval from 10352 cycles to 12940 cycles
Tightening scrub interval from 12940 cycles to 6470 cycles
Tightening scrub interval from 6470 cycles to 3235 cycles
Tightening scrub interval from 3235 cycles to 1617 cycles
Verification after correction: mismatch at byte 52 for block 0x55c5ea8bb410
Unrecoverable error in dirty block at 0x14000
Unrecoverable error in dirty block at 0x17080
Verification after correction: mismatch at byte 5 for block 0x55c5ea8bbe60
Unrecoverable error in dirty block at 0x14080
Unrecoverable error in dirty block at 0x17100
Unrecoverable error in dirty block at 0x16140
Unrecoverable error in dirty block at 0x12140
Unrecoverable error in dirty block at 0x13180
Verification after correction: mismatch at byte 7 for block 0x55c5ea8bcec8
Unrecoverable error in dirty block at 0x171c0
Unrecoverable error in dirty block at 0x18200
Unrecoverable error in dirty block at 0x17240
Unrecoverable error in dirty block at 0x18280
Unrecoverable error in dirty block at 0x12280
Unrecoverable error in dirty block at 0x182c0
Unrecoverable error in dirty block at 0x132c0
Unrecoverable error in dirty block at 0x18340
Unrecoverable error in dirty block at 0x14340
Verification after correction: mismatch at byte 24 for block 0x55c5ea8bf268
Unrecoverable error in dirty block at 0x13400
Unrecoverable error in dirty block at 0x16440
Unrecoverable error in dirty block at 0x13440
Unrecoverable error in dirty block at 0x14440
Verification after correction: mismatch at byte 47 for block 0x55c5ea8bf790
Unrecoverable error in dirty block at 0x16480
Unrecoverable error in dirty block at 0x12480
Unrecoverable error in dirty block at 0x174c0
Unrecoverable error in dirty block at 0x114c0
Unrecoverable error in dirty block at 0x17500
Verification after correction: mismatch at byte 2 for block 0x55c5ea8c0348
Unrecoverable error in dirty block at 0x11540
Unrecoverable error in dirty block at 0x14540
Unrecoverable error in dirty block at 0x14580
Verification after correction: mismatch at byte 4 for block 0x55c5ea8c0bb8
Unrecoverable error in dirty block at 0x185c0
Unrecoverable error in dirty block at 0x17640
Unrecoverable error in dirty block at 0x14680
Unrecoverable error in dirty block at 0x18680
Unrecoverable error in dirty block at 0x156c0
Verification after correction: mismatch at byte 6 for block 0x55c5ea8c1ab8
Unrecoverable error in dirty block at 0x126c0
Verification after correction: mismatch at byte 34 for block 0x55c5ea8c1e00
Verification after correction: mismatch at byte 14 for block 0x55c5ea8c2148
Unrecoverable error in dirty block at 0x14780
Unrecoverable error in dirty block at 0x16780
Unrecoverable error in dirty block at 0x12780
Verification after correction: mismatch at byte 13 for block 0x55c5ea8c2b20
Verification after correction: mismatch at byte 19 for block 0x55c5ea8c2c10
Unrecoverable error in dirty block at 0x17800
Unrecoverable error in dirty block at 0x12840
Unrecoverable error in dirty block at 0x14880
Unrecoverable error in dirty block at 0x16880
Unrecoverable error in dirty block at 0x11880
Unrecoverable error in dirty block at 0x12880
Verification after correction: mismatch at byte 1 for block 0x55c5ea8c37c8
Verification after correction: mismatch at byte 40 for block 0x55c5ea8c3c78
Unrecoverable error in dirty block at 0x18900
Unrecoverable error in dirty block at 0x11900
Unrecoverable error in dirty block at 0x12900
Unrecoverable error in dirty block at 0x17940
Unrecoverable error in dirty block at 0x14980
Unrecoverable error in dirty block at 0x12980
Unrecoverable error in dirty block at 0x189c0
Unrecoverable error in dirty block at 0x119c0
Unrecoverable error in dirty block at 0x11a80
Verification after correction: mismatch at byte 3 for block 0x55c5ea8c5460
Unrecoverable error in dirty block at 0x17ac0
Verification after correction: mismatch at byte 2 for block 0x55c5ea8c5898
Unrecoverable error in dirty block at 0x11b00
Unrecoverable error in dirty block at 0x14b40
Unrecoverable error in dirty block at 0x13b40
Unrecoverable error in dirty block at 0x16b80
Unrecoverable error in dirty block at 0x17bc0
Unrecoverable error in dirty block at 0x16c00
Unrecoverable error in dirty block at 0x15c80
Unrecoverable error in dirty block at 0x12c80
Unrecoverable error in dirty block at 0x11cc0
Verification after correction: mismatch at byte 10 for block 0x55c5ea8c7788
Unrecoverable error in dirty block at 0x18d00
Unrecoverable error in dirty block at 0x12d40
Unrecoverable error in dirty block at 0x15d80
Unrecoverable error in dirty block at 0x16d80
Unrecoverable error in dirty block at 0x16dc0
Unrecoverable error in dirty block at 0x15e00
Unrecoverable error in dirty block at 0x17e00
Unrecoverable error in dirty block at 0x16e80
Unrecoverable error in dirty block at 0x12ec0
Unrecoverable error in dirty block at 0x13f00
Unrecoverable error in dirty block at 0x17f40
Unrecoverable error in dirty block at 0x13f40
Unrecoverable error in dirty block at 0x12f80
Unrecoverable error in dirty block at 0x17fc0
Tightening scrub interval from 1617 cycles to 808 cycles
