warn: No dot file generated. Please install pydot to generate the dot file and pdf.
Scrubbing enabled with adaptive interval starting at 10 cycles, tightening factor 2, relax factor 1.25
src/arch/riscv/isa.cc:275: info: RVV enabled, VLEN = 256 bits, ELEN = 64 bits
src/arch/riscv/linux/se_workload.cc:60: warn: Unknown operating system; assuming Linux.
src/base/statistics.hh:279: warn: One of the stats is a legacy stat. Legacy stat is a stat that does not belong to any statistics::Group. Legacy stat is deprecated.
src/base/remote_gdb.cc:418: warn: Sockets disabled, not accepting gdb connections
src/sim/simulate.cc:199: info: Entering event queue @ 0.  Starting simulation...
Relaxing scrub interval from 10 cycles to 12 cycles
Relaxing scrub interval from 12 cycles to 15 cycles
Relaxing scrub interval from 15 cycles to 18 cycles
Relaxing scrub interval from 18 cycles to 22 cycles
Relaxing scrub interval from 22 cycles to 27 cycles
Relaxing scrub interval from 27 cycles to 33 cycles
Relaxing scrub interval from 33 cycles to 41 cycles
Relaxing scrub interval from 41 cycles to 51 cycles
Relaxing scrub interval from 51 cycles to 63 cycles
Relaxing scrub interval from 63 cycles to 78 cycles
Relaxing scrub interval from 78 cycles to 97 cycles
Relaxing scrub interval from 97 cycles to 121 cycles
Relaxing scrub interval from 121 cycles to 151 cycles
Relaxing scrub interval from 151 cycles to 188 cycles
Relaxing scrub interval from 188 cycles to 235 cycles
Relaxing scrub interval from 235 cycles to 293 cycles
Relaxing scrub interval from 293 cycles to 366 cycles
Relaxing scrub interval from 366 cycles to 457 cycles
Relaxing scrub interval from 457 cycles to 571 cycles
Relaxing scrub interval from 571 cycles to 713 cycles
Relaxing scrub interval from 713 cycles to 891 cycles
Relaxing scrub interval from 891 cycles to 1113 cycles
Relaxing scrub interval from 1113 cycles to 1391 cycles
Relaxing scrub interval from 1391 cycles to 1738 cycles
Relaxing scrub interval from 1738 cycles to 2172 cycles
Relaxing scrub interval from 2172 cycles to 2715 cycles
Relaxing scrub interval from 2715 cycles to 3393 cycles
Relaxing scrub interval from 3393 cycles to 4241 cycles
Relaxing scrub interval from 4241 cycles to 5301 cycles
Relaxing scrub interval from 5301 cycles to 6626 cycles
Relaxing scrub interval from 6626 cycles to 8282 cycles
Relaxing scrub interval from 8282 cycles to 10352 cycles
Relaxing scrub interval from 10352 cycles to 12940 cycles
Tightening scrub interval from 12940 cycles to 6470 cycles
Tightening scrub interval from 6470 cycles to 3235 cycles
Tightening scrub interval from 3235 cycles to 1617 cycles
Tightening scrub interval from 1617 cycles to 808 cycles
Unrecoverable error in dirty block at 0x13000
Unrecoverable error in dirty block at 0x15040
Unrecoverable error in dirty block at 0x16040
Verification after correction: mismatch at byte 32 for block 0x55f698237938
Unrecoverable error in dirty block at 0x12080
Unrecoverable error in dirty block at 0x13080
Verification after correction: mismatch at byte 12 for block 0x55f698237fc8
Unrecoverable error in dirty block at 0x180c0
Unrecoverable error in dirty block at 0x190c0
Unrecoverable error in dirty block at 0x17140
Verification after correction: mismatch at byte 2 for block 0x55f698239120
Unrecoverable error in dirty block at 0x17200
Unrecoverable error in dirty block at 0x14240
Verification after correction: mismatch at byte 2 for block 0x55f698239990
Unrecoverable error in dirty block at 0x112c0
Unrecoverable error in dirty block at 0x122c0
Unrecoverable error in dirty block at 0x13300
Unrecoverable error in dirty block at 0x14300
Verification after correction: mismatch at byte 17 for block 0x55f69823a890
Verification after correction: mismatch at byte 0 for block 0x55f69823adb8
Unrecoverable error in dirty block at 0x143c0
Verification after correction: mismatch at byte 1 for block 0x55f69823b448
Unrecoverable error in dirty block at 0x18440
Unrecoverable error in dirty block at 0x14440
Unrecoverable error in dirty block at 0x15480
Verification after correction: mismatch at byte 17 for block 0x55f69823b970
Unrecoverable error in dirty block at 0x13480
Unrecoverable error in dirty block at 0x114c0
Unrecoverable error in dirty block at 0x15500
Verification after correction: mismatch at byte 4 for block 0x55f69823c000
Unrecoverable error in dirty block at 0x15540
Unrecoverable error in dirty block at 0x16540
Unrecoverable error in dirty block at 0x18580
Unrecoverable error in dirty block at 0x14600
Unrecoverable error in dirty block at 0x16600
Unrecoverable error in dirty block at 0x12600
Unrecoverable error in dirty block at 0x11680
Unrecoverable error in dirty block at 0x156c0
Unrecoverable error in dirty block at 0x166c0
Unrecoverable error in dirty block at 0x15780
Verification after correction: mismatch at byte 24 for block 0x55f69823e670
Unrecoverable error in dirty block at 0x14800
Verification after correction: mismatch at byte 8 for block 0x55f69823edf0
Unrecoverable error in dirty block at 0x12800
Unrecoverable error in dirty block at 0x13840
Verification after correction: mismatch at byte 3 for block 0x55f69823f750
Unrecoverable error in dirty block at 0x15900
Verification after correction: mismatch at byte 11 for block 0x55f69823fc00
Unrecoverable error in dirty block at 0x12900
Unrecoverable error in dirty block at 0x13900
Unrecoverable error in dirty block at 0x13980
Unrecoverable error in dirty block at 0x159c0
Unrecoverable error in dirty block at 0x179c0
Verification after correction: mismatch at byte 31 for block 0x55f698240b00
Unrecoverable error in dirty block at 0x12a00
Unrecoverable error in dirty block at 0x14a80
Unrecoverable error in dirty block at 0x11a80
Unrecoverable error in dirty block at 0x12a80
Unrecoverable error in dirty block at 0x12b00
Verification after correction: mismatch at byte 1 for block 0x55f698241c58
Unrecoverable error in dirty block at 0x14b80
Unrecoverable error in dirty block at 0x16b80
Verification after correction: mismatch at byte 1 for block 0x55f6982422e8
Verification after correction: mismatch at byte 8 for block 0x55f6982423d8
Verification after correction: mismatch at byte 2 for block 0x55f6982425b8
Unrecoverable error in dirty block at 0x18c40
Verification after correction: mismatch at byte 4 for block 0x55f698242e28
Unrecoverable error in dirty block at 0x13c40
Verification after correction: mismatch at byte 35 for block 0x55f698243788
Unrecoverable error in dirty block at 0x15d40
Unrecoverable error in dirty block at 0x16dc0
Unrecoverable error in dirty block at 0x15e40
Unrecoverable error in dirty block at 0x13e40
Unrecoverable error in dirty block at 0x11ec0
Unrecoverable error in dirty block at 0x16f00
Unrecoverable error in dirty block at 0x15f80
Tightening scrub interval from 808 cycles to 404 cycles
