warn: No dot file generated. Please install pydot to generate the dot file and pdf.
Scrubbing enabled with fixed interval of 10000000 cycles
src/arch/riscv/isa.cc:275: info: RVV enabled, VLEN = 256 bits, ELEN = 64 bits
src/arch/riscv/linux/se_workload.cc:60: warn: Unknown operating system; assuming Linux.
src/base/statistics.hh:279: warn: One of the stats is a legacy stat. Legacy stat is a stat that does not belong to any statistics::Group. Legacy stat is deprecated.
src/base/remote_gdb.cc:418: warn: Sockets disabled, not accepting gdb connections
src/sim/simulate.cc:199: info: Entering event queue @ 0.  Starting simulation...
src/sim/faults.cc:102: panic: panic condition !handled && !tc->getSystemPtr()->trapToGdb(GDBSignal::SEGV, tc->contextId()) occurred: Page table fault when accessing virtual address 0x10d0
Memory Usage: 8528032 KBytes
Program aborted at tick 97002000
--- BEGIN LIBC BACKTRACE ---
/gem5_build/gem5.debug(_ZN4gem515print_backtraceEv+0x32)[0x5645c4c16061]
/gem5_build/gem5.debug(_ZN4gem512abortHandlerEi+0x7e)[0x5645c4c3bea8]
/lib/x86_64-linux-gnu/libc.so.6(+0x42520)[0x7f2c29a92520]
/lib/x86_64-linux-gnu/libc.so.6(pthread_kill+0x12c)[0x7f2c29ae69fc]
/lib/x86_64-linux-gnu/libc.so.6(raise+0x16)[0x7f2c29a92476]
/lib/x86_64-linux-gnu/libc.so.6(abort+0xd3)[0x7f2c29a787f3]
/gem5_build/gem5.debug(_ZNSt12__shared_ptrIN4gem59FaultBaseELN9__gnu_cxx12_Lock_policyE2EED1Ev+0x0)[0x5645c314c028]
/gem5_build/gem5.debug(_ZN4gem521GenericPageTableFault6invokeEPNS_13ThreadContextERKNS_14RefCountingPtrINS_10StaticInstEEE+0x139)[0x5645c4c90f0b]
/gem5_build/gem5.debug(_ZN4gem52o33CPU4trapERKSt10shared_ptrINS_9FaultBaseEEsRKNS_14RefCountingPtrINS_10StaticInstEEE+0x65)[0x5645c3d05387]
/gem5_build/gem5.debug(_ZN4gem52o36Commit10commitHeadERKNS_14RefCountingPtrINS0_7DynInstEEEj+0xc3f)[0x5645c3cf390f]
/gem5_build/gem5.debug(_ZN4gem52o36Commit11commitInstsEv+0x54a)[0x5645c3cf1dcc]
/gem5_build/gem5.debug(_ZN4gem52o36Commit6commitEv+0xaf9)[0x5645c3cf149b]
/gem5_build/gem5.debug(_ZN4gem52o36Commit4tickEv+0x2aa)[0x5645c3cefaee]
/gem5_build/gem5.debug(_ZN4gem52o33CPU4tickEv+0x1d7)[0x5645c3d03421]
/gem5_build/gem5.debug(+0x351f903)[0x5645c3d00903]
/gem5_build/gem5.debug(+0x35293a2)[0x5645c3d0a3a2]
/gem5_build/gem5.debug(+0x3529134)[0x5645c3d0a134]
/gem5_build/gem5.debug(+0x3528f2e)[0x5645c3d09f2e]
/gem5_build/gem5.debug(_ZNKSt8functionIFvvEEclEv+0x36)[0x5645c3236956]
/gem5_build/gem5.debug(_ZN4gem520EventFunctionWrapper7processEv+0x20)[0x5645c3235188]
/gem5_build/gem5.debug(_ZN4gem510EventQueue10serviceOneEv+0x121)[0x5645c4c2a015]
/gem5_build/gem5.debug(_ZN4gem59doSimLoopEPNS_10EventQueueE+0x240)[0x5645c4c4d7d7]
/gem5_build/gem5.debug(_ZN4gem58simulateEm+0x23e)[0x5645c4c4d26e]
/gem5_build/gem5.debug(+0x4392cbe)[0x5645c4b73cbe]
/gem5_build/gem5.debug(+0x439111c)[0x5645c4b7211c]
/gem5_build/gem5.debug(+0x438cdcd)[0x5645c4b6ddcd]
/gem5_build/gem5.debug(+0x438ce38)[0x5645c4b6de38]
/gem5_build/gem5.debug(+0x297cb39)[0x5645c315db39]
/lib/x86_64-linux-gnu/libpython3.10.so.1.0(+0x128033)[0x7f2c2a3b5033]
/lib/x86_64-linux-gnu/libpython3.10.so.1.0(_PyObject_Call+0x5c)[0x7f2c2a36effc]
/lib/x86_64-linux-gnu/libpython3.10.so.1.0(_PyEval_EvalFrameDefault+0x4b16)[0x7f2c2a303776]
/lib/x86_64-linux-gnu/libpython3.10.so.1.0(+0x1c24df)[0x7f2c2a44f4df]
--- END LIBC BACKTRACE ---
For more info on how to address this issue, please visit https://www.gem5.org/documentation/general_docs/common-errors/ 

/home/cs1952y-user/gem5/1952y-fp/gem5/scripts/run-test.sh: line 82: 47180 Killed                  timeout --signal=KILL 15 "$GEM5_BIN" --outdir="$OUTDIR" "$CONFIG" "$BINARY_REL" --chaos-prob "$CHAOS_PROB" --chaos-bits "$CHAOS_BITS" --delay "$DELAY" --scrub-interval "$SCRUB_INTERVAL" --scrub-tighten-factor "$SCRUB_TIGHTEN_FACTOR" --scrub-relax-factor "$SCRUB_RELAX_FACTOR" --cache-size "$CACHE_SIZE" "${EXTRA[@]}"
