warn: No dot file generated. Please install pydot to generate the dot file and pdf.
Scrubbing enabled with adaptive interval starting at 10 cycles, tightening factor 2, relax factor 1.25
src/arch/riscv/isa.cc:275: info: RVV enabled, VLEN = 1024 bits, ELEN = 64 bits
src/base/statistics.hh:279: warn: One of the stats is a legacy stat. Legacy stat is a stat that does not belong to any statistics::Group. Legacy stat is deprecated.
src/base/remote_gdb.cc:418: warn: Sockets disabled, not accepting gdb connections
src/sim/simulate.cc:199: info: Entering event queue @ 0.  Starting simulation...
Relaxing scrub interval from 10 cycles to 12 cycles
Relaxing scrub interval from 12 cycles to 15 cycles
Relaxing scrub interval from 15 cycles to 18 cycles
Relaxing scrub interval from 18 cycles to 22 cycles
Relaxing scrub interval from 22 cycles to 27 cycles
Relaxing scrub interval from 27 cycles to 33 cycles
Relaxing scrub interval from 33 cycles to 41 cycles
Relaxing scrub interval from 41 cycles to 51 cycles
Relaxing scrub interval from 51 cycles to 63 cycles
Relaxing scrub interval from 63 cycles to 78 cycles
Relaxing scrub interval from 78 cycles to 97 cycles
Relaxing scrub interval from 97 cycles to 121 cycles
Relaxing scrub interval from 121 cycles to 151 cycles
Relaxing scrub interval from 151 cycles to 188 cycles
Relaxing scrub interval from 188 cycles to 235 cycles
Relaxing scrub interval from 235 cycles to 293 cycles
Relaxing scrub interval from 293 cycles to 366 cycles
Relaxing scrub interval from 366 cycles to 457 cycles
Relaxing scrub interval from 457 cycles to 571 cycles
Relaxing scrub interval from 571 cycles to 713 cycles
Relaxing scrub interval from 713 cycles to 891 cycles
src/sim/syscall_emul.cc:86: warn: ignoring syscall set_robust_list(...)
      (further warnings will be suppressed)
Relaxing scrub interval from 891 cycles to 1113 cycles
Relaxing scrub interval from 1113 cycles to 1391 cycles
src/sim/syscall_emul.hh:1014: warn: readlink() called on '/proc/self/exe' may yield unexpected results in various settings.
      Returning '/home/cs1952y-user/gem5/1952y-fp/gem5/tests/test-progs/cs1952y-fp/vec_no_parallel'
src/sim/mem_state.cc:448: info: Increasing stack size by one page.
Relaxing scrub interval from 1391 cycles to 1738 cycles
Relaxing scrub interval from 1738 cycles to 2172 cycles
Relaxing scrub interval from 2172 cycles to 2715 cycles
Relaxing scrub interval from 2715 cycles to 3393 cycles
Relaxing scrub interval from 3393 cycles to 4241 cycles
Relaxing scrub interval from 4241 cycles to 5301 cycles
src/sim/syscall_emul.cc:75: warn: ignoring syscall mprotect(...) at tick 24879000
Relaxing scrub interval from 5301 cycles to 6626 cycles
Relaxing scrub interval from 6626 cycles to 8282 cycles
Relaxing scrub interval from 8282 cycles to 10352 cycles
Relaxing scrub interval from 10352 cycles to 12940 cycles
Relaxing scrub interval from 12940 cycles to 16175 cycles
Relaxing scrub interval from 16175 cycles to 20218 cycles
Relaxing scrub interval from 20218 cycles to 25272 cycles
Tightening scrub interval from 25272 cycles to 12636 cycles
Relaxing scrub interval from 12636 cycles to 15795 cycles
Relaxing scrub interval from 15795 cycles to 19743 cycles
Relaxing scrub interval from 19743 cycles to 24678 cycles
Relaxing scrub interval from 24678 cycles to 30847 cycles
Tightening scrub interval from 30847 cycles to 15423 cycles
Relaxing scrub interval from 15423 cycles to 19278 cycles
Relaxing scrub interval from 19278 cycles to 24097 cycles
Relaxing scrub interval from 24097 cycles to 30121 cycles
Relaxing scrub interval from 30121 cycles to 37651 cycles
Relaxing scrub interval from 37651 cycles to 47063 cycles
Tightening scrub interval from 47063 cycles to 23531 cycles
Relaxing scrub interval from 23531 cycles to 29413 cycles
Relaxing scrub interval from 29413 cycles to 36766 cycles
Relaxing scrub interval from 36766 cycles to 45957 cycles
Tightening scrub interval from 45957 cycles to 22978 cycles
src/sim/faults.cc:102: panic: panic condition !handled && !tc->getSystemPtr()->trapToGdb(GDBSignal::SEGV, tc->contextId()) occurred: Page table fault when accessing virtual address 0x10000000010840
Memory Usage: 8530780 KBytes
Program aborted at tick 446464000
--- BEGIN LIBC BACKTRACE ---
/gem5_build/gem5.debug(_ZN4gem515print_backtraceEv+0x32)[0x564492797105]
/gem5_build/gem5.debug(_ZN4gem512abortHandlerEi+0x7e)[0x5644927bcf4c]
/lib/x86_64-linux-gnu/libc.so.6(+0x42520)[0x7fe79ddd1520]
/lib/x86_64-linux-gnu/libc.so.6(pthread_kill+0x12c)[0x7fe79de259fc]
/lib/x86_64-linux-gnu/libc.so.6(raise+0x16)[0x7fe79ddd1476]
/lib/x86_64-linux-gnu/libc.so.6(abort+0xd3)[0x7fe79ddb77f3]
/gem5_build/gem5.debug(_ZNSt12__shared_ptrIN4gem59FaultBaseELN9__gnu_cxx12_Lock_policyE2EED1Ev+0x0)[0x564490ccd028]
/gem5_build/gem5.debug(_ZN4gem521GenericPageTableFault6invokeEPNS_13ThreadContextERKNS_14RefCountingPtrINS_10StaticInstEEE+0x139)[0x564492811faf]
/gem5_build/gem5.debug(_ZN4gem52o33CPU4trapERKSt10shared_ptrINS_9FaultBaseEEsRKNS_14RefCountingPtrINS_10StaticInstEEE+0x65)[0x564491886387]
/gem5_build/gem5.debug(_ZN4gem52o36Commit10commitHeadERKNS_14RefCountingPtrINS0_7DynInstEEEj+0xc3f)[0x56449187490f]
/gem5_build/gem5.debug(_ZN4gem52o36Commit11commitInstsEv+0x54a)[0x564491872dcc]
/gem5_build/gem5.debug(_ZN4gem52o36Commit6commitEv+0xaf9)[0x56449187249b]
/gem5_build/gem5.debug(_ZN4gem52o36Commit4tickEv+0x2aa)[0x564491870aee]
/gem5_build/gem5.debug(_ZN4gem52o33CPU4tickEv+0x1d7)[0x564491884421]
/gem5_build/gem5.debug(+0x351f903)[0x564491881903]
/gem5_build/gem5.debug(+0x35293a2)[0x56449188b3a2]
/gem5_build/gem5.debug(+0x3529134)[0x56449188b134]
/gem5_build/gem5.debug(+0x3528f2e)[0x56449188af2e]
/gem5_build/gem5.debug(_ZNKSt8functionIFvvEEclEv+0x36)[0x564490db7956]
/gem5_build/gem5.debug(_ZN4gem520EventFunctionWrapper7processEv+0x20)[0x564490db6188]
/gem5_build/gem5.debug(_ZN4gem510EventQueue10serviceOneEv+0x121)[0x5644927ab0b9]
/gem5_build/gem5.debug(_ZN4gem59doSimLoopEPNS_10EventQueueE+0x240)[0x5644927ce87b]
/gem5_build/gem5.debug(_ZN4gem58simulateEm+0x23e)[0x5644927ce312]
/gem5_build/gem5.debug(+0x4392d62)[0x5644926f4d62]
/gem5_build/gem5.debug(+0x43911c0)[0x5644926f31c0]
/gem5_build/gem5.debug(+0x438ce71)[0x5644926eee71]
/gem5_build/gem5.debug(+0x438cedc)[0x5644926eeedc]
/gem5_build/gem5.debug(+0x297cb39)[0x564490cdeb39]
/lib/x86_64-linux-gnu/libpython3.10.so.1.0(+0x128033)[0x7fe79e6f4033]
/lib/x86_64-linux-gnu/libpython3.10.so.1.0(_PyObject_Call+0x5c)[0x7fe79e6adffc]
/lib/x86_64-linux-gnu/libpython3.10.so.1.0(_PyEval_EvalFrameDefault+0x4b16)[0x7fe79e642776]
/lib/x86_64-linux-gnu/libpython3.10.so.1.0(+0x1c24df)[0x7fe79e78e4df]
--- END LIBC BACKTRACE ---
For more info on how to address this issue, please visit https://www.gem5.org/documentation/general_docs/common-errors/ 

/home/cs1952y-user/gem5/1952y-fp/gem5/scripts/run-test.sh: line 82: 78454 Killed                  timeout --signal=KILL 600 "$GEM5_BIN" --outdir="$OUTDIR" "$CONFIG" "$BINARY_REL" --chaos-prob "$CHAOS_PROB" --chaos-bits "$CHAOS_BITS" --delay "$DELAY" --scrub-interval "$SCRUB_INTERVAL" --scrub-tighten-factor "$SCRUB_TIGHTEN_FACTOR" --scrub-relax-factor "$SCRUB_RELAX_FACTOR" --cache-size "$CACHE_SIZE" "${EXTRA[@]}"
