warn: No dot file generated. Please install pydot to generate the dot file and pdf.
Scrubbing enabled with adaptive interval starting at 10 cycles, tightening factor 2, relax factor 1.25
src/arch/riscv/isa.cc:275: info: RVV enabled, VLEN = 1024 bits, ELEN = 64 bits
src/base/statistics.hh:279: warn: One of the stats is a legacy stat. Legacy stat is a stat that does not belong to any statistics::Group. Legacy stat is deprecated.
src/base/remote_gdb.cc:418: warn: Sockets disabled, not accepting gdb connections
src/sim/simulate.cc:199: info: Entering event queue @ 0.  Starting simulation...
Relaxing scrub interval from 10 cycles to 12 cycles
Relaxing scrub interval from 12 cycles to 15 cycles
Relaxing scrub interval from 15 cycles to 18 cycles
Relaxing scrub interval from 18 cycles to 22 cycles
Relaxing scrub interval from 22 cycles to 27 cycles
Relaxing scrub interval from 27 cycles to 33 cycles
Relaxing scrub interval from 33 cycles to 41 cycles
Relaxing scrub interval from 41 cycles to 51 cycles
Relaxing scrub interval from 51 cycles to 63 cycles
Relaxing scrub interval from 63 cycles to 78 cycles
Relaxing scrub interval from 78 cycles to 97 cycles
Relaxing scrub interval from 97 cycles to 121 cycles
Relaxing scrub interval from 121 cycles to 151 cycles
Relaxing scrub interval from 151 cycles to 188 cycles
Relaxing scrub interval from 188 cycles to 235 cycles
Relaxing scrub interval from 235 cycles to 293 cycles
Relaxing scrub interval from 293 cycles to 366 cycles
Relaxing scrub interval from 366 cycles to 457 cycles
src/sim/syscall_emul.cc:75: warn: ignoring syscall riscv_flush_icache(...) at tick 2271000
Relaxing scrub interval from 457 cycles to 571 cycles
Relaxing scrub interval from 571 cycles to 713 cycles
Relaxing scrub interval from 713 cycles to 891 cycles
Relaxing scrub interval from 891 cycles to 1113 cycles
Relaxing scrub interval from 1113 cycles to 1391 cycles
Relaxing scrub interval from 1391 cycles to 1738 cycles
src/sim/syscall_emul.cc:86: warn: ignoring syscall set_robust_list(...)
      (further warnings will be suppressed)
src/sim/syscall_emul.cc:75: warn: ignoring syscall rseq(...) at tick 7787000
Relaxing scrub interval from 1738 cycles to 2172 cycles
Relaxing scrub interval from 2172 cycles to 2715 cycles
Relaxing scrub interval from 2715 cycles to 3393 cycles
src/sim/syscall_emul.hh:1014: warn: readlink() called on '/proc/self/exe' may yield unexpected results in various settings.
      Returning '/home/cs1952y-user/gem5/1952y-fp/gem5/tests/test-progs/cs1952y-fp/vec.rvv'
src/sim/mem_state.cc:448: info: Increasing stack size by one page.
Relaxing scrub interval from 3393 cycles to 4241 cycles
Relaxing scrub interval from 4241 cycles to 5301 cycles
Relaxing scrub interval from 5301 cycles to 6626 cycles
src/sim/syscall_emul.cc:75: warn: ignoring syscall mprotect(...) at tick 29515000
Relaxing scrub interval from 6626 cycles to 8282 cycles
Relaxing scrub interval from 8282 cycles to 10352 cycles
Relaxing scrub interval from 10352 cycles to 12940 cycles
Relaxing scrub interval from 12940 cycles to 16175 cycles
Relaxing scrub interval from 16175 cycles to 20218 cycles
Relaxing scrub interval from 20218 cycles to 25272 cycles
Relaxing scrub interval from 25272 cycles to 31590 cycles
Relaxing scrub interval from 31590 cycles to 39487 cycles
Relaxing scrub interval from 39487 cycles to 49358 cycles
Relaxing scrub interval from 49358 cycles to 61697 cycles
Tightening scrub interval from 61697 cycles to 30848 cycles
Relaxing scrub interval from 30848 cycles to 38560 cycles
Relaxing scrub interval from 38560 cycles to 48200 cycles
Relaxing scrub interval from 48200 cycles to 60250 cycles
Relaxing scrub interval from 60250 cycles to 75312 cycles
Tightening scrub interval from 75312 cycles to 37656 cycles
Relaxing scrub interval from 37656 cycles to 47070 cycles
Tightening scrub interval from 47070 cycles to 23535 cycles
Relaxing scrub interval from 23535 cycles to 29418 cycles
Relaxing scrub interval from 29418 cycles to 36772 cycles
Relaxing scrub interval from 36772 cycles to 45965 cycles
Relaxing scrub interval from 45965 cycles to 57456 cycles
Tightening scrub interval from 57456 cycles to 28728 cycles
Relaxing scrub interval from 28728 cycles to 35910 cycles
Relaxing scrub interval from 35910 cycles to 44887 cycles
Tightening scrub interval from 44887 cycles to 22443 cycles
Relaxing scrub interval from 22443 cycles to 28053 cycles
Relaxing scrub interval from 28053 cycles to 35066 cycles
Relaxing scrub interval from 35066 cycles to 43832 cycles
Relaxing scrub interval from 43832 cycles to 54790 cycles
Relaxing scrub interval from 54790 cycles to 68487 cycles
Relaxing scrub interval from 68487 cycles to 85608 cycles
Relaxing scrub interval from 85608 cycles to 107010 cycles
Relaxing scrub interval from 107010 cycles to 133762 cycles
Tightening scrub interval from 133762 cycles to 66881 cycles
Relaxing scrub interval from 66881 cycles to 83601 cycles
Tightening scrub interval from 83601 cycles to 41800 cycles
Tightening scrub interval from 41800 cycles to 20900 cycles
Relaxing scrub interval from 20900 cycles to 26125 cycles
Relaxing scrub interval from 26125 cycles to 32656 cycles
Relaxing scrub interval from 32656 cycles to 40820 cycles
Relaxing scrub interval from 40820 cycles to 51025 cycles
Tightening scrub interval from 51025 cycles to 25512 cycles
Relaxing scrub interval from 25512 cycles to 31890 cycles
Relaxing scrub interval from 31890 cycles to 39862 cycles
Relaxing scrub interval from 39862 cycles to 49827 cycles
Relaxing scrub interval from 49827 cycles to 62283 cycles
Relaxing scrub interval from 62283 cycles to 77853 cycles
Relaxing scrub interval from 77853 cycles to 97316 cycles
Tightening scrub interval from 97316 cycles to 48658 cycles
Relaxing scrub interval from 48658 cycles to 60822 cycles
Relaxing scrub interval from 60822 cycles to 76027 cycles
Relaxing scrub interval from 76027 cycles to 95033 cycles
Relaxing scrub interval from 95033 cycles to 118791 cycles
Tightening scrub interval from 118791 cycles to 59395 cycles
Relaxing scrub interval from 59395 cycles to 74243 cycles
Tightening scrub interval from 74243 cycles to 37121 cycles
Relaxing scrub interval from 37121 cycles to 46401 cycles
Tightening scrub interval from 46401 cycles to 23200 cycles
Relaxing scrub interval from 23200 cycles to 29000 cycles
Tightening scrub interval from 29000 cycles to 14500 cycles
Relaxing scrub interval from 14500 cycles to 18125 cycles
Relaxing scrub interval from 18125 cycles to 22656 cycles
Tightening scrub interval from 22656 cycles to 11328 cycles
Relaxing scrub interval from 11328 cycles to 14160 cycles
Relaxing scrub interval from 14160 cycles to 17700 cycles
Relaxing scrub interval from 17700 cycles to 22125 cycles
Relaxing scrub interval from 22125 cycles to 27656 cycles
Relaxing scrub interval from 27656 cycles to 34570 cycles
Relaxing scrub interval from 34570 cycles to 43212 cycles
Relaxing scrub interval from 43212 cycles to 54015 cycles
Relaxing scrub interval from 54015 cycles to 67518 cycles
Relaxing scrub interval from 67518 cycles to 84397 cycles
Tightening scrub interval from 84397 cycles to 42198 cycles
Relaxing scrub interval from 42198 cycles to 52747 cycles
Relaxing scrub interval from 52747 cycles to 65933 cycles
