warn: No dot file generated. Please install pydot to generate the dot file and pdf.
Scrubbing enabled with adaptive interval starting at 10 cycles, tightening factor 2, relax factor 1.25
src/arch/riscv/isa.cc:275: info: RVV enabled, VLEN = 1024 bits, ELEN = 64 bits
src/base/statistics.hh:279: warn: One of the stats is a legacy stat. Legacy stat is a stat that does not belong to any statistics::Group. Legacy stat is deprecated.
src/base/remote_gdb.cc:418: warn: Sockets disabled, not accepting gdb connections
src/sim/simulate.cc:199: info: Entering event queue @ 0.  Starting simulation...
Relaxing scrub interval from 10 cycles to 12 cycles
Relaxing scrub interval from 12 cycles to 15 cycles
Relaxing scrub interval from 15 cycles to 18 cycles
Relaxing scrub interval from 18 cycles to 22 cycles
Relaxing scrub interval from 22 cycles to 27 cycles
Relaxing scrub interval from 27 cycles to 33 cycles
Relaxing scrub interval from 33 cycles to 41 cycles
Relaxing scrub interval from 41 cycles to 51 cycles
Relaxing scrub interval from 51 cycles to 63 cycles
Relaxing scrub interval from 63 cycles to 78 cycles
Relaxing scrub interval from 78 cycles to 97 cycles
Relaxing scrub interval from 97 cycles to 121 cycles
Relaxing scrub interval from 121 cycles to 151 cycles
Relaxing scrub interval from 151 cycles to 188 cycles
Relaxing scrub interval from 188 cycles to 235 cycles
Relaxing scrub interval from 235 cycles to 293 cycles
Relaxing scrub interval from 293 cycles to 366 cycles
Relaxing scrub interval from 366 cycles to 457 cycles
src/sim/syscall_emul.cc:75: warn: ignoring syscall riscv_flush_icache(...) at tick 2271000
Relaxing scrub interval from 457 cycles to 571 cycles
Relaxing scrub interval from 571 cycles to 713 cycles
Relaxing scrub interval from 713 cycles to 891 cycles
Relaxing scrub interval from 891 cycles to 1113 cycles
Relaxing scrub interval from 1113 cycles to 1391 cycles
Relaxing scrub interval from 1391 cycles to 1738 cycles
src/sim/syscall_emul.cc:86: warn: ignoring syscall set_robust_list(...)
      (further warnings will be suppressed)
src/sim/syscall_emul.cc:75: warn: ignoring syscall rseq(...) at tick 7787000
Relaxing scrub interval from 1738 cycles to 2172 cycles
Relaxing scrub interval from 2172 cycles to 2715 cycles
Relaxing scrub interval from 2715 cycles to 3393 cycles
src/sim/syscall_emul.hh:1014: warn: readlink() called on '/proc/self/exe' may yield unexpected results in various settings.
      Returning '/home/cs1952y-user/gem5/1952y-fp/gem5/tests/test-progs/cs1952y-fp/vec.rvv'
src/sim/mem_state.cc:448: info: Increasing stack size by one page.
Relaxing scrub interval from 3393 cycles to 4241 cycles
Relaxing scrub interval from 4241 cycles to 5301 cycles
Relaxing scrub interval from 5301 cycles to 6626 cycles
src/sim/syscall_emul.cc:75: warn: ignoring syscall mprotect(...) at tick 29515000
Relaxing scrub interval from 6626 cycles to 8282 cycles
Relaxing scrub interval from 8282 cycles to 10352 cycles
Relaxing scrub interval from 10352 cycles to 12940 cycles
Relaxing scrub interval from 12940 cycles to 16175 cycles
Tightening scrub interval from 16175 cycles to 8087 cycles
Relaxing scrub interval from 8087 cycles to 10108 cycles
Relaxing scrub interval from 10108 cycles to 12635 cycles
Relaxing scrub interval from 12635 cycles to 15793 cycles
Relaxing scrub interval from 15793 cycles to 19741 cycles
Relaxing scrub interval from 19741 cycles to 24676 cycles
Relaxing scrub interval from 24676 cycles to 30845 cycles
Relaxing scrub interval from 30845 cycles to 38556 cycles
Relaxing scrub interval from 38556 cycles to 48195 cycles
Tightening scrub interval from 48195 cycles to 24097 cycles
Relaxing scrub interval from 24097 cycles to 30121 cycles
Relaxing scrub interval from 30121 cycles to 37651 cycles
Relaxing scrub interval from 37651 cycles to 47063 cycles
Tightening scrub interval from 47063 cycles to 23531 cycles
Tightening scrub interval from 23531 cycles to 11765 cycles
Relaxing scrub interval from 11765 cycles to 14706 cycles
Relaxing scrub interval from 14706 cycles to 18382 cycles
Relaxing scrub interval from 18382 cycles to 22977 cycles
Relaxing scrub interval from 22977 cycles to 28721 cycles
Relaxing scrub interval from 28721 cycles to 35901 cycles
Relaxing scrub interval from 35901 cycles to 44876 cycles
Tightening scrub interval from 44876 cycles to 22438 cycles
Relaxing scrub interval from 22438 cycles to 28047 cycles
Relaxing scrub interval from 28047 cycles to 35058 cycles
Tightening scrub interval from 35058 cycles to 17529 cycles
Relaxing scrub interval from 17529 cycles to 21911 cycles
Relaxing scrub interval from 21911 cycles to 27388 cycles
Relaxing scrub interval from 27388 cycles to 34235 cycles
Relaxing scrub interval from 34235 cycles to 42793 cycles
Relaxing scrub interval from 42793 cycles to 53491 cycles
Relaxing scrub interval from 53491 cycles to 66863 cycles
Tightening scrub interval from 66863 cycles to 33431 cycles
Relaxing scrub interval from 33431 cycles to 41788 cycles
Relaxing scrub interval from 41788 cycles to 52235 cycles
Relaxing scrub interval from 52235 cycles to 65293 cycles
Relaxing scrub interval from 65293 cycles to 81616 cycles
Tightening scrub interval from 81616 cycles to 40808 cycles
Relaxing scrub interval from 40808 cycles to 51010 cycles
Relaxing scrub interval from 51010 cycles to 63762 cycles
Relaxing scrub interval from 63762 cycles to 79702 cycles
Relaxing scrub interval from 79702 cycles to 99627 cycles
Relaxing scrub interval from 99627 cycles to 124533 cycles
Relaxing scrub interval from 124533 cycles to 155666 cycles
Relaxing scrub interval from 155666 cycles to 194582 cycles
Tightening scrub interval from 194582 cycles to 97291 cycles
Relaxing scrub interval from 97291 cycles to 121613 cycles
Tightening scrub interval from 121613 cycles to 60806 cycles
Tightening scrub interval from 60806 cycles to 30403 cycles
Relaxing scrub interval from 30403 cycles to 38003 cycles
Relaxing scrub interval from 38003 cycles to 47503 cycles
Relaxing scrub interval from 47503 cycles to 59378 cycles
Relaxing scrub interval from 59378 cycles to 74222 cycles
Tightening scrub interval from 74222 cycles to 37111 cycles
Relaxing scrub interval from 37111 cycles to 46388 cycles
Relaxing scrub interval from 46388 cycles to 57985 cycles
Relaxing scrub interval from 57985 cycles to 72481 cycles
Tightening scrub interval from 72481 cycles to 36240 cycles
Relaxing scrub interval from 36240 cycles to 45300 cycles
Relaxing scrub interval from 45300 cycles to 56625 cycles
Relaxing scrub interval from 56625 cycles to 70781 cycles
Tightening scrub interval from 70781 cycles to 35390 cycles
Relaxing scrub interval from 35390 cycles to 44237 cycles
Relaxing scrub interval from 44237 cycles to 55296 cycles
Relaxing scrub interval from 55296 cycles to 69120 cycles
Relaxing scrub interval from 69120 cycles to 86400 cycles
Tightening scrub interval from 86400 cycles to 43200 cycles
Tightening scrub interval from 43200 cycles to 21600 cycles
Relaxing scrub interval from 21600 cycles to 27000 cycles
Relaxing scrub interval from 27000 cycles to 33750 cycles
Relaxing scrub interval from 33750 cycles to 42187 cycles
Relaxing scrub interval from 42187 cycles to 52733 cycles
Relaxing scrub interval from 52733 cycles to 65916 cycles
