warn: No dot file generated. Please install pydot to generate the dot file and pdf.
Scrubbing enabled with adaptive interval starting at 10 cycles, tightening factor 2, relax factor 1.25
src/arch/riscv/isa.cc:275: info: RVV enabled, VLEN = 1024 bits, ELEN = 64 bits
src/base/statistics.hh:279: warn: One of the stats is a legacy stat. Legacy stat is a stat that does not belong to any statistics::Group. Legacy stat is deprecated.
src/base/remote_gdb.cc:418: warn: Sockets disabled, not accepting gdb connections
src/sim/simulate.cc:199: info: Entering event queue @ 0.  Starting simulation...
Relaxing scrub interval from 10 cycles to 12 cycles
Relaxing scrub interval from 12 cycles to 15 cycles
Relaxing scrub interval from 15 cycles to 18 cycles
Relaxing scrub interval from 18 cycles to 22 cycles
Relaxing scrub interval from 22 cycles to 27 cycles
Relaxing scrub interval from 27 cycles to 33 cycles
Relaxing scrub interval from 33 cycles to 41 cycles
Relaxing scrub interval from 41 cycles to 51 cycles
Relaxing scrub interval from 51 cycles to 63 cycles
Relaxing scrub interval from 63 cycles to 78 cycles
Relaxing scrub interval from 78 cycles to 97 cycles
Relaxing scrub interval from 97 cycles to 121 cycles
Relaxing scrub interval from 121 cycles to 151 cycles
Relaxing scrub interval from 151 cycles to 188 cycles
Relaxing scrub interval from 188 cycles to 235 cycles
Relaxing scrub interval from 235 cycles to 293 cycles
Relaxing scrub interval from 293 cycles to 366 cycles
Relaxing scrub interval from 366 cycles to 457 cycles
src/sim/syscall_emul.cc:75: warn: ignoring syscall riscv_flush_icache(...) at tick 2271000
Relaxing scrub interval from 457 cycles to 571 cycles
Relaxing scrub interval from 571 cycles to 713 cycles
Relaxing scrub interval from 713 cycles to 891 cycles
Relaxing scrub interval from 891 cycles to 1113 cycles
Relaxing scrub interval from 1113 cycles to 1391 cycles
Relaxing scrub interval from 1391 cycles to 1738 cycles
src/sim/syscall_emul.cc:86: warn: ignoring syscall set_robust_list(...)
      (further warnings will be suppressed)
src/sim/syscall_emul.cc:75: warn: ignoring syscall rseq(...) at tick 7787000
Relaxing scrub interval from 1738 cycles to 2172 cycles
Relaxing scrub interval from 2172 cycles to 2715 cycles
Relaxing scrub interval from 2715 cycles to 3393 cycles
src/sim/syscall_emul.hh:1014: warn: readlink() called on '/proc/self/exe' may yield unexpected results in various settings.
      Returning '/home/cs1952y-user/gem5/1952y-fp/gem5/tests/test-progs/cs1952y-fp/vec.rvv'
src/sim/mem_state.cc:448: info: Increasing stack size by one page.
Relaxing scrub interval from 3393 cycles to 4241 cycles
Relaxing scrub interval from 4241 cycles to 5301 cycles
Relaxing scrub interval from 5301 cycles to 6626 cycles
src/sim/syscall_emul.cc:75: warn: ignoring syscall mprotect(...) at tick 29515000
Relaxing scrub interval from 6626 cycles to 8282 cycles
Relaxing scrub interval from 8282 cycles to 10352 cycles
Relaxing scrub interval from 10352 cycles to 12940 cycles
Tightening scrub interval from 12940 cycles to 6470 cycles
Relaxing scrub interval from 6470 cycles to 8087 cycles
Relaxing scrub interval from 8087 cycles to 10108 cycles
Relaxing scrub interval from 10108 cycles to 12635 cycles
Relaxing scrub interval from 12635 cycles to 15793 cycles
Relaxing scrub interval from 15793 cycles to 19741 cycles
Relaxing scrub interval from 19741 cycles to 24676 cycles
Tightening scrub interval from 24676 cycles to 12338 cycles
Tightening scrub interval from 12338 cycles to 6169 cycles
Relaxing scrub interval from 6169 cycles to 7711 cycles
Relaxing scrub interval from 7711 cycles to 9638 cycles
Relaxing scrub interval from 9638 cycles to 12047 cycles
Tightening scrub interval from 12047 cycles to 6023 cycles
Relaxing scrub interval from 6023 cycles to 7528 cycles
Relaxing scrub interval from 7528 cycles to 9410 cycles
Relaxing scrub interval from 9410 cycles to 11762 cycles
Relaxing scrub interval from 11762 cycles to 14702 cycles
Relaxing scrub interval from 14702 cycles to 18377 cycles
Relaxing scrub interval from 18377 cycles to 22971 cycles
Relaxing scrub interval from 22971 cycles to 28713 cycles
Relaxing scrub interval from 28713 cycles to 35891 cycles
Relaxing scrub interval from 35891 cycles to 44863 cycles
Relaxing scrub interval from 44863 cycles to 56078 cycles
Tightening scrub interval from 56078 cycles to 28039 cycles
Relaxing scrub interval from 28039 cycles to 35048 cycles
Relaxing scrub interval from 35048 cycles to 43810 cycles
Relaxing scrub interval from 43810 cycles to 54762 cycles
Tightening scrub interval from 54762 cycles to 27381 cycles
Relaxing scrub interval from 27381 cycles to 34226 cycles
Relaxing scrub interval from 34226 cycles to 42782 cycles
Relaxing scrub interval from 42782 cycles to 53477 cycles
Tightening scrub interval from 53477 cycles to 26738 cycles
Relaxing scrub interval from 26738 cycles to 33422 cycles
Tightening scrub interval from 33422 cycles to 16711 cycles
Relaxing scrub interval from 16711 cycles to 20888 cycles
Tightening scrub interval from 20888 cycles to 10444 cycles
Relaxing scrub interval from 10444 cycles to 13055 cycles
Relaxing scrub interval from 13055 cycles to 16318 cycles
Tightening scrub interval from 16318 cycles to 8159 cycles
Relaxing scrub interval from 8159 cycles to 10198 cycles
Relaxing scrub interval from 10198 cycles to 12747 cycles
Relaxing scrub interval from 12747 cycles to 15933 cycles
Relaxing scrub interval from 15933 cycles to 19916 cycles
Relaxing scrub interval from 19916 cycles to 24895 cycles
Relaxing scrub interval from 24895 cycles to 31118 cycles
Relaxing scrub interval from 31118 cycles to 38897 cycles
Relaxing scrub interval from 38897 cycles to 48621 cycles
Relaxing scrub interval from 48621 cycles to 60776 cycles
Tightening scrub interval from 60776 cycles to 30388 cycles
Relaxing scrub interval from 30388 cycles to 37985 cycles
Relaxing scrub interval from 37985 cycles to 47481 cycles
Relaxing scrub interval from 47481 cycles to 59351 cycles
Tightening scrub interval from 59351 cycles to 29675 cycles
Relaxing scrub interval from 29675 cycles to 37093 cycles
Relaxing scrub interval from 37093 cycles to 46366 cycles
Relaxing scrub interval from 46366 cycles to 57957 cycles
Relaxing scrub interval from 57957 cycles to 72446 cycles
Relaxing scrub interval from 72446 cycles to 90557 cycles
Relaxing scrub interval from 90557 cycles to 113196 cycles
Relaxing scrub interval from 113196 cycles to 141495 cycles
Relaxing scrub interval from 141495 cycles to 176868 cycles
Tightening scrub interval from 176868 cycles to 88434 cycles
Tightening scrub interval from 88434 cycles to 44217 cycles
Relaxing scrub interval from 44217 cycles to 55271 cycles
Relaxing scrub interval from 55271 cycles to 69088 cycles
Relaxing scrub interval from 69088 cycles to 86360 cycles
Relaxing scrub interval from 86360 cycles to 107950 cycles
Relaxing scrub interval from 107950 cycles to 134937 cycles
Tightening scrub interval from 134937 cycles to 67468 cycles
Relaxing scrub interval from 67468 cycles to 84335 cycles
Tightening scrub interval from 84335 cycles to 42167 cycles
Relaxing scrub interval from 42167 cycles to 52708 cycles
Relaxing scrub interval from 52708 cycles to 65885 cycles
Tightening scrub interval from 65885 cycles to 32942 cycles
Relaxing scrub interval from 32942 cycles to 41177 cycles
Tightening scrub interval from 41177 cycles to 20588 cycles
Tightening scrub interval from 20588 cycles to 10294 cycles
Relaxing scrub interval from 10294 cycles to 12867 cycles
Relaxing scrub interval from 12867 cycles to 16083 cycles
Relaxing scrub interval from 16083 cycles to 20103 cycles
Relaxing scrub interval from 20103 cycles to 25128 cycles
Relaxing scrub interval from 25128 cycles to 31410 cycles
Tightening scrub interval from 31410 cycles to 15705 cycles
Relaxing scrub interval from 15705 cycles to 19631 cycles
Relaxing scrub interval from 19631 cycles to 24538 cycles
Relaxing scrub interval from 24538 cycles to 30672 cycles
Relaxing scrub interval from 30672 cycles to 38340 cycles
Relaxing scrub interval from 38340 cycles to 47925 cycles
Relaxing scrub interval from 47925 cycles to 59906 cycles
Relaxing scrub interval from 59906 cycles to 74882 cycles
