warn: No dot file generated. Please install pydot to generate the dot file and pdf.
Scrubbing enabled with adaptive interval starting at 10 cycles, tightening factor 2, relax factor 1.25
src/arch/riscv/isa.cc:275: info: RVV enabled, VLEN = 1024 bits, ELEN = 64 bits
src/base/statistics.hh:279: warn: One of the stats is a legacy stat. Legacy stat is a stat that does not belong to any statistics::Group. Legacy stat is deprecated.
src/base/remote_gdb.cc:418: warn: Sockets disabled, not accepting gdb connections
src/sim/simulate.cc:199: info: Entering event queue @ 0.  Starting simulation...
Relaxing scrub interval from 10 cycles to 12 cycles
Relaxing scrub interval from 12 cycles to 15 cycles
Relaxing scrub interval from 15 cycles to 18 cycles
Relaxing scrub interval from 18 cycles to 22 cycles
Relaxing scrub interval from 22 cycles to 27 cycles
Relaxing scrub interval from 27 cycles to 33 cycles
Relaxing scrub interval from 33 cycles to 41 cycles
Relaxing scrub interval from 41 cycles to 51 cycles
Relaxing scrub interval from 51 cycles to 63 cycles
Relaxing scrub interval from 63 cycles to 78 cycles
Relaxing scrub interval from 78 cycles to 97 cycles
Relaxing scrub interval from 97 cycles to 121 cycles
Relaxing scrub interval from 121 cycles to 151 cycles
Relaxing scrub interval from 151 cycles to 188 cycles
Relaxing scrub interval from 188 cycles to 235 cycles
Relaxing scrub interval from 235 cycles to 293 cycles
Relaxing scrub interval from 293 cycles to 366 cycles
Relaxing scrub interval from 366 cycles to 457 cycles
src/sim/syscall_emul.cc:75: warn: ignoring syscall riscv_flush_icache(...) at tick 2271000
Relaxing scrub interval from 457 cycles to 571 cycles
Relaxing scrub interval from 571 cycles to 713 cycles
Relaxing scrub interval from 713 cycles to 891 cycles
Relaxing scrub interval from 891 cycles to 1113 cycles
Relaxing scrub interval from 1113 cycles to 1391 cycles
Relaxing scrub interval from 1391 cycles to 1738 cycles
src/sim/syscall_emul.cc:86: warn: ignoring syscall set_robust_list(...)
      (further warnings will be suppressed)
src/sim/syscall_emul.cc:75: warn: ignoring syscall rseq(...) at tick 7787000
Relaxing scrub interval from 1738 cycles to 2172 cycles
Relaxing scrub interval from 2172 cycles to 2715 cycles
Relaxing scrub interval from 2715 cycles to 3393 cycles
src/sim/syscall_emul.hh:1014: warn: readlink() called on '/proc/self/exe' may yield unexpected results in various settings.
      Returning '/home/cs1952y-user/gem5/1952y-fp/gem5/tests/test-progs/cs1952y-fp/vec.rvv'
src/sim/mem_state.cc:448: info: Increasing stack size by one page.
Relaxing scrub interval from 3393 cycles to 4241 cycles
Relaxing scrub interval from 4241 cycles to 5301 cycles
Relaxing scrub interval from 5301 cycles to 6626 cycles
src/sim/syscall_emul.cc:75: warn: ignoring syscall mprotect(...) at tick 29515000
Relaxing scrub interval from 6626 cycles to 8282 cycles
Relaxing scrub interval from 8282 cycles to 10352 cycles
Relaxing scrub interval from 10352 cycles to 12940 cycles
Tightening scrub interval from 12940 cycles to 6470 cycles
Relaxing scrub interval from 6470 cycles to 8087 cycles
Relaxing scrub interval from 8087 cycles to 10108 cycles
Relaxing scrub interval from 10108 cycles to 12635 cycles
Relaxing scrub interval from 12635 cycles to 15793 cycles
Relaxing scrub interval from 15793 cycles to 19741 cycles
Relaxing scrub interval from 19741 cycles to 24676 cycles
Relaxing scrub interval from 24676 cycles to 30845 cycles
Relaxing scrub interval from 30845 cycles to 38556 cycles
Relaxing scrub interval from 38556 cycles to 48195 cycles
Tightening scrub interval from 48195 cycles to 24097 cycles
Relaxing scrub interval from 24097 cycles to 30121 cycles
Relaxing scrub interval from 30121 cycles to 37651 cycles
Relaxing scrub interval from 37651 cycles to 47063 cycles
Relaxing scrub interval from 47063 cycles to 58828 cycles
Relaxing scrub interval from 58828 cycles to 73535 cycles
Relaxing scrub interval from 73535 cycles to 91918 cycles
Relaxing scrub interval from 91918 cycles to 114897 cycles
Tightening scrub interval from 114897 cycles to 57448 cycles
Relaxing scrub interval from 57448 cycles to 71810 cycles
Relaxing scrub interval from 71810 cycles to 89762 cycles
Relaxing scrub interval from 89762 cycles to 112202 cycles
Relaxing scrub interval from 112202 cycles to 140252 cycles
Relaxing scrub interval from 140252 cycles to 175315 cycles
Tightening scrub interval from 175315 cycles to 87657 cycles
Relaxing scrub interval from 87657 cycles to 109571 cycles
Relaxing scrub interval from 109571 cycles to 136963 cycles
Relaxing scrub interval from 136963 cycles to 171203 cycles
Tightening scrub interval from 171203 cycles to 85601 cycles
Relaxing scrub interval from 85601 cycles to 107001 cycles
Tightening scrub interval from 107001 cycles to 53500 cycles
Tightening scrub interval from 53500 cycles to 26750 cycles
Tightening scrub interval from 26750 cycles to 13375 cycles
Relaxing scrub interval from 13375 cycles to 16718 cycles
Relaxing scrub interval from 16718 cycles to 20897 cycles
Relaxing scrub interval from 20897 cycles to 26121 cycles
Relaxing scrub interval from 26121 cycles to 32651 cycles
Tightening scrub interval from 32651 cycles to 16325 cycles
Relaxing scrub interval from 16325 cycles to 20406 cycles
Tightening scrub interval from 20406 cycles to 10203 cycles
Relaxing scrub interval from 10203 cycles to 12753 cycles
Relaxing scrub interval from 12753 cycles to 15941 cycles
Relaxing scrub interval from 15941 cycles to 19926 cycles
Relaxing scrub interval from 19926 cycles to 24907 cycles
Relaxing scrub interval from 24907 cycles to 31133 cycles
Relaxing scrub interval from 31133 cycles to 38916 cycles
Relaxing scrub interval from 38916 cycles to 48645 cycles
Relaxing scrub interval from 48645 cycles to 60806 cycles
Relaxing scrub interval from 60806 cycles to 76007 cycles
Tightening scrub interval from 76007 cycles to 38003 cycles
Relaxing scrub interval from 38003 cycles to 47503 cycles
Relaxing scrub interval from 47503 cycles to 59378 cycles
Relaxing scrub interval from 59378 cycles to 74222 cycles
Tightening scrub interval from 74222 cycles to 37111 cycles
Relaxing scrub interval from 37111 cycles to 46388 cycles
Relaxing scrub interval from 46388 cycles to 57985 cycles
Tightening scrub interval from 57985 cycles to 28992 cycles
Relaxing scrub interval from 28992 cycles to 36240 cycles
Relaxing scrub interval from 36240 cycles to 45300 cycles
Relaxing scrub interval from 45300 cycles to 56625 cycles
Tightening scrub interval from 56625 cycles to 28312 cycles
Relaxing scrub interval from 28312 cycles to 35390 cycles
Relaxing scrub interval from 35390 cycles to 44237 cycles
Tightening scrub interval from 44237 cycles to 22118 cycles
Relaxing scrub interval from 22118 cycles to 27647 cycles
Relaxing scrub interval from 27647 cycles to 34558 cycles
Relaxing scrub interval from 34558 cycles to 43197 cycles
Relaxing scrub interval from 43197 cycles to 53996 cycles
Relaxing scrub interval from 53996 cycles to 67495 cycles
Tightening scrub interval from 67495 cycles to 33747 cycles
Relaxing scrub interval from 33747 cycles to 42183 cycles
