warn: No dot file generated. Please install pydot to generate the dot file and pdf.
Scrubbing enabled with adaptive interval starting at 10 cycles, tightening factor 2, relax factor 1.25
src/arch/riscv/isa.cc:275: info: RVV enabled, VLEN = 256 bits, ELEN = 64 bits
src/base/statistics.hh:279: warn: One of the stats is a legacy stat. Legacy stat is a stat that does not belong to any statistics::Group. Legacy stat is deprecated.
src/base/remote_gdb.cc:418: warn: Sockets disabled, not accepting gdb connections
src/sim/simulate.cc:199: info: Entering event queue @ 0.  Starting simulation...
Relaxing scrub interval from 10 cycles to 12 cycles
Relaxing scrub interval from 12 cycles to 15 cycles
Relaxing scrub interval from 15 cycles to 18 cycles
Relaxing scrub interval from 18 cycles to 22 cycles
Relaxing scrub interval from 22 cycles to 27 cycles
Relaxing scrub interval from 27 cycles to 33 cycles
Relaxing scrub interval from 33 cycles to 41 cycles
Relaxing scrub interval from 41 cycles to 51 cycles
Relaxing scrub interval from 51 cycles to 63 cycles
Relaxing scrub interval from 63 cycles to 78 cycles
Relaxing scrub interval from 78 cycles to 97 cycles
Relaxing scrub interval from 97 cycles to 121 cycles
Relaxing scrub interval from 121 cycles to 151 cycles
Relaxing scrub interval from 151 cycles to 188 cycles
Relaxing scrub interval from 188 cycles to 235 cycles
Relaxing scrub interval from 235 cycles to 293 cycles
Relaxing scrub interval from 293 cycles to 366 cycles
Relaxing scrub interval from 366 cycles to 457 cycles
Relaxing scrub interval from 457 cycles to 571 cycles
Relaxing scrub interval from 571 cycles to 713 cycles
Relaxing scrub interval from 713 cycles to 891 cycles
src/sim/syscall_emul.cc:86: warn: ignoring syscall set_robust_list(...)
      (further warnings will be suppressed)
Relaxing scrub interval from 891 cycles to 1113 cycles
Relaxing scrub interval from 1113 cycles to 1391 cycles
src/sim/syscall_emul.hh:1014: warn: readlink() called on '/proc/self/exe' may yield unexpected results in various settings.
      Returning '/home/cs1952y-user/gem5/1952y-fp/gem5/tests/test-progs/cs1952y-fp/alt'
src/sim/mem_state.cc:448: info: Increasing stack size by one page.
Relaxing scrub interval from 1391 cycles to 1738 cycles
Relaxing scrub interval from 1738 cycles to 2172 cycles
Relaxing scrub interval from 2172 cycles to 2715 cycles
Relaxing scrub interval from 2715 cycles to 3393 cycles
Relaxing scrub interval from 3393 cycles to 4241 cycles
src/sim/syscall_emul.cc:75: warn: ignoring syscall mprotect(...) at tick 17327000
Relaxing scrub interval from 4241 cycles to 5301 cycles
Relaxing scrub interval from 5301 cycles to 6626 cycles
Relaxing scrub interval from 6626 cycles to 8282 cycles
Relaxing scrub interval from 8282 cycles to 10352 cycles
Relaxing scrub interval from 10352 cycles to 12940 cycles
Tightening scrub interval from 12940 cycles to 6470 cycles
Tightening scrub interval from 6470 cycles to 3235 cycles
Relaxing scrub interval from 3235 cycles to 4043 cycles
Tightening scrub interval from 4043 cycles to 2021 cycles
Relaxing scrub interval from 2021 cycles to 2526 cycles
Relaxing scrub interval from 2526 cycles to 3157 cycles
Relaxing scrub interval from 3157 cycles to 3946 cycles
Relaxing scrub interval from 3946 cycles to 4932 cycles
Tightening scrub interval from 4932 cycles to 2466 cycles
Tightening scrub interval from 2466 cycles to 1233 cycles
Relaxing scrub interval from 1233 cycles to 1541 cycles
Relaxing scrub interval from 1541 cycles to 1926 cycles
Relaxing scrub interval from 1926 cycles to 2407 cycles
Relaxing scrub interval from 2407 cycles to 3008 cycles
Tightening scrub interval from 3008 cycles to 1504 cycles
Relaxing scrub interval from 1504 cycles to 1880 cycles
Relaxing scrub interval from 1880 cycles to 2350 cycles
Tightening scrub interval from 2350 cycles to 1175 cycles
Tightening scrub interval from 1175 cycles to 587 cycles
Relaxing scrub interval from 587 cycles to 733 cycles
Relaxing scrub interval from 733 cycles to 916 cycles
Relaxing scrub interval from 916 cycles to 1145 cycles
Relaxing scrub interval from 1145 cycles to 1431 cycles
Relaxing scrub interval from 1431 cycles to 1788 cycles
Relaxing scrub interval from 1788 cycles to 2235 cycles
Tightening scrub interval from 2235 cycles to 1117 cycles
Relaxing scrub interval from 1117 cycles to 1396 cycles
Tightening scrub interval from 1396 cycles to 698 cycles
Relaxing scrub interval from 698 cycles to 872 cycles
Relaxing scrub interval from 872 cycles to 1090 cycles
Tightening scrub interval from 1090 cycles to 545 cycles
Tightening scrub interval from 545 cycles to 272 cycles
Relaxing scrub interval from 272 cycles to 340 cycles
Relaxing scrub interval from 340 cycles to 425 cycles
Relaxing scrub interval from 425 cycles to 531 cycles
Relaxing scrub interval from 531 cycles to 663 cycles
Tightening scrub interval from 663 cycles to 331 cycles
Relaxing scrub interval from 331 cycles to 413 cycles
Relaxing scrub interval from 413 cycles to 516 cycles
Tightening scrub interval from 516 cycles to 258 cycles
Relaxing scrub interval from 258 cycles to 322 cycles
Relaxing scrub interval from 322 cycles to 402 cycles
Relaxing scrub interval from 402 cycles to 502 cycles
Relaxing scrub interval from 502 cycles to 627 cycles
Relaxing scrub interval from 627 cycles to 783 cycles
Tightening scrub interval from 783 cycles to 391 cycles
Relaxing scrub interval from 391 cycles to 488 cycles
Relaxing scrub interval from 488 cycles to 610 cycles
Relaxing scrub interval from 610 cycles to 762 cycles
Relaxing scrub interval from 762 cycles to 952 cycles
Tightening scrub interval from 952 cycles to 476 cycles
Relaxing scrub interval from 476 cycles to 595 cycles
Relaxing scrub interval from 595 cycles to 743 cycles
Relaxing scrub interval from 743 cycles to 928 cycles
Relaxing scrub interval from 928 cycles to 1160 cycles
Relaxing scrub interval from 1160 cycles to 1450 cycles
Relaxing scrub interval from 1450 cycles to 1812 cycles
Relaxing scrub interval from 1812 cycles to 2265 cycles
Relaxing scrub interval from 2265 cycles to 2831 cycles
Relaxing scrub interval from 2831 cycles to 3538 cycles
Relaxing scrub interval from 3538 cycles to 4422 cycles
Tightening scrub interval from 4422 cycles to 2211 cycles
Relaxing scrub interval from 2211 cycles to 2763 cycles
Relaxing scrub interval from 2763 cycles to 3453 cycles
Tightening scrub interval from 3453 cycles to 1726 cycles
Tightening scrub interval from 1726 cycles to 863 cycles
Relaxing scrub interval from 863 cycles to 1078 cycles
Relaxing scrub interval from 1078 cycles to 1347 cycles
Relaxing scrub interval from 1347 cycles to 1683 cycles
Relaxing scrub interval from 1683 cycles to 2103 cycles
Relaxing scrub interval from 2103 cycles to 2628 cycles
Relaxing scrub interval from 2628 cycles to 3285 cycles
Tightening scrub interval from 3285 cycles to 1642 cycles
Relaxing scrub interval from 1642 cycles to 2052 cycles
Relaxing scrub interval from 2052 cycles to 2565 cycles
Relaxing scrub interval from 2565 cycles to 3206 cycles
Tightening scrub interval from 3206 cycles to 1603 cycles
Relaxing scrub interval from 1603 cycles to 2003 cycles
Relaxing scrub interval from 2003 cycles to 2503 cycles
Relaxing scrub interval from 2503 cycles to 3128 cycles
Tightening scrub interval from 3128 cycles to 1564 cycles
Tightening scrub interval from 1564 cycles to 782 cycles
Relaxing scrub interval from 782 cycles to 977 cycles
Relaxing scrub interval from 977 cycles to 1221 cycles
Relaxing scrub interval from 1221 cycles to 1526 cycles
Relaxing scrub interval from 1526 cycles to 1907 cycles
Relaxing scrub interval from 1907 cycles to 2383 cycles
Relaxing scrub interval from 2383 cycles to 2978 cycles
Tightening scrub interval from 2978 cycles to 1489 cycles
Relaxing scrub interval from 1489 cycles to 1861 cycles
Relaxing scrub interval from 1861 cycles to 2326 cycles
Relaxing scrub interval from 2326 cycles to 2907 cycles
Relaxing scrub interval from 2907 cycles to 3633 cycles
Tightening scrub interval from 3633 cycles to 1816 cycles
Relaxing scrub interval from 1816 cycles to 2270 cycles
Tightening scrub interval from 2270 cycles to 1135 cycles
Tightening scrub interval from 1135 cycles to 567 cycles
Relaxing scrub interval from 567 cycles to 708 cycles
Relaxing scrub interval from 708 cycles to 885 cycles
Relaxing scrub interval from 885 cycles to 1106 cycles
Relaxing scrub interval from 1106 cycles to 1382 cycles
Relaxing scrub interval from 1382 cycles to 1727 cycles
Relaxing scrub interval from 1727 cycles to 2158 cycles
Relaxing scrub interval from 2158 cycles to 2697 cycles
Relaxing scrub interval from 2697 cycles to 3371 cycles
Relaxing scrub interval from 3371 cycles to 4213 cycles
Relaxing scrub interval from 4213 cycles to 5266 cycles
Tightening scrub interval from 5266 cycles to 2633 cycles
Relaxing scrub interval from 2633 cycles to 3291 cycles
Tightening scrub interval from 3291 cycles to 1645 cycles
Relaxing scrub interval from 1645 cycles to 2056 cycles
Relaxing scrub interval from 2056 cycles to 2570 cycles
Relaxing scrub interval from 2570 cycles to 3212 cycles
Relaxing scrub interval from 3212 cycles to 4015 cycles
Relaxing scrub interval from 4015 cycles to 5018 cycles
Tightening scrub interval from 5018 cycles to 2509 cycles
Relaxing scrub interval from 2509 cycles to 3136 cycles
Tightening scrub interval from 3136 cycles to 1568 cycles
Relaxing scrub interval from 1568 cycles to 1960 cycles
Relaxing scrub interval from 1960 cycles to 2450 cycles
Tightening scrub interval from 2450 cycles to 1225 cycles
Relaxing scrub interval from 1225 cycles to 1531 cycles
Tightening scrub interval from 1531 cycles to 765 cycles
Relaxing scrub interval from 765 cycles to 956 cycles
Relaxing scrub interval from 956 cycles to 1195 cycles
Relaxing scrub interval from 1195 cycles to 1493 cycles
Relaxing scrub interval from 1493 cycles to 1866 cycles
Relaxing scrub interval from 1866 cycles to 2332 cycles
Relaxing scrub interval from 2332 cycles to 2915 cycles
Relaxing scrub interval from 2915 cycles to 3643 cycles
Relaxing scrub interval from 3643 cycles to 4553 cycles
Relaxing scrub interval from 4553 cycles to 5691 cycles
Tightening scrub interval from 5691 cycles to 2845 cycles
Relaxing scrub interval from 2845 cycles to 3556 cycles
Tightening scrub interval from 3556 cycles to 1778 cycles
Relaxing scrub interval from 1778 cycles to 2222 cycles
Tightening scrub interval from 2222 cycles to 1111 cycles
Relaxing scrub interval from 1111 cycles to 1388 cycles
Relaxing scrub interval from 1388 cycles to 1735 cycles
Relaxing scrub interval from 1735 cycles to 2168 cycles
Relaxing scrub interval from 2168 cycles to 2710 cycles
Relaxing scrub interval from 2710 cycles to 3387 cycles
Relaxing scrub interval from 3387 cycles to 4233 cycles
Relaxing scrub interval from 4233 cycles to 5291 cycles
Tightening scrub interval from 5291 cycles to 2645 cycles
Relaxing scrub interval from 2645 cycles to 3306 cycles
Tightening scrub interval from 3306 cycles to 1653 cycles
Relaxing scrub interval from 1653 cycles to 2066 cycles
Tightening scrub interval from 2066 cycles to 1033 cycles
Relaxing scrub interval from 1033 cycles to 1291 cycles
Tightening scrub interval from 1291 cycles to 645 cycles
Relaxing scrub interval from 645 cycles to 806 cycles
Relaxing scrub interval from 806 cycles to 1007 cycles
Relaxing scrub interval from 1007 cycles to 1258 cycles
Relaxing scrub interval from 1258 cycles to 1572 cycles
Relaxing scrub interval from 1572 cycles to 1965 cycles
Relaxing scrub interval from 1965 cycles to 2456 cycles
Relaxing scrub interval from 2456 cycles to 3070 cycles
Tightening scrub interval from 3070 cycles to 1535 cycles
Relaxing scrub interval from 1535 cycles to 1918 cycles
Relaxing scrub interval from 1918 cycles to 2397 cycles
Relaxing scrub interval from 2397 cycles to 2996 cycles
Relaxing scrub interval from 2996 cycles to 3745 cycles
Tightening scrub interval from 3745 cycles to 1872 cycles
Relaxing scrub interval from 1872 cycles to 2340 cycles
Relaxing scrub interval from 2340 cycles to 2925 cycles
Relaxing scrub interval from 2925 cycles to 3656 cycles
Tightening scrub interval from 3656 cycles to 1828 cycles
Relaxing scrub interval from 1828 cycles to 2285 cycles
Relaxing scrub interval from 2285 cycles to 2856 cycles
Relaxing scrub interval from 2856 cycles to 3570 cycles
Tightening scrub interval from 3570 cycles to 1785 cycles
Relaxing scrub interval from 1785 cycles to 2231 cycles
Relaxing scrub interval from 2231 cycles to 2788 cycles
Tightening scrub interval from 2788 cycles to 1394 cycles
Relaxing scrub interval from 1394 cycles to 1742 cycles
Relaxing scrub interval from 1742 cycles to 2177 cycles
Relaxing scrub interval from 2177 cycles to 2721 cycles
Relaxing scrub interval from 2721 cycles to 3401 cycles
Relaxing scrub interval from 3401 cycles to 4251 cycles
Relaxing scrub interval from 4251 cycles to 5313 cycles
Tightening scrub interval from 5313 cycles to 2656 cycles
Relaxing scrub interval from 2656 cycles to 3320 cycles
Tightening scrub interval from 3320 cycles to 1660 cycles
Tightening scrub interval from 1660 cycles to 830 cycles
Relaxing scrub interval from 830 cycles to 1037 cycles
Relaxing scrub interval from 1037 cycles to 1296 cycles
Relaxing scrub interval from 1296 cycles to 1620 cycles
Relaxing scrub interval from 1620 cycles to 2025 cycles
Relaxing scrub interval from 2025 cycles to 2531 cycles
Relaxing scrub interval from 2531 cycles to 3163 cycles
Relaxing scrub interval from 3163 cycles to 3953 cycles
Tightening scrub interval from 3953 cycles to 1976 cycles
Relaxing scrub interval from 1976 cycles to 2470 cycles
Relaxing scrub interval from 2470 cycles to 3087 cycles
Relaxing scrub interval from 3087 cycles to 3858 cycles
Relaxing scrub interval from 3858 cycles to 4822 cycles
Tightening scrub interval from 4822 cycles to 2411 cycles
Relaxing scrub interval from 2411 cycles to 3013 cycles
Relaxing scrub interval from 3013 cycles to 3766 cycles
Relaxing scrub interval from 3766 cycles to 4707 cycles
Tightening scrub interval from 4707 cycles to 2353 cycles
Relaxing scrub interval from 2353 cycles to 2941 cycles
Tightening scrub interval from 2941 cycles to 1470 cycles
Relaxing scrub interval from 1470 cycles to 1837 cycles
Relaxing scrub interval from 1837 cycles to 2296 cycles
Relaxing scrub interval from 2296 cycles to 2870 cycles
Tightening scrub interval from 2870 cycles to 1435 cycles
Relaxing scrub interval from 1435 cycles to 1793 cycles
Relaxing scrub interval from 1793 cycles to 2241 cycles
Relaxing scrub interval from 2241 cycles to 2801 cycles
Relaxing scrub interval from 2801 cycles to 3501 cycles
Relaxing scrub interval from 3501 cycles to 4376 cycles
Tightening scrub interval from 4376 cycles to 2188 cycles
Relaxing scrub interval from 2188 cycles to 2735 cycles
Tightening scrub interval from 2735 cycles to 1367 cycles
Relaxing scrub interval from 1367 cycles to 1708 cycles
Relaxing scrub interval from 1708 cycles to 2135 cycles
Relaxing scrub interval from 2135 cycles to 2668 cycles
Relaxing scrub interval from 2668 cycles to 3335 cycles
Relaxing scrub interval from 3335 cycles to 4168 cycles
Relaxing scrub interval from 4168 cycles to 5210 cycles
Relaxing scrub interval from 5210 cycles to 6512 cycles
Relaxing scrub interval from 6512 cycles to 8140 cycles
Tightening scrub interval from 8140 cycles to 4070 cycles
Tightening scrub interval from 4070 cycles to 2035 cycles
Relaxing scrub interval from 2035 cycles to 2543 cycles
Relaxing scrub interval from 2543 cycles to 3178 cycles
Relaxing scrub interval from 3178 cycles to 3972 cycles
Relaxing scrub interval from 3972 cycles to 4965 cycles
Relaxing scrub interval from 4965 cycles to 6206 cycles
Relaxing scrub interval from 6206 cycles to 7757 cycles
Tightening scrub interval from 7757 cycles to 3878 cycles
Tightening scrub interval from 3878 cycles to 1939 cycles
Relaxing scrub interval from 1939 cycles to 2423 cycles
Relaxing scrub interval from 2423 cycles to 3028 cycles
Relaxing scrub interval from 3028 cycles to 3785 cycles
Relaxing scrub interval from 3785 cycles to 4731 cycles
Tightening scrub interval from 4731 cycles to 2365 cycles
Relaxing scrub interval from 2365 cycles to 2956 cycles
Relaxing scrub interval from 2956 cycles to 3695 cycles
Tightening scrub interval from 3695 cycles to 1847 cycles
Relaxing scrub interval from 1847 cycles to 2308 cycles
Tightening scrub interval from 2308 cycles to 1154 cycles
Relaxing scrub interval from 1154 cycles to 1442 cycles
Relaxing scrub interval from 1442 cycles to 1802 cycles
Relaxing scrub interval from 1802 cycles to 2252 cycles
Relaxing scrub interval from 2252 cycles to 2815 cycles
Relaxing scrub interval from 2815 cycles to 3518 cycles
Relaxing scrub interval from 3518 cycles to 4397 cycles
Relaxing scrub interval from 4397 cycles to 5496 cycles
Relaxing scrub interval from 5496 cycles to 6870 cycles
Relaxing scrub interval from 6870 cycles to 8587 cycles
Relaxing scrub interval from 8587 cycles to 10733 cycles
Relaxing scrub interval from 10733 cycles to 13416 cycles
Relaxing scrub interval from 13416 cycles to 16770 cycles
Tightening scrub interval from 16770 cycles to 8385 cycles
Tightening scrub interval from 8385 cycles to 4192 cycles
Relaxing scrub interval from 4192 cycles to 5240 cycles
Tightening scrub interval from 5240 cycles to 2620 cycles
Relaxing scrub interval from 2620 cycles to 3275 cycles
Tightening scrub interval from 3275 cycles to 1637 cycles
Relaxing scrub interval from 1637 cycles to 2046 cycles
Relaxing scrub interval from 2046 cycles to 2557 cycles
Relaxing scrub interval from 2557 cycles to 3196 cycles
Relaxing scrub interval from 3196 cycles to 3995 cycles
Tightening scrub interval from 3995 cycles to 1997 cycles
Relaxing scrub interval from 1997 cycles to 2496 cycles
Relaxing scrub interval from 2496 cycles to 3120 cycles
Relaxing scrub interval from 3120 cycles to 3900 cycles
Relaxing scrub interval from 3900 cycles to 4875 cycles
Relaxing scrub interval from 4875 cycles to 6093 cycles
Relaxing scrub interval from 6093 cycles to 7616 cycles
Tightening scrub interval from 7616 cycles to 3808 cycles
Relaxing scrub interval from 3808 cycles to 4760 cycles
Tightening scrub interval from 4760 cycles to 2380 cycles
Relaxing scrub interval from 2380 cycles to 2975 cycles
Tightening scrub interval from 2975 cycles to 1487 cycles
Relaxing scrub interval from 1487 cycles to 1858 cycles
Relaxing scrub interval from 1858 cycles to 2322 cycles
Relaxing scrub interval from 2322 cycles to 2902 cycles
Tightening scrub interval from 2902 cycles to 1451 cycles
Relaxing scrub interval from 1451 cycles to 1813 cycles
Relaxing scrub interval from 1813 cycles to 2266 cycles
Relaxing scrub interval from 2266 cycles to 2832 cycles
Relaxing scrub interval from 2832 cycles to 3540 cycles
Tightening scrub interval from 3540 cycles to 1770 cycles
Relaxing scrub interval from 1770 cycles to 2212 cycles
Relaxing scrub interval from 2212 cycles to 2765 cycles
Relaxing scrub interval from 2765 cycles to 3456 cycles
Relaxing scrub interval from 3456 cycles to 4320 cycles
Relaxing scrub interval from 4320 cycles to 5400 cycles
Relaxing scrub interval from 5400 cycles to 6750 cycles
Tightening scrub interval from 6750 cycles to 3375 cycles
Relaxing scrub interval from 3375 cycles to 4218 cycles
Relaxing scrub interval from 4218 cycles to 5272 cycles
Relaxing scrub interval from 5272 cycles to 6590 cycles
Relaxing scrub interval from 6590 cycles to 8237 cycles
Relaxing scrub interval from 8237 cycles to 10296 cycles
Tightening scrub interval from 10296 cycles to 5148 cycles
Relaxing scrub interval from 5148 cycles to 6435 cycles
Relaxing scrub interval from 6435 cycles to 8043 cycles
Relaxing scrub interval from 8043 cycles to 10053 cycles
Tightening scrub interval from 10053 cycles to 5026 cycles
Relaxing scrub interval from 5026 cycles to 6282 cycles
Relaxing scrub interval from 6282 cycles to 7852 cycles
Relaxing scrub interval from 7852 cycles to 9815 cycles
Tightening scrub interval from 9815 cycles to 4907 cycles
Relaxing scrub interval from 4907 cycles to 6133 cycles
Tightening scrub interval from 6133 cycles to 3066 cycles
Relaxing scrub interval from 3066 cycles to 3832 cycles
Relaxing scrub interval from 3832 cycles to 4790 cycles
Tightening scrub interval from 4790 cycles to 2395 cycles
Tightening scrub interval from 2395 cycles to 1197 cycles
Relaxing scrub interval from 1197 cycles to 1496 cycles
Relaxing scrub interval from 1496 cycles to 1870 cycles
Tightening scrub interval from 1870 cycles to 935 cycles
Tightening scrub interval from 935 cycles to 467 cycles
Relaxing scrub interval from 467 cycles to 583 cycles
Relaxing scrub interval from 583 cycles to 728 cycles
Relaxing scrub interval from 728 cycles to 910 cycles
Relaxing scrub interval from 910 cycles to 1137 cycles
Relaxing scrub interval from 1137 cycles to 1421 cycles
Relaxing scrub interval from 1421 cycles to 1776 cycles
Relaxing scrub interval from 1776 cycles to 2220 cycles
Tightening scrub interval from 2220 cycles to 1110 cycles
Relaxing scrub interval from 1110 cycles to 1387 cycles
Tightening scrub interval from 1387 cycles to 693 cycles
Relaxing scrub interval from 693 cycles to 866 cycles
Tightening scrub interval from 866 cycles to 433 cycles
Relaxing scrub interval from 433 cycles to 541 cycles
Relaxing scrub interval from 541 cycles to 676 cycles
Relaxing scrub interval from 676 cycles to 845 cycles
Tightening scrub interval from 845 cycles to 422 cycles
Relaxing scrub interval from 422 cycles to 527 cycles
Tightening scrub interval from 527 cycles to 263 cycles
Relaxing scrub interval from 263 cycles to 328 cycles
Relaxing scrub interval from 328 cycles to 410 cycles
Relaxing scrub interval from 410 cycles to 512 cycles
Relaxing scrub interval from 512 cycles to 640 cycles
Relaxing scrub interval from 640 cycles to 800 cycles
Relaxing scrub interval from 800 cycles to 1000 cycles
Relaxing scrub interval from 1000 cycles to 1250 cycles
Relaxing scrub interval from 1250 cycles to 1562 cycles
Tightening scrub interval from 1562 cycles to 781 cycles
Relaxing scrub interval from 781 cycles to 976 cycles
Relaxing scrub interval from 976 cycles to 1220 cycles
Relaxing scrub interval from 1220 cycles to 1525 cycles
Relaxing scrub interval from 1525 cycles to 1906 cycles
Relaxing scrub interval from 1906 cycles to 2382 cycles
Relaxing scrub interval from 2382 cycles to 2977 cycles
Relaxing scrub interval from 2977 cycles to 3721 cycles
Relaxing scrub interval from 3721 cycles to 4651 cycles
Relaxing scrub interval from 4651 cycles to 5813 cycles
Relaxing scrub interval from 5813 cycles to 7266 cycles
Relaxing scrub interval from 7266 cycles to 9082 cycles
Relaxing scrub interval from 9082 cycles to 11352 cycles
Tightening scrub interval from 11352 cycles to 5676 cycles
Tightening scrub interval from 5676 cycles to 2838 cycles
Tightening scrub interval from 2838 cycles to 1419 cycles
Relaxing scrub interval from 1419 cycles to 1773 cycles
Relaxing scrub interval from 1773 cycles to 2216 cycles
Relaxing scrub interval from 2216 cycles to 2770 cycles
Relaxing scrub interval from 2770 cycles to 3462 cycles
Relaxing scrub interval from 3462 cycles to 4327 cycles
Relaxing scrub interval from 4327 cycles to 5408 cycles
Tightening scrub interval from 5408 cycles to 2704 cycles
Relaxing scrub interval from 2704 cycles to 3380 cycles
Relaxing scrub interval from 3380 cycles to 4225 cycles
Relaxing scrub interval from 4225 cycles to 5281 cycles
Tightening scrub interval from 5281 cycles to 2640 cycles
Relaxing scrub interval from 2640 cycles to 3300 cycles
Tightening scrub interval from 3300 cycles to 1650 cycles
Relaxing scrub interval from 1650 cycles to 2062 cycles
Relaxing scrub interval from 2062 cycles to 2577 cycles
Relaxing scrub interval from 2577 cycles to 3221 cycles
Relaxing scrub interval from 3221 cycles to 4026 cycles
Relaxing scrub interval from 4026 cycles to 5032 cycles
Relaxing scrub interval from 5032 cycles to 6290 cycles
Relaxing scrub interval from 6290 cycles to 7862 cycles
Tightening scrub interval from 7862 cycles to 3931 cycles
Tightening scrub interval from 3931 cycles to 1965 cycles
Relaxing scrub interval from 1965 cycles to 2456 cycles
Relaxing scrub interval from 2456 cycles to 3070 cycles
Tightening scrub interval from 3070 cycles to 1535 cycles
Relaxing scrub interval from 1535 cycles to 1918 cycles
Relaxing scrub interval from 1918 cycles to 2397 cycles
Tightening scrub interval from 2397 cycles to 1198 cycles
Relaxing scrub interval from 1198 cycles to 1497 cycles
Relaxing scrub interval from 1497 cycles to 1871 cycles
Relaxing scrub interval from 1871 cycles to 2338 cycles
Relaxing scrub interval from 2338 cycles to 2922 cycles
Relaxing scrub interval from 2922 cycles to 3652 cycles
Relaxing scrub interval from 3652 cycles to 4565 cycles
Relaxing scrub interval from 4565 cycles to 5706 cycles
Tightening scrub interval from 5706 cycles to 2853 cycles
Relaxing scrub interval from 2853 cycles to 3566 cycles
Tightening scrub interval from 3566 cycles to 1783 cycles
Relaxing scrub interval from 1783 cycles to 2228 cycles
Relaxing scrub interval from 2228 cycles to 2785 cycles
Relaxing scrub interval from 2785 cycles to 3481 cycles
Tightening scrub interval from 3481 cycles to 1740 cycles
Relaxing scrub interval from 1740 cycles to 2175 cycles
Relaxing scrub interval from 2175 cycles to 2718 cycles
Relaxing scrub interval from 2718 cycles to 3397 cycles
Relaxing scrub interval from 3397 cycles to 4246 cycles
Tightening scrub interval from 4246 cycles to 2123 cycles
Relaxing scrub interval from 2123 cycles to 2653 cycles
Relaxing scrub interval from 2653 cycles to 3316 cycles
Relaxing scrub interval from 3316 cycles to 4145 cycles
Relaxing scrub interval from 4145 cycles to 5181 cycles
Tightening scrub interval from 5181 cycles to 2590 cycles
Relaxing scrub interval from 2590 cycles to 3237 cycles
Relaxing scrub interval from 3237 cycles to 4046 cycles
Relaxing scrub interval from 4046 cycles to 5057 cycles
Relaxing scrub interval from 5057 cycles to 6321 cycles
Relaxing scrub interval from 6321 cycles to 7901 cycles
Relaxing scrub interval from 7901 cycles to 9876 cycles
Relaxing scrub interval from 9876 cycles to 12345 cycles
Relaxing scrub interval from 12345 cycles to 15431 cycles
Tightening scrub interval from 15431 cycles to 7715 cycles
Relaxing scrub interval from 7715 cycles to 9643 cycles
Relaxing scrub interval from 9643 cycles to 12053 cycles
Tightening scrub interval from 12053 cycles to 6026 cycles
Relaxing scrub interval from 6026 cycles to 7532 cycles
Relaxing scrub interval from 7532 cycles to 9415 cycles
Tightening scrub interval from 9415 cycles to 4707 cycles
Relaxing scrub interval from 4707 cycles to 5883 cycles
Relaxing scrub interval from 5883 cycles to 7353 cycles
Relaxing scrub interval from 7353 cycles to 9191 cycles
Tightening scrub interval from 9191 cycles to 4595 cycles
Relaxing scrub interval from 4595 cycles to 5743 cycles
Relaxing scrub interval from 5743 cycles to 7178 cycles
Tightening scrub interval from 7178 cycles to 3589 cycles
Relaxing scrub interval from 3589 cycles to 4486 cycles
Tightening scrub interval from 4486 cycles to 2243 cycles
Relaxing scrub interval from 2243 cycles to 2803 cycles
Relaxing scrub interval from 2803 cycles to 3503 cycles
Relaxing scrub interval from 3503 cycles to 4378 cycles
Relaxing scrub interval from 4378 cycles to 5472 cycles
Relaxing scrub interval from 5472 cycles to 6840 cycles
Relaxing scrub interval from 6840 cycles to 8550 cycles
Tightening scrub interval from 8550 cycles to 4275 cycles
Relaxing scrub interval from 4275 cycles to 5343 cycles
Relaxing scrub interval from 5343 cycles to 6678 cycles
Relaxing scrub interval from 6678 cycles to 8347 cycles
Tightening scrub interval from 8347 cycles to 4173 cycles
Relaxing scrub interval from 4173 cycles to 5216 cycles
Tightening scrub interval from 5216 cycles to 2608 cycles
Relaxing scrub interval from 2608 cycles to 3260 cycles
Relaxing scrub interval from 3260 cycles to 4075 cycles
Tightening scrub interval from 4075 cycles to 2037 cycles
Relaxing scrub interval from 2037 cycles to 2546 cycles
Relaxing scrub interval from 2546 cycles to 3182 cycles
Relaxing scrub interval from 3182 cycles to 3977 cycles
Relaxing scrub interval from 3977 cycles to 4971 cycles
Tightening scrub interval from 4971 cycles to 2485 cycles
Relaxing scrub interval from 2485 cycles to 3106 cycles
Tightening scrub interval from 3106 cycles to 1553 cycles
Relaxing scrub interval from 1553 cycles to 1941 cycles
Tightening scrub interval from 1941 cycles to 970 cycles
Relaxing scrub interval from 970 cycles to 1212 cycles
Relaxing scrub interval from 1212 cycles to 1515 cycles
Relaxing scrub interval from 1515 cycles to 1893 cycles
Relaxing scrub interval from 1893 cycles to 2366 cycles
Relaxing scrub interval from 2366 cycles to 2957 cycles
Relaxing scrub interval from 2957 cycles to 3696 cycles
Relaxing scrub interval from 3696 cycles to 4620 cycles
Relaxing scrub interval from 4620 cycles to 5775 cycles
Relaxing scrub interval from 5775 cycles to 7218 cycles
Relaxing scrub interval from 7218 cycles to 9022 cycles
Tightening scrub interval from 9022 cycles to 4511 cycles
Tightening scrub interval from 4511 cycles to 2255 cycles
Relaxing scrub interval from 2255 cycles to 2818 cycles
Relaxing scrub interval from 2818 cycles to 3522 cycles
Relaxing scrub interval from 3522 cycles to 4402 cycles
Relaxing scrub interval from 4402 cycles to 5502 cycles
Relaxing scrub interval from 5502 cycles to 6877 cycles
Tightening scrub interval from 6877 cycles to 3438 cycles
Relaxing scrub interval from 3438 cycles to 4297 cycles
Tightening scrub interval from 4297 cycles to 2148 cycles
Relaxing scrub interval from 2148 cycles to 2685 cycles
Relaxing scrub interval from 2685 cycles to 3356 cycles
Tightening scrub interval from 3356 cycles to 1678 cycles
Relaxing scrub interval from 1678 cycles to 2097 cycles
Relaxing scrub interval from 2097 cycles to 2621 cycles
Relaxing scrub interval from 2621 cycles to 3276 cycles
Tightening scrub interval from 3276 cycles to 1638 cycles
Relaxing scrub interval from 1638 cycles to 2047 cycles
Relaxing scrub interval from 2047 cycles to 2558 cycles
Relaxing scrub interval from 2558 cycles to 3197 cycles
Relaxing scrub interval from 3197 cycles to 3996 cycles
Relaxing scrub interval from 3996 cycles to 4995 cycles
Tightening scrub interval from 4995 cycles to 2497 cycles
Relaxing scrub interval from 2497 cycles to 3121 cycles
Tightening scrub interval from 3121 cycles to 1560 cycles
Tightening scrub interval from 1560 cycles to 780 cycles
Relaxing scrub interval from 780 cycles to 975 cycles
Relaxing scrub interval from 975 cycles to 1218 cycles
Relaxing scrub interval from 1218 cycles to 1522 cycles
Relaxing scrub interval from 1522 cycles to 1902 cycles
Relaxing scrub interval from 1902 cycles to 2377 cycles
Relaxing scrub interval from 2377 cycles to 2971 cycles
Relaxing scrub interval from 2971 cycles to 3713 cycles
Relaxing scrub interval from 3713 cycles to 4641 cycles
Relaxing scrub interval from 4641 cycles to 5801 cycles
Tightening scrub interval from 5801 cycles to 2900 cycles
Relaxing scrub interval from 2900 cycles to 3625 cycles
Relaxing scrub interval from 3625 cycles to 4531 cycles
Relaxing scrub interval from 4531 cycles to 5663 cycles
Relaxing scrub interval from 5663 cycles to 7078 cycles
Relaxing scrub interval from 7078 cycles to 8847 cycles
Tightening scrub interval from 8847 cycles to 4423 cycles
Relaxing scrub interval from 4423 cycles to 5528 cycles
Relaxing scrub interval from 5528 cycles to 6910 cycles
Relaxing scrub interval from 6910 cycles to 8637 cycles
Tightening scrub interval from 8637 cycles to 4318 cycles
Relaxing scrub interval from 4318 cycles to 5397 cycles
Tightening scrub interval from 5397 cycles to 2698 cycles
Relaxing scrub interval from 2698 cycles to 3372 cycles
Relaxing scrub interval from 3372 cycles to 4215 cycles
Tightening scrub interval from 4215 cycles to 2107 cycles
Relaxing scrub interval from 2107 cycles to 2633 cycles
Relaxing scrub interval from 2633 cycles to 3291 cycles
Tightening scrub interval from 3291 cycles to 1645 cycles
Relaxing scrub interval from 1645 cycles to 2056 cycles
Relaxing scrub interval from 2056 cycles to 2570 cycles
Relaxing scrub interval from 2570 cycles to 3212 cycles
Relaxing scrub interval from 3212 cycles to 4015 cycles
Relaxing scrub interval from 4015 cycles to 5018 cycles
Relaxing scrub interval from 5018 cycles to 6272 cycles
Relaxing scrub interval from 6272 cycles to 7840 cycles
Tightening scrub interval from 7840 cycles to 3920 cycles
Relaxing scrub interval from 3920 cycles to 4900 cycles
Relaxing scrub interval from 4900 cycles to 6125 cycles
