warn: No dot file generated. Please install pydot to generate the dot file and pdf.
Scrubbing enabled with adaptive interval starting at 10 cycles, tightening factor 2, relax factor 1.25
src/arch/riscv/isa.cc:275: info: RVV enabled, VLEN = 256 bits, ELEN = 64 bits
src/base/statistics.hh:279: warn: One of the stats is a legacy stat. Legacy stat is a stat that does not belong to any statistics::Group. Legacy stat is deprecated.
src/base/remote_gdb.cc:418: warn: Sockets disabled, not accepting gdb connections
src/sim/simulate.cc:199: info: Entering event queue @ 0.  Starting simulation...
Relaxing scrub interval from 10 cycles to 12 cycles
Relaxing scrub interval from 12 cycles to 15 cycles
Relaxing scrub interval from 15 cycles to 18 cycles
Relaxing scrub interval from 18 cycles to 22 cycles
Relaxing scrub interval from 22 cycles to 27 cycles
Relaxing scrub interval from 27 cycles to 33 cycles
Relaxing scrub interval from 33 cycles to 41 cycles
Relaxing scrub interval from 41 cycles to 51 cycles
Relaxing scrub interval from 51 cycles to 63 cycles
Relaxing scrub interval from 63 cycles to 78 cycles
Relaxing scrub interval from 78 cycles to 97 cycles
Relaxing scrub interval from 97 cycles to 121 cycles
Relaxing scrub interval from 121 cycles to 151 cycles
Relaxing scrub interval from 151 cycles to 188 cycles
Relaxing scrub interval from 188 cycles to 235 cycles
Relaxing scrub interval from 235 cycles to 293 cycles
Relaxing scrub interval from 293 cycles to 366 cycles
Relaxing scrub interval from 366 cycles to 457 cycles
Relaxing scrub interval from 457 cycles to 571 cycles
Relaxing scrub interval from 571 cycles to 713 cycles
Relaxing scrub interval from 713 cycles to 891 cycles
src/sim/syscall_emul.cc:86: warn: ignoring syscall set_robust_list(...)
      (further warnings will be suppressed)
Relaxing scrub interval from 891 cycles to 1113 cycles
Relaxing scrub interval from 1113 cycles to 1391 cycles
src/sim/syscall_emul.hh:1014: warn: readlink() called on '/proc/self/exe' may yield unexpected results in various settings.
      Returning '/home/cs1952y-user/gem5/1952y-fp/gem5/tests/test-progs/cs1952y-fp/alt'
src/sim/mem_state.cc:448: info: Increasing stack size by one page.
Relaxing scrub interval from 1391 cycles to 1738 cycles
Relaxing scrub interval from 1738 cycles to 2172 cycles
Relaxing scrub interval from 2172 cycles to 2715 cycles
Relaxing scrub interval from 2715 cycles to 3393 cycles
Relaxing scrub interval from 3393 cycles to 4241 cycles
src/sim/syscall_emul.cc:75: warn: ignoring syscall mprotect(...) at tick 17327000
Relaxing scrub interval from 4241 cycles to 5301 cycles
Relaxing scrub interval from 5301 cycles to 6626 cycles
Relaxing scrub interval from 6626 cycles to 8282 cycles
Relaxing scrub interval from 8282 cycles to 10352 cycles
Relaxing scrub interval from 10352 cycles to 12940 cycles
Tightening scrub interval from 12940 cycles to 6470 cycles
Relaxing scrub interval from 6470 cycles to 8087 cycles
Tightening scrub interval from 8087 cycles to 4043 cycles
Tightening scrub interval from 4043 cycles to 2021 cycles
Relaxing scrub interval from 2021 cycles to 2526 cycles
Relaxing scrub interval from 2526 cycles to 3157 cycles
Relaxing scrub interval from 3157 cycles to 3946 cycles
Tightening scrub interval from 3946 cycles to 1973 cycles
Relaxing scrub interval from 1973 cycles to 2466 cycles
Relaxing scrub interval from 2466 cycles to 3082 cycles
Relaxing scrub interval from 3082 cycles to 3852 cycles
Relaxing scrub interval from 3852 cycles to 4815 cycles
Relaxing scrub interval from 4815 cycles to 6018 cycles
Tightening scrub interval from 6018 cycles to 3009 cycles
Tightening scrub interval from 3009 cycles to 1504 cycles
Relaxing scrub interval from 1504 cycles to 1880 cycles
Relaxing scrub interval from 1880 cycles to 2350 cycles
Relaxing scrub interval from 2350 cycles to 2937 cycles
Tightening scrub interval from 2937 cycles to 1468 cycles
Relaxing scrub interval from 1468 cycles to 1835 cycles
Relaxing scrub interval from 1835 cycles to 2293 cycles
Relaxing scrub interval from 2293 cycles to 2866 cycles
Relaxing scrub interval from 2866 cycles to 3582 cycles
Relaxing scrub interval from 3582 cycles to 4477 cycles
Tightening scrub interval from 4477 cycles to 2238 cycles
Tightening scrub interval from 2238 cycles to 1119 cycles
Tightening scrub interval from 1119 cycles to 559 cycles
Relaxing scrub interval from 559 cycles to 698 cycles
Relaxing scrub interval from 698 cycles to 872 cycles
Relaxing scrub interval from 872 cycles to 1090 cycles
Relaxing scrub interval from 1090 cycles to 1362 cycles
Relaxing scrub interval from 1362 cycles to 1702 cycles
Relaxing scrub interval from 1702 cycles to 2127 cycles
Relaxing scrub interval from 2127 cycles to 2658 cycles
Relaxing scrub interval from 2658 cycles to 3322 cycles
Relaxing scrub interval from 3322 cycles to 4152 cycles
Relaxing scrub interval from 4152 cycles to 5190 cycles
Relaxing scrub interval from 5190 cycles to 6487 cycles
Relaxing scrub interval from 6487 cycles to 8108 cycles
Relaxing scrub interval from 8108 cycles to 10135 cycles
Tightening scrub interval from 10135 cycles to 5067 cycles
Relaxing scrub interval from 5067 cycles to 6333 cycles
Relaxing scrub interval from 6333 cycles to 7916 cycles
Tightening scrub interval from 7916 cycles to 3958 cycles
Tightening scrub interval from 3958 cycles to 1979 cycles
Relaxing scrub interval from 1979 cycles to 2473 cycles
Relaxing scrub interval from 2473 cycles to 3091 cycles
Relaxing scrub interval from 3091 cycles to 3863 cycles
Relaxing scrub interval from 3863 cycles to 4828 cycles
Tightening scrub interval from 4828 cycles to 2414 cycles
Relaxing scrub interval from 2414 cycles to 3017 cycles
Relaxing scrub interval from 3017 cycles to 3771 cycles
Relaxing scrub interval from 3771 cycles to 4713 cycles
Relaxing scrub interval from 4713 cycles to 5891 cycles
Tightening scrub interval from 5891 cycles to 2945 cycles
Relaxing scrub interval from 2945 cycles to 3681 cycles
Relaxing scrub interval from 3681 cycles to 4601 cycles
Relaxing scrub interval from 4601 cycles to 5751 cycles
Relaxing scrub interval from 5751 cycles to 7188 cycles
Tightening scrub interval from 7188 cycles to 3594 cycles
Relaxing scrub interval from 3594 cycles to 4492 cycles
Tightening scrub interval from 4492 cycles to 2246 cycles
Relaxing scrub interval from 2246 cycles to 2807 cycles
Relaxing scrub interval from 2807 cycles to 3508 cycles
Relaxing scrub interval from 3508 cycles to 4385 cycles
Tightening scrub interval from 4385 cycles to 2192 cycles
Relaxing scrub interval from 2192 cycles to 2740 cycles
Tightening scrub interval from 2740 cycles to 1370 cycles
Relaxing scrub interval from 1370 cycles to 1712 cycles
Relaxing scrub interval from 1712 cycles to 2140 cycles
Relaxing scrub interval from 2140 cycles to 2675 cycles
Relaxing scrub interval from 2675 cycles to 3343 cycles
Relaxing scrub interval from 3343 cycles to 4178 cycles
Tightening scrub interval from 4178 cycles to 2089 cycles
Relaxing scrub interval from 2089 cycles to 2611 cycles
Relaxing scrub interval from 2611 cycles to 3263 cycles
Relaxing scrub interval from 3263 cycles to 4078 cycles
Relaxing scrub interval from 4078 cycles to 5097 cycles
Relaxing scrub interval from 5097 cycles to 6371 cycles
Relaxing scrub interval from 6371 cycles to 7963 cycles
Tightening scrub interval from 7963 cycles to 3981 cycles
Relaxing scrub interval from 3981 cycles to 4976 cycles
Tightening scrub interval from 4976 cycles to 2488 cycles
Relaxing scrub interval from 2488 cycles to 3110 cycles
Relaxing scrub interval from 3110 cycles to 3887 cycles
Relaxing scrub interval from 3887 cycles to 4858 cycles
Relaxing scrub interval from 4858 cycles to 6072 cycles
Relaxing scrub interval from 6072 cycles to 7590 cycles
Relaxing scrub interval from 7590 cycles to 9487 cycles
Tightening scrub interval from 9487 cycles to 4743 cycles
Tightening scrub interval from 4743 cycles to 2371 cycles
Relaxing scrub interval from 2371 cycles to 2963 cycles
Relaxing scrub interval from 2963 cycles to 3703 cycles
Relaxing scrub interval from 3703 cycles to 4628 cycles
Tightening scrub interval from 4628 cycles to 2314 cycles
Relaxing scrub interval from 2314 cycles to 2892 cycles
Relaxing scrub interval from 2892 cycles to 3615 cycles
Relaxing scrub interval from 3615 cycles to 4518 cycles
Relaxing scrub interval from 4518 cycles to 5647 cycles
Tightening scrub interval from 5647 cycles to 2823 cycles
Relaxing scrub interval from 2823 cycles to 3528 cycles
Relaxing scrub interval from 3528 cycles to 4410 cycles
Tightening scrub interval from 4410 cycles to 2205 cycles
Relaxing scrub interval from 2205 cycles to 2756 cycles
Relaxing scrub interval from 2756 cycles to 3445 cycles
Relaxing scrub interval from 3445 cycles to 4306 cycles
Tightening scrub interval from 4306 cycles to 2153 cycles
Relaxing scrub interval from 2153 cycles to 2691 cycles
Relaxing scrub interval from 2691 cycles to 3363 cycles
Relaxing scrub interval from 3363 cycles to 4203 cycles
Tightening scrub interval from 4203 cycles to 2101 cycles
Relaxing scrub interval from 2101 cycles to 2626 cycles
Relaxing scrub interval from 2626 cycles to 3282 cycles
Relaxing scrub interval from 3282 cycles to 4102 cycles
Relaxing scrub interval from 4102 cycles to 5127 cycles
Relaxing scrub interval from 5127 cycles to 6408 cycles
Relaxing scrub interval from 6408 cycles to 8010 cycles
Tightening scrub interval from 8010 cycles to 4005 cycles
Tightening scrub interval from 4005 cycles to 2002 cycles
Relaxing scrub interval from 2002 cycles to 2502 cycles
Relaxing scrub interval from 2502 cycles to 3127 cycles
Relaxing scrub interval from 3127 cycles to 3908 cycles
Tightening scrub interval from 3908 cycles to 1954 cycles
Relaxing scrub interval from 1954 cycles to 2442 cycles
Relaxing scrub interval from 2442 cycles to 3052 cycles
Tightening scrub interval from 3052 cycles to 1526 cycles
Tightening scrub interval from 1526 cycles to 763 cycles
Relaxing scrub interval from 763 cycles to 953 cycles
Relaxing scrub interval from 953 cycles to 1191 cycles
Relaxing scrub interval from 1191 cycles to 1488 cycles
Relaxing scrub interval from 1488 cycles to 1860 cycles
Tightening scrub interval from 1860 cycles to 930 cycles
Relaxing scrub interval from 930 cycles to 1162 cycles
Relaxing scrub interval from 1162 cycles to 1452 cycles
Relaxing scrub interval from 1452 cycles to 1815 cycles
Relaxing scrub interval from 1815 cycles to 2268 cycles
Relaxing scrub interval from 2268 cycles to 2835 cycles
Relaxing scrub interval from 2835 cycles to 3543 cycles
Relaxing scrub interval from 3543 cycles to 4428 cycles
Relaxing scrub interval from 4428 cycles to 5535 cycles
Tightening scrub interval from 5535 cycles to 2767 cycles
Relaxing scrub interval from 2767 cycles to 3458 cycles
Relaxing scrub interval from 3458 cycles to 4322 cycles
Relaxing scrub interval from 4322 cycles to 5402 cycles
Relaxing scrub interval from 5402 cycles to 6752 cycles
Tightening scrub interval from 6752 cycles to 3376 cycles
Relaxing scrub interval from 3376 cycles to 4220 cycles
Relaxing scrub interval from 4220 cycles to 5275 cycles
Relaxing scrub interval from 5275 cycles to 6593 cycles
Relaxing scrub interval from 6593 cycles to 8241 cycles
Relaxing scrub interval from 8241 cycles to 10301 cycles
Tightening scrub interval from 10301 cycles to 5150 cycles
Relaxing scrub interval from 5150 cycles to 6437 cycles
Relaxing scrub interval from 6437 cycles to 8046 cycles
Relaxing scrub interval from 8046 cycles to 10057 cycles
Relaxing scrub interval from 10057 cycles to 12571 cycles
Relaxing scrub interval from 12571 cycles to 15713 cycles
Tightening scrub interval from 15713 cycles to 7856 cycles
Tightening scrub interval from 7856 cycles to 3928 cycles
Tightening scrub interval from 3928 cycles to 1964 cycles
Relaxing scrub interval from 1964 cycles to 2455 cycles
Relaxing scrub interval from 2455 cycles to 3068 cycles
Tightening scrub interval from 3068 cycles to 1534 cycles
Relaxing scrub interval from 1534 cycles to 1917 cycles
Tightening scrub interval from 1917 cycles to 958 cycles
Relaxing scrub interval from 958 cycles to 1197 cycles
Relaxing scrub interval from 1197 cycles to 1496 cycles
Relaxing scrub interval from 1496 cycles to 1870 cycles
Relaxing scrub interval from 1870 cycles to 2337 cycles
Relaxing scrub interval from 2337 cycles to 2921 cycles
Tightening scrub interval from 2921 cycles to 1460 cycles
Relaxing scrub interval from 1460 cycles to 1825 cycles
Relaxing scrub interval from 1825 cycles to 2281 cycles
Relaxing scrub interval from 2281 cycles to 2851 cycles
Relaxing scrub interval from 2851 cycles to 3563 cycles
Tightening scrub interval from 3563 cycles to 1781 cycles
Relaxing scrub interval from 1781 cycles to 2226 cycles
Tightening scrub interval from 2226 cycles to 1113 cycles
Relaxing scrub interval from 1113 cycles to 1391 cycles
Relaxing scrub interval from 1391 cycles to 1738 cycles
Relaxing scrub interval from 1738 cycles to 2172 cycles
Relaxing scrub interval from 2172 cycles to 2715 cycles
Tightening scrub interval from 2715 cycles to 1357 cycles
Relaxing scrub interval from 1357 cycles to 1696 cycles
Relaxing scrub interval from 1696 cycles to 2120 cycles
Tightening scrub interval from 2120 cycles to 1060 cycles
Relaxing scrub interval from 1060 cycles to 1325 cycles
Relaxing scrub interval from 1325 cycles to 1656 cycles
Relaxing scrub interval from 1656 cycles to 2070 cycles
Tightening scrub interval from 2070 cycles to 1035 cycles
Relaxing scrub interval from 1035 cycles to 1293 cycles
Relaxing scrub interval from 1293 cycles to 1616 cycles
Tightening scrub interval from 1616 cycles to 808 cycles
Relaxing scrub interval from 808 cycles to 1010 cycles
Relaxing scrub interval from 1010 cycles to 1262 cycles
Relaxing scrub interval from 1262 cycles to 1577 cycles
Tightening scrub interval from 1577 cycles to 788 cycles
Relaxing scrub interval from 788 cycles to 985 cycles
Relaxing scrub interval from 985 cycles to 1231 cycles
Relaxing scrub interval from 1231 cycles to 1538 cycles
Relaxing scrub interval from 1538 cycles to 1922 cycles
Relaxing scrub interval from 1922 cycles to 2402 cycles
Relaxing scrub interval from 2402 cycles to 3002 cycles
Relaxing scrub interval from 3002 cycles to 3752 cycles
Tightening scrub interval from 3752 cycles to 1876 cycles
Relaxing scrub interval from 1876 cycles to 2345 cycles
Relaxing scrub interval from 2345 cycles to 2931 cycles
Relaxing scrub interval from 2931 cycles to 3663 cycles
Relaxing scrub interval from 3663 cycles to 4578 cycles
Relaxing scrub interval from 4578 cycles to 5722 cycles
Relaxing scrub interval from 5722 cycles to 7152 cycles
Tightening scrub interval from 7152 cycles to 3576 cycles
Relaxing scrub interval from 3576 cycles to 4470 cycles
Tightening scrub interval from 4470 cycles to 2235 cycles
Relaxing scrub interval from 2235 cycles to 2793 cycles
Relaxing scrub interval from 2793 cycles to 3491 cycles
Relaxing scrub interval from 3491 cycles to 4363 cycles
Relaxing scrub interval from 4363 cycles to 5453 cycles
Tightening scrub interval from 5453 cycles to 2726 cycles
Relaxing scrub interval from 2726 cycles to 3407 cycles
Tightening scrub interval from 3407 cycles to 1703 cycles
Relaxing scrub interval from 1703 cycles to 2128 cycles
Relaxing scrub interval from 2128 cycles to 2660 cycles
Tightening scrub interval from 2660 cycles to 1330 cycles
Relaxing scrub interval from 1330 cycles to 1662 cycles
Relaxing scrub interval from 1662 cycles to 2077 cycles
Relaxing scrub interval from 2077 cycles to 2596 cycles
Relaxing scrub interval from 2596 cycles to 3245 cycles
Relaxing scrub interval from 3245 cycles to 4056 cycles
Relaxing scrub interval from 4056 cycles to 5070 cycles
Relaxing scrub interval from 5070 cycles to 6337 cycles
Relaxing scrub interval from 6337 cycles to 7921 cycles
Relaxing scrub interval from 7921 cycles to 9901 cycles
Tightening scrub interval from 9901 cycles to 4950 cycles
Relaxing scrub interval from 4950 cycles to 6187 cycles
Relaxing scrub interval from 6187 cycles to 7733 cycles
Tightening scrub interval from 7733 cycles to 3866 cycles
Relaxing scrub interval from 3866 cycles to 4832 cycles
Relaxing scrub interval from 4832 cycles to 6040 cycles
Tightening scrub interval from 6040 cycles to 3020 cycles
Tightening scrub interval from 3020 cycles to 1510 cycles
Relaxing scrub interval from 1510 cycles to 1887 cycles
Relaxing scrub interval from 1887 cycles to 2358 cycles
Relaxing scrub interval from 2358 cycles to 2947 cycles
Relaxing scrub interval from 2947 cycles to 3683 cycles
Relaxing scrub interval from 3683 cycles to 4603 cycles
Relaxing scrub interval from 4603 cycles to 5753 cycles
Relaxing scrub interval from 5753 cycles to 7191 cycles
Relaxing scrub interval from 7191 cycles to 8988 cycles
Tightening scrub interval from 8988 cycles to 4494 cycles
Relaxing scrub interval from 4494 cycles to 5617 cycles
Relaxing scrub interval from 5617 cycles to 7021 cycles
Relaxing scrub interval from 7021 cycles to 8776 cycles
Relaxing scrub interval from 8776 cycles to 10970 cycles
Tightening scrub interval from 10970 cycles to 5485 cycles
Relaxing scrub interval from 5485 cycles to 6856 cycles
Relaxing scrub interval from 6856 cycles to 8570 cycles
Tightening scrub interval from 8570 cycles to 4285 cycles
Relaxing scrub interval from 4285 cycles to 5356 cycles
Relaxing scrub interval from 5356 cycles to 6695 cycles
Tightening scrub interval from 6695 cycles to 3347 cycles
Relaxing scrub interval from 3347 cycles to 4183 cycles
Relaxing scrub interval from 4183 cycles to 5228 cycles
Relaxing scrub interval from 5228 cycles to 6535 cycles
Relaxing scrub interval from 6535 cycles to 8168 cycles
Tightening scrub interval from 8168 cycles to 4084 cycles
Relaxing scrub interval from 4084 cycles to 5105 cycles
Tightening scrub interval from 5105 cycles to 2552 cycles
Relaxing scrub interval from 2552 cycles to 3190 cycles
Relaxing scrub interval from 3190 cycles to 3987 cycles
Relaxing scrub interval from 3987 cycles to 4983 cycles
Relaxing scrub interval from 4983 cycles to 6228 cycles
Relaxing scrub interval from 6228 cycles to 7785 cycles
Tightening scrub interval from 7785 cycles to 3892 cycles
Relaxing scrub interval from 3892 cycles to 4865 cycles
Tightening scrub interval from 4865 cycles to 2432 cycles
Relaxing scrub interval from 2432 cycles to 3040 cycles
Relaxing scrub interval from 3040 cycles to 3800 cycles
Relaxing scrub interval from 3800 cycles to 4750 cycles
Relaxing scrub interval from 4750 cycles to 5937 cycles
Relaxing scrub interval from 5937 cycles to 7421 cycles
Tightening scrub interval from 7421 cycles to 3710 cycles
Relaxing scrub interval from 3710 cycles to 4637 cycles
Relaxing scrub interval from 4637 cycles to 5796 cycles
Relaxing scrub interval from 5796 cycles to 7245 cycles
Relaxing scrub interval from 7245 cycles to 9056 cycles
Relaxing scrub interval from 9056 cycles to 11320 cycles
Tightening scrub interval from 11320 cycles to 5660 cycles
Relaxing scrub interval from 5660 cycles to 7075 cycles
Relaxing scrub interval from 7075 cycles to 8843 cycles
Tightening scrub interval from 8843 cycles to 4421 cycles
Tightening scrub interval from 4421 cycles to 2210 cycles
Relaxing scrub interval from 2210 cycles to 2762 cycles
Tightening scrub interval from 2762 cycles to 1381 cycles
Relaxing scrub interval from 1381 cycles to 1726 cycles
Tightening scrub interval from 1726 cycles to 863 cycles
Relaxing scrub interval from 863 cycles to 1078 cycles
Relaxing scrub interval from 1078 cycles to 1347 cycles
Relaxing scrub interval from 1347 cycles to 1683 cycles
Tightening scrub interval from 1683 cycles to 841 cycles
Relaxing scrub interval from 841 cycles to 1051 cycles
Tightening scrub interval from 1051 cycles to 525 cycles
Relaxing scrub interval from 525 cycles to 656 cycles
Relaxing scrub interval from 656 cycles to 820 cycles
Relaxing scrub interval from 820 cycles to 1025 cycles
Relaxing scrub interval from 1025 cycles to 1281 cycles
Relaxing scrub interval from 1281 cycles to 1601 cycles
Relaxing scrub interval from 1601 cycles to 2001 cycles
Tightening scrub interval from 2001 cycles to 1000 cycles
Relaxing scrub interval from 1000 cycles to 1250 cycles
Relaxing scrub interval from 1250 cycles to 1562 cycles
Tightening scrub interval from 1562 cycles to 781 cycles
Relaxing scrub interval from 781 cycles to 976 cycles
Relaxing scrub interval from 976 cycles to 1220 cycles
Relaxing scrub interval from 1220 cycles to 1525 cycles
Relaxing scrub interval from 1525 cycles to 1906 cycles
Relaxing scrub interval from 1906 cycles to 2382 cycles
Relaxing scrub interval from 2382 cycles to 2977 cycles
Tightening scrub interval from 2977 cycles to 1488 cycles
Relaxing scrub interval from 1488 cycles to 1860 cycles
Relaxing scrub interval from 1860 cycles to 2325 cycles
Relaxing scrub interval from 2325 cycles to 2906 cycles
Relaxing scrub interval from 2906 cycles to 3632 cycles
Tightening scrub interval from 3632 cycles to 1816 cycles
Relaxing scrub interval from 1816 cycles to 2270 cycles
Tightening scrub interval from 2270 cycles to 1135 cycles
Relaxing scrub interval from 1135 cycles to 1418 cycles
Relaxing scrub interval from 1418 cycles to 1772 cycles
Tightening scrub interval from 1772 cycles to 886 cycles
Tightening scrub interval from 886 cycles to 443 cycles
Relaxing scrub interval from 443 cycles to 553 cycles
Relaxing scrub interval from 553 cycles to 691 cycles
Tightening scrub interval from 691 cycles to 345 cycles
Relaxing scrub interval from 345 cycles to 431 cycles
Tightening scrub interval from 431 cycles to 215 cycles
Relaxing scrub interval from 215 cycles to 268 cycles
Relaxing scrub interval from 268 cycles to 335 cycles
Relaxing scrub interval from 335 cycles to 418 cycles
Tightening scrub interval from 418 cycles to 209 cycles
Relaxing scrub interval from 209 cycles to 261 cycles
Relaxing scrub interval from 261 cycles to 326 cycles
Relaxing scrub interval from 326 cycles to 407 cycles
Relaxing scrub interval from 407 cycles to 508 cycles
Relaxing scrub interval from 508 cycles to 635 cycles
Relaxing scrub interval from 635 cycles to 793 cycles
Relaxing scrub interval from 793 cycles to 991 cycles
Tightening scrub interval from 991 cycles to 495 cycles
Relaxing scrub interval from 495 cycles to 618 cycles
Relaxing scrub interval from 618 cycles to 772 cycles
Relaxing scrub interval from 772 cycles to 965 cycles
Relaxing scrub interval from 965 cycles to 1206 cycles
Relaxing scrub interval from 1206 cycles to 1507 cycles
Tightening scrub interval from 1507 cycles to 753 cycles
Relaxing scrub interval from 753 cycles to 941 cycles
Relaxing scrub interval from 941 cycles to 1176 cycles
Relaxing scrub interval from 1176 cycles to 1470 cycles
Relaxing scrub interval from 1470 cycles to 1837 cycles
Relaxing scrub interval from 1837 cycles to 2296 cycles
Relaxing scrub interval from 2296 cycles to 2870 cycles
Relaxing scrub interval from 2870 cycles to 3587 cycles
Relaxing scrub interval from 3587 cycles to 4483 cycles
Relaxing scrub interval from 4483 cycles to 5603 cycles
Tightening scrub interval from 5603 cycles to 2801 cycles
Tightening scrub interval from 2801 cycles to 1400 cycles
Relaxing scrub interval from 1400 cycles to 1750 cycles
Relaxing scrub interval from 1750 cycles to 2187 cycles
Relaxing scrub interval from 2187 cycles to 2733 cycles
Relaxing scrub interval from 2733 cycles to 3416 cycles
Tightening scrub interval from 3416 cycles to 1708 cycles
Tightening scrub interval from 1708 cycles to 854 cycles
Relaxing scrub interval from 854 cycles to 1067 cycles
Relaxing scrub interval from 1067 cycles to 1333 cycles
Tightening scrub interval from 1333 cycles to 666 cycles
Relaxing scrub interval from 666 cycles to 832 cycles
Relaxing scrub interval from 832 cycles to 1040 cycles
Relaxing scrub interval from 1040 cycles to 1300 cycles
Relaxing scrub interval from 1300 cycles to 1625 cycles
Relaxing scrub interval from 1625 cycles to 2031 cycles
Relaxing scrub interval from 2031 cycles to 2538 cycles
Tightening scrub interval from 2538 cycles to 1269 cycles
Relaxing scrub interval from 1269 cycles to 1586 cycles
Relaxing scrub interval from 1586 cycles to 1982 cycles
Relaxing scrub interval from 1982 cycles to 2477 cycles
Relaxing scrub interval from 2477 cycles to 3096 cycles
Relaxing scrub interval from 3096 cycles to 3870 cycles
Tightening scrub interval from 3870 cycles to 1935 cycles
Relaxing scrub interval from 1935 cycles to 2418 cycles
Relaxing scrub interval from 2418 cycles to 3022 cycles
Tightening scrub interval from 3022 cycles to 1511 cycles
Relaxing scrub interval from 1511 cycles to 1888 cycles
Relaxing scrub interval from 1888 cycles to 2360 cycles
Tightening scrub interval from 2360 cycles to 1180 cycles
Relaxing scrub interval from 1180 cycles to 1475 cycles
Relaxing scrub interval from 1475 cycles to 1843 cycles
Relaxing scrub interval from 1843 cycles to 2303 cycles
Tightening scrub interval from 2303 cycles to 1151 cycles
Relaxing scrub interval from 1151 cycles to 1438 cycles
Relaxing scrub interval from 1438 cycles to 1797 cycles
Relaxing scrub interval from 1797 cycles to 2246 cycles
Relaxing scrub interval from 2246 cycles to 2807 cycles
Relaxing scrub interval from 2807 cycles to 3508 cycles
Relaxing scrub interval from 3508 cycles to 4385 cycles
Relaxing scrub interval from 4385 cycles to 5481 cycles
Tightening scrub interval from 5481 cycles to 2740 cycles
Relaxing scrub interval from 2740 cycles to 3425 cycles
Tightening scrub interval from 3425 cycles to 1712 cycles
Relaxing scrub interval from 1712 cycles to 2140 cycles
Relaxing scrub interval from 2140 cycles to 2675 cycles
Relaxing scrub interval from 2675 cycles to 3343 cycles
Relaxing scrub interval from 3343 cycles to 4178 cycles
Relaxing scrub interval from 4178 cycles to 5222 cycles
Relaxing scrub interval from 5222 cycles to 6527 cycles
Relaxing scrub interval from 6527 cycles to 8158 cycles
Tightening scrub interval from 8158 cycles to 4079 cycles
Relaxing scrub interval from 4079 cycles to 5098 cycles
Relaxing scrub interval from 5098 cycles to 6372 cycles
Tightening scrub interval from 6372 cycles to 3186 cycles
Tightening scrub interval from 3186 cycles to 1593 cycles
Relaxing scrub interval from 1593 cycles to 1991 cycles
Relaxing scrub interval from 1991 cycles to 2488 cycles
Relaxing scrub interval from 2488 cycles to 3110 cycles
Relaxing scrub interval from 3110 cycles to 3887 cycles
Relaxing scrub interval from 3887 cycles to 4858 cycles
Relaxing scrub interval from 4858 cycles to 6072 cycles
Relaxing scrub interval from 6072 cycles to 7590 cycles
Relaxing scrub interval from 7590 cycles to 9487 cycles
Tightening scrub interval from 9487 cycles to 4743 cycles
Tightening scrub interval from 4743 cycles to 2371 cycles
Relaxing scrub interval from 2371 cycles to 2963 cycles
Tightening scrub interval from 2963 cycles to 1481 cycles
Relaxing scrub interval from 1481 cycles to 1851 cycles
Relaxing scrub interval from 1851 cycles to 2313 cycles
Relaxing scrub interval from 2313 cycles to 2891 cycles
Relaxing scrub interval from 2891 cycles to 3613 cycles
Tightening scrub interval from 3613 cycles to 1806 cycles
Relaxing scrub interval from 1806 cycles to 2257 cycles
Relaxing scrub interval from 2257 cycles to 2821 cycles
Relaxing scrub interval from 2821 cycles to 3526 cycles
Relaxing scrub interval from 3526 cycles to 4407 cycles
Relaxing scrub interval from 4407 cycles to 5508 cycles
Relaxing scrub interval from 5508 cycles to 6885 cycles
Tightening scrub interval from 6885 cycles to 3442 cycles
Relaxing scrub interval from 3442 cycles to 4302 cycles
Relaxing scrub interval from 4302 cycles to 5377 cycles
Relaxing scrub interval from 5377 cycles to 6721 cycles
Relaxing scrub interval from 6721 cycles to 8401 cycles
Relaxing scrub interval from 8401 cycles to 10501 cycles
Relaxing scrub interval from 10501 cycles to 13126 cycles
Relaxing scrub interval from 13126 cycles to 16407 cycles
Relaxing scrub interval from 16407 cycles to 20508 cycles
Tightening scrub interval from 20508 cycles to 10254 cycles
Relaxing scrub interval from 10254 cycles to 12817 cycles
Relaxing scrub interval from 12817 cycles to 16021 cycles
Tightening scrub interval from 16021 cycles to 8010 cycles
Relaxing scrub interval from 8010 cycles to 10012 cycles
Relaxing scrub interval from 10012 cycles to 12515 cycles
Tightening scrub interval from 12515 cycles to 6257 cycles
Tightening scrub interval from 6257 cycles to 3128 cycles
Relaxing scrub interval from 3128 cycles to 3910 cycles
Relaxing scrub interval from 3910 cycles to 4887 cycles
Tightening scrub interval from 4887 cycles to 2443 cycles
Relaxing scrub interval from 2443 cycles to 3053 cycles
Relaxing scrub interval from 3053 cycles to 3816 cycles
Tightening scrub interval from 3816 cycles to 1908 cycles
Relaxing scrub interval from 1908 cycles to 2385 cycles
Relaxing scrub interval from 2385 cycles to 2981 cycles
Tightening scrub interval from 2981 cycles to 1490 cycles
Relaxing scrub interval from 1490 cycles to 1862 cycles
Relaxing scrub interval from 1862 cycles to 2327 cycles
Relaxing scrub interval from 2327 cycles to 2908 cycles
Relaxing scrub interval from 2908 cycles to 3635 cycles
Relaxing scrub interval from 3635 cycles to 4543 cycles
Relaxing scrub interval from 4543 cycles to 5678 cycles
Relaxing scrub interval from 5678 cycles to 7097 cycles
Relaxing scrub interval from 7097 cycles to 8871 cycles
Tightening scrub interval from 8871 cycles to 4435 cycles
