warn: No dot file generated. Please install pydot to generate the dot file and pdf.
Scrubbing enabled with adaptive interval starting at 10 cycles, tightening factor 2, relax factor 1.25
src/arch/riscv/isa.cc:275: info: RVV enabled, VLEN = 256 bits, ELEN = 64 bits
src/base/statistics.hh:279: warn: One of the stats is a legacy stat. Legacy stat is a stat that does not belong to any statistics::Group. Legacy stat is deprecated.
src/base/remote_gdb.cc:418: warn: Sockets disabled, not accepting gdb connections
src/sim/simulate.cc:199: info: Entering event queue @ 0.  Starting simulation...
Relaxing scrub interval from 10 cycles to 12 cycles
Relaxing scrub interval from 12 cycles to 15 cycles
Relaxing scrub interval from 15 cycles to 18 cycles
Relaxing scrub interval from 18 cycles to 22 cycles
Relaxing scrub interval from 22 cycles to 27 cycles
Relaxing scrub interval from 27 cycles to 33 cycles
Relaxing scrub interval from 33 cycles to 41 cycles
Relaxing scrub interval from 41 cycles to 51 cycles
Relaxing scrub interval from 51 cycles to 63 cycles
Relaxing scrub interval from 63 cycles to 78 cycles
Relaxing scrub interval from 78 cycles to 97 cycles
Relaxing scrub interval from 97 cycles to 121 cycles
Relaxing scrub interval from 121 cycles to 151 cycles
Relaxing scrub interval from 151 cycles to 188 cycles
Relaxing scrub interval from 188 cycles to 235 cycles
Relaxing scrub interval from 235 cycles to 293 cycles
Relaxing scrub interval from 293 cycles to 366 cycles
Relaxing scrub interval from 366 cycles to 457 cycles
Relaxing scrub interval from 457 cycles to 571 cycles
Relaxing scrub interval from 571 cycles to 713 cycles
Relaxing scrub interval from 713 cycles to 891 cycles
src/sim/syscall_emul.cc:86: warn: ignoring syscall set_robust_list(...)
      (further warnings will be suppressed)
Relaxing scrub interval from 891 cycles to 1113 cycles
Relaxing scrub interval from 1113 cycles to 1391 cycles
src/sim/syscall_emul.hh:1014: warn: readlink() called on '/proc/self/exe' may yield unexpected results in various settings.
      Returning '/home/cs1952y-user/gem5/1952y-fp/gem5/tests/test-progs/cs1952y-fp/alt'
src/sim/mem_state.cc:448: info: Increasing stack size by one page.
Relaxing scrub interval from 1391 cycles to 1738 cycles
Relaxing scrub interval from 1738 cycles to 2172 cycles
Relaxing scrub interval from 2172 cycles to 2715 cycles
Relaxing scrub interval from 2715 cycles to 3393 cycles
Relaxing scrub interval from 3393 cycles to 4241 cycles
src/sim/syscall_emul.cc:75: warn: ignoring syscall mprotect(...) at tick 17327000
Relaxing scrub interval from 4241 cycles to 5301 cycles
Relaxing scrub interval from 5301 cycles to 6626 cycles
Relaxing scrub interval from 6626 cycles to 8282 cycles
Relaxing scrub interval from 8282 cycles to 10352 cycles
Relaxing scrub interval from 10352 cycles to 12940 cycles
Relaxing scrub interval from 12940 cycles to 16175 cycles
Tightening scrub interval from 16175 cycles to 8087 cycles
Tightening scrub interval from 8087 cycles to 4043 cycles
Relaxing scrub interval from 4043 cycles to 5053 cycles
Tightening scrub interval from 5053 cycles to 2526 cycles
Relaxing scrub interval from 2526 cycles to 3157 cycles
Relaxing scrub interval from 3157 cycles to 3946 cycles
Tightening scrub interval from 3946 cycles to 1973 cycles
Tightening scrub interval from 1973 cycles to 986 cycles
Relaxing scrub interval from 986 cycles to 1232 cycles
Relaxing scrub interval from 1232 cycles to 1540 cycles
Relaxing scrub interval from 1540 cycles to 1925 cycles
Relaxing scrub interval from 1925 cycles to 2406 cycles
Relaxing scrub interval from 2406 cycles to 3007 cycles
Relaxing scrub interval from 3007 cycles to 3758 cycles
Relaxing scrub interval from 3758 cycles to 4697 cycles
Tightening scrub interval from 4697 cycles to 2348 cycles
Relaxing scrub interval from 2348 cycles to 2935 cycles
Tightening scrub interval from 2935 cycles to 1467 cycles
Relaxing scrub interval from 1467 cycles to 1833 cycles
Relaxing scrub interval from 1833 cycles to 2291 cycles
Tightening scrub interval from 2291 cycles to 1145 cycles
Relaxing scrub interval from 1145 cycles to 1431 cycles
Relaxing scrub interval from 1431 cycles to 1788 cycles
Relaxing scrub interval from 1788 cycles to 2235 cycles
Relaxing scrub interval from 2235 cycles to 2793 cycles
Tightening scrub interval from 2793 cycles to 1396 cycles
Relaxing scrub interval from 1396 cycles to 1745 cycles
Tightening scrub interval from 1745 cycles to 872 cycles
Relaxing scrub interval from 872 cycles to 1090 cycles
Relaxing scrub interval from 1090 cycles to 1362 cycles
Relaxing scrub interval from 1362 cycles to 1702 cycles
Relaxing scrub interval from 1702 cycles to 2127 cycles
Tightening scrub interval from 2127 cycles to 1063 cycles
Relaxing scrub interval from 1063 cycles to 1328 cycles
Relaxing scrub interval from 1328 cycles to 1660 cycles
Relaxing scrub interval from 1660 cycles to 2075 cycles
Relaxing scrub interval from 2075 cycles to 2593 cycles
Relaxing scrub interval from 2593 cycles to 3241 cycles
Relaxing scrub interval from 3241 cycles to 4051 cycles
Relaxing scrub interval from 4051 cycles to 5063 cycles
Relaxing scrub interval from 5063 cycles to 6328 cycles
Tightening scrub interval from 6328 cycles to 3164 cycles
Relaxing scrub interval from 3164 cycles to 3955 cycles
Relaxing scrub interval from 3955 cycles to 4943 cycles
Relaxing scrub interval from 4943 cycles to 6178 cycles
Relaxing scrub interval from 6178 cycles to 7722 cycles
Tightening scrub interval from 7722 cycles to 3861 cycles
Relaxing scrub interval from 3861 cycles to 4826 cycles
Relaxing scrub interval from 4826 cycles to 6032 cycles
Tightening scrub interval from 6032 cycles to 3016 cycles
Relaxing scrub interval from 3016 cycles to 3770 cycles
Relaxing scrub interval from 3770 cycles to 4712 cycles
Relaxing scrub interval from 4712 cycles to 5890 cycles
Tightening scrub interval from 5890 cycles to 2945 cycles
Relaxing scrub interval from 2945 cycles to 3681 cycles
Relaxing scrub interval from 3681 cycles to 4601 cycles
Tightening scrub interval from 4601 cycles to 2300 cycles
Tightening scrub interval from 2300 cycles to 1150 cycles
Relaxing scrub interval from 1150 cycles to 1437 cycles
Relaxing scrub interval from 1437 cycles to 1796 cycles
Relaxing scrub interval from 1796 cycles to 2245 cycles
Relaxing scrub interval from 2245 cycles to 2806 cycles
Tightening scrub interval from 2806 cycles to 1403 cycles
Relaxing scrub interval from 1403 cycles to 1753 cycles
Relaxing scrub interval from 1753 cycles to 2191 cycles
Relaxing scrub interval from 2191 cycles to 2738 cycles
Tightening scrub interval from 2738 cycles to 1369 cycles
Relaxing scrub interval from 1369 cycles to 1711 cycles
Relaxing scrub interval from 1711 cycles to 2138 cycles
Tightening scrub interval from 2138 cycles to 1069 cycles
Relaxing scrub interval from 1069 cycles to 1336 cycles
Relaxing scrub interval from 1336 cycles to 1670 cycles
Relaxing scrub interval from 1670 cycles to 2087 cycles
Relaxing scrub interval from 2087 cycles to 2608 cycles
Tightening scrub interval from 2608 cycles to 1304 cycles
Relaxing scrub interval from 1304 cycles to 1630 cycles
Relaxing scrub interval from 1630 cycles to 2037 cycles
Relaxing scrub interval from 2037 cycles to 2546 cycles
Relaxing scrub interval from 2546 cycles to 3182 cycles
Relaxing scrub interval from 3182 cycles to 3977 cycles
Tightening scrub interval from 3977 cycles to 1988 cycles
Relaxing scrub interval from 1988 cycles to 2485 cycles
Relaxing scrub interval from 2485 cycles to 3106 cycles
Relaxing scrub interval from 3106 cycles to 3882 cycles
Tightening scrub interval from 3882 cycles to 1941 cycles
Relaxing scrub interval from 1941 cycles to 2426 cycles
Relaxing scrub interval from 2426 cycles to 3032 cycles
Relaxing scrub interval from 3032 cycles to 3790 cycles
Relaxing scrub interval from 3790 cycles to 4737 cycles
Tightening scrub interval from 4737 cycles to 2368 cycles
Relaxing scrub interval from 2368 cycles to 2960 cycles
Relaxing scrub interval from 2960 cycles to 3700 cycles
Relaxing scrub interval from 3700 cycles to 4625 cycles
Relaxing scrub interval from 4625 cycles to 5781 cycles
Relaxing scrub interval from 5781 cycles to 7226 cycles
Tightening scrub interval from 7226 cycles to 3613 cycles
Relaxing scrub interval from 3613 cycles to 4516 cycles
Relaxing scrub interval from 4516 cycles to 5645 cycles
Relaxing scrub interval from 5645 cycles to 7056 cycles
Relaxing scrub interval from 7056 cycles to 8820 cycles
Tightening scrub interval from 8820 cycles to 4410 cycles
Relaxing scrub interval from 4410 cycles to 5512 cycles
Relaxing scrub interval from 5512 cycles to 6890 cycles
Relaxing scrub interval from 6890 cycles to 8612 cycles
Tightening scrub interval from 8612 cycles to 4306 cycles
Tightening scrub interval from 4306 cycles to 2153 cycles
Relaxing scrub interval from 2153 cycles to 2691 cycles
Tightening scrub interval from 2691 cycles to 1345 cycles
Relaxing scrub interval from 1345 cycles to 1681 cycles
Relaxing scrub interval from 1681 cycles to 2101 cycles
Relaxing scrub interval from 2101 cycles to 2626 cycles
Relaxing scrub interval from 2626 cycles to 3282 cycles
Relaxing scrub interval from 3282 cycles to 4102 cycles
Tightening scrub interval from 4102 cycles to 2051 cycles
Relaxing scrub interval from 2051 cycles to 2563 cycles
Tightening scrub interval from 2563 cycles to 1281 cycles
Relaxing scrub interval from 1281 cycles to 1601 cycles
Relaxing scrub interval from 1601 cycles to 2001 cycles
Relaxing scrub interval from 2001 cycles to 2501 cycles
Relaxing scrub interval from 2501 cycles to 3126 cycles
Relaxing scrub interval from 3126 cycles to 3907 cycles
Relaxing scrub interval from 3907 cycles to 4883 cycles
Relaxing scrub interval from 4883 cycles to 6103 cycles
Tightening scrub interval from 6103 cycles to 3051 cycles
Relaxing scrub interval from 3051 cycles to 3813 cycles
Relaxing scrub interval from 3813 cycles to 4766 cycles
Relaxing scrub interval from 4766 cycles to 5957 cycles
Tightening scrub interval from 5957 cycles to 2978 cycles
Tightening scrub interval from 2978 cycles to 1489 cycles
Tightening scrub interval from 1489 cycles to 744 cycles
Relaxing scrub interval from 744 cycles to 930 cycles
Relaxing scrub interval from 930 cycles to 1162 cycles
Relaxing scrub interval from 1162 cycles to 1452 cycles
Relaxing scrub interval from 1452 cycles to 1815 cycles
Tightening scrub interval from 1815 cycles to 907 cycles
Relaxing scrub interval from 907 cycles to 1133 cycles
Relaxing scrub interval from 1133 cycles to 1416 cycles
Relaxing scrub interval from 1416 cycles to 1770 cycles
Relaxing scrub interval from 1770 cycles to 2212 cycles
Relaxing scrub interval from 2212 cycles to 2765 cycles
Relaxing scrub interval from 2765 cycles to 3456 cycles
Relaxing scrub interval from 3456 cycles to 4320 cycles
Relaxing scrub interval from 4320 cycles to 5400 cycles
Tightening scrub interval from 5400 cycles to 2700 cycles
Relaxing scrub interval from 2700 cycles to 3375 cycles
Relaxing scrub interval from 3375 cycles to 4218 cycles
Relaxing scrub interval from 4218 cycles to 5272 cycles
Tightening scrub interval from 5272 cycles to 2636 cycles
Relaxing scrub interval from 2636 cycles to 3295 cycles
Relaxing scrub interval from 3295 cycles to 4118 cycles
Relaxing scrub interval from 4118 cycles to 5147 cycles
Relaxing scrub interval from 5147 cycles to 6433 cycles
Tightening scrub interval from 6433 cycles to 3216 cycles
Tightening scrub interval from 3216 cycles to 1608 cycles
Relaxing scrub interval from 1608 cycles to 2010 cycles
Relaxing scrub interval from 2010 cycles to 2512 cycles
Relaxing scrub interval from 2512 cycles to 3140 cycles
Relaxing scrub interval from 3140 cycles to 3925 cycles
Tightening scrub interval from 3925 cycles to 1962 cycles
Relaxing scrub interval from 1962 cycles to 2452 cycles
Relaxing scrub interval from 2452 cycles to 3065 cycles
Relaxing scrub interval from 3065 cycles to 3831 cycles
Relaxing scrub interval from 3831 cycles to 4788 cycles
Relaxing scrub interval from 4788 cycles to 5985 cycles
Relaxing scrub interval from 5985 cycles to 7481 cycles
Tightening scrub interval from 7481 cycles to 3740 cycles
Relaxing scrub interval from 3740 cycles to 4675 cycles
Tightening scrub interval from 4675 cycles to 2337 cycles
Relaxing scrub interval from 2337 cycles to 2921 cycles
Tightening scrub interval from 2921 cycles to 1460 cycles
Relaxing scrub interval from 1460 cycles to 1825 cycles
Relaxing scrub interval from 1825 cycles to 2281 cycles
Relaxing scrub interval from 2281 cycles to 2851 cycles
Relaxing scrub interval from 2851 cycles to 3563 cycles
Relaxing scrub interval from 3563 cycles to 4453 cycles
Relaxing scrub interval from 4453 cycles to 5566 cycles
Relaxing scrub interval from 5566 cycles to 6957 cycles
Relaxing scrub interval from 6957 cycles to 8696 cycles
Relaxing scrub interval from 8696 cycles to 10870 cycles
Tightening scrub interval from 10870 cycles to 5435 cycles
Tightening scrub interval from 5435 cycles to 2717 cycles
Relaxing scrub interval from 2717 cycles to 3396 cycles
Relaxing scrub interval from 3396 cycles to 4245 cycles
Relaxing scrub interval from 4245 cycles to 5306 cycles
Relaxing scrub interval from 5306 cycles to 6632 cycles
Tightening scrub interval from 6632 cycles to 3316 cycles
Tightening scrub interval from 3316 cycles to 1658 cycles
Relaxing scrub interval from 1658 cycles to 2072 cycles
Relaxing scrub interval from 2072 cycles to 2590 cycles
Relaxing scrub interval from 2590 cycles to 3237 cycles
Relaxing scrub interval from 3237 cycles to 4046 cycles
Relaxing scrub interval from 4046 cycles to 5057 cycles
Relaxing scrub interval from 5057 cycles to 6321 cycles
Tightening scrub interval from 6321 cycles to 3160 cycles
Relaxing scrub interval from 3160 cycles to 3950 cycles
Relaxing scrub interval from 3950 cycles to 4937 cycles
Tightening scrub interval from 4937 cycles to 2468 cycles
Relaxing scrub interval from 2468 cycles to 3085 cycles
Relaxing scrub interval from 3085 cycles to 3856 cycles
Relaxing scrub interval from 3856 cycles to 4820 cycles
Relaxing scrub interval from 4820 cycles to 6025 cycles
Relaxing scrub interval from 6025 cycles to 7531 cycles
Tightening scrub interval from 7531 cycles to 3765 cycles
Tightening scrub interval from 3765 cycles to 1882 cycles
Relaxing scrub interval from 1882 cycles to 2352 cycles
Tightening scrub interval from 2352 cycles to 1176 cycles
Relaxing scrub interval from 1176 cycles to 1470 cycles
Tightening scrub interval from 1470 cycles to 735 cycles
Relaxing scrub interval from 735 cycles to 918 cycles
Relaxing scrub interval from 918 cycles to 1147 cycles
Relaxing scrub interval from 1147 cycles to 1433 cycles
Relaxing scrub interval from 1433 cycles to 1791 cycles
Relaxing scrub interval from 1791 cycles to 2238 cycles
Relaxing scrub interval from 2238 cycles to 2797 cycles
Relaxing scrub interval from 2797 cycles to 3496 cycles
Relaxing scrub interval from 3496 cycles to 4370 cycles
Tightening scrub interval from 4370 cycles to 2185 cycles
Relaxing scrub interval from 2185 cycles to 2731 cycles
Tightening scrub interval from 2731 cycles to 1365 cycles
Relaxing scrub interval from 1365 cycles to 1706 cycles
Relaxing scrub interval from 1706 cycles to 2132 cycles
Tightening scrub interval from 2132 cycles to 1066 cycles
Relaxing scrub interval from 1066 cycles to 1332 cycles
Relaxing scrub interval from 1332 cycles to 1665 cycles
Relaxing scrub interval from 1665 cycles to 2081 cycles
Relaxing scrub interval from 2081 cycles to 2601 cycles
Relaxing scrub interval from 2601 cycles to 3251 cycles
Relaxing scrub interval from 3251 cycles to 4063 cycles
Tightening scrub interval from 4063 cycles to 2031 cycles
Tightening scrub interval from 2031 cycles to 1015 cycles
Relaxing scrub interval from 1015 cycles to 1268 cycles
Relaxing scrub interval from 1268 cycles to 1585 cycles
Relaxing scrub interval from 1585 cycles to 1981 cycles
Tightening scrub interval from 1981 cycles to 990 cycles
Relaxing scrub interval from 990 cycles to 1237 cycles
Relaxing scrub interval from 1237 cycles to 1546 cycles
Relaxing scrub interval from 1546 cycles to 1932 cycles
Relaxing scrub interval from 1932 cycles to 2415 cycles
Relaxing scrub interval from 2415 cycles to 3018 cycles
Tightening scrub interval from 3018 cycles to 1509 cycles
Relaxing scrub interval from 1509 cycles to 1886 cycles
Relaxing scrub interval from 1886 cycles to 2357 cycles
Relaxing scrub interval from 2357 cycles to 2946 cycles
Relaxing scrub interval from 2946 cycles to 3682 cycles
Tightening scrub interval from 3682 cycles to 1841 cycles
Relaxing scrub interval from 1841 cycles to 2301 cycles
Relaxing scrub interval from 2301 cycles to 2876 cycles
Relaxing scrub interval from 2876 cycles to 3595 cycles
Relaxing scrub interval from 3595 cycles to 4493 cycles
Relaxing scrub interval from 4493 cycles to 5616 cycles
Tightening scrub interval from 5616 cycles to 2808 cycles
Relaxing scrub interval from 2808 cycles to 3510 cycles
Tightening scrub interval from 3510 cycles to 1755 cycles
Relaxing scrub interval from 1755 cycles to 2193 cycles
Relaxing scrub interval from 2193 cycles to 2741 cycles
Tightening scrub interval from 2741 cycles to 1370 cycles
Relaxing scrub interval from 1370 cycles to 1712 cycles
Relaxing scrub interval from 1712 cycles to 2140 cycles
Tightening scrub interval from 2140 cycles to 1070 cycles
Relaxing scrub interval from 1070 cycles to 1337 cycles
Relaxing scrub interval from 1337 cycles to 1671 cycles
Tightening scrub interval from 1671 cycles to 835 cycles
Relaxing scrub interval from 835 cycles to 1043 cycles
Relaxing scrub interval from 1043 cycles to 1303 cycles
Relaxing scrub interval from 1303 cycles to 1628 cycles
Tightening scrub interval from 1628 cycles to 814 cycles
Relaxing scrub interval from 814 cycles to 1017 cycles
Relaxing scrub interval from 1017 cycles to 1271 cycles
Relaxing scrub interval from 1271 cycles to 1588 cycles
Relaxing scrub interval from 1588 cycles to 1985 cycles
Tightening scrub interval from 1985 cycles to 992 cycles
Relaxing scrub interval from 992 cycles to 1240 cycles
Relaxing scrub interval from 1240 cycles to 1550 cycles
Relaxing scrub interval from 1550 cycles to 1937 cycles
Relaxing scrub interval from 1937 cycles to 2421 cycles
Relaxing scrub interval from 2421 cycles to 3026 cycles
Relaxing scrub interval from 3026 cycles to 3782 cycles
Relaxing scrub interval from 3782 cycles to 4727 cycles
Tightening scrub interval from 4727 cycles to 2363 cycles
Relaxing scrub interval from 2363 cycles to 2953 cycles
Relaxing scrub interval from 2953 cycles to 3691 cycles
Relaxing scrub interval from 3691 cycles to 4613 cycles
Tightening scrub interval from 4613 cycles to 2306 cycles
Relaxing scrub interval from 2306 cycles to 2882 cycles
Relaxing scrub interval from 2882 cycles to 3602 cycles
Relaxing scrub interval from 3602 cycles to 4502 cycles
Relaxing scrub interval from 4502 cycles to 5627 cycles
Relaxing scrub interval from 5627 cycles to 7033 cycles
Tightening scrub interval from 7033 cycles to 3516 cycles
Relaxing scrub interval from 3516 cycles to 4395 cycles
Relaxing scrub interval from 4395 cycles to 5493 cycles
Tightening scrub interval from 5493 cycles to 2746 cycles
Relaxing scrub interval from 2746 cycles to 3432 cycles
Tightening scrub interval from 3432 cycles to 1716 cycles
Relaxing scrub interval from 1716 cycles to 2145 cycles
Relaxing scrub interval from 2145 cycles to 2681 cycles
Tightening scrub interval from 2681 cycles to 1340 cycles
Relaxing scrub interval from 1340 cycles to 1675 cycles
Relaxing scrub interval from 1675 cycles to 2093 cycles
Relaxing scrub interval from 2093 cycles to 2616 cycles
Relaxing scrub interval from 2616 cycles to 3270 cycles
Tightening scrub interval from 3270 cycles to 1635 cycles
Relaxing scrub interval from 1635 cycles to 2043 cycles
Tightening scrub interval from 2043 cycles to 1021 cycles
Relaxing scrub interval from 1021 cycles to 1276 cycles
Tightening scrub interval from 1276 cycles to 638 cycles
Relaxing scrub interval from 638 cycles to 797 cycles
Relaxing scrub interval from 797 cycles to 996 cycles
Relaxing scrub interval from 996 cycles to 1245 cycles
Relaxing scrub interval from 1245 cycles to 1556 cycles
Tightening scrub interval from 1556 cycles to 778 cycles
Relaxing scrub interval from 778 cycles to 972 cycles
Relaxing scrub interval from 972 cycles to 1215 cycles
Relaxing scrub interval from 1215 cycles to 1518 cycles
Relaxing scrub interval from 1518 cycles to 1897 cycles
Relaxing scrub interval from 1897 cycles to 2371 cycles
Tightening scrub interval from 2371 cycles to 1185 cycles
Relaxing scrub interval from 1185 cycles to 1481 cycles
Tightening scrub interval from 1481 cycles to 740 cycles
Relaxing scrub interval from 740 cycles to 925 cycles
Relaxing scrub interval from 925 cycles to 1156 cycles
Relaxing scrub interval from 1156 cycles to 1445 cycles
Relaxing scrub interval from 1445 cycles to 1806 cycles
Relaxing scrub interval from 1806 cycles to 2257 cycles
Relaxing scrub interval from 2257 cycles to 2821 cycles
Relaxing scrub interval from 2821 cycles to 3526 cycles
Relaxing scrub interval from 3526 cycles to 4407 cycles
Tightening scrub interval from 4407 cycles to 2203 cycles
Relaxing scrub interval from 2203 cycles to 2753 cycles
Tightening scrub interval from 2753 cycles to 1376 cycles
Relaxing scrub interval from 1376 cycles to 1720 cycles
Relaxing scrub interval from 1720 cycles to 2150 cycles
Relaxing scrub interval from 2150 cycles to 2687 cycles
Relaxing scrub interval from 2687 cycles to 3358 cycles
Relaxing scrub interval from 3358 cycles to 4197 cycles
Tightening scrub interval from 4197 cycles to 2098 cycles
Relaxing scrub interval from 2098 cycles to 2622 cycles
Relaxing scrub interval from 2622 cycles to 3277 cycles
Relaxing scrub interval from 3277 cycles to 4096 cycles
Relaxing scrub interval from 4096 cycles to 5120 cycles
Relaxing scrub interval from 5120 cycles to 6400 cycles
Relaxing scrub interval from 6400 cycles to 8000 cycles
Tightening scrub interval from 8000 cycles to 4000 cycles
Relaxing scrub interval from 4000 cycles to 5000 cycles
Relaxing scrub interval from 5000 cycles to 6250 cycles
Relaxing scrub interval from 6250 cycles to 7812 cycles
Relaxing scrub interval from 7812 cycles to 9765 cycles
Relaxing scrub interval from 9765 cycles to 12206 cycles
Tightening scrub interval from 12206 cycles to 6103 cycles
Relaxing scrub interval from 6103 cycles to 7628 cycles
Relaxing scrub interval from 7628 cycles to 9535 cycles
Tightening scrub interval from 9535 cycles to 4767 cycles
Tightening scrub interval from 4767 cycles to 2383 cycles
Relaxing scrub interval from 2383 cycles to 2978 cycles
Relaxing scrub interval from 2978 cycles to 3722 cycles
Tightening scrub interval from 3722 cycles to 1861 cycles
Relaxing scrub interval from 1861 cycles to 2326 cycles
Relaxing scrub interval from 2326 cycles to 2907 cycles
Relaxing scrub interval from 2907 cycles to 3633 cycles
Tightening scrub interval from 3633 cycles to 1816 cycles
Relaxing scrub interval from 1816 cycles to 2270 cycles
Relaxing scrub interval from 2270 cycles to 2837 cycles
Relaxing scrub interval from 2837 cycles to 3546 cycles
Relaxing scrub interval from 3546 cycles to 4432 cycles
Relaxing scrub interval from 4432 cycles to 5540 cycles
Tightening scrub interval from 5540 cycles to 2770 cycles
Relaxing scrub interval from 2770 cycles to 3462 cycles
Tightening scrub interval from 3462 cycles to 1731 cycles
Relaxing scrub interval from 1731 cycles to 2163 cycles
Tightening scrub interval from 2163 cycles to 1081 cycles
Tightening scrub interval from 1081 cycles to 540 cycles
Relaxing scrub interval from 540 cycles to 675 cycles
Relaxing scrub interval from 675 cycles to 843 cycles
Relaxing scrub interval from 843 cycles to 1053 cycles
Relaxing scrub interval from 1053 cycles to 1316 cycles
Relaxing scrub interval from 1316 cycles to 1645 cycles
Relaxing scrub interval from 1645 cycles to 2056 cycles
Relaxing scrub interval from 2056 cycles to 2570 cycles
Relaxing scrub interval from 2570 cycles to 3212 cycles
Tightening scrub interval from 3212 cycles to 1606 cycles
Tightening scrub interval from 1606 cycles to 803 cycles
Relaxing scrub interval from 803 cycles to 1003 cycles
Relaxing scrub interval from 1003 cycles to 1253 cycles
Relaxing scrub interval from 1253 cycles to 1566 cycles
Relaxing scrub interval from 1566 cycles to 1957 cycles
Relaxing scrub interval from 1957 cycles to 2446 cycles
Relaxing scrub interval from 2446 cycles to 3057 cycles
Relaxing scrub interval from 3057 cycles to 3821 cycles
Relaxing scrub interval from 3821 cycles to 4776 cycles
Tightening scrub interval from 4776 cycles to 2388 cycles
Relaxing scrub interval from 2388 cycles to 2985 cycles
Relaxing scrub interval from 2985 cycles to 3731 cycles
Relaxing scrub interval from 3731 cycles to 4663 cycles
Relaxing scrub interval from 4663 cycles to 5828 cycles
Relaxing scrub interval from 5828 cycles to 7285 cycles
Relaxing scrub interval from 7285 cycles to 9106 cycles
Tightening scrub interval from 9106 cycles to 4553 cycles
Relaxing scrub interval from 4553 cycles to 5691 cycles
Tightening scrub interval from 5691 cycles to 2845 cycles
Relaxing scrub interval from 2845 cycles to 3556 cycles
Tightening scrub interval from 3556 cycles to 1778 cycles
Relaxing scrub interval from 1778 cycles to 2222 cycles
Relaxing scrub interval from 2222 cycles to 2777 cycles
Relaxing scrub interval from 2777 cycles to 3471 cycles
Relaxing scrub interval from 3471 cycles to 4338 cycles
Relaxing scrub interval from 4338 cycles to 5422 cycles
Tightening scrub interval from 5422 cycles to 2711 cycles
Relaxing scrub interval from 2711 cycles to 3388 cycles
Relaxing scrub interval from 3388 cycles to 4235 cycles
Relaxing scrub interval from 4235 cycles to 5293 cycles
Relaxing scrub interval from 5293 cycles to 6616 cycles
Tightening scrub interval from 6616 cycles to 3308 cycles
Relaxing scrub interval from 3308 cycles to 4135 cycles
Tightening scrub interval from 4135 cycles to 2067 cycles
Relaxing scrub interval from 2067 cycles to 2583 cycles
Relaxing scrub interval from 2583 cycles to 3228 cycles
Relaxing scrub interval from 3228 cycles to 4035 cycles
Relaxing scrub interval from 4035 cycles to 5043 cycles
Tightening scrub interval from 5043 cycles to 2521 cycles
Relaxing scrub interval from 2521 cycles to 3151 cycles
Relaxing scrub interval from 3151 cycles to 3938 cycles
Relaxing scrub interval from 3938 cycles to 4922 cycles
Relaxing scrub interval from 4922 cycles to 6152 cycles
Relaxing scrub interval from 6152 cycles to 7690 cycles
Relaxing scrub interval from 7690 cycles to 9612 cycles
Relaxing scrub interval from 9612 cycles to 12015 cycles
Tightening scrub interval from 12015 cycles to 6007 cycles
Tightening scrub interval from 6007 cycles to 3003 cycles
Relaxing scrub interval from 3003 cycles to 3753 cycles
Tightening scrub interval from 3753 cycles to 1876 cycles
Relaxing scrub interval from 1876 cycles to 2345 cycles
Relaxing scrub interval from 2345 cycles to 2931 cycles
Relaxing scrub interval from 2931 cycles to 3663 cycles
Tightening scrub interval from 3663 cycles to 1831 cycles
Relaxing scrub interval from 1831 cycles to 2288 cycles
Relaxing scrub interval from 2288 cycles to 2860 cycles
Relaxing scrub interval from 2860 cycles to 3575 cycles
Tightening scrub interval from 3575 cycles to 1787 cycles
Relaxing scrub interval from 1787 cycles to 2233 cycles
Relaxing scrub interval from 2233 cycles to 2791 cycles
Tightening scrub interval from 2791 cycles to 1395 cycles
Tightening scrub interval from 1395 cycles to 697 cycles
Tightening scrub interval from 697 cycles to 348 cycles
Relaxing scrub interval from 348 cycles to 435 cycles
Relaxing scrub interval from 435 cycles to 543 cycles
Relaxing scrub interval from 543 cycles to 678 cycles
Tightening scrub interval from 678 cycles to 339 cycles
Relaxing scrub interval from 339 cycles to 423 cycles
Relaxing scrub interval from 423 cycles to 528 cycles
Relaxing scrub interval from 528 cycles to 660 cycles
Relaxing scrub interval from 660 cycles to 825 cycles
Relaxing scrub interval from 825 cycles to 1031 cycles
Relaxing scrub interval from 1031 cycles to 1288 cycles
Relaxing scrub interval from 1288 cycles to 1610 cycles
Relaxing scrub interval from 1610 cycles to 2012 cycles
Tightening scrub interval from 2012 cycles to 1006 cycles
Relaxing scrub interval from 1006 cycles to 1257 cycles
Tightening scrub interval from 1257 cycles to 628 cycles
Relaxing scrub interval from 628 cycles to 785 cycles
Tightening scrub interval from 785 cycles to 392 cycles
Relaxing scrub interval from 392 cycles to 490 cycles
Relaxing scrub interval from 490 cycles to 612 cycles
Relaxing scrub interval from 612 cycles to 765 cycles
Relaxing scrub interval from 765 cycles to 956 cycles
Relaxing scrub interval from 956 cycles to 1195 cycles
Relaxing scrub interval from 1195 cycles to 1493 cycles
Relaxing scrub interval from 1493 cycles to 1866 cycles
Tightening scrub interval from 1866 cycles to 933 cycles
Relaxing scrub interval from 933 cycles to 1166 cycles
Relaxing scrub interval from 1166 cycles to 1457 cycles
Relaxing scrub interval from 1457 cycles to 1821 cycles
Relaxing scrub interval from 1821 cycles to 2276 cycles
Relaxing scrub interval from 2276 cycles to 2845 cycles
Relaxing scrub interval from 2845 cycles to 3556 cycles
Tightening scrub interval from 3556 cycles to 1778 cycles
Relaxing scrub interval from 1778 cycles to 2222 cycles
Relaxing scrub interval from 2222 cycles to 2777 cycles
Relaxing scrub interval from 2777 cycles to 3471 cycles
Tightening scrub interval from 3471 cycles to 1735 cycles
Relaxing scrub interval from 1735 cycles to 2168 cycles
Relaxing scrub interval from 2168 cycles to 2710 cycles
Relaxing scrub interval from 2710 cycles to 3387 cycles
Tightening scrub interval from 3387 cycles to 1693 cycles
Relaxing scrub interval from 1693 cycles to 2116 cycles
Tightening scrub interval from 2116 cycles to 1058 cycles
Relaxing scrub interval from 1058 cycles to 1322 cycles
Relaxing scrub interval from 1322 cycles to 1652 cycles
Relaxing scrub interval from 1652 cycles to 2065 cycles
Relaxing scrub interval from 2065 cycles to 2581 cycles
Tightening scrub interval from 2581 cycles to 1290 cycles
Relaxing scrub interval from 1290 cycles to 1612 cycles
Tightening scrub interval from 1612 cycles to 806 cycles
Relaxing scrub interval from 806 cycles to 1007 cycles
Relaxing scrub interval from 1007 cycles to 1258 cycles
Relaxing scrub interval from 1258 cycles to 1572 cycles
Relaxing scrub interval from 1572 cycles to 1965 cycles
Relaxing scrub interval from 1965 cycles to 2456 cycles
Relaxing scrub interval from 2456 cycles to 3070 cycles
Tightening scrub interval from 3070 cycles to 1535 cycles
Relaxing scrub interval from 1535 cycles to 1918 cycles
Tightening scrub interval from 1918 cycles to 959 cycles
Relaxing scrub interval from 959 cycles to 1198 cycles
Relaxing scrub interval from 1198 cycles to 1497 cycles
Relaxing scrub interval from 1497 cycles to 1871 cycles
Relaxing scrub interval from 1871 cycles to 2338 cycles
Relaxing scrub interval from 2338 cycles to 2922 cycles
Tightening scrub interval from 2922 cycles to 1461 cycles
Relaxing scrub interval from 1461 cycles to 1826 cycles
Relaxing scrub interval from 1826 cycles to 2282 cycles
Tightening scrub interval from 2282 cycles to 1141 cycles
Relaxing scrub interval from 1141 cycles to 1426 cycles
Relaxing scrub interval from 1426 cycles to 1782 cycles
Relaxing scrub interval from 1782 cycles to 2227 cycles
Relaxing scrub interval from 2227 cycles to 2783 cycles
Relaxing scrub interval from 2783 cycles to 3478 cycles
Relaxing scrub interval from 3478 cycles to 4347 cycles
Relaxing scrub interval from 4347 cycles to 5433 cycles
Tightening scrub interval from 5433 cycles to 2716 cycles
Relaxing scrub interval from 2716 cycles to 3395 cycles
Tightening scrub interval from 3395 cycles to 1697 cycles
Relaxing scrub interval from 1697 cycles to 2121 cycles
Relaxing scrub interval from 2121 cycles to 2651 cycles
Relaxing scrub interval from 2651 cycles to 3313 cycles
Relaxing scrub interval from 3313 cycles to 4141 cycles
Tightening scrub interval from 4141 cycles to 2070 cycles
Relaxing scrub interval from 2070 cycles to 2587 cycles
Relaxing scrub interval from 2587 cycles to 3233 cycles
Relaxing scrub interval from 3233 cycles to 4041 cycles
Tightening scrub interval from 4041 cycles to 2020 cycles
Relaxing scrub interval from 2020 cycles to 2525 cycles
Tightening scrub interval from 2525 cycles to 1262 cycles
Relaxing scrub interval from 1262 cycles to 1577 cycles
Relaxing scrub interval from 1577 cycles to 1971 cycles
Relaxing scrub interval from 1971 cycles to 2463 cycles
Relaxing scrub interval from 2463 cycles to 3078 cycles
Relaxing scrub interval from 3078 cycles to 3847 cycles
Relaxing scrub interval from 3847 cycles to 4808 cycles
Tightening scrub interval from 4808 cycles to 2404 cycles
Relaxing scrub interval from 2404 cycles to 3005 cycles
Relaxing scrub interval from 3005 cycles to 3756 cycles
Tightening scrub interval from 3756 cycles to 1878 cycles
Relaxing scrub interval from 1878 cycles to 2347 cycles
Relaxing scrub interval from 2347 cycles to 2933 cycles
Relaxing scrub interval from 2933 cycles to 3666 cycles
Relaxing scrub interval from 3666 cycles to 4582 cycles
Relaxing scrub interval from 4582 cycles to 5727 cycles
Relaxing scrub interval from 5727 cycles to 7158 cycles
Tightening scrub interval from 7158 cycles to 3579 cycles
Relaxing scrub interval from 3579 cycles to 4473 cycles
Relaxing scrub interval from 4473 cycles to 5591 cycles
Tightening scrub interval from 5591 cycles to 2795 cycles
Relaxing scrub interval from 2795 cycles to 3493 cycles
Relaxing scrub interval from 3493 cycles to 4366 cycles
Relaxing scrub interval from 4366 cycles to 5457 cycles
Relaxing scrub interval from 5457 cycles to 6821 cycles
Relaxing scrub interval from 6821 cycles to 8526 cycles
Relaxing scrub interval from 8526 cycles to 10657 cycles
Relaxing scrub interval from 10657 cycles to 13321 cycles
Tightening scrub interval from 13321 cycles to 6660 cycles
Tightening scrub interval from 6660 cycles to 3330 cycles
Relaxing scrub interval from 3330 cycles to 4162 cycles
