warn: No dot file generated. Please install pydot to generate the dot file and pdf.
Scrubbing enabled with adaptive interval starting at 10 cycles, tightening factor 2, relax factor 1.25
src/arch/riscv/isa.cc:275: info: RVV enabled, VLEN = 256 bits, ELEN = 64 bits
src/base/statistics.hh:279: warn: One of the stats is a legacy stat. Legacy stat is a stat that does not belong to any statistics::Group. Legacy stat is deprecated.
src/base/remote_gdb.cc:418: warn: Sockets disabled, not accepting gdb connections
src/sim/simulate.cc:199: info: Entering event queue @ 0.  Starting simulation...
Relaxing scrub interval from 10 cycles to 12 cycles
Relaxing scrub interval from 12 cycles to 15 cycles
Relaxing scrub interval from 15 cycles to 18 cycles
Relaxing scrub interval from 18 cycles to 22 cycles
Relaxing scrub interval from 22 cycles to 27 cycles
Relaxing scrub interval from 27 cycles to 33 cycles
Relaxing scrub interval from 33 cycles to 41 cycles
Relaxing scrub interval from 41 cycles to 51 cycles
Relaxing scrub interval from 51 cycles to 63 cycles
Relaxing scrub interval from 63 cycles to 78 cycles
Relaxing scrub interval from 78 cycles to 97 cycles
Relaxing scrub interval from 97 cycles to 121 cycles
Relaxing scrub interval from 121 cycles to 151 cycles
Relaxing scrub interval from 151 cycles to 188 cycles
Relaxing scrub interval from 188 cycles to 235 cycles
Relaxing scrub interval from 235 cycles to 293 cycles
Relaxing scrub interval from 293 cycles to 366 cycles
Relaxing scrub interval from 366 cycles to 457 cycles
Relaxing scrub interval from 457 cycles to 571 cycles
Relaxing scrub interval from 571 cycles to 713 cycles
Relaxing scrub interval from 713 cycles to 891 cycles
src/sim/syscall_emul.cc:86: warn: ignoring syscall set_robust_list(...)
      (further warnings will be suppressed)
Relaxing scrub interval from 891 cycles to 1113 cycles
Relaxing scrub interval from 1113 cycles to 1391 cycles
src/sim/syscall_emul.hh:1014: warn: readlink() called on '/proc/self/exe' may yield unexpected results in various settings.
      Returning '/home/cs1952y-user/gem5/1952y-fp/gem5/tests/test-progs/cs1952y-fp/alt'
src/sim/mem_state.cc:448: info: Increasing stack size by one page.
Relaxing scrub interval from 1391 cycles to 1738 cycles
Relaxing scrub interval from 1738 cycles to 2172 cycles
Relaxing scrub interval from 2172 cycles to 2715 cycles
Relaxing scrub interval from 2715 cycles to 3393 cycles
Relaxing scrub interval from 3393 cycles to 4241 cycles
src/sim/syscall_emul.cc:75: warn: ignoring syscall mprotect(...) at tick 17327000
Relaxing scrub interval from 4241 cycles to 5301 cycles
Relaxing scrub interval from 5301 cycles to 6626 cycles
Relaxing scrub interval from 6626 cycles to 8282 cycles
Relaxing scrub interval from 8282 cycles to 10352 cycles
Relaxing scrub interval from 10352 cycles to 12940 cycles
Tightening scrub interval from 12940 cycles to 6470 cycles
Tightening scrub interval from 6470 cycles to 3235 cycles
Relaxing scrub interval from 3235 cycles to 4043 cycles
Tightening scrub interval from 4043 cycles to 2021 cycles
Relaxing scrub interval from 2021 cycles to 2526 cycles
Relaxing scrub interval from 2526 cycles to 3157 cycles
Relaxing scrub interval from 3157 cycles to 3946 cycles
Tightening scrub interval from 3946 cycles to 1973 cycles
Relaxing scrub interval from 1973 cycles to 2466 cycles
Relaxing scrub interval from 2466 cycles to 3082 cycles
Relaxing scrub interval from 3082 cycles to 3852 cycles
Relaxing scrub interval from 3852 cycles to 4815 cycles
Relaxing scrub interval from 4815 cycles to 6018 cycles
Relaxing scrub interval from 6018 cycles to 7522 cycles
Tightening scrub interval from 7522 cycles to 3761 cycles
Relaxing scrub interval from 3761 cycles to 4701 cycles
Tightening scrub interval from 4701 cycles to 2350 cycles
Relaxing scrub interval from 2350 cycles to 2937 cycles
Tightening scrub interval from 2937 cycles to 1468 cycles
Relaxing scrub interval from 1468 cycles to 1835 cycles
Relaxing scrub interval from 1835 cycles to 2293 cycles
Relaxing scrub interval from 2293 cycles to 2866 cycles
Relaxing scrub interval from 2866 cycles to 3582 cycles
Relaxing scrub interval from 3582 cycles to 4477 cycles
Relaxing scrub interval from 4477 cycles to 5596 cycles
Relaxing scrub interval from 5596 cycles to 6995 cycles
Relaxing scrub interval from 6995 cycles to 8743 cycles
Relaxing scrub interval from 8743 cycles to 10928 cycles
Relaxing scrub interval from 10928 cycles to 13660 cycles
Tightening scrub interval from 13660 cycles to 6830 cycles
Relaxing scrub interval from 6830 cycles to 8537 cycles
Tightening scrub interval from 8537 cycles to 4268 cycles
Relaxing scrub interval from 4268 cycles to 5335 cycles
Tightening scrub interval from 5335 cycles to 2667 cycles
Tightening scrub interval from 2667 cycles to 1333 cycles
Relaxing scrub interval from 1333 cycles to 1666 cycles
Relaxing scrub interval from 1666 cycles to 2082 cycles
Relaxing scrub interval from 2082 cycles to 2602 cycles
Relaxing scrub interval from 2602 cycles to 3252 cycles
Relaxing scrub interval from 3252 cycles to 4065 cycles
Relaxing scrub interval from 4065 cycles to 5081 cycles
Relaxing scrub interval from 5081 cycles to 6351 cycles
Tightening scrub interval from 6351 cycles to 3175 cycles
Relaxing scrub interval from 3175 cycles to 3968 cycles
Tightening scrub interval from 3968 cycles to 1984 cycles
Relaxing scrub interval from 1984 cycles to 2480 cycles
Relaxing scrub interval from 2480 cycles to 3100 cycles
Tightening scrub interval from 3100 cycles to 1550 cycles
Relaxing scrub interval from 1550 cycles to 1937 cycles
Relaxing scrub interval from 1937 cycles to 2421 cycles
Relaxing scrub interval from 2421 cycles to 3026 cycles
Relaxing scrub interval from 3026 cycles to 3782 cycles
Relaxing scrub interval from 3782 cycles to 4727 cycles
Tightening scrub interval from 4727 cycles to 2363 cycles
Relaxing scrub interval from 2363 cycles to 2953 cycles
Tightening scrub interval from 2953 cycles to 1476 cycles
Tightening scrub interval from 1476 cycles to 738 cycles
Tightening scrub interval from 738 cycles to 369 cycles
Relaxing scrub interval from 369 cycles to 461 cycles
Relaxing scrub interval from 461 cycles to 576 cycles
Relaxing scrub interval from 576 cycles to 720 cycles
Relaxing scrub interval from 720 cycles to 900 cycles
Relaxing scrub interval from 900 cycles to 1125 cycles
Relaxing scrub interval from 1125 cycles to 1406 cycles
Relaxing scrub interval from 1406 cycles to 1757 cycles
Relaxing scrub interval from 1757 cycles to 2196 cycles
Relaxing scrub interval from 2196 cycles to 2745 cycles
Relaxing scrub interval from 2745 cycles to 3431 cycles
Tightening scrub interval from 3431 cycles to 1715 cycles
Relaxing scrub interval from 1715 cycles to 2143 cycles
Relaxing scrub interval from 2143 cycles to 2678 cycles
Relaxing scrub interval from 2678 cycles to 3347 cycles
Relaxing scrub interval from 3347 cycles to 4183 cycles
Relaxing scrub interval from 4183 cycles to 5228 cycles
Tightening scrub interval from 5228 cycles to 2614 cycles
Relaxing scrub interval from 2614 cycles to 3267 cycles
Tightening scrub interval from 3267 cycles to 1633 cycles
Relaxing scrub interval from 1633 cycles to 2041 cycles
Relaxing scrub interval from 2041 cycles to 2551 cycles
Relaxing scrub interval from 2551 cycles to 3188 cycles
Relaxing scrub interval from 3188 cycles to 3985 cycles
Relaxing scrub interval from 3985 cycles to 4981 cycles
Tightening scrub interval from 4981 cycles to 2490 cycles
Relaxing scrub interval from 2490 cycles to 3112 cycles
Relaxing scrub interval from 3112 cycles to 3890 cycles
Relaxing scrub interval from 3890 cycles to 4862 cycles
Tightening scrub interval from 4862 cycles to 2431 cycles
Relaxing scrub interval from 2431 cycles to 3038 cycles
Relaxing scrub interval from 3038 cycles to 3797 cycles
Relaxing scrub interval from 3797 cycles to 4746 cycles
Relaxing scrub interval from 4746 cycles to 5932 cycles
Tightening scrub interval from 5932 cycles to 2966 cycles
Relaxing scrub interval from 2966 cycles to 3707 cycles
Relaxing scrub interval from 3707 cycles to 4633 cycles
Relaxing scrub interval from 4633 cycles to 5791 cycles
Tightening scrub interval from 5791 cycles to 2895 cycles
Relaxing scrub interval from 2895 cycles to 3618 cycles
Relaxing scrub interval from 3618 cycles to 4522 cycles
Tightening scrub interval from 4522 cycles to 2261 cycles
Relaxing scrub interval from 2261 cycles to 2826 cycles
Relaxing scrub interval from 2826 cycles to 3532 cycles
Relaxing scrub interval from 3532 cycles to 4415 cycles
Relaxing scrub interval from 4415 cycles to 5518 cycles
Tightening scrub interval from 5518 cycles to 2759 cycles
Relaxing scrub interval from 2759 cycles to 3448 cycles
Relaxing scrub interval from 3448 cycles to 4310 cycles
Relaxing scrub interval from 4310 cycles to 5387 cycles
Relaxing scrub interval from 5387 cycles to 6733 cycles
Relaxing scrub interval from 6733 cycles to 8416 cycles
Relaxing scrub interval from 8416 cycles to 10520 cycles
Tightening scrub interval from 10520 cycles to 5260 cycles
Relaxing scrub interval from 5260 cycles to 6575 cycles
Relaxing scrub interval from 6575 cycles to 8218 cycles
Relaxing scrub interval from 8218 cycles to 10272 cycles
Tightening scrub interval from 10272 cycles to 5136 cycles
Relaxing scrub interval from 5136 cycles to 6420 cycles
Relaxing scrub interval from 6420 cycles to 8025 cycles
Tightening scrub interval from 8025 cycles to 4012 cycles
Relaxing scrub interval from 4012 cycles to 5015 cycles
Tightening scrub interval from 5015 cycles to 2507 cycles
Relaxing scrub interval from 2507 cycles to 3133 cycles
Tightening scrub interval from 3133 cycles to 1566 cycles
Relaxing scrub interval from 1566 cycles to 1957 cycles
Relaxing scrub interval from 1957 cycles to 2446 cycles
Relaxing scrub interval from 2446 cycles to 3057 cycles
Relaxing scrub interval from 3057 cycles to 3821 cycles
Tightening scrub interval from 3821 cycles to 1910 cycles
Relaxing scrub interval from 1910 cycles to 2387 cycles
Relaxing scrub interval from 2387 cycles to 2983 cycles
Relaxing scrub interval from 2983 cycles to 3728 cycles
Relaxing scrub interval from 3728 cycles to 4660 cycles
Relaxing scrub interval from 4660 cycles to 5825 cycles
Tightening scrub interval from 5825 cycles to 2912 cycles
Relaxing scrub interval from 2912 cycles to 3640 cycles
Tightening scrub interval from 3640 cycles to 1820 cycles
Relaxing scrub interval from 1820 cycles to 2275 cycles
Relaxing scrub interval from 2275 cycles to 2843 cycles
Relaxing scrub interval from 2843 cycles to 3553 cycles
Relaxing scrub interval from 3553 cycles to 4441 cycles
Tightening scrub interval from 4441 cycles to 2220 cycles
Relaxing scrub interval from 2220 cycles to 2775 cycles
Relaxing scrub interval from 2775 cycles to 3468 cycles
Relaxing scrub interval from 3468 cycles to 4335 cycles
Relaxing scrub interval from 4335 cycles to 5418 cycles
Relaxing scrub interval from 5418 cycles to 6772 cycles
Relaxing scrub interval from 6772 cycles to 8465 cycles
Relaxing scrub interval from 8465 cycles to 10581 cycles
Tightening scrub interval from 10581 cycles to 5290 cycles
Tightening scrub interval from 5290 cycles to 2645 cycles
Tightening scrub interval from 2645 cycles to 1322 cycles
Relaxing scrub interval from 1322 cycles to 1652 cycles
Relaxing scrub interval from 1652 cycles to 2065 cycles
Tightening scrub interval from 2065 cycles to 1032 cycles
Relaxing scrub interval from 1032 cycles to 1290 cycles
Tightening scrub interval from 1290 cycles to 645 cycles
Relaxing scrub interval from 645 cycles to 806 cycles
Relaxing scrub interval from 806 cycles to 1007 cycles
Relaxing scrub interval from 1007 cycles to 1258 cycles
Relaxing scrub interval from 1258 cycles to 1572 cycles
Relaxing scrub interval from 1572 cycles to 1965 cycles
Relaxing scrub interval from 1965 cycles to 2456 cycles
Relaxing scrub interval from 2456 cycles to 3070 cycles
Relaxing scrub interval from 3070 cycles to 3837 cycles
Relaxing scrub interval from 3837 cycles to 4796 cycles
Relaxing scrub interval from 4796 cycles to 5995 cycles
Relaxing scrub interval from 5995 cycles to 7493 cycles
Tightening scrub interval from 7493 cycles to 3746 cycles
Relaxing scrub interval from 3746 cycles to 4682 cycles
Relaxing scrub interval from 4682 cycles to 5852 cycles
Relaxing scrub interval from 5852 cycles to 7315 cycles
Relaxing scrub interval from 7315 cycles to 9143 cycles
Relaxing scrub interval from 9143 cycles to 11428 cycles
Tightening scrub interval from 11428 cycles to 5714 cycles
Tightening scrub interval from 5714 cycles to 2857 cycles
Relaxing scrub interval from 2857 cycles to 3571 cycles
Tightening scrub interval from 3571 cycles to 1785 cycles
Relaxing scrub interval from 1785 cycles to 2231 cycles
Relaxing scrub interval from 2231 cycles to 2788 cycles
Relaxing scrub interval from 2788 cycles to 3485 cycles
Tightening scrub interval from 3485 cycles to 1742 cycles
Relaxing scrub interval from 1742 cycles to 2177 cycles
Relaxing scrub interval from 2177 cycles to 2721 cycles
Relaxing scrub interval from 2721 cycles to 3401 cycles
Relaxing scrub interval from 3401 cycles to 4251 cycles
Tightening scrub interval from 4251 cycles to 2125 cycles
Relaxing scrub interval from 2125 cycles to 2656 cycles
Tightening scrub interval from 2656 cycles to 1328 cycles
Relaxing scrub interval from 1328 cycles to 1660 cycles
Relaxing scrub interval from 1660 cycles to 2075 cycles
Tightening scrub interval from 2075 cycles to 1037 cycles
Relaxing scrub interval from 1037 cycles to 1296 cycles
Relaxing scrub interval from 1296 cycles to 1620 cycles
Relaxing scrub interval from 1620 cycles to 2025 cycles
Relaxing scrub interval from 2025 cycles to 2531 cycles
Relaxing scrub interval from 2531 cycles to 3163 cycles
Relaxing scrub interval from 3163 cycles to 3953 cycles
Relaxing scrub interval from 3953 cycles to 4941 cycles
Tightening scrub interval from 4941 cycles to 2470 cycles
Relaxing scrub interval from 2470 cycles to 3087 cycles
Tightening scrub interval from 3087 cycles to 1543 cycles
Relaxing scrub interval from 1543 cycles to 1928 cycles
Relaxing scrub interval from 1928 cycles to 2410 cycles
Relaxing scrub interval from 2410 cycles to 3012 cycles
Tightening scrub interval from 3012 cycles to 1506 cycles
Relaxing scrub interval from 1506 cycles to 1882 cycles
Relaxing scrub interval from 1882 cycles to 2352 cycles
Relaxing scrub interval from 2352 cycles to 2940 cycles
Relaxing scrub interval from 2940 cycles to 3675 cycles
Relaxing scrub interval from 3675 cycles to 4593 cycles
Relaxing scrub interval from 4593 cycles to 5741 cycles
Relaxing scrub interval from 5741 cycles to 7176 cycles
Relaxing scrub interval from 7176 cycles to 8970 cycles
Tightening scrub interval from 8970 cycles to 4485 cycles
Relaxing scrub interval from 4485 cycles to 5606 cycles
Relaxing scrub interval from 5606 cycles to 7007 cycles
Tightening scrub interval from 7007 cycles to 3503 cycles
Relaxing scrub interval from 3503 cycles to 4378 cycles
Relaxing scrub interval from 4378 cycles to 5472 cycles
Relaxing scrub interval from 5472 cycles to 6840 cycles
Relaxing scrub interval from 6840 cycles to 8550 cycles
Tightening scrub interval from 8550 cycles to 4275 cycles
Relaxing scrub interval from 4275 cycles to 5343 cycles
Relaxing scrub interval from 5343 cycles to 6678 cycles
Tightening scrub interval from 6678 cycles to 3339 cycles
Relaxing scrub interval from 3339 cycles to 4173 cycles
Relaxing scrub interval from 4173 cycles to 5216 cycles
Tightening scrub interval from 5216 cycles to 2608 cycles
Relaxing scrub interval from 2608 cycles to 3260 cycles
Tightening scrub interval from 3260 cycles to 1630 cycles
Relaxing scrub interval from 1630 cycles to 2037 cycles
Relaxing scrub interval from 2037 cycles to 2546 cycles
Relaxing scrub interval from 2546 cycles to 3182 cycles
Relaxing scrub interval from 3182 cycles to 3977 cycles
Relaxing scrub interval from 3977 cycles to 4971 cycles
Tightening scrub interval from 4971 cycles to 2485 cycles
Relaxing scrub interval from 2485 cycles to 3106 cycles
Tightening scrub interval from 3106 cycles to 1553 cycles
Relaxing scrub interval from 1553 cycles to 1941 cycles
Tightening scrub interval from 1941 cycles to 970 cycles
Relaxing scrub interval from 970 cycles to 1212 cycles
Relaxing scrub interval from 1212 cycles to 1515 cycles
Tightening scrub interval from 1515 cycles to 757 cycles
Relaxing scrub interval from 757 cycles to 946 cycles
Relaxing scrub interval from 946 cycles to 1182 cycles
Relaxing scrub interval from 1182 cycles to 1477 cycles
Relaxing scrub interval from 1477 cycles to 1846 cycles
Relaxing scrub interval from 1846 cycles to 2307 cycles
Relaxing scrub interval from 2307 cycles to 2883 cycles
Relaxing scrub interval from 2883 cycles to 3603 cycles
Relaxing scrub interval from 3603 cycles to 4503 cycles
Relaxing scrub interval from 4503 cycles to 5628 cycles
Tightening scrub interval from 5628 cycles to 2814 cycles
Relaxing scrub interval from 2814 cycles to 3517 cycles
Relaxing scrub interval from 3517 cycles to 4396 cycles
Tightening scrub interval from 4396 cycles to 2198 cycles
Relaxing scrub interval from 2198 cycles to 2747 cycles
Tightening scrub interval from 2747 cycles to 1373 cycles
Relaxing scrub interval from 1373 cycles to 1716 cycles
Relaxing scrub interval from 1716 cycles to 2145 cycles
Relaxing scrub interval from 2145 cycles to 2681 cycles
Relaxing scrub interval from 2681 cycles to 3351 cycles
Relaxing scrub interval from 3351 cycles to 4188 cycles
Relaxing scrub interval from 4188 cycles to 5235 cycles
Tightening scrub interval from 5235 cycles to 2617 cycles
Relaxing scrub interval from 2617 cycles to 3271 cycles
Relaxing scrub interval from 3271 cycles to 4088 cycles
Relaxing scrub interval from 4088 cycles to 5110 cycles
Tightening scrub interval from 5110 cycles to 2555 cycles
Relaxing scrub interval from 2555 cycles to 3193 cycles
Tightening scrub interval from 3193 cycles to 1596 cycles
Relaxing scrub interval from 1596 cycles to 1995 cycles
Relaxing scrub interval from 1995 cycles to 2493 cycles
Relaxing scrub interval from 2493 cycles to 3116 cycles
Relaxing scrub interval from 3116 cycles to 3895 cycles
Tightening scrub interval from 3895 cycles to 1947 cycles
Relaxing scrub interval from 1947 cycles to 2433 cycles
Relaxing scrub interval from 2433 cycles to 3041 cycles
Relaxing scrub interval from 3041 cycles to 3801 cycles
Tightening scrub interval from 3801 cycles to 1900 cycles
Relaxing scrub interval from 1900 cycles to 2375 cycles
Relaxing scrub interval from 2375 cycles to 2968 cycles
Relaxing scrub interval from 2968 cycles to 3710 cycles
Tightening scrub interval from 3710 cycles to 1855 cycles
Relaxing scrub interval from 1855 cycles to 2318 cycles
Relaxing scrub interval from 2318 cycles to 2897 cycles
Tightening scrub interval from 2897 cycles to 1448 cycles
Relaxing scrub interval from 1448 cycles to 1810 cycles
Relaxing scrub interval from 1810 cycles to 2262 cycles
Relaxing scrub interval from 2262 cycles to 2827 cycles
Relaxing scrub interval from 2827 cycles to 3533 cycles
Relaxing scrub interval from 3533 cycles to 4416 cycles
Relaxing scrub interval from 4416 cycles to 5520 cycles
Relaxing scrub interval from 5520 cycles to 6900 cycles
Relaxing scrub interval from 6900 cycles to 8625 cycles
Tightening scrub interval from 8625 cycles to 4312 cycles
Relaxing scrub interval from 4312 cycles to 5390 cycles
Relaxing scrub interval from 5390 cycles to 6737 cycles
Tightening scrub interval from 6737 cycles to 3368 cycles
Tightening scrub interval from 3368 cycles to 1684 cycles
Relaxing scrub interval from 1684 cycles to 2105 cycles
Relaxing scrub interval from 2105 cycles to 2631 cycles
Relaxing scrub interval from 2631 cycles to 3288 cycles
Tightening scrub interval from 3288 cycles to 1644 cycles
Tightening scrub interval from 1644 cycles to 822 cycles
Relaxing scrub interval from 822 cycles to 1027 cycles
Relaxing scrub interval from 1027 cycles to 1283 cycles
Relaxing scrub interval from 1283 cycles to 1603 cycles
Relaxing scrub interval from 1603 cycles to 2003 cycles
Relaxing scrub interval from 2003 cycles to 2503 cycles
Tightening scrub interval from 2503 cycles to 1251 cycles
Relaxing scrub interval from 1251 cycles to 1563 cycles
Relaxing scrub interval from 1563 cycles to 1953 cycles
Relaxing scrub interval from 1953 cycles to 2441 cycles
Relaxing scrub interval from 2441 cycles to 3051 cycles
Relaxing scrub interval from 3051 cycles to 3813 cycles
Relaxing scrub interval from 3813 cycles to 4766 cycles
Relaxing scrub interval from 4766 cycles to 5957 cycles
Tightening scrub interval from 5957 cycles to 2978 cycles
Relaxing scrub interval from 2978 cycles to 3722 cycles
Tightening scrub interval from 3722 cycles to 1861 cycles
Tightening scrub interval from 1861 cycles to 930 cycles
Relaxing scrub interval from 930 cycles to 1162 cycles
Relaxing scrub interval from 1162 cycles to 1452 cycles
Relaxing scrub interval from 1452 cycles to 1815 cycles
Relaxing scrub interval from 1815 cycles to 2268 cycles
Relaxing scrub interval from 2268 cycles to 2835 cycles
Tightening scrub interval from 2835 cycles to 1417 cycles
Relaxing scrub interval from 1417 cycles to 1771 cycles
Relaxing scrub interval from 1771 cycles to 2213 cycles
Relaxing scrub interval from 2213 cycles to 2766 cycles
Relaxing scrub interval from 2766 cycles to 3457 cycles
Tightening scrub interval from 3457 cycles to 1728 cycles
Relaxing scrub interval from 1728 cycles to 2160 cycles
Tightening scrub interval from 2160 cycles to 1080 cycles
Relaxing scrub interval from 1080 cycles to 1350 cycles
Relaxing scrub interval from 1350 cycles to 1687 cycles
Relaxing scrub interval from 1687 cycles to 2108 cycles
Relaxing scrub interval from 2108 cycles to 2635 cycles
Relaxing scrub interval from 2635 cycles to 3293 cycles
Relaxing scrub interval from 3293 cycles to 4116 cycles
Relaxing scrub interval from 4116 cycles to 5145 cycles
Tightening scrub interval from 5145 cycles to 2572 cycles
Relaxing scrub interval from 2572 cycles to 3215 cycles
Relaxing scrub interval from 3215 cycles to 4018 cycles
Tightening scrub interval from 4018 cycles to 2009 cycles
Relaxing scrub interval from 2009 cycles to 2511 cycles
Relaxing scrub interval from 2511 cycles to 3138 cycles
Relaxing scrub interval from 3138 cycles to 3922 cycles
Relaxing scrub interval from 3922 cycles to 4902 cycles
Relaxing scrub interval from 4902 cycles to 6127 cycles
Relaxing scrub interval from 6127 cycles to 7658 cycles
Relaxing scrub interval from 7658 cycles to 9572 cycles
Relaxing scrub interval from 9572 cycles to 11965 cycles
Tightening scrub interval from 11965 cycles to 5982 cycles
Tightening scrub interval from 5982 cycles to 2991 cycles
Relaxing scrub interval from 2991 cycles to 3738 cycles
Relaxing scrub interval from 3738 cycles to 4672 cycles
Tightening scrub interval from 4672 cycles to 2336 cycles
Relaxing scrub interval from 2336 cycles to 2920 cycles
Relaxing scrub interval from 2920 cycles to 3650 cycles
Relaxing scrub interval from 3650 cycles to 4562 cycles
Relaxing scrub interval from 4562 cycles to 5702 cycles
Tightening scrub interval from 5702 cycles to 2851 cycles
Relaxing scrub interval from 2851 cycles to 3563 cycles
Relaxing scrub interval from 3563 cycles to 4453 cycles
Relaxing scrub interval from 4453 cycles to 5566 cycles
Relaxing scrub interval from 5566 cycles to 6957 cycles
Relaxing scrub interval from 6957 cycles to 8696 cycles
Relaxing scrub interval from 8696 cycles to 10870 cycles
Relaxing scrub interval from 10870 cycles to 13587 cycles
Relaxing scrub interval from 13587 cycles to 16983 cycles
Tightening scrub interval from 16983 cycles to 8491 cycles
Tightening scrub interval from 8491 cycles to 4245 cycles
Relaxing scrub interval from 4245 cycles to 5306 cycles
Tightening scrub interval from 5306 cycles to 2653 cycles
Relaxing scrub interval from 2653 cycles to 3316 cycles
Relaxing scrub interval from 3316 cycles to 4145 cycles
Relaxing scrub interval from 4145 cycles to 5181 cycles
Relaxing scrub interval from 5181 cycles to 6476 cycles
Relaxing scrub interval from 6476 cycles to 8095 cycles
Relaxing scrub interval from 8095 cycles to 10118 cycles
Tightening scrub interval from 10118 cycles to 5059 cycles
Relaxing scrub interval from 5059 cycles to 6323 cycles
Relaxing scrub interval from 6323 cycles to 7903 cycles
Relaxing scrub interval from 7903 cycles to 9878 cycles
Relaxing scrub interval from 9878 cycles to 12347 cycles
Relaxing scrub interval from 12347 cycles to 15433 cycles
Tightening scrub interval from 15433 cycles to 7716 cycles
Relaxing scrub interval from 7716 cycles to 9645 cycles
Tightening scrub interval from 9645 cycles to 4822 cycles
Tightening scrub interval from 4822 cycles to 2411 cycles
Relaxing scrub interval from 2411 cycles to 3013 cycles
Relaxing scrub interval from 3013 cycles to 3766 cycles
Relaxing scrub interval from 3766 cycles to 4707 cycles
Relaxing scrub interval from 4707 cycles to 5883 cycles
Relaxing scrub interval from 5883 cycles to 7353 cycles
Tightening scrub interval from 7353 cycles to 3676 cycles
Relaxing scrub interval from 3676 cycles to 4595 cycles
Tightening scrub interval from 4595 cycles to 2297 cycles
Relaxing scrub interval from 2297 cycles to 2871 cycles
Tightening scrub interval from 2871 cycles to 1435 cycles
Relaxing scrub interval from 1435 cycles to 1793 cycles
Relaxing scrub interval from 1793 cycles to 2241 cycles
Relaxing scrub interval from 2241 cycles to 2801 cycles
Relaxing scrub interval from 2801 cycles to 3501 cycles
Tightening scrub interval from 3501 cycles to 1750 cycles
Tightening scrub interval from 1750 cycles to 875 cycles
Relaxing scrub interval from 875 cycles to 1093 cycles
Relaxing scrub interval from 1093 cycles to 1366 cycles
Tightening scrub interval from 1366 cycles to 683 cycles
Relaxing scrub interval from 683 cycles to 853 cycles
Relaxing scrub interval from 853 cycles to 1066 cycles
Relaxing scrub interval from 1066 cycles to 1332 cycles
Relaxing scrub interval from 1332 cycles to 1665 cycles
Relaxing scrub interval from 1665 cycles to 2081 cycles
Relaxing scrub interval from 2081 cycles to 2601 cycles
Relaxing scrub interval from 2601 cycles to 3251 cycles
Relaxing scrub interval from 3251 cycles to 4063 cycles
Tightening scrub interval from 4063 cycles to 2031 cycles
Relaxing scrub interval from 2031 cycles to 2538 cycles
Relaxing scrub interval from 2538 cycles to 3172 cycles
Relaxing scrub interval from 3172 cycles to 3965 cycles
Tightening scrub interval from 3965 cycles to 1982 cycles
Relaxing scrub interval from 1982 cycles to 2477 cycles
Relaxing scrub interval from 2477 cycles to 3096 cycles
Relaxing scrub interval from 3096 cycles to 3870 cycles
Relaxing scrub interval from 3870 cycles to 4837 cycles
Relaxing scrub interval from 4837 cycles to 6046 cycles
Tightening scrub interval from 6046 cycles to 3023 cycles
Tightening scrub interval from 3023 cycles to 1511 cycles
Relaxing scrub interval from 1511 cycles to 1888 cycles
Relaxing scrub interval from 1888 cycles to 2360 cycles
Relaxing scrub interval from 2360 cycles to 2950 cycles
Relaxing scrub interval from 2950 cycles to 3687 cycles
Relaxing scrub interval from 3687 cycles to 4608 cycles
Tightening scrub interval from 4608 cycles to 2304 cycles
Tightening scrub interval from 2304 cycles to 1152 cycles
Relaxing scrub interval from 1152 cycles to 1440 cycles
Relaxing scrub interval from 1440 cycles to 1800 cycles
Relaxing scrub interval from 1800 cycles to 2250 cycles
Tightening scrub interval from 2250 cycles to 1125 cycles
Relaxing scrub interval from 1125 cycles to 1406 cycles
Relaxing scrub interval from 1406 cycles to 1757 cycles
Relaxing scrub interval from 1757 cycles to 2196 cycles
Relaxing scrub interval from 2196 cycles to 2745 cycles
Relaxing scrub interval from 2745 cycles to 3431 cycles
Relaxing scrub interval from 3431 cycles to 4288 cycles
Tightening scrub interval from 4288 cycles to 2144 cycles
Tightening scrub interval from 2144 cycles to 1072 cycles
Relaxing scrub interval from 1072 cycles to 1340 cycles
Relaxing scrub interval from 1340 cycles to 1675 cycles
Tightening scrub interval from 1675 cycles to 837 cycles
Relaxing scrub interval from 837 cycles to 1046 cycles
Relaxing scrub interval from 1046 cycles to 1307 cycles
Relaxing scrub interval from 1307 cycles to 1633 cycles
Relaxing scrub interval from 1633 cycles to 2041 cycles
Relaxing scrub interval from 2041 cycles to 2551 cycles
Relaxing scrub interval from 2551 cycles to 3188 cycles
Relaxing scrub interval from 3188 cycles to 3985 cycles
Relaxing scrub interval from 3985 cycles to 4981 cycles
Tightening scrub interval from 4981 cycles to 2490 cycles
Relaxing scrub interval from 2490 cycles to 3112 cycles
Tightening scrub interval from 3112 cycles to 1556 cycles
Relaxing scrub interval from 1556 cycles to 1945 cycles
Relaxing scrub interval from 1945 cycles to 2431 cycles
Relaxing scrub interval from 2431 cycles to 3038 cycles
Tightening scrub interval from 3038 cycles to 1519 cycles
Relaxing scrub interval from 1519 cycles to 1898 cycles
Tightening scrub interval from 1898 cycles to 949 cycles
Relaxing scrub interval from 949 cycles to 1186 cycles
Relaxing scrub interval from 1186 cycles to 1482 cycles
Tightening scrub interval from 1482 cycles to 741 cycles
Relaxing scrub interval from 741 cycles to 926 cycles
Relaxing scrub interval from 926 cycles to 1157 cycles
Relaxing scrub interval from 1157 cycles to 1446 cycles
Relaxing scrub interval from 1446 cycles to 1807 cycles
Relaxing scrub interval from 1807 cycles to 2258 cycles
Relaxing scrub interval from 2258 cycles to 2822 cycles
Tightening scrub interval from 2822 cycles to 1411 cycles
