warn: No dot file generated. Please install pydot to generate the dot file and pdf.
Scrubbing enabled with adaptive interval starting at 10 cycles, tightening factor 2, relax factor 1.25
src/arch/riscv/isa.cc:275: info: RVV enabled, VLEN = 256 bits, ELEN = 64 bits
src/arch/riscv/linux/se_workload.cc:60: warn: Unknown operating system; assuming Linux.
src/base/statistics.hh:279: warn: One of the stats is a legacy stat. Legacy stat is a stat that does not belong to any statistics::Group. Legacy stat is deprecated.
src/base/remote_gdb.cc:418: warn: Sockets disabled, not accepting gdb connections
src/sim/simulate.cc:199: info: Entering event queue @ 0.  Starting simulation...
Relaxing scrub interval from 10 cycles to 12 cycles
Relaxing scrub interval from 12 cycles to 15 cycles
Relaxing scrub interval from 15 cycles to 18 cycles
Relaxing scrub interval from 18 cycles to 22 cycles
Relaxing scrub interval from 22 cycles to 27 cycles
Relaxing scrub interval from 27 cycles to 33 cycles
Relaxing scrub interval from 33 cycles to 41 cycles
Relaxing scrub interval from 41 cycles to 51 cycles
Relaxing scrub interval from 51 cycles to 63 cycles
Relaxing scrub interval from 63 cycles to 78 cycles
Relaxing scrub interval from 78 cycles to 97 cycles
Relaxing scrub interval from 97 cycles to 121 cycles
Relaxing scrub interval from 121 cycles to 151 cycles
Relaxing scrub interval from 151 cycles to 188 cycles
Relaxing scrub interval from 188 cycles to 235 cycles
Relaxing scrub interval from 235 cycles to 293 cycles
Relaxing scrub interval from 293 cycles to 366 cycles
Relaxing scrub interval from 366 cycles to 457 cycles
Relaxing scrub interval from 457 cycles to 571 cycles
Relaxing scrub interval from 571 cycles to 713 cycles
Relaxing scrub interval from 713 cycles to 891 cycles
Relaxing scrub interval from 891 cycles to 1113 cycles
Relaxing scrub interval from 1113 cycles to 1391 cycles
Relaxing scrub interval from 1391 cycles to 1738 cycles
Relaxing scrub interval from 1738 cycles to 2172 cycles
Relaxing scrub interval from 2172 cycles to 2715 cycles
Relaxing scrub interval from 2715 cycles to 3393 cycles
Relaxing scrub interval from 3393 cycles to 4241 cycles
Relaxing scrub interval from 4241 cycles to 5301 cycles
Relaxing scrub interval from 5301 cycles to 6626 cycles
Relaxing scrub interval from 6626 cycles to 8282 cycles
Relaxing scrub interval from 8282 cycles to 10352 cycles
Relaxing scrub interval from 10352 cycles to 12940 cycles
Tightening scrub interval from 12940 cycles to 6470 cycles
Relaxing scrub interval from 6470 cycles to 8087 cycles
Relaxing scrub interval from 8087 cycles to 10108 cycles
Relaxing scrub interval from 10108 cycles to 12635 cycles
Relaxing scrub interval from 12635 cycles to 15793 cycles
Tightening scrub interval from 15793 cycles to 7896 cycles
Tightening scrub interval from 7896 cycles to 3948 cycles
Tightening scrub interval from 3948 cycles to 1974 cycles
Relaxing scrub interval from 1974 cycles to 2467 cycles
Relaxing scrub interval from 2467 cycles to 3083 cycles
Relaxing scrub interval from 3083 cycles to 3853 cycles
Tightening scrub interval from 3853 cycles to 1926 cycles
Tightening scrub interval from 1926 cycles to 963 cycles
Relaxing scrub interval from 963 cycles to 1203 cycles
Relaxing scrub interval from 1203 cycles to 1503 cycles
Relaxing scrub interval from 1503 cycles to 1878 cycles
Relaxing scrub interval from 1878 cycles to 2347 cycles
Relaxing scrub interval from 2347 cycles to 2933 cycles
Tightening scrub interval from 2933 cycles to 1466 cycles
Relaxing scrub interval from 1466 cycles to 1832 cycles
Relaxing scrub interval from 1832 cycles to 2290 cycles
Relaxing scrub interval from 2290 cycles to 2862 cycles
Relaxing scrub interval from 2862 cycles to 3577 cycles
Tightening scrub interval from 3577 cycles to 1788 cycles
Relaxing scrub interval from 1788 cycles to 2235 cycles
Tightening scrub interval from 2235 cycles to 1117 cycles
Relaxing scrub interval from 1117 cycles to 1396 cycles
Relaxing scrub interval from 1396 cycles to 1745 cycles
Relaxing scrub interval from 1745 cycles to 2181 cycles
Tightening scrub interval from 2181 cycles to 1090 cycles
Relaxing scrub interval from 1090 cycles to 1362 cycles
Relaxing scrub interval from 1362 cycles to 1702 cycles
Relaxing scrub interval from 1702 cycles to 2127 cycles
Relaxing scrub interval from 2127 cycles to 2658 cycles
Relaxing scrub interval from 2658 cycles to 3322 cycles
Tightening scrub interval from 3322 cycles to 1661 cycles
Relaxing scrub interval from 1661 cycles to 2076 cycles
Relaxing scrub interval from 2076 cycles to 2595 cycles
Relaxing scrub interval from 2595 cycles to 3243 cycles
Relaxing scrub interval from 3243 cycles to 4053 cycles
Relaxing scrub interval from 4053 cycles to 5066 cycles
Relaxing scrub interval from 5066 cycles to 6332 cycles
Relaxing scrub interval from 6332 cycles to 7915 cycles
Tightening scrub interval from 7915 cycles to 3957 cycles
Tightening scrub interval from 3957 cycles to 1978 cycles
Relaxing scrub interval from 1978 cycles to 2472 cycles
Relaxing scrub interval from 2472 cycles to 3090 cycles
Relaxing scrub interval from 3090 cycles to 3862 cycles
Tightening scrub interval from 3862 cycles to 1931 cycles
Relaxing scrub interval from 1931 cycles to 2413 cycles
Relaxing scrub interval from 2413 cycles to 3016 cycles
Tightening scrub interval from 3016 cycles to 1508 cycles
Relaxing scrub interval from 1508 cycles to 1885 cycles
Relaxing scrub interval from 1885 cycles to 2356 cycles
Relaxing scrub interval from 2356 cycles to 2945 cycles
Relaxing scrub interval from 2945 cycles to 3681 cycles
Relaxing scrub interval from 3681 cycles to 4601 cycles
Tightening scrub interval from 4601 cycles to 2300 cycles
Relaxing scrub interval from 2300 cycles to 2875 cycles
Relaxing scrub interval from 2875 cycles to 3593 cycles
Relaxing scrub interval from 3593 cycles to 4491 cycles
Relaxing scrub interval from 4491 cycles to 5613 cycles
Relaxing scrub interval from 5613 cycles to 7016 cycles
Relaxing scrub interval from 7016 cycles to 8770 cycles
Tightening scrub interval from 8770 cycles to 4385 cycles
Relaxing scrub interval from 4385 cycles to 5481 cycles
Relaxing scrub interval from 5481 cycles to 6851 cycles
Tightening scrub interval from 6851 cycles to 3425 cycles
Tightening scrub interval from 3425 cycles to 1712 cycles
Tightening scrub interval from 1712 cycles to 856 cycles
Relaxing scrub interval from 856 cycles to 1070 cycles
Relaxing scrub interval from 1070 cycles to 1337 cycles
Tightening scrub interval from 1337 cycles to 668 cycles
Tightening scrub interval from 668 cycles to 334 cycles
Relaxing scrub interval from 334 cycles to 417 cycles
Relaxing scrub interval from 417 cycles to 521 cycles
Relaxing scrub interval from 521 cycles to 651 cycles
Relaxing scrub interval from 651 cycles to 813 cycles
Relaxing scrub interval from 813 cycles to 1016 cycles
Tightening scrub interval from 1016 cycles to 508 cycles
Relaxing scrub interval from 508 cycles to 635 cycles
Relaxing scrub interval from 635 cycles to 793 cycles
Relaxing scrub interval from 793 cycles to 991 cycles
Relaxing scrub interval from 991 cycles to 1238 cycles
Relaxing scrub interval from 1238 cycles to 1547 cycles
Relaxing scrub interval from 1547 cycles to 1933 cycles
Tightening scrub interval from 1933 cycles to 966 cycles
Relaxing scrub interval from 966 cycles to 1207 cycles
Relaxing scrub interval from 1207 cycles to 1508 cycles
Relaxing scrub interval from 1508 cycles to 1885 cycles
Tightening scrub interval from 1885 cycles to 942 cycles
Relaxing scrub interval from 942 cycles to 1177 cycles
Relaxing scrub interval from 1177 cycles to 1471 cycles
Relaxing scrub interval from 1471 cycles to 1838 cycles
Relaxing scrub interval from 1838 cycles to 2297 cycles
Tightening scrub interval from 2297 cycles to 1148 cycles
