warn: No dot file generated. Please install pydot to generate the dot file and pdf.
Scrubbing enabled with adaptive interval starting at 10 cycles, tightening factor 2, relax factor 1.25
src/arch/riscv/isa.cc:275: info: RVV enabled, VLEN = 256 bits, ELEN = 64 bits
src/base/statistics.hh:279: warn: One of the stats is a legacy stat. Legacy stat is a stat that does not belong to any statistics::Group. Legacy stat is deprecated.
src/base/remote_gdb.cc:418: warn: Sockets disabled, not accepting gdb connections
src/sim/simulate.cc:199: info: Entering event queue @ 0.  Starting simulation...
Relaxing scrub interval from 10 cycles to 12 cycles
Relaxing scrub interval from 12 cycles to 15 cycles
Relaxing scrub interval from 15 cycles to 18 cycles
Relaxing scrub interval from 18 cycles to 22 cycles
Relaxing scrub interval from 22 cycles to 27 cycles
Relaxing scrub interval from 27 cycles to 33 cycles
Relaxing scrub interval from 33 cycles to 41 cycles
Relaxing scrub interval from 41 cycles to 51 cycles
Relaxing scrub interval from 51 cycles to 63 cycles
Relaxing scrub interval from 63 cycles to 78 cycles
Relaxing scrub interval from 78 cycles to 97 cycles
Relaxing scrub interval from 97 cycles to 121 cycles
Relaxing scrub interval from 121 cycles to 151 cycles
Relaxing scrub interval from 151 cycles to 188 cycles
Relaxing scrub interval from 188 cycles to 235 cycles
Relaxing scrub interval from 235 cycles to 293 cycles
Relaxing scrub interval from 293 cycles to 366 cycles
Relaxing scrub interval from 366 cycles to 457 cycles
Relaxing scrub interval from 457 cycles to 571 cycles
Relaxing scrub interval from 571 cycles to 713 cycles
Relaxing scrub interval from 713 cycles to 891 cycles
src/sim/syscall_emul.cc:86: warn: ignoring syscall set_robust_list(...)
      (further warnings will be suppressed)
Relaxing scrub interval from 891 cycles to 1113 cycles
Relaxing scrub interval from 1113 cycles to 1391 cycles
src/sim/syscall_emul.hh:1014: warn: readlink() called on '/proc/self/exe' may yield unexpected results in various settings.
      Returning '/home/cs1952y-user/gem5/1952y-fp/gem5/tests/test-progs/cs1952y-fp/alt'
src/sim/mem_state.cc:448: info: Increasing stack size by one page.
Relaxing scrub interval from 1391 cycles to 1738 cycles
Relaxing scrub interval from 1738 cycles to 2172 cycles
Relaxing scrub interval from 2172 cycles to 2715 cycles
Relaxing scrub interval from 2715 cycles to 3393 cycles
Relaxing scrub interval from 3393 cycles to 4241 cycles
src/sim/syscall_emul.cc:75: warn: ignoring syscall mprotect(...) at tick 17327000
Relaxing scrub interval from 4241 cycles to 5301 cycles
Relaxing scrub interval from 5301 cycles to 6626 cycles
Relaxing scrub interval from 6626 cycles to 8282 cycles
Relaxing scrub interval from 8282 cycles to 10352 cycles
Relaxing scrub interval from 10352 cycles to 12940 cycles
Relaxing scrub interval from 12940 cycles to 16175 cycles
Tightening scrub interval from 16175 cycles to 8087 cycles
Tightening scrub interval from 8087 cycles to 4043 cycles
Relaxing scrub interval from 4043 cycles to 5053 cycles
Relaxing scrub interval from 5053 cycles to 6316 cycles
Tightening scrub interval from 6316 cycles to 3158 cycles
Relaxing scrub interval from 3158 cycles to 3947 cycles
Tightening scrub interval from 3947 cycles to 1973 cycles
Relaxing scrub interval from 1973 cycles to 2466 cycles
Relaxing scrub interval from 2466 cycles to 3082 cycles
Relaxing scrub interval from 3082 cycles to 3852 cycles
Tightening scrub interval from 3852 cycles to 1926 cycles
Relaxing scrub interval from 1926 cycles to 2407 cycles
Tightening scrub interval from 2407 cycles to 1203 cycles
Relaxing scrub interval from 1203 cycles to 1503 cycles
Relaxing scrub interval from 1503 cycles to 1878 cycles
Tightening scrub interval from 1878 cycles to 939 cycles
Relaxing scrub interval from 939 cycles to 1173 cycles
Relaxing scrub interval from 1173 cycles to 1466 cycles
Relaxing scrub interval from 1466 cycles to 1832 cycles
Relaxing scrub interval from 1832 cycles to 2290 cycles
Relaxing scrub interval from 2290 cycles to 2862 cycles
Tightening scrub interval from 2862 cycles to 1431 cycles
Tightening scrub interval from 1431 cycles to 715 cycles
Relaxing scrub interval from 715 cycles to 893 cycles
Relaxing scrub interval from 893 cycles to 1116 cycles
Relaxing scrub interval from 1116 cycles to 1395 cycles
Relaxing scrub interval from 1395 cycles to 1743 cycles
Relaxing scrub interval from 1743 cycles to 2178 cycles
Tightening scrub interval from 2178 cycles to 1089 cycles
Relaxing scrub interval from 1089 cycles to 1361 cycles
Relaxing scrub interval from 1361 cycles to 1701 cycles
Relaxing scrub interval from 1701 cycles to 2126 cycles
Relaxing scrub interval from 2126 cycles to 2657 cycles
Relaxing scrub interval from 2657 cycles to 3321 cycles
Tightening scrub interval from 3321 cycles to 1660 cycles
Relaxing scrub interval from 1660 cycles to 2075 cycles
Relaxing scrub interval from 2075 cycles to 2593 cycles
Relaxing scrub interval from 2593 cycles to 3241 cycles
Relaxing scrub interval from 3241 cycles to 4051 cycles
Relaxing scrub interval from 4051 cycles to 5063 cycles
Tightening scrub interval from 5063 cycles to 2531 cycles
Relaxing scrub interval from 2531 cycles to 3163 cycles
Relaxing scrub interval from 3163 cycles to 3953 cycles
Tightening scrub interval from 3953 cycles to 1976 cycles
Relaxing scrub interval from 1976 cycles to 2470 cycles
Relaxing scrub interval from 2470 cycles to 3087 cycles
Relaxing scrub interval from 3087 cycles to 3858 cycles
Relaxing scrub interval from 3858 cycles to 4822 cycles
Relaxing scrub interval from 4822 cycles to 6027 cycles
Relaxing scrub interval from 6027 cycles to 7533 cycles
Relaxing scrub interval from 7533 cycles to 9416 cycles
Relaxing scrub interval from 9416 cycles to 11770 cycles
Tightening scrub interval from 11770 cycles to 5885 cycles
Tightening scrub interval from 5885 cycles to 2942 cycles
Relaxing scrub interval from 2942 cycles to 3677 cycles
Tightening scrub interval from 3677 cycles to 1838 cycles
Relaxing scrub interval from 1838 cycles to 2297 cycles
Relaxing scrub interval from 2297 cycles to 2871 cycles
Tightening scrub interval from 2871 cycles to 1435 cycles
Relaxing scrub interval from 1435 cycles to 1793 cycles
Relaxing scrub interval from 1793 cycles to 2241 cycles
Tightening scrub interval from 2241 cycles to 1120 cycles
Relaxing scrub interval from 1120 cycles to 1400 cycles
Relaxing scrub interval from 1400 cycles to 1750 cycles
Tightening scrub interval from 1750 cycles to 875 cycles
Relaxing scrub interval from 875 cycles to 1093 cycles
Relaxing scrub interval from 1093 cycles to 1366 cycles
Relaxing scrub interval from 1366 cycles to 1707 cycles
Relaxing scrub interval from 1707 cycles to 2133 cycles
Relaxing scrub interval from 2133 cycles to 2666 cycles
Tightening scrub interval from 2666 cycles to 1333 cycles
Relaxing scrub interval from 1333 cycles to 1666 cycles
Relaxing scrub interval from 1666 cycles to 2082 cycles
Relaxing scrub interval from 2082 cycles to 2602 cycles
Relaxing scrub interval from 2602 cycles to 3252 cycles
Relaxing scrub interval from 3252 cycles to 4065 cycles
Relaxing scrub interval from 4065 cycles to 5081 cycles
Tightening scrub interval from 5081 cycles to 2540 cycles
Relaxing scrub interval from 2540 cycles to 3175 cycles
Tightening scrub interval from 3175 cycles to 1587 cycles
Relaxing scrub interval from 1587 cycles to 1983 cycles
Relaxing scrub interval from 1983 cycles to 2478 cycles
Tightening scrub interval from 2478 cycles to 1239 cycles
Relaxing scrub interval from 1239 cycles to 1548 cycles
Relaxing scrub interval from 1548 cycles to 1935 cycles
Tightening scrub interval from 1935 cycles to 967 cycles
Relaxing scrub interval from 967 cycles to 1208 cycles
Relaxing scrub interval from 1208 cycles to 1510 cycles
Relaxing scrub interval from 1510 cycles to 1887 cycles
Relaxing scrub interval from 1887 cycles to 2358 cycles
Relaxing scrub interval from 2358 cycles to 2947 cycles
Relaxing scrub interval from 2947 cycles to 3683 cycles
Relaxing scrub interval from 3683 cycles to 4603 cycles
Tightening scrub interval from 4603 cycles to 2301 cycles
Relaxing scrub interval from 2301 cycles to 2876 cycles
Relaxing scrub interval from 2876 cycles to 3595 cycles
Relaxing scrub interval from 3595 cycles to 4493 cycles
Relaxing scrub interval from 4493 cycles to 5616 cycles
Tightening scrub interval from 5616 cycles to 2808 cycles
Relaxing scrub interval from 2808 cycles to 3510 cycles
Relaxing scrub interval from 3510 cycles to 4387 cycles
Tightening scrub interval from 4387 cycles to 2193 cycles
Tightening scrub interval from 2193 cycles to 1096 cycles
Relaxing scrub interval from 1096 cycles to 1370 cycles
Relaxing scrub interval from 1370 cycles to 1712 cycles
Relaxing scrub interval from 1712 cycles to 2140 cycles
Relaxing scrub interval from 2140 cycles to 2675 cycles
Relaxing scrub interval from 2675 cycles to 3343 cycles
Relaxing scrub interval from 3343 cycles to 4178 cycles
Tightening scrub interval from 4178 cycles to 2089 cycles
Relaxing scrub interval from 2089 cycles to 2611 cycles
Relaxing scrub interval from 2611 cycles to 3263 cycles
Tightening scrub interval from 3263 cycles to 1631 cycles
Relaxing scrub interval from 1631 cycles to 2038 cycles
Relaxing scrub interval from 2038 cycles to 2547 cycles
Tightening scrub interval from 2547 cycles to 1273 cycles
Relaxing scrub interval from 1273 cycles to 1591 cycles
Relaxing scrub interval from 1591 cycles to 1988 cycles
Tightening scrub interval from 1988 cycles to 994 cycles
Relaxing scrub interval from 994 cycles to 1242 cycles
Relaxing scrub interval from 1242 cycles to 1552 cycles
Tightening scrub interval from 1552 cycles to 776 cycles
Relaxing scrub interval from 776 cycles to 970 cycles
Relaxing scrub interval from 970 cycles to 1212 cycles
Relaxing scrub interval from 1212 cycles to 1515 cycles
Relaxing scrub interval from 1515 cycles to 1893 cycles
Relaxing scrub interval from 1893 cycles to 2366 cycles
Relaxing scrub interval from 2366 cycles to 2957 cycles
Relaxing scrub interval from 2957 cycles to 3696 cycles
Relaxing scrub interval from 3696 cycles to 4620 cycles
Relaxing scrub interval from 4620 cycles to 5775 cycles
Tightening scrub interval from 5775 cycles to 2887 cycles
Relaxing scrub interval from 2887 cycles to 3608 cycles
Relaxing scrub interval from 3608 cycles to 4510 cycles
Tightening scrub interval from 4510 cycles to 2255 cycles
Relaxing scrub interval from 2255 cycles to 2818 cycles
Relaxing scrub interval from 2818 cycles to 3522 cycles
Tightening scrub interval from 3522 cycles to 1761 cycles
Relaxing scrub interval from 1761 cycles to 2201 cycles
Relaxing scrub interval from 2201 cycles to 2751 cycles
Relaxing scrub interval from 2751 cycles to 3438 cycles
Relaxing scrub interval from 3438 cycles to 4297 cycles
Relaxing scrub interval from 4297 cycles to 5371 cycles
Relaxing scrub interval from 5371 cycles to 6713 cycles
Relaxing scrub interval from 6713 cycles to 8391 cycles
Relaxing scrub interval from 8391 cycles to 10488 cycles
Relaxing scrub interval from 10488 cycles to 13110 cycles
Tightening scrub interval from 13110 cycles to 6555 cycles
Tightening scrub interval from 6555 cycles to 3277 cycles
Relaxing scrub interval from 3277 cycles to 4096 cycles
Relaxing scrub interval from 4096 cycles to 5120 cycles
Tightening scrub interval from 5120 cycles to 2560 cycles
Tightening scrub interval from 2560 cycles to 1280 cycles
Relaxing scrub interval from 1280 cycles to 1600 cycles
Relaxing scrub interval from 1600 cycles to 2000 cycles
Relaxing scrub interval from 2000 cycles to 2500 cycles
Tightening scrub interval from 2500 cycles to 1250 cycles
Relaxing scrub interval from 1250 cycles to 1562 cycles
Relaxing scrub interval from 1562 cycles to 1952 cycles
Relaxing scrub interval from 1952 cycles to 2440 cycles
Relaxing scrub interval from 2440 cycles to 3050 cycles
Relaxing scrub interval from 3050 cycles to 3812 cycles
Relaxing scrub interval from 3812 cycles to 4765 cycles
Tightening scrub interval from 4765 cycles to 2382 cycles
Relaxing scrub interval from 2382 cycles to 2977 cycles
Relaxing scrub interval from 2977 cycles to 3721 cycles
Tightening scrub interval from 3721 cycles to 1860 cycles
Relaxing scrub interval from 1860 cycles to 2325 cycles
Relaxing scrub interval from 2325 cycles to 2906 cycles
Relaxing scrub interval from 2906 cycles to 3632 cycles
Tightening scrub interval from 3632 cycles to 1816 cycles
Relaxing scrub interval from 1816 cycles to 2270 cycles
Tightening scrub interval from 2270 cycles to 1135 cycles
Relaxing scrub interval from 1135 cycles to 1418 cycles
Tightening scrub interval from 1418 cycles to 709 cycles
Relaxing scrub interval from 709 cycles to 886 cycles
Relaxing scrub interval from 886 cycles to 1107 cycles
Relaxing scrub interval from 1107 cycles to 1383 cycles
Relaxing scrub interval from 1383 cycles to 1728 cycles
Relaxing scrub interval from 1728 cycles to 2160 cycles
Relaxing scrub interval from 2160 cycles to 2700 cycles
Relaxing scrub interval from 2700 cycles to 3375 cycles
Relaxing scrub interval from 3375 cycles to 4218 cycles
Tightening scrub interval from 4218 cycles to 2109 cycles
Relaxing scrub interval from 2109 cycles to 2636 cycles
Tightening scrub interval from 2636 cycles to 1318 cycles
Relaxing scrub interval from 1318 cycles to 1647 cycles
Relaxing scrub interval from 1647 cycles to 2058 cycles
Relaxing scrub interval from 2058 cycles to 2572 cycles
Relaxing scrub interval from 2572 cycles to 3215 cycles
Tightening scrub interval from 3215 cycles to 1607 cycles
Relaxing scrub interval from 1607 cycles to 2008 cycles
Relaxing scrub interval from 2008 cycles to 2510 cycles
Relaxing scrub interval from 2510 cycles to 3137 cycles
Tightening scrub interval from 3137 cycles to 1568 cycles
Relaxing scrub interval from 1568 cycles to 1960 cycles
Relaxing scrub interval from 1960 cycles to 2450 cycles
Tightening scrub interval from 2450 cycles to 1225 cycles
Tightening scrub interval from 1225 cycles to 612 cycles
Relaxing scrub interval from 612 cycles to 765 cycles
Relaxing scrub interval from 765 cycles to 956 cycles
Relaxing scrub interval from 956 cycles to 1195 cycles
Relaxing scrub interval from 1195 cycles to 1493 cycles
Relaxing scrub interval from 1493 cycles to 1866 cycles
Relaxing scrub interval from 1866 cycles to 2332 cycles
Relaxing scrub interval from 2332 cycles to 2915 cycles
Relaxing scrub interval from 2915 cycles to 3643 cycles
Relaxing scrub interval from 3643 cycles to 4553 cycles
Tightening scrub interval from 4553 cycles to 2276 cycles
Tightening scrub interval from 2276 cycles to 1138 cycles
Relaxing scrub interval from 1138 cycles to 1422 cycles
Relaxing scrub interval from 1422 cycles to 1777 cycles
Relaxing scrub interval from 1777 cycles to 2221 cycles
Tightening scrub interval from 2221 cycles to 1110 cycles
Relaxing scrub interval from 1110 cycles to 1387 cycles
Relaxing scrub interval from 1387 cycles to 1733 cycles
Tightening scrub interval from 1733 cycles to 866 cycles
Relaxing scrub interval from 866 cycles to 1082 cycles
Relaxing scrub interval from 1082 cycles to 1352 cycles
Relaxing scrub interval from 1352 cycles to 1690 cycles
Relaxing scrub interval from 1690 cycles to 2112 cycles
Relaxing scrub interval from 2112 cycles to 2640 cycles
Tightening scrub interval from 2640 cycles to 1320 cycles
Relaxing scrub interval from 1320 cycles to 1650 cycles
Relaxing scrub interval from 1650 cycles to 2062 cycles
Tightening scrub interval from 2062 cycles to 1031 cycles
Relaxing scrub interval from 1031 cycles to 1288 cycles
Relaxing scrub interval from 1288 cycles to 1610 cycles
Relaxing scrub interval from 1610 cycles to 2012 cycles
Relaxing scrub interval from 2012 cycles to 2515 cycles
Relaxing scrub interval from 2515 cycles to 3143 cycles
Relaxing scrub interval from 3143 cycles to 3928 cycles
Relaxing scrub interval from 3928 cycles to 4910 cycles
Relaxing scrub interval from 4910 cycles to 6137 cycles
Relaxing scrub interval from 6137 cycles to 7671 cycles
Relaxing scrub interval from 7671 cycles to 9588 cycles
Tightening scrub interval from 9588 cycles to 4794 cycles
Relaxing scrub interval from 4794 cycles to 5992 cycles
Tightening scrub interval from 5992 cycles to 2996 cycles
Tightening scrub interval from 2996 cycles to 1498 cycles
Relaxing scrub interval from 1498 cycles to 1872 cycles
Relaxing scrub interval from 1872 cycles to 2340 cycles
Relaxing scrub interval from 2340 cycles to 2925 cycles
Relaxing scrub interval from 2925 cycles to 3656 cycles
Tightening scrub interval from 3656 cycles to 1828 cycles
Relaxing scrub interval from 1828 cycles to 2285 cycles
Relaxing scrub interval from 2285 cycles to 2856 cycles
Relaxing scrub interval from 2856 cycles to 3570 cycles
Relaxing scrub interval from 3570 cycles to 4462 cycles
Relaxing scrub interval from 4462 cycles to 5577 cycles
Tightening scrub interval from 5577 cycles to 2788 cycles
Relaxing scrub interval from 2788 cycles to 3485 cycles
Relaxing scrub interval from 3485 cycles to 4356 cycles
Relaxing scrub interval from 4356 cycles to 5445 cycles
Relaxing scrub interval from 5445 cycles to 6806 cycles
Relaxing scrub interval from 6806 cycles to 8507 cycles
Tightening scrub interval from 8507 cycles to 4253 cycles
Tightening scrub interval from 4253 cycles to 2126 cycles
Relaxing scrub interval from 2126 cycles to 2657 cycles
Relaxing scrub interval from 2657 cycles to 3321 cycles
Relaxing scrub interval from 3321 cycles to 4151 cycles
Relaxing scrub interval from 4151 cycles to 5188 cycles
Relaxing scrub interval from 5188 cycles to 6485 cycles
Tightening scrub interval from 6485 cycles to 3242 cycles
Tightening scrub interval from 3242 cycles to 1621 cycles
Relaxing scrub interval from 1621 cycles to 2026 cycles
Relaxing scrub interval from 2026 cycles to 2532 cycles
Relaxing scrub interval from 2532 cycles to 3165 cycles
Tightening scrub interval from 3165 cycles to 1582 cycles
Relaxing scrub interval from 1582 cycles to 1977 cycles
Tightening scrub interval from 1977 cycles to 988 cycles
Relaxing scrub interval from 988 cycles to 1235 cycles
Relaxing scrub interval from 1235 cycles to 1543 cycles
Tightening scrub interval from 1543 cycles to 771 cycles
Relaxing scrub interval from 771 cycles to 963 cycles
Relaxing scrub interval from 963 cycles to 1203 cycles
Relaxing scrub interval from 1203 cycles to 1503 cycles
Relaxing scrub interval from 1503 cycles to 1878 cycles
Relaxing scrub interval from 1878 cycles to 2347 cycles
Relaxing scrub interval from 2347 cycles to 2933 cycles
Relaxing scrub interval from 2933 cycles to 3666 cycles
Tightening scrub interval from 3666 cycles to 1833 cycles
Relaxing scrub interval from 1833 cycles to 2291 cycles
Relaxing scrub interval from 2291 cycles to 2863 cycles
Relaxing scrub interval from 2863 cycles to 3578 cycles
Relaxing scrub interval from 3578 cycles to 4472 cycles
Relaxing scrub interval from 4472 cycles to 5590 cycles
Relaxing scrub interval from 5590 cycles to 6987 cycles
Tightening scrub interval from 6987 cycles to 3493 cycles
Relaxing scrub interval from 3493 cycles to 4366 cycles
Relaxing scrub interval from 4366 cycles to 5457 cycles
Tightening scrub interval from 5457 cycles to 2728 cycles
Relaxing scrub interval from 2728 cycles to 3410 cycles
Tightening scrub interval from 3410 cycles to 1705 cycles
Tightening scrub interval from 1705 cycles to 852 cycles
Relaxing scrub interval from 852 cycles to 1065 cycles
Relaxing scrub interval from 1065 cycles to 1331 cycles
Relaxing scrub interval from 1331 cycles to 1663 cycles
Relaxing scrub interval from 1663 cycles to 2078 cycles
Relaxing scrub interval from 2078 cycles to 2597 cycles
Tightening scrub interval from 2597 cycles to 1298 cycles
Tightening scrub interval from 1298 cycles to 649 cycles
Relaxing scrub interval from 649 cycles to 811 cycles
Relaxing scrub interval from 811 cycles to 1013 cycles
Relaxing scrub interval from 1013 cycles to 1266 cycles
Relaxing scrub interval from 1266 cycles to 1582 cycles
Relaxing scrub interval from 1582 cycles to 1977 cycles
Tightening scrub interval from 1977 cycles to 988 cycles
Relaxing scrub interval from 988 cycles to 1235 cycles
Relaxing scrub interval from 1235 cycles to 1543 cycles
Relaxing scrub interval from 1543 cycles to 1928 cycles
Relaxing scrub interval from 1928 cycles to 2410 cycles
Tightening scrub interval from 2410 cycles to 1205 cycles
Relaxing scrub interval from 1205 cycles to 1506 cycles
Relaxing scrub interval from 1506 cycles to 1882 cycles
Relaxing scrub interval from 1882 cycles to 2352 cycles
Relaxing scrub interval from 2352 cycles to 2940 cycles
Relaxing scrub interval from 2940 cycles to 3675 cycles
Relaxing scrub interval from 3675 cycles to 4593 cycles
Tightening scrub interval from 4593 cycles to 2296 cycles
Relaxing scrub interval from 2296 cycles to 2870 cycles
Relaxing scrub interval from 2870 cycles to 3587 cycles
Tightening scrub interval from 3587 cycles to 1793 cycles
Relaxing scrub interval from 1793 cycles to 2241 cycles
Relaxing scrub interval from 2241 cycles to 2801 cycles
Tightening scrub interval from 2801 cycles to 1400 cycles
Relaxing scrub interval from 1400 cycles to 1750 cycles
Relaxing scrub interval from 1750 cycles to 2187 cycles
Relaxing scrub interval from 2187 cycles to 2733 cycles
Tightening scrub interval from 2733 cycles to 1366 cycles
Tightening scrub interval from 1366 cycles to 683 cycles
Relaxing scrub interval from 683 cycles to 853 cycles
Relaxing scrub interval from 853 cycles to 1066 cycles
Relaxing scrub interval from 1066 cycles to 1332 cycles
Tightening scrub interval from 1332 cycles to 666 cycles
Relaxing scrub interval from 666 cycles to 832 cycles
Relaxing scrub interval from 832 cycles to 1040 cycles
Relaxing scrub interval from 1040 cycles to 1300 cycles
Relaxing scrub interval from 1300 cycles to 1625 cycles
Relaxing scrub interval from 1625 cycles to 2031 cycles
Relaxing scrub interval from 2031 cycles to 2538 cycles
Relaxing scrub interval from 2538 cycles to 3172 cycles
Relaxing scrub interval from 3172 cycles to 3965 cycles
Relaxing scrub interval from 3965 cycles to 4956 cycles
Relaxing scrub interval from 4956 cycles to 6195 cycles
Relaxing scrub interval from 6195 cycles to 7743 cycles
Relaxing scrub interval from 7743 cycles to 9678 cycles
Tightening scrub interval from 9678 cycles to 4839 cycles
Relaxing scrub interval from 4839 cycles to 6048 cycles
Relaxing scrub interval from 6048 cycles to 7560 cycles
Relaxing scrub interval from 7560 cycles to 9450 cycles
Tightening scrub interval from 9450 cycles to 4725 cycles
Relaxing scrub interval from 4725 cycles to 5906 cycles
Relaxing scrub interval from 5906 cycles to 7382 cycles
Relaxing scrub interval from 7382 cycles to 9227 cycles
Tightening scrub interval from 9227 cycles to 4613 cycles
Relaxing scrub interval from 4613 cycles to 5766 cycles
Tightening scrub interval from 5766 cycles to 2883 cycles
Relaxing scrub interval from 2883 cycles to 3603 cycles
Relaxing scrub interval from 3603 cycles to 4503 cycles
Relaxing scrub interval from 4503 cycles to 5628 cycles
Relaxing scrub interval from 5628 cycles to 7035 cycles
Relaxing scrub interval from 7035 cycles to 8793 cycles
Tightening scrub interval from 8793 cycles to 4396 cycles
Relaxing scrub interval from 4396 cycles to 5495 cycles
Tightening scrub interval from 5495 cycles to 2747 cycles
Relaxing scrub interval from 2747 cycles to 3433 cycles
Relaxing scrub interval from 3433 cycles to 4291 cycles
Relaxing scrub interval from 4291 cycles to 5363 cycles
Tightening scrub interval from 5363 cycles to 2681 cycles
Relaxing scrub interval from 2681 cycles to 3351 cycles
Tightening scrub interval from 3351 cycles to 1675 cycles
Relaxing scrub interval from 1675 cycles to 2093 cycles
Relaxing scrub interval from 2093 cycles to 2616 cycles
Relaxing scrub interval from 2616 cycles to 3270 cycles
Relaxing scrub interval from 3270 cycles to 4087 cycles
Tightening scrub interval from 4087 cycles to 2043 cycles
Tightening scrub interval from 2043 cycles to 1021 cycles
Relaxing scrub interval from 1021 cycles to 1276 cycles
Relaxing scrub interval from 1276 cycles to 1595 cycles
Relaxing scrub interval from 1595 cycles to 1993 cycles
Relaxing scrub interval from 1993 cycles to 2491 cycles
Tightening scrub interval from 2491 cycles to 1245 cycles
Relaxing scrub interval from 1245 cycles to 1556 cycles
Tightening scrub interval from 1556 cycles to 778 cycles
Relaxing scrub interval from 778 cycles to 972 cycles
Relaxing scrub interval from 972 cycles to 1215 cycles
Tightening scrub interval from 1215 cycles to 607 cycles
Relaxing scrub interval from 607 cycles to 758 cycles
Relaxing scrub interval from 758 cycles to 947 cycles
Relaxing scrub interval from 947 cycles to 1183 cycles
Relaxing scrub interval from 1183 cycles to 1478 cycles
Relaxing scrub interval from 1478 cycles to 1847 cycles
Relaxing scrub interval from 1847 cycles to 2308 cycles
Tightening scrub interval from 2308 cycles to 1154 cycles
Relaxing scrub interval from 1154 cycles to 1442 cycles
Relaxing scrub interval from 1442 cycles to 1802 cycles
Tightening scrub interval from 1802 cycles to 901 cycles
Relaxing scrub interval from 901 cycles to 1126 cycles
Relaxing scrub interval from 1126 cycles to 1407 cycles
Relaxing scrub interval from 1407 cycles to 1758 cycles
Relaxing scrub interval from 1758 cycles to 2197 cycles
Tightening scrub interval from 2197 cycles to 1098 cycles
Relaxing scrub interval from 1098 cycles to 1372 cycles
Relaxing scrub interval from 1372 cycles to 1715 cycles
Relaxing scrub interval from 1715 cycles to 2143 cycles
Relaxing scrub interval from 2143 cycles to 2678 cycles
Relaxing scrub interval from 2678 cycles to 3347 cycles
Relaxing scrub interval from 3347 cycles to 4183 cycles
Relaxing scrub interval from 4183 cycles to 5228 cycles
Relaxing scrub interval from 5228 cycles to 6535 cycles
Relaxing scrub interval from 6535 cycles to 8168 cycles
Relaxing scrub interval from 8168 cycles to 10210 cycles
Tightening scrub interval from 10210 cycles to 5105 cycles
Relaxing scrub interval from 5105 cycles to 6381 cycles
Tightening scrub interval from 6381 cycles to 3190 cycles
Tightening scrub interval from 3190 cycles to 1595 cycles
Relaxing scrub interval from 1595 cycles to 1993 cycles
Relaxing scrub interval from 1993 cycles to 2491 cycles
Relaxing scrub interval from 2491 cycles to 3113 cycles
Relaxing scrub interval from 3113 cycles to 3891 cycles
Tightening scrub interval from 3891 cycles to 1945 cycles
Relaxing scrub interval from 1945 cycles to 2431 cycles
Tightening scrub interval from 2431 cycles to 1215 cycles
Relaxing scrub interval from 1215 cycles to 1518 cycles
Relaxing scrub interval from 1518 cycles to 1897 cycles
Relaxing scrub interval from 1897 cycles to 2371 cycles
Relaxing scrub interval from 2371 cycles to 2963 cycles
Relaxing scrub interval from 2963 cycles to 3703 cycles
Relaxing scrub interval from 3703 cycles to 4628 cycles
Relaxing scrub interval from 4628 cycles to 5785 cycles
Tightening scrub interval from 5785 cycles to 2892 cycles
Relaxing scrub interval from 2892 cycles to 3615 cycles
Relaxing scrub interval from 3615 cycles to 4518 cycles
Relaxing scrub interval from 4518 cycles to 5647 cycles
Tightening scrub interval from 5647 cycles to 2823 cycles
Relaxing scrub interval from 2823 cycles to 3528 cycles
Relaxing scrub interval from 3528 cycles to 4410 cycles
Relaxing scrub interval from 4410 cycles to 5512 cycles
Relaxing scrub interval from 5512 cycles to 6890 cycles
Tightening scrub interval from 6890 cycles to 3445 cycles
Relaxing scrub interval from 3445 cycles to 4306 cycles
Relaxing scrub interval from 4306 cycles to 5382 cycles
Relaxing scrub interval from 5382 cycles to 6727 cycles
Relaxing scrub interval from 6727 cycles to 8408 cycles
Relaxing scrub interval from 8408 cycles to 10510 cycles
Tightening scrub interval from 10510 cycles to 5255 cycles
Tightening scrub interval from 5255 cycles to 2627 cycles
Relaxing scrub interval from 2627 cycles to 3283 cycles
Relaxing scrub interval from 3283 cycles to 4103 cycles
Relaxing scrub interval from 4103 cycles to 5128 cycles
Tightening scrub interval from 5128 cycles to 2564 cycles
Relaxing scrub interval from 2564 cycles to 3205 cycles
Tightening scrub interval from 3205 cycles to 1602 cycles
Relaxing scrub interval from 1602 cycles to 2002 cycles
Relaxing scrub interval from 2002 cycles to 2502 cycles
Relaxing scrub interval from 2502 cycles to 3127 cycles
Relaxing scrub interval from 3127 cycles to 3908 cycles
Tightening scrub interval from 3908 cycles to 1954 cycles
Relaxing scrub interval from 1954 cycles to 2442 cycles
Relaxing scrub interval from 2442 cycles to 3052 cycles
Relaxing scrub interval from 3052 cycles to 3815 cycles
Relaxing scrub interval from 3815 cycles to 4768 cycles
Tightening scrub interval from 4768 cycles to 2384 cycles
Tightening scrub interval from 2384 cycles to 1192 cycles
Relaxing scrub interval from 1192 cycles to 1490 cycles
Relaxing scrub interval from 1490 cycles to 1862 cycles
Tightening scrub interval from 1862 cycles to 931 cycles
Relaxing scrub interval from 931 cycles to 1163 cycles
Relaxing scrub interval from 1163 cycles to 1453 cycles
Relaxing scrub interval from 1453 cycles to 1816 cycles
Relaxing scrub interval from 1816 cycles to 2270 cycles
Relaxing scrub interval from 2270 cycles to 2837 cycles
Relaxing scrub interval from 2837 cycles to 3546 cycles
Tightening scrub interval from 3546 cycles to 1773 cycles
Relaxing scrub interval from 1773 cycles to 2216 cycles
Tightening scrub interval from 2216 cycles to 1108 cycles
Relaxing scrub interval from 1108 cycles to 1385 cycles
Relaxing scrub interval from 1385 cycles to 1731 cycles
Relaxing scrub interval from 1731 cycles to 2163 cycles
Relaxing scrub interval from 2163 cycles to 2703 cycles
Relaxing scrub interval from 2703 cycles to 3378 cycles
Tightening scrub interval from 3378 cycles to 1689 cycles
Relaxing scrub interval from 1689 cycles to 2111 cycles
Tightening scrub interval from 2111 cycles to 1055 cycles
Relaxing scrub interval from 1055 cycles to 1318 cycles
Tightening scrub interval from 1318 cycles to 659 cycles
Relaxing scrub interval from 659 cycles to 823 cycles
Tightening scrub interval from 823 cycles to 411 cycles
Relaxing scrub interval from 411 cycles to 513 cycles
Relaxing scrub interval from 513 cycles to 641 cycles
Relaxing scrub interval from 641 cycles to 801 cycles
Relaxing scrub interval from 801 cycles to 1001 cycles
Relaxing scrub interval from 1001 cycles to 1251 cycles
Relaxing scrub interval from 1251 cycles to 1563 cycles
Relaxing scrub interval from 1563 cycles to 1953 cycles
Relaxing scrub interval from 1953 cycles to 2441 cycles
Tightening scrub interval from 2441 cycles to 1220 cycles
Relaxing scrub interval from 1220 cycles to 1525 cycles
Relaxing scrub interval from 1525 cycles to 1906 cycles
Relaxing scrub interval from 1906 cycles to 2382 cycles
Relaxing scrub interval from 2382 cycles to 2977 cycles
Tightening scrub interval from 2977 cycles to 1488 cycles
Tightening scrub interval from 1488 cycles to 744 cycles
Relaxing scrub interval from 744 cycles to 930 cycles
Relaxing scrub interval from 930 cycles to 1162 cycles
Relaxing scrub interval from 1162 cycles to 1452 cycles
Relaxing scrub interval from 1452 cycles to 1815 cycles
Relaxing scrub interval from 1815 cycles to 2268 cycles
Relaxing scrub interval from 2268 cycles to 2835 cycles
Relaxing scrub interval from 2835 cycles to 3543 cycles
Relaxing scrub interval from 3543 cycles to 4428 cycles
Relaxing scrub interval from 4428 cycles to 5535 cycles
Relaxing scrub interval from 5535 cycles to 6918 cycles
Relaxing scrub interval from 6918 cycles to 8647 cycles
Tightening scrub interval from 8647 cycles to 4323 cycles
Relaxing scrub interval from 4323 cycles to 5403 cycles
Relaxing scrub interval from 5403 cycles to 6753 cycles
Relaxing scrub interval from 6753 cycles to 8441 cycles
Tightening scrub interval from 8441 cycles to 4220 cycles
Relaxing scrub interval from 4220 cycles to 5275 cycles
Relaxing scrub interval from 5275 cycles to 6593 cycles
Tightening scrub interval from 6593 cycles to 3296 cycles
Relaxing scrub interval from 3296 cycles to 4120 cycles
Relaxing scrub interval from 4120 cycles to 5150 cycles
Relaxing scrub interval from 5150 cycles to 6437 cycles
Relaxing scrub interval from 6437 cycles to 8046 cycles
Tightening scrub interval from 8046 cycles to 4023 cycles
Relaxing scrub interval from 4023 cycles to 5028 cycles
Tightening scrub interval from 5028 cycles to 2514 cycles
Relaxing scrub interval from 2514 cycles to 3142 cycles
Relaxing scrub interval from 3142 cycles to 3927 cycles
Tightening scrub interval from 3927 cycles to 1963 cycles
Relaxing scrub interval from 1963 cycles to 2453 cycles
Relaxing scrub interval from 2453 cycles to 3066 cycles
Relaxing scrub interval from 3066 cycles to 3832 cycles
Relaxing scrub interval from 3832 cycles to 4790 cycles
Relaxing scrub interval from 4790 cycles to 5987 cycles
Tightening scrub interval from 5987 cycles to 2993 cycles
Relaxing scrub interval from 2993 cycles to 3741 cycles
Tightening scrub interval from 3741 cycles to 1870 cycles
Relaxing scrub interval from 1870 cycles to 2337 cycles
Relaxing scrub interval from 2337 cycles to 2921 cycles
Relaxing scrub interval from 2921 cycles to 3651 cycles
Relaxing scrub interval from 3651 cycles to 4563 cycles
Tightening scrub interval from 4563 cycles to 2281 cycles
Relaxing scrub interval from 2281 cycles to 2851 cycles
Relaxing scrub interval from 2851 cycles to 3563 cycles
Relaxing scrub interval from 3563 cycles to 4453 cycles
Relaxing scrub interval from 4453 cycles to 5566 cycles
Tightening scrub interval from 5566 cycles to 2783 cycles
Relaxing scrub interval from 2783 cycles to 3478 cycles
Relaxing scrub interval from 3478 cycles to 4347 cycles
Tightening scrub interval from 4347 cycles to 2173 cycles
Relaxing scrub interval from 2173 cycles to 2716 cycles
Tightening scrub interval from 2716 cycles to 1358 cycles
Relaxing scrub interval from 1358 cycles to 1697 cycles
Tightening scrub interval from 1697 cycles to 848 cycles
Relaxing scrub interval from 848 cycles to 1060 cycles
Relaxing scrub interval from 1060 cycles to 1325 cycles
Relaxing scrub interval from 1325 cycles to 1656 cycles
Relaxing scrub interval from 1656 cycles to 2070 cycles
Tightening scrub interval from 2070 cycles to 1035 cycles
Relaxing scrub interval from 1035 cycles to 1293 cycles
Relaxing scrub interval from 1293 cycles to 1616 cycles
Relaxing scrub interval from 1616 cycles to 2020 cycles
Relaxing scrub interval from 2020 cycles to 2525 cycles
Tightening scrub interval from 2525 cycles to 1262 cycles
Tightening scrub interval from 1262 cycles to 631 cycles
Relaxing scrub interval from 631 cycles to 788 cycles
Relaxing scrub interval from 788 cycles to 985 cycles
Relaxing scrub interval from 985 cycles to 1231 cycles
Relaxing scrub interval from 1231 cycles to 1538 cycles
Relaxing scrub interval from 1538 cycles to 1922 cycles
Tightening scrub interval from 1922 cycles to 961 cycles
Tightening scrub interval from 961 cycles to 480 cycles
Relaxing scrub interval from 480 cycles to 600 cycles
Relaxing scrub interval from 600 cycles to 750 cycles
Relaxing scrub interval from 750 cycles to 937 cycles
Relaxing scrub interval from 937 cycles to 1171 cycles
Relaxing scrub interval from 1171 cycles to 1463 cycles
Relaxing scrub interval from 1463 cycles to 1828 cycles
Tightening scrub interval from 1828 cycles to 914 cycles
Relaxing scrub interval from 914 cycles to 1142 cycles
Relaxing scrub interval from 1142 cycles to 1427 cycles
Relaxing scrub interval from 1427 cycles to 1783 cycles
