warn: No dot file generated. Please install pydot to generate the dot file and pdf.
Scrubbing enabled with adaptive interval starting at 10 cycles, tightening factor 2, relax factor 1.25
src/arch/riscv/isa.cc:275: info: RVV enabled, VLEN = 256 bits, ELEN = 64 bits
src/base/statistics.hh:279: warn: One of the stats is a legacy stat. Legacy stat is a stat that does not belong to any statistics::Group. Legacy stat is deprecated.
src/base/remote_gdb.cc:418: warn: Sockets disabled, not accepting gdb connections
src/sim/simulate.cc:199: info: Entering event queue @ 0.  Starting simulation...
Relaxing scrub interval from 10 cycles to 12 cycles
Relaxing scrub interval from 12 cycles to 15 cycles
Relaxing scrub interval from 15 cycles to 18 cycles
Relaxing scrub interval from 18 cycles to 22 cycles
Relaxing scrub interval from 22 cycles to 27 cycles
Relaxing scrub interval from 27 cycles to 33 cycles
Relaxing scrub interval from 33 cycles to 41 cycles
Relaxing scrub interval from 41 cycles to 51 cycles
Relaxing scrub interval from 51 cycles to 63 cycles
Relaxing scrub interval from 63 cycles to 78 cycles
Relaxing scrub interval from 78 cycles to 97 cycles
Relaxing scrub interval from 97 cycles to 121 cycles
Relaxing scrub interval from 121 cycles to 151 cycles
Relaxing scrub interval from 151 cycles to 188 cycles
Relaxing scrub interval from 188 cycles to 235 cycles
Relaxing scrub interval from 235 cycles to 293 cycles
Relaxing scrub interval from 293 cycles to 366 cycles
Relaxing scrub interval from 366 cycles to 457 cycles
Relaxing scrub interval from 457 cycles to 571 cycles
Relaxing scrub interval from 571 cycles to 713 cycles
Relaxing scrub interval from 713 cycles to 891 cycles
src/sim/syscall_emul.cc:86: warn: ignoring syscall set_robust_list(...)
      (further warnings will be suppressed)
Relaxing scrub interval from 891 cycles to 1113 cycles
Relaxing scrub interval from 1113 cycles to 1391 cycles
src/sim/syscall_emul.hh:1014: warn: readlink() called on '/proc/self/exe' may yield unexpected results in various settings.
      Returning '/home/cs1952y-user/gem5/1952y-fp/gem5/tests/test-progs/cs1952y-fp/alt'
src/sim/mem_state.cc:448: info: Increasing stack size by one page.
Relaxing scrub interval from 1391 cycles to 1738 cycles
Relaxing scrub interval from 1738 cycles to 2172 cycles
Relaxing scrub interval from 2172 cycles to 2715 cycles
Relaxing scrub interval from 2715 cycles to 3393 cycles
Relaxing scrub interval from 3393 cycles to 4241 cycles
src/sim/syscall_emul.cc:75: warn: ignoring syscall mprotect(...) at tick 17327000
Relaxing scrub interval from 4241 cycles to 5301 cycles
Relaxing scrub interval from 5301 cycles to 6626 cycles
Relaxing scrub interval from 6626 cycles to 8282 cycles
Relaxing scrub interval from 8282 cycles to 10352 cycles
Relaxing scrub interval from 10352 cycles to 12940 cycles
Tightening scrub interval from 12940 cycles to 6470 cycles
Tightening scrub interval from 6470 cycles to 3235 cycles
Relaxing scrub interval from 3235 cycles to 4043 cycles
Relaxing scrub interval from 4043 cycles to 5053 cycles
Relaxing scrub interval from 5053 cycles to 6316 cycles
Tightening scrub interval from 6316 cycles to 3158 cycles
Relaxing scrub interval from 3158 cycles to 3947 cycles
Tightening scrub interval from 3947 cycles to 1973 cycles
Relaxing scrub interval from 1973 cycles to 2466 cycles
Relaxing scrub interval from 2466 cycles to 3082 cycles
Relaxing scrub interval from 3082 cycles to 3852 cycles
Tightening scrub interval from 3852 cycles to 1926 cycles
Relaxing scrub interval from 1926 cycles to 2407 cycles
Tightening scrub interval from 2407 cycles to 1203 cycles
Relaxing scrub interval from 1203 cycles to 1503 cycles
Relaxing scrub interval from 1503 cycles to 1878 cycles
Relaxing scrub interval from 1878 cycles to 2347 cycles
Relaxing scrub interval from 2347 cycles to 2933 cycles
Relaxing scrub interval from 2933 cycles to 3666 cycles
Relaxing scrub interval from 3666 cycles to 4582 cycles
Tightening scrub interval from 4582 cycles to 2291 cycles
Relaxing scrub interval from 2291 cycles to 2863 cycles
Relaxing scrub interval from 2863 cycles to 3578 cycles
Tightening scrub interval from 3578 cycles to 1789 cycles
Relaxing scrub interval from 1789 cycles to 2236 cycles
Relaxing scrub interval from 2236 cycles to 2795 cycles
Tightening scrub interval from 2795 cycles to 1397 cycles
Relaxing scrub interval from 1397 cycles to 1746 cycles
Relaxing scrub interval from 1746 cycles to 2182 cycles
Relaxing scrub interval from 2182 cycles to 2727 cycles
Relaxing scrub interval from 2727 cycles to 3408 cycles
Relaxing scrub interval from 3408 cycles to 4260 cycles
Tightening scrub interval from 4260 cycles to 2130 cycles
Relaxing scrub interval from 2130 cycles to 2662 cycles
Relaxing scrub interval from 2662 cycles to 3327 cycles
Tightening scrub interval from 3327 cycles to 1663 cycles
Relaxing scrub interval from 1663 cycles to 2078 cycles
Relaxing scrub interval from 2078 cycles to 2597 cycles
Tightening scrub interval from 2597 cycles to 1298 cycles
Relaxing scrub interval from 1298 cycles to 1622 cycles
Relaxing scrub interval from 1622 cycles to 2027 cycles
Relaxing scrub interval from 2027 cycles to 2533 cycles
Relaxing scrub interval from 2533 cycles to 3166 cycles
Tightening scrub interval from 3166 cycles to 1583 cycles
Tightening scrub interval from 1583 cycles to 791 cycles
Relaxing scrub interval from 791 cycles to 988 cycles
Relaxing scrub interval from 988 cycles to 1235 cycles
Tightening scrub interval from 1235 cycles to 617 cycles
Relaxing scrub interval from 617 cycles to 771 cycles
Relaxing scrub interval from 771 cycles to 963 cycles
Relaxing scrub interval from 963 cycles to 1203 cycles
Relaxing scrub interval from 1203 cycles to 1503 cycles
Relaxing scrub interval from 1503 cycles to 1878 cycles
Relaxing scrub interval from 1878 cycles to 2347 cycles
Relaxing scrub interval from 2347 cycles to 2933 cycles
Relaxing scrub interval from 2933 cycles to 3666 cycles
Relaxing scrub interval from 3666 cycles to 4582 cycles
Relaxing scrub interval from 4582 cycles to 5727 cycles
Relaxing scrub interval from 5727 cycles to 7158 cycles
Relaxing scrub interval from 7158 cycles to 8947 cycles
Relaxing scrub interval from 8947 cycles to 11183 cycles
Relaxing scrub interval from 11183 cycles to 13978 cycles
Tightening scrub interval from 13978 cycles to 6989 cycles
Tightening scrub interval from 6989 cycles to 3494 cycles
Relaxing scrub interval from 3494 cycles to 4367 cycles
Relaxing scrub interval from 4367 cycles to 5458 cycles
Relaxing scrub interval from 5458 cycles to 6822 cycles
Tightening scrub interval from 6822 cycles to 3411 cycles
Relaxing scrub interval from 3411 cycles to 4263 cycles
Tightening scrub interval from 4263 cycles to 2131 cycles
Tightening scrub interval from 2131 cycles to 1065 cycles
Relaxing scrub interval from 1065 cycles to 1331 cycles
Relaxing scrub interval from 1331 cycles to 1663 cycles
Relaxing scrub interval from 1663 cycles to 2078 cycles
Relaxing scrub interval from 2078 cycles to 2597 cycles
Relaxing scrub interval from 2597 cycles to 3246 cycles
Relaxing scrub interval from 3246 cycles to 4057 cycles
Relaxing scrub interval from 4057 cycles to 5071 cycles
Tightening scrub interval from 5071 cycles to 2535 cycles
Relaxing scrub interval from 2535 cycles to 3168 cycles
Relaxing scrub interval from 3168 cycles to 3960 cycles
Relaxing scrub interval from 3960 cycles to 4950 cycles
Relaxing scrub interval from 4950 cycles to 6187 cycles
Relaxing scrub interval from 6187 cycles to 7733 cycles
Relaxing scrub interval from 7733 cycles to 9666 cycles
Tightening scrub interval from 9666 cycles to 4833 cycles
Relaxing scrub interval from 4833 cycles to 6041 cycles
Relaxing scrub interval from 6041 cycles to 7551 cycles
Relaxing scrub interval from 7551 cycles to 9438 cycles
Relaxing scrub interval from 9438 cycles to 11797 cycles
Relaxing scrub interval from 11797 cycles to 14746 cycles
Tightening scrub interval from 14746 cycles to 7373 cycles
Tightening scrub interval from 7373 cycles to 3686 cycles
Relaxing scrub interval from 3686 cycles to 4607 cycles
Tightening scrub interval from 4607 cycles to 2303 cycles
Relaxing scrub interval from 2303 cycles to 2878 cycles
Tightening scrub interval from 2878 cycles to 1439 cycles
Relaxing scrub interval from 1439 cycles to 1798 cycles
Relaxing scrub interval from 1798 cycles to 2247 cycles
Relaxing scrub interval from 2247 cycles to 2808 cycles
Relaxing scrub interval from 2808 cycles to 3510 cycles
Relaxing scrub interval from 3510 cycles to 4387 cycles
Relaxing scrub interval from 4387 cycles to 5483 cycles
Relaxing scrub interval from 5483 cycles to 6853 cycles
Tightening scrub interval from 6853 cycles to 3426 cycles
Relaxing scrub interval from 3426 cycles to 4282 cycles
Tightening scrub interval from 4282 cycles to 2141 cycles
Tightening scrub interval from 2141 cycles to 1070 cycles
Relaxing scrub interval from 1070 cycles to 1337 cycles
Relaxing scrub interval from 1337 cycles to 1671 cycles
Tightening scrub interval from 1671 cycles to 835 cycles
Relaxing scrub interval from 835 cycles to 1043 cycles
Relaxing scrub interval from 1043 cycles to 1303 cycles
Relaxing scrub interval from 1303 cycles to 1628 cycles
Relaxing scrub interval from 1628 cycles to 2035 cycles
Tightening scrub interval from 2035 cycles to 1017 cycles
Relaxing scrub interval from 1017 cycles to 1271 cycles
Relaxing scrub interval from 1271 cycles to 1588 cycles
Relaxing scrub interval from 1588 cycles to 1985 cycles
Relaxing scrub interval from 1985 cycles to 2481 cycles
Relaxing scrub interval from 2481 cycles to 3101 cycles
Relaxing scrub interval from 3101 cycles to 3876 cycles
Relaxing scrub interval from 3876 cycles to 4845 cycles
Tightening scrub interval from 4845 cycles to 2422 cycles
Relaxing scrub interval from 2422 cycles to 3027 cycles
Relaxing scrub interval from 3027 cycles to 3783 cycles
Tightening scrub interval from 3783 cycles to 1891 cycles
Relaxing scrub interval from 1891 cycles to 2363 cycles
Relaxing scrub interval from 2363 cycles to 2953 cycles
Relaxing scrub interval from 2953 cycles to 3691 cycles
Relaxing scrub interval from 3691 cycles to 4613 cycles
Tightening scrub interval from 4613 cycles to 2306 cycles
Relaxing scrub interval from 2306 cycles to 2882 cycles
Relaxing scrub interval from 2882 cycles to 3602 cycles
Relaxing scrub interval from 3602 cycles to 4502 cycles
Relaxing scrub interval from 4502 cycles to 5627 cycles
Relaxing scrub interval from 5627 cycles to 7033 cycles
Tightening scrub interval from 7033 cycles to 3516 cycles
Tightening scrub interval from 3516 cycles to 1758 cycles
Relaxing scrub interval from 1758 cycles to 2197 cycles
Relaxing scrub interval from 2197 cycles to 2746 cycles
Relaxing scrub interval from 2746 cycles to 3432 cycles
Tightening scrub interval from 3432 cycles to 1716 cycles
Relaxing scrub interval from 1716 cycles to 2145 cycles
Relaxing scrub interval from 2145 cycles to 2681 cycles
Relaxing scrub interval from 2681 cycles to 3351 cycles
Relaxing scrub interval from 3351 cycles to 4188 cycles
Relaxing scrub interval from 4188 cycles to 5235 cycles
Relaxing scrub interval from 5235 cycles to 6543 cycles
Relaxing scrub interval from 6543 cycles to 8178 cycles
Relaxing scrub interval from 8178 cycles to 10222 cycles
Relaxing scrub interval from 10222 cycles to 12777 cycles
Relaxing scrub interval from 12777 cycles to 15971 cycles
Tightening scrub interval from 15971 cycles to 7985 cycles
Relaxing scrub interval from 7985 cycles to 9981 cycles
Relaxing scrub interval from 9981 cycles to 12476 cycles
Relaxing scrub interval from 12476 cycles to 15595 cycles
Relaxing scrub interval from 15595 cycles to 19493 cycles
Tightening scrub interval from 19493 cycles to 9746 cycles
Tightening scrub interval from 9746 cycles to 4873 cycles
Tightening scrub interval from 4873 cycles to 2436 cycles
Relaxing scrub interval from 2436 cycles to 3045 cycles
Relaxing scrub interval from 3045 cycles to 3806 cycles
Relaxing scrub interval from 3806 cycles to 4757 cycles
Relaxing scrub interval from 4757 cycles to 5946 cycles
Tightening scrub interval from 5946 cycles to 2973 cycles
Relaxing scrub interval from 2973 cycles to 3716 cycles
Relaxing scrub interval from 3716 cycles to 4645 cycles
Relaxing scrub interval from 4645 cycles to 5806 cycles
Tightening scrub interval from 5806 cycles to 2903 cycles
Tightening scrub interval from 2903 cycles to 1451 cycles
Relaxing scrub interval from 1451 cycles to 1813 cycles
Tightening scrub interval from 1813 cycles to 906 cycles
Relaxing scrub interval from 906 cycles to 1132 cycles
Relaxing scrub interval from 1132 cycles to 1415 cycles
Relaxing scrub interval from 1415 cycles to 1768 cycles
Relaxing scrub interval from 1768 cycles to 2210 cycles
Relaxing scrub interval from 2210 cycles to 2762 cycles
Relaxing scrub interval from 2762 cycles to 3452 cycles
Relaxing scrub interval from 3452 cycles to 4315 cycles
Relaxing scrub interval from 4315 cycles to 5393 cycles
Relaxing scrub interval from 5393 cycles to 6741 cycles
Tightening scrub interval from 6741 cycles to 3370 cycles
Relaxing scrub interval from 3370 cycles to 4212 cycles
Relaxing scrub interval from 4212 cycles to 5265 cycles
Relaxing scrub interval from 5265 cycles to 6581 cycles
Relaxing scrub interval from 6581 cycles to 8226 cycles
Relaxing scrub interval from 8226 cycles to 10282 cycles
Relaxing scrub interval from 10282 cycles to 12852 cycles
Relaxing scrub interval from 12852 cycles to 16065 cycles
Tightening scrub interval from 16065 cycles to 8032 cycles
Tightening scrub interval from 8032 cycles to 4016 cycles
Relaxing scrub interval from 4016 cycles to 5020 cycles
Tightening scrub interval from 5020 cycles to 2510 cycles
Relaxing scrub interval from 2510 cycles to 3137 cycles
Tightening scrub interval from 3137 cycles to 1568 cycles
Relaxing scrub interval from 1568 cycles to 1960 cycles
Relaxing scrub interval from 1960 cycles to 2450 cycles
Tightening scrub interval from 2450 cycles to 1225 cycles
Relaxing scrub interval from 1225 cycles to 1531 cycles
Relaxing scrub interval from 1531 cycles to 1913 cycles
Tightening scrub interval from 1913 cycles to 956 cycles
Relaxing scrub interval from 956 cycles to 1195 cycles
Relaxing scrub interval from 1195 cycles to 1493 cycles
Relaxing scrub interval from 1493 cycles to 1866 cycles
Tightening scrub interval from 1866 cycles to 933 cycles
Relaxing scrub interval from 933 cycles to 1166 cycles
Relaxing scrub interval from 1166 cycles to 1457 cycles
Relaxing scrub interval from 1457 cycles to 1821 cycles
Relaxing scrub interval from 1821 cycles to 2276 cycles
Relaxing scrub interval from 2276 cycles to 2845 cycles
Relaxing scrub interval from 2845 cycles to 3556 cycles
Relaxing scrub interval from 3556 cycles to 4445 cycles
Relaxing scrub interval from 4445 cycles to 5556 cycles
Tightening scrub interval from 5556 cycles to 2778 cycles
Tightening scrub interval from 2778 cycles to 1389 cycles
Relaxing scrub interval from 1389 cycles to 1736 cycles
Relaxing scrub interval from 1736 cycles to 2170 cycles
Relaxing scrub interval from 2170 cycles to 2712 cycles
Relaxing scrub interval from 2712 cycles to 3390 cycles
Relaxing scrub interval from 3390 cycles to 4237 cycles
Tightening scrub interval from 4237 cycles to 2118 cycles
Relaxing scrub interval from 2118 cycles to 2647 cycles
Relaxing scrub interval from 2647 cycles to 3308 cycles
Relaxing scrub interval from 3308 cycles to 4135 cycles
Relaxing scrub interval from 4135 cycles to 5168 cycles
Relaxing scrub interval from 5168 cycles to 6460 cycles
Tightening scrub interval from 6460 cycles to 3230 cycles
Relaxing scrub interval from 3230 cycles to 4037 cycles
Tightening scrub interval from 4037 cycles to 2018 cycles
Relaxing scrub interval from 2018 cycles to 2522 cycles
Relaxing scrub interval from 2522 cycles to 3152 cycles
Relaxing scrub interval from 3152 cycles to 3940 cycles
Relaxing scrub interval from 3940 cycles to 4925 cycles
Tightening scrub interval from 4925 cycles to 2462 cycles
Relaxing scrub interval from 2462 cycles to 3077 cycles
Relaxing scrub interval from 3077 cycles to 3846 cycles
Tightening scrub interval from 3846 cycles to 1923 cycles
Tightening scrub interval from 1923 cycles to 961 cycles
Relaxing scrub interval from 961 cycles to 1201 cycles
Relaxing scrub interval from 1201 cycles to 1501 cycles
Relaxing scrub interval from 1501 cycles to 1876 cycles
Relaxing scrub interval from 1876 cycles to 2345 cycles
Relaxing scrub interval from 2345 cycles to 2931 cycles
Relaxing scrub interval from 2931 cycles to 3663 cycles
Relaxing scrub interval from 3663 cycles to 4578 cycles
Relaxing scrub interval from 4578 cycles to 5722 cycles
Tightening scrub interval from 5722 cycles to 2861 cycles
Relaxing scrub interval from 2861 cycles to 3576 cycles
Tightening scrub interval from 3576 cycles to 1788 cycles
Relaxing scrub interval from 1788 cycles to 2235 cycles
Relaxing scrub interval from 2235 cycles to 2793 cycles
Relaxing scrub interval from 2793 cycles to 3491 cycles
Tightening scrub interval from 3491 cycles to 1745 cycles
Tightening scrub interval from 1745 cycles to 872 cycles
Tightening scrub interval from 872 cycles to 436 cycles
Relaxing scrub interval from 436 cycles to 545 cycles
Relaxing scrub interval from 545 cycles to 681 cycles
Relaxing scrub interval from 681 cycles to 851 cycles
Tightening scrub interval from 851 cycles to 425 cycles
Relaxing scrub interval from 425 cycles to 531 cycles
Relaxing scrub interval from 531 cycles to 663 cycles
Relaxing scrub interval from 663 cycles to 828 cycles
Relaxing scrub interval from 828 cycles to 1035 cycles
Relaxing scrub interval from 1035 cycles to 1293 cycles
Relaxing scrub interval from 1293 cycles to 1616 cycles
Relaxing scrub interval from 1616 cycles to 2020 cycles
Relaxing scrub interval from 2020 cycles to 2525 cycles
Tightening scrub interval from 2525 cycles to 1262 cycles
Tightening scrub interval from 1262 cycles to 631 cycles
Relaxing scrub interval from 631 cycles to 788 cycles
Relaxing scrub interval from 788 cycles to 985 cycles
Relaxing scrub interval from 985 cycles to 1231 cycles
Relaxing scrub interval from 1231 cycles to 1538 cycles
Tightening scrub interval from 1538 cycles to 769 cycles
Relaxing scrub interval from 769 cycles to 961 cycles
Relaxing scrub interval from 961 cycles to 1201 cycles
Relaxing scrub interval from 1201 cycles to 1501 cycles
Relaxing scrub interval from 1501 cycles to 1876 cycles
Relaxing scrub interval from 1876 cycles to 2345 cycles
Tightening scrub interval from 2345 cycles to 1172 cycles
Relaxing scrub interval from 1172 cycles to 1465 cycles
Relaxing scrub interval from 1465 cycles to 1831 cycles
Relaxing scrub interval from 1831 cycles to 2288 cycles
Relaxing scrub interval from 2288 cycles to 2860 cycles
Relaxing scrub interval from 2860 cycles to 3575 cycles
Relaxing scrub interval from 3575 cycles to 4468 cycles
Tightening scrub interval from 4468 cycles to 2234 cycles
Relaxing scrub interval from 2234 cycles to 2792 cycles
Tightening scrub interval from 2792 cycles to 1396 cycles
Relaxing scrub interval from 1396 cycles to 1745 cycles
Relaxing scrub interval from 1745 cycles to 2181 cycles
Relaxing scrub interval from 2181 cycles to 2726 cycles
Tightening scrub interval from 2726 cycles to 1363 cycles
Relaxing scrub interval from 1363 cycles to 1703 cycles
Relaxing scrub interval from 1703 cycles to 2128 cycles
Relaxing scrub interval from 2128 cycles to 2660 cycles
Tightening scrub interval from 2660 cycles to 1330 cycles
Relaxing scrub interval from 1330 cycles to 1662 cycles
Relaxing scrub interval from 1662 cycles to 2077 cycles
Relaxing scrub interval from 2077 cycles to 2596 cycles
Relaxing scrub interval from 2596 cycles to 3245 cycles
Relaxing scrub interval from 3245 cycles to 4056 cycles
Tightening scrub interval from 4056 cycles to 2028 cycles
Relaxing scrub interval from 2028 cycles to 2535 cycles
Relaxing scrub interval from 2535 cycles to 3168 cycles
Relaxing scrub interval from 3168 cycles to 3960 cycles
Relaxing scrub interval from 3960 cycles to 4950 cycles
Relaxing scrub interval from 4950 cycles to 6187 cycles
Relaxing scrub interval from 6187 cycles to 7733 cycles
Relaxing scrub interval from 7733 cycles to 9666 cycles
Relaxing scrub interval from 9666 cycles to 12082 cycles
Tightening scrub interval from 12082 cycles to 6041 cycles
Tightening scrub interval from 6041 cycles to 3020 cycles
Relaxing scrub interval from 3020 cycles to 3775 cycles
Relaxing scrub interval from 3775 cycles to 4718 cycles
Tightening scrub interval from 4718 cycles to 2359 cycles
Relaxing scrub interval from 2359 cycles to 2948 cycles
Relaxing scrub interval from 2948 cycles to 3685 cycles
Relaxing scrub interval from 3685 cycles to 4606 cycles
Relaxing scrub interval from 4606 cycles to 5757 cycles
Tightening scrub interval from 5757 cycles to 2878 cycles
Relaxing scrub interval from 2878 cycles to 3597 cycles
Tightening scrub interval from 3597 cycles to 1798 cycles
Relaxing scrub interval from 1798 cycles to 2247 cycles
Tightening scrub interval from 2247 cycles to 1123 cycles
Relaxing scrub interval from 1123 cycles to 1403 cycles
Relaxing scrub interval from 1403 cycles to 1753 cycles
Relaxing scrub interval from 1753 cycles to 2191 cycles
Relaxing scrub interval from 2191 cycles to 2738 cycles
Relaxing scrub interval from 2738 cycles to 3422 cycles
Tightening scrub interval from 3422 cycles to 1711 cycles
Relaxing scrub interval from 1711 cycles to 2138 cycles
Relaxing scrub interval from 2138 cycles to 2672 cycles
Relaxing scrub interval from 2672 cycles to 3340 cycles
Relaxing scrub interval from 3340 cycles to 4175 cycles
Relaxing scrub interval from 4175 cycles to 5218 cycles
Relaxing scrub interval from 5218 cycles to 6522 cycles
Relaxing scrub interval from 6522 cycles to 8152 cycles
Tightening scrub interval from 8152 cycles to 4076 cycles
Relaxing scrub interval from 4076 cycles to 5095 cycles
Tightening scrub interval from 5095 cycles to 2547 cycles
Relaxing scrub interval from 2547 cycles to 3183 cycles
Relaxing scrub interval from 3183 cycles to 3978 cycles
Tightening scrub interval from 3978 cycles to 1989 cycles
Relaxing scrub interval from 1989 cycles to 2486 cycles
Relaxing scrub interval from 2486 cycles to 3107 cycles
Relaxing scrub interval from 3107 cycles to 3883 cycles
Relaxing scrub interval from 3883 cycles to 4853 cycles
Tightening scrub interval from 4853 cycles to 2426 cycles
Tightening scrub interval from 2426 cycles to 1213 cycles
Relaxing scrub interval from 1213 cycles to 1516 cycles
Relaxing scrub interval from 1516 cycles to 1895 cycles
Relaxing scrub interval from 1895 cycles to 2368 cycles
Relaxing scrub interval from 2368 cycles to 2960 cycles
Relaxing scrub interval from 2960 cycles to 3700 cycles
Relaxing scrub interval from 3700 cycles to 4625 cycles
Tightening scrub interval from 4625 cycles to 2312 cycles
Tightening scrub interval from 2312 cycles to 1156 cycles
Relaxing scrub interval from 1156 cycles to 1445 cycles
Tightening scrub interval from 1445 cycles to 722 cycles
Relaxing scrub interval from 722 cycles to 902 cycles
Relaxing scrub interval from 902 cycles to 1127 cycles
Relaxing scrub interval from 1127 cycles to 1408 cycles
Relaxing scrub interval from 1408 cycles to 1760 cycles
Relaxing scrub interval from 1760 cycles to 2200 cycles
Relaxing scrub interval from 2200 cycles to 2750 cycles
Relaxing scrub interval from 2750 cycles to 3437 cycles
Tightening scrub interval from 3437 cycles to 1718 cycles
Relaxing scrub interval from 1718 cycles to 2147 cycles
Relaxing scrub interval from 2147 cycles to 2683 cycles
Relaxing scrub interval from 2683 cycles to 3353 cycles
Relaxing scrub interval from 3353 cycles to 4191 cycles
Tightening scrub interval from 4191 cycles to 2095 cycles
Relaxing scrub interval from 2095 cycles to 2618 cycles
Relaxing scrub interval from 2618 cycles to 3272 cycles
Relaxing scrub interval from 3272 cycles to 4090 cycles
Relaxing scrub interval from 4090 cycles to 5112 cycles
Relaxing scrub interval from 5112 cycles to 6390 cycles
Tightening scrub interval from 6390 cycles to 3195 cycles
Relaxing scrub interval from 3195 cycles to 3993 cycles
Relaxing scrub interval from 3993 cycles to 4991 cycles
Relaxing scrub interval from 4991 cycles to 6238 cycles
Relaxing scrub interval from 6238 cycles to 7797 cycles
Tightening scrub interval from 7797 cycles to 3898 cycles
Tightening scrub interval from 3898 cycles to 1949 cycles
Relaxing scrub interval from 1949 cycles to 2436 cycles
Relaxing scrub interval from 2436 cycles to 3045 cycles
Relaxing scrub interval from 3045 cycles to 3806 cycles
Relaxing scrub interval from 3806 cycles to 4757 cycles
Relaxing scrub interval from 4757 cycles to 5946 cycles
Relaxing scrub interval from 5946 cycles to 7432 cycles
Tightening scrub interval from 7432 cycles to 3716 cycles
Relaxing scrub interval from 3716 cycles to 4645 cycles
Relaxing scrub interval from 4645 cycles to 5806 cycles
Relaxing scrub interval from 5806 cycles to 7257 cycles
Tightening scrub interval from 7257 cycles to 3628 cycles
Relaxing scrub interval from 3628 cycles to 4535 cycles
Tightening scrub interval from 4535 cycles to 2267 cycles
Relaxing scrub interval from 2267 cycles to 2833 cycles
Relaxing scrub interval from 2833 cycles to 3541 cycles
Relaxing scrub interval from 3541 cycles to 4426 cycles
Relaxing scrub interval from 4426 cycles to 5532 cycles
Tightening scrub interval from 5532 cycles to 2766 cycles
Relaxing scrub interval from 2766 cycles to 3457 cycles
Tightening scrub interval from 3457 cycles to 1728 cycles
Tightening scrub interval from 1728 cycles to 864 cycles
Relaxing scrub interval from 864 cycles to 1080 cycles
Tightening scrub interval from 1080 cycles to 540 cycles
Relaxing scrub interval from 540 cycles to 675 cycles
Relaxing scrub interval from 675 cycles to 843 cycles
Relaxing scrub interval from 843 cycles to 1053 cycles
Relaxing scrub interval from 1053 cycles to 1316 cycles
Relaxing scrub interval from 1316 cycles to 1645 cycles
Relaxing scrub interval from 1645 cycles to 2056 cycles
Relaxing scrub interval from 2056 cycles to 2570 cycles
Relaxing scrub interval from 2570 cycles to 3212 cycles
Relaxing scrub interval from 3212 cycles to 4015 cycles
Relaxing scrub interval from 4015 cycles to 5018 cycles
Relaxing scrub interval from 5018 cycles to 6272 cycles
Relaxing scrub interval from 6272 cycles to 7840 cycles
Relaxing scrub interval from 7840 cycles to 9800 cycles
Relaxing scrub interval from 9800 cycles to 12250 cycles
Tightening scrub interval from 12250 cycles to 6125 cycles
Tightening scrub interval from 6125 cycles to 3062 cycles
Relaxing scrub interval from 3062 cycles to 3827 cycles
Tightening scrub interval from 3827 cycles to 1913 cycles
Relaxing scrub interval from 1913 cycles to 2391 cycles
Relaxing scrub interval from 2391 cycles to 2988 cycles
Relaxing scrub interval from 2988 cycles to 3735 cycles
Relaxing scrub interval from 3735 cycles to 4668 cycles
Relaxing scrub interval from 4668 cycles to 5835 cycles
Relaxing scrub interval from 5835 cycles to 7293 cycles
Relaxing scrub interval from 7293 cycles to 9116 cycles
Relaxing scrub interval from 9116 cycles to 11395 cycles
Tightening scrub interval from 11395 cycles to 5697 cycles
Relaxing scrub interval from 5697 cycles to 7121 cycles
Tightening scrub interval from 7121 cycles to 3560 cycles
Relaxing scrub interval from 3560 cycles to 4450 cycles
Tightening scrub interval from 4450 cycles to 2225 cycles
Relaxing scrub interval from 2225 cycles to 2781 cycles
Relaxing scrub interval from 2781 cycles to 3476 cycles
Relaxing scrub interval from 3476 cycles to 4345 cycles
Relaxing scrub interval from 4345 cycles to 5431 cycles
Relaxing scrub interval from 5431 cycles to 6788 cycles
Relaxing scrub interval from 6788 cycles to 8485 cycles
Relaxing scrub interval from 8485 cycles to 10606 cycles
Tightening scrub interval from 10606 cycles to 5303 cycles
Relaxing scrub interval from 5303 cycles to 6628 cycles
Relaxing scrub interval from 6628 cycles to 8285 cycles
Relaxing scrub interval from 8285 cycles to 10356 cycles
Tightening scrub interval from 10356 cycles to 5178 cycles
Relaxing scrub interval from 5178 cycles to 6472 cycles
Tightening scrub interval from 6472 cycles to 3236 cycles
Relaxing scrub interval from 3236 cycles to 4045 cycles
Relaxing scrub interval from 4045 cycles to 5056 cycles
Relaxing scrub interval from 5056 cycles to 6320 cycles
Tightening scrub interval from 6320 cycles to 3160 cycles
Relaxing scrub interval from 3160 cycles to 3950 cycles
Tightening scrub interval from 3950 cycles to 1975 cycles
Tightening scrub interval from 1975 cycles to 987 cycles
Relaxing scrub interval from 987 cycles to 1233 cycles
Relaxing scrub interval from 1233 cycles to 1541 cycles
Relaxing scrub interval from 1541 cycles to 1926 cycles
Relaxing scrub interval from 1926 cycles to 2407 cycles
Relaxing scrub interval from 2407 cycles to 3008 cycles
Tightening scrub interval from 3008 cycles to 1504 cycles
Tightening scrub interval from 1504 cycles to 752 cycles
Relaxing scrub interval from 752 cycles to 940 cycles
