warn: No dot file generated. Please install pydot to generate the dot file and pdf.
Scrubbing enabled with adaptive interval starting at 10 cycles, tightening factor 2, relax factor 1.25
src/arch/riscv/isa.cc:275: info: RVV enabled, VLEN = 256 bits, ELEN = 64 bits
src/base/statistics.hh:279: warn: One of the stats is a legacy stat. Legacy stat is a stat that does not belong to any statistics::Group. Legacy stat is deprecated.
src/base/remote_gdb.cc:418: warn: Sockets disabled, not accepting gdb connections
src/sim/simulate.cc:199: info: Entering event queue @ 0.  Starting simulation...
Relaxing scrub interval from 10 cycles to 12 cycles
Relaxing scrub interval from 12 cycles to 15 cycles
Relaxing scrub interval from 15 cycles to 18 cycles
Relaxing scrub interval from 18 cycles to 22 cycles
Relaxing scrub interval from 22 cycles to 27 cycles
Relaxing scrub interval from 27 cycles to 33 cycles
Relaxing scrub interval from 33 cycles to 41 cycles
Relaxing scrub interval from 41 cycles to 51 cycles
Relaxing scrub interval from 51 cycles to 63 cycles
Relaxing scrub interval from 63 cycles to 78 cycles
Relaxing scrub interval from 78 cycles to 97 cycles
Relaxing scrub interval from 97 cycles to 121 cycles
Relaxing scrub interval from 121 cycles to 151 cycles
Relaxing scrub interval from 151 cycles to 188 cycles
Relaxing scrub interval from 188 cycles to 235 cycles
Relaxing scrub interval from 235 cycles to 293 cycles
Relaxing scrub interval from 293 cycles to 366 cycles
Relaxing scrub interval from 366 cycles to 457 cycles
Relaxing scrub interval from 457 cycles to 571 cycles
Relaxing scrub interval from 571 cycles to 713 cycles
Relaxing scrub interval from 713 cycles to 891 cycles
src/sim/syscall_emul.cc:86: warn: ignoring syscall set_robust_list(...)
      (further warnings will be suppressed)
Relaxing scrub interval from 891 cycles to 1113 cycles
Relaxing scrub interval from 1113 cycles to 1391 cycles
src/sim/syscall_emul.hh:1014: warn: readlink() called on '/proc/self/exe' may yield unexpected results in various settings.
      Returning '/home/cs1952y-user/gem5/1952y-fp/gem5/tests/test-progs/cs1952y-fp/alt'
src/sim/mem_state.cc:448: info: Increasing stack size by one page.
Relaxing scrub interval from 1391 cycles to 1738 cycles
Relaxing scrub interval from 1738 cycles to 2172 cycles
Relaxing scrub interval from 2172 cycles to 2715 cycles
Relaxing scrub interval from 2715 cycles to 3393 cycles
Relaxing scrub interval from 3393 cycles to 4241 cycles
src/sim/syscall_emul.cc:75: warn: ignoring syscall mprotect(...) at tick 17327000
Relaxing scrub interval from 4241 cycles to 5301 cycles
Relaxing scrub interval from 5301 cycles to 6626 cycles
Relaxing scrub interval from 6626 cycles to 8282 cycles
Relaxing scrub interval from 8282 cycles to 10352 cycles
Relaxing scrub interval from 10352 cycles to 12940 cycles
Relaxing scrub interval from 12940 cycles to 16175 cycles
Tightening scrub interval from 16175 cycles to 8087 cycles
Relaxing scrub interval from 8087 cycles to 10108 cycles
Tightening scrub interval from 10108 cycles to 5054 cycles
Relaxing scrub interval from 5054 cycles to 6317 cycles
Tightening scrub interval from 6317 cycles to 3158 cycles
Relaxing scrub interval from 3158 cycles to 3947 cycles
Relaxing scrub interval from 3947 cycles to 4933 cycles
Relaxing scrub interval from 4933 cycles to 6166 cycles
Relaxing scrub interval from 6166 cycles to 7707 cycles
Tightening scrub interval from 7707 cycles to 3853 cycles
Relaxing scrub interval from 3853 cycles to 4816 cycles
Tightening scrub interval from 4816 cycles to 2408 cycles
Tightening scrub interval from 2408 cycles to 1204 cycles
Relaxing scrub interval from 1204 cycles to 1505 cycles
Relaxing scrub interval from 1505 cycles to 1881 cycles
Tightening scrub interval from 1881 cycles to 940 cycles
Tightening scrub interval from 940 cycles to 470 cycles
Relaxing scrub interval from 470 cycles to 587 cycles
Relaxing scrub interval from 587 cycles to 733 cycles
Relaxing scrub interval from 733 cycles to 916 cycles
Relaxing scrub interval from 916 cycles to 1145 cycles
Relaxing scrub interval from 1145 cycles to 1431 cycles
Relaxing scrub interval from 1431 cycles to 1788 cycles
Relaxing scrub interval from 1788 cycles to 2235 cycles
Tightening scrub interval from 2235 cycles to 1117 cycles
Relaxing scrub interval from 1117 cycles to 1396 cycles
Relaxing scrub interval from 1396 cycles to 1745 cycles
Relaxing scrub interval from 1745 cycles to 2181 cycles
Relaxing scrub interval from 2181 cycles to 2726 cycles
Relaxing scrub interval from 2726 cycles to 3407 cycles
Relaxing scrub interval from 3407 cycles to 4258 cycles
Relaxing scrub interval from 4258 cycles to 5322 cycles
Relaxing scrub interval from 5322 cycles to 6652 cycles
Relaxing scrub interval from 6652 cycles to 8315 cycles
Tightening scrub interval from 8315 cycles to 4157 cycles
Tightening scrub interval from 4157 cycles to 2078 cycles
Tightening scrub interval from 2078 cycles to 1039 cycles
Relaxing scrub interval from 1039 cycles to 1298 cycles
Relaxing scrub interval from 1298 cycles to 1622 cycles
Relaxing scrub interval from 1622 cycles to 2027 cycles
Tightening scrub interval from 2027 cycles to 1013 cycles
Relaxing scrub interval from 1013 cycles to 1266 cycles
Relaxing scrub interval from 1266 cycles to 1582 cycles
Relaxing scrub interval from 1582 cycles to 1977 cycles
Relaxing scrub interval from 1977 cycles to 2471 cycles
Relaxing scrub interval from 2471 cycles to 3088 cycles
Relaxing scrub interval from 3088 cycles to 3860 cycles
Relaxing scrub interval from 3860 cycles to 4825 cycles
Relaxing scrub interval from 4825 cycles to 6031 cycles
Relaxing scrub interval from 6031 cycles to 7538 cycles
Relaxing scrub interval from 7538 cycles to 9422 cycles
Tightening scrub interval from 9422 cycles to 4711 cycles
Relaxing scrub interval from 4711 cycles to 5888 cycles
Relaxing scrub interval from 5888 cycles to 7360 cycles
Relaxing scrub interval from 7360 cycles to 9200 cycles
Tightening scrub interval from 9200 cycles to 4600 cycles
Relaxing scrub interval from 4600 cycles to 5750 cycles
Tightening scrub interval from 5750 cycles to 2875 cycles
Relaxing scrub interval from 2875 cycles to 3593 cycles
Relaxing scrub interval from 3593 cycles to 4491 cycles
Relaxing scrub interval from 4491 cycles to 5613 cycles
Relaxing scrub interval from 5613 cycles to 7016 cycles
Relaxing scrub interval from 7016 cycles to 8770 cycles
Tightening scrub interval from 8770 cycles to 4385 cycles
Relaxing scrub interval from 4385 cycles to 5481 cycles
Tightening scrub interval from 5481 cycles to 2740 cycles
Relaxing scrub interval from 2740 cycles to 3425 cycles
Relaxing scrub interval from 3425 cycles to 4281 cycles
Relaxing scrub interval from 4281 cycles to 5351 cycles
Tightening scrub interval from 5351 cycles to 2675 cycles
Relaxing scrub interval from 2675 cycles to 3343 cycles
Relaxing scrub interval from 3343 cycles to 4178 cycles
Relaxing scrub interval from 4178 cycles to 5222 cycles
Relaxing scrub interval from 5222 cycles to 6527 cycles
Relaxing scrub interval from 6527 cycles to 8158 cycles
Tightening scrub interval from 8158 cycles to 4079 cycles
Relaxing scrub interval from 4079 cycles to 5098 cycles
Relaxing scrub interval from 5098 cycles to 6372 cycles
Tightening scrub interval from 6372 cycles to 3186 cycles
Relaxing scrub interval from 3186 cycles to 3982 cycles
Relaxing scrub interval from 3982 cycles to 4977 cycles
Tightening scrub interval from 4977 cycles to 2488 cycles
Tightening scrub interval from 2488 cycles to 1244 cycles
Relaxing scrub interval from 1244 cycles to 1555 cycles
Relaxing scrub interval from 1555 cycles to 1943 cycles
Relaxing scrub interval from 1943 cycles to 2428 cycles
Relaxing scrub interval from 2428 cycles to 3035 cycles
Relaxing scrub interval from 3035 cycles to 3793 cycles
Relaxing scrub interval from 3793 cycles to 4741 cycles
Relaxing scrub interval from 4741 cycles to 5926 cycles
Tightening scrub interval from 5926 cycles to 2963 cycles
Relaxing scrub interval from 2963 cycles to 3703 cycles
Relaxing scrub interval from 3703 cycles to 4628 cycles
Tightening scrub interval from 4628 cycles to 2314 cycles
Relaxing scrub interval from 2314 cycles to 2892 cycles
Tightening scrub interval from 2892 cycles to 1446 cycles
Relaxing scrub interval from 1446 cycles to 1807 cycles
Relaxing scrub interval from 1807 cycles to 2258 cycles
Tightening scrub interval from 2258 cycles to 1129 cycles
Relaxing scrub interval from 1129 cycles to 1411 cycles
Relaxing scrub interval from 1411 cycles to 1763 cycles
Relaxing scrub interval from 1763 cycles to 2203 cycles
Tightening scrub interval from 2203 cycles to 1101 cycles
Relaxing scrub interval from 1101 cycles to 1376 cycles
Relaxing scrub interval from 1376 cycles to 1720 cycles
Relaxing scrub interval from 1720 cycles to 2150 cycles
Relaxing scrub interval from 2150 cycles to 2687 cycles
Relaxing scrub interval from 2687 cycles to 3358 cycles
Tightening scrub interval from 3358 cycles to 1679 cycles
Relaxing scrub interval from 1679 cycles to 2098 cycles
Tightening scrub interval from 2098 cycles to 1049 cycles
Tightening scrub interval from 1049 cycles to 524 cycles
Relaxing scrub interval from 524 cycles to 655 cycles
Relaxing scrub interval from 655 cycles to 818 cycles
Relaxing scrub interval from 818 cycles to 1022 cycles
Relaxing scrub interval from 1022 cycles to 1277 cycles
Relaxing scrub interval from 1277 cycles to 1596 cycles
Relaxing scrub interval from 1596 cycles to 1995 cycles
Relaxing scrub interval from 1995 cycles to 2493 cycles
Relaxing scrub interval from 2493 cycles to 3116 cycles
Relaxing scrub interval from 3116 cycles to 3895 cycles
Relaxing scrub interval from 3895 cycles to 4868 cycles
Relaxing scrub interval from 4868 cycles to 6085 cycles
Tightening scrub interval from 6085 cycles to 3042 cycles
Tightening scrub interval from 3042 cycles to 1521 cycles
Relaxing scrub interval from 1521 cycles to 1901 cycles
Tightening scrub interval from 1901 cycles to 950 cycles
Relaxing scrub interval from 950 cycles to 1187 cycles
Relaxing scrub interval from 1187 cycles to 1483 cycles
Relaxing scrub interval from 1483 cycles to 1853 cycles
Relaxing scrub interval from 1853 cycles to 2316 cycles
Relaxing scrub interval from 2316 cycles to 2895 cycles
Tightening scrub interval from 2895 cycles to 1447 cycles
Tightening scrub interval from 1447 cycles to 723 cycles
Relaxing scrub interval from 723 cycles to 903 cycles
Relaxing scrub interval from 903 cycles to 1128 cycles
Relaxing scrub interval from 1128 cycles to 1410 cycles
Relaxing scrub interval from 1410 cycles to 1762 cycles
Relaxing scrub interval from 1762 cycles to 2202 cycles
Relaxing scrub interval from 2202 cycles to 2752 cycles
Relaxing scrub interval from 2752 cycles to 3440 cycles
Relaxing scrub interval from 3440 cycles to 4300 cycles
Relaxing scrub interval from 4300 cycles to 5375 cycles
Tightening scrub interval from 5375 cycles to 2687 cycles
Tightening scrub interval from 2687 cycles to 1343 cycles
Relaxing scrub interval from 1343 cycles to 1678 cycles
Relaxing scrub interval from 1678 cycles to 2097 cycles
Relaxing scrub interval from 2097 cycles to 2621 cycles
Relaxing scrub interval from 2621 cycles to 3276 cycles
Relaxing scrub interval from 3276 cycles to 4095 cycles
Tightening scrub interval from 4095 cycles to 2047 cycles
Relaxing scrub interval from 2047 cycles to 2558 cycles
Relaxing scrub interval from 2558 cycles to 3197 cycles
Tightening scrub interval from 3197 cycles to 1598 cycles
Relaxing scrub interval from 1598 cycles to 1997 cycles
Relaxing scrub interval from 1997 cycles to 2496 cycles
Relaxing scrub interval from 2496 cycles to 3120 cycles
Relaxing scrub interval from 3120 cycles to 3900 cycles
Tightening scrub interval from 3900 cycles to 1950 cycles
Relaxing scrub interval from 1950 cycles to 2437 cycles
Tightening scrub interval from 2437 cycles to 1218 cycles
Tightening scrub interval from 1218 cycles to 609 cycles
Relaxing scrub interval from 609 cycles to 761 cycles
Relaxing scrub interval from 761 cycles to 951 cycles
Relaxing scrub interval from 951 cycles to 1188 cycles
Relaxing scrub interval from 1188 cycles to 1485 cycles
Relaxing scrub interval from 1485 cycles to 1856 cycles
Relaxing scrub interval from 1856 cycles to 2320 cycles
Relaxing scrub interval from 2320 cycles to 2900 cycles
Relaxing scrub interval from 2900 cycles to 3625 cycles
Relaxing scrub interval from 3625 cycles to 4531 cycles
Relaxing scrub interval from 4531 cycles to 5663 cycles
Tightening scrub interval from 5663 cycles to 2831 cycles
Relaxing scrub interval from 2831 cycles to 3538 cycles
Relaxing scrub interval from 3538 cycles to 4422 cycles
Relaxing scrub interval from 4422 cycles to 5527 cycles
Relaxing scrub interval from 5527 cycles to 6908 cycles
Relaxing scrub interval from 6908 cycles to 8635 cycles
Tightening scrub interval from 8635 cycles to 4317 cycles
Relaxing scrub interval from 4317 cycles to 5396 cycles
Relaxing scrub interval from 5396 cycles to 6745 cycles
Tightening scrub interval from 6745 cycles to 3372 cycles
Relaxing scrub interval from 3372 cycles to 4215 cycles
Tightening scrub interval from 4215 cycles to 2107 cycles
Relaxing scrub interval from 2107 cycles to 2633 cycles
Relaxing scrub interval from 2633 cycles to 3291 cycles
Relaxing scrub interval from 3291 cycles to 4113 cycles
Relaxing scrub interval from 4113 cycles to 5141 cycles
Tightening scrub interval from 5141 cycles to 2570 cycles
Relaxing scrub interval from 2570 cycles to 3212 cycles
Relaxing scrub interval from 3212 cycles to 4015 cycles
Tightening scrub interval from 4015 cycles to 2007 cycles
Relaxing scrub interval from 2007 cycles to 2508 cycles
Relaxing scrub interval from 2508 cycles to 3135 cycles
Relaxing scrub interval from 3135 cycles to 3918 cycles
Relaxing scrub interval from 3918 cycles to 4897 cycles
Relaxing scrub interval from 4897 cycles to 6121 cycles
Relaxing scrub interval from 6121 cycles to 7651 cycles
Relaxing scrub interval from 7651 cycles to 9563 cycles
Relaxing scrub interval from 9563 cycles to 11953 cycles
Tightening scrub interval from 11953 cycles to 5976 cycles
Relaxing scrub interval from 5976 cycles to 7470 cycles
Relaxing scrub interval from 7470 cycles to 9337 cycles
Tightening scrub interval from 9337 cycles to 4668 cycles
Relaxing scrub interval from 4668 cycles to 5835 cycles
Tightening scrub interval from 5835 cycles to 2917 cycles
Relaxing scrub interval from 2917 cycles to 3646 cycles
Relaxing scrub interval from 3646 cycles to 4557 cycles
Tightening scrub interval from 4557 cycles to 2278 cycles
Relaxing scrub interval from 2278 cycles to 2847 cycles
Tightening scrub interval from 2847 cycles to 1423 cycles
Relaxing scrub interval from 1423 cycles to 1778 cycles
Relaxing scrub interval from 1778 cycles to 2222 cycles
Relaxing scrub interval from 2222 cycles to 2777 cycles
Relaxing scrub interval from 2777 cycles to 3471 cycles
Relaxing scrub interval from 3471 cycles to 4338 cycles
Relaxing scrub interval from 4338 cycles to 5422 cycles
Relaxing scrub interval from 5422 cycles to 6777 cycles
Tightening scrub interval from 6777 cycles to 3388 cycles
Relaxing scrub interval from 3388 cycles to 4235 cycles
Tightening scrub interval from 4235 cycles to 2117 cycles
Tightening scrub interval from 2117 cycles to 1058 cycles
Relaxing scrub interval from 1058 cycles to 1322 cycles
Tightening scrub interval from 1322 cycles to 661 cycles
Relaxing scrub interval from 661 cycles to 826 cycles
Relaxing scrub interval from 826 cycles to 1032 cycles
Relaxing scrub interval from 1032 cycles to 1290 cycles
Relaxing scrub interval from 1290 cycles to 1612 cycles
Tightening scrub interval from 1612 cycles to 806 cycles
Relaxing scrub interval from 806 cycles to 1007 cycles
Relaxing scrub interval from 1007 cycles to 1258 cycles
Relaxing scrub interval from 1258 cycles to 1572 cycles
Relaxing scrub interval from 1572 cycles to 1965 cycles
Relaxing scrub interval from 1965 cycles to 2456 cycles
Relaxing scrub interval from 2456 cycles to 3070 cycles
Relaxing scrub interval from 3070 cycles to 3837 cycles
Relaxing scrub interval from 3837 cycles to 4796 cycles
Relaxing scrub interval from 4796 cycles to 5995 cycles
Relaxing scrub interval from 5995 cycles to 7493 cycles
Relaxing scrub interval from 7493 cycles to 9366 cycles
Relaxing scrub interval from 9366 cycles to 11707 cycles
Relaxing scrub interval from 11707 cycles to 14633 cycles
Tightening scrub interval from 14633 cycles to 7316 cycles
Relaxing scrub interval from 7316 cycles to 9145 cycles
Tightening scrub interval from 9145 cycles to 4572 cycles
Relaxing scrub interval from 4572 cycles to 5715 cycles
Relaxing scrub interval from 5715 cycles to 7143 cycles
Tightening scrub interval from 7143 cycles to 3571 cycles
Relaxing scrub interval from 3571 cycles to 4463 cycles
Relaxing scrub interval from 4463 cycles to 5578 cycles
Relaxing scrub interval from 5578 cycles to 6972 cycles
Relaxing scrub interval from 6972 cycles to 8715 cycles
Relaxing scrub interval from 8715 cycles to 10893 cycles
Tightening scrub interval from 10893 cycles to 5446 cycles
Tightening scrub interval from 5446 cycles to 2723 cycles
Relaxing scrub interval from 2723 cycles to 3403 cycles
Relaxing scrub interval from 3403 cycles to 4253 cycles
Tightening scrub interval from 4253 cycles to 2126 cycles
Tightening scrub interval from 2126 cycles to 1063 cycles
Relaxing scrub interval from 1063 cycles to 1328 cycles
Relaxing scrub interval from 1328 cycles to 1660 cycles
Relaxing scrub interval from 1660 cycles to 2075 cycles
Relaxing scrub interval from 2075 cycles to 2593 cycles
Relaxing scrub interval from 2593 cycles to 3241 cycles
Relaxing scrub interval from 3241 cycles to 4051 cycles
Relaxing scrub interval from 4051 cycles to 5063 cycles
Relaxing scrub interval from 5063 cycles to 6328 cycles
Tightening scrub interval from 6328 cycles to 3164 cycles
Relaxing scrub interval from 3164 cycles to 3955 cycles
Tightening scrub interval from 3955 cycles to 1977 cycles
Relaxing scrub interval from 1977 cycles to 2471 cycles
Tightening scrub interval from 2471 cycles to 1235 cycles
Tightening scrub interval from 1235 cycles to 617 cycles
Relaxing scrub interval from 617 cycles to 771 cycles
Relaxing scrub interval from 771 cycles to 963 cycles
Relaxing scrub interval from 963 cycles to 1203 cycles
Relaxing scrub interval from 1203 cycles to 1503 cycles
Relaxing scrub interval from 1503 cycles to 1878 cycles
Relaxing scrub interval from 1878 cycles to 2347 cycles
Relaxing scrub interval from 2347 cycles to 2933 cycles
Relaxing scrub interval from 2933 cycles to 3666 cycles
Tightening scrub interval from 3666 cycles to 1833 cycles
Relaxing scrub interval from 1833 cycles to 2291 cycles
Relaxing scrub interval from 2291 cycles to 2863 cycles
Relaxing scrub interval from 2863 cycles to 3578 cycles
Tightening scrub interval from 3578 cycles to 1789 cycles
Relaxing scrub interval from 1789 cycles to 2236 cycles
Relaxing scrub interval from 2236 cycles to 2795 cycles
Relaxing scrub interval from 2795 cycles to 3493 cycles
Relaxing scrub interval from 3493 cycles to 4366 cycles
Relaxing scrub interval from 4366 cycles to 5457 cycles
Relaxing scrub interval from 5457 cycles to 6821 cycles
Tightening scrub interval from 6821 cycles to 3410 cycles
Tightening scrub interval from 3410 cycles to 1705 cycles
Relaxing scrub interval from 1705 cycles to 2131 cycles
Relaxing scrub interval from 2131 cycles to 2663 cycles
Tightening scrub interval from 2663 cycles to 1331 cycles
Tightening scrub interval from 1331 cycles to 665 cycles
Relaxing scrub interval from 665 cycles to 831 cycles
Relaxing scrub interval from 831 cycles to 1038 cycles
Relaxing scrub interval from 1038 cycles to 1297 cycles
Relaxing scrub interval from 1297 cycles to 1621 cycles
Relaxing scrub interval from 1621 cycles to 2026 cycles
Relaxing scrub interval from 2026 cycles to 2532 cycles
Tightening scrub interval from 2532 cycles to 1266 cycles
Relaxing scrub interval from 1266 cycles to 1582 cycles
Relaxing scrub interval from 1582 cycles to 1977 cycles
Relaxing scrub interval from 1977 cycles to 2471 cycles
Relaxing scrub interval from 2471 cycles to 3088 cycles
Relaxing scrub interval from 3088 cycles to 3860 cycles
Relaxing scrub interval from 3860 cycles to 4825 cycles
Tightening scrub interval from 4825 cycles to 2412 cycles
Relaxing scrub interval from 2412 cycles to 3015 cycles
Relaxing scrub interval from 3015 cycles to 3768 cycles
Relaxing scrub interval from 3768 cycles to 4710 cycles
Tightening scrub interval from 4710 cycles to 2355 cycles
Relaxing scrub interval from 2355 cycles to 2943 cycles
Relaxing scrub interval from 2943 cycles to 3678 cycles
Relaxing scrub interval from 3678 cycles to 4597 cycles
Relaxing scrub interval from 4597 cycles to 5746 cycles
Relaxing scrub interval from 5746 cycles to 7182 cycles
Relaxing scrub interval from 7182 cycles to 8977 cycles
Relaxing scrub interval from 8977 cycles to 11221 cycles
Relaxing scrub interval from 11221 cycles to 14026 cycles
Tightening scrub interval from 14026 cycles to 7013 cycles
Tightening scrub interval from 7013 cycles to 3506 cycles
Relaxing scrub interval from 3506 cycles to 4382 cycles
Relaxing scrub interval from 4382 cycles to 5477 cycles
Tightening scrub interval from 5477 cycles to 2738 cycles
Tightening scrub interval from 2738 cycles to 1369 cycles
Relaxing scrub interval from 1369 cycles to 1711 cycles
Tightening scrub interval from 1711 cycles to 855 cycles
Relaxing scrub interval from 855 cycles to 1068 cycles
Relaxing scrub interval from 1068 cycles to 1335 cycles
Relaxing scrub interval from 1335 cycles to 1668 cycles
Relaxing scrub interval from 1668 cycles to 2085 cycles
Relaxing scrub interval from 2085 cycles to 2606 cycles
Relaxing scrub interval from 2606 cycles to 3257 cycles
Relaxing scrub interval from 3257 cycles to 4071 cycles
Relaxing scrub interval from 4071 cycles to 5088 cycles
Relaxing scrub interval from 5088 cycles to 6360 cycles
Relaxing scrub interval from 6360 cycles to 7950 cycles
Relaxing scrub interval from 7950 cycles to 9937 cycles
Tightening scrub interval from 9937 cycles to 4968 cycles
Tightening scrub interval from 4968 cycles to 2484 cycles
Relaxing scrub interval from 2484 cycles to 3105 cycles
Tightening scrub interval from 3105 cycles to 1552 cycles
Relaxing scrub interval from 1552 cycles to 1940 cycles
Relaxing scrub interval from 1940 cycles to 2425 cycles
Tightening scrub interval from 2425 cycles to 1212 cycles
Relaxing scrub interval from 1212 cycles to 1515 cycles
Relaxing scrub interval from 1515 cycles to 1893 cycles
Relaxing scrub interval from 1893 cycles to 2366 cycles
Relaxing scrub interval from 2366 cycles to 2957 cycles
Relaxing scrub interval from 2957 cycles to 3696 cycles
Relaxing scrub interval from 3696 cycles to 4620 cycles
Relaxing scrub interval from 4620 cycles to 5775 cycles
Relaxing scrub interval from 5775 cycles to 7218 cycles
Tightening scrub interval from 7218 cycles to 3609 cycles
Tightening scrub interval from 3609 cycles to 1804 cycles
Relaxing scrub interval from 1804 cycles to 2255 cycles
Relaxing scrub interval from 2255 cycles to 2818 cycles
Relaxing scrub interval from 2818 cycles to 3522 cycles
Relaxing scrub interval from 3522 cycles to 4402 cycles
Tightening scrub interval from 4402 cycles to 2201 cycles
Relaxing scrub interval from 2201 cycles to 2751 cycles
Tightening scrub interval from 2751 cycles to 1375 cycles
Relaxing scrub interval from 1375 cycles to 1718 cycles
Relaxing scrub interval from 1718 cycles to 2147 cycles
Tightening scrub interval from 2147 cycles to 1073 cycles
Relaxing scrub interval from 1073 cycles to 1341 cycles
Relaxing scrub interval from 1341 cycles to 1676 cycles
Relaxing scrub interval from 1676 cycles to 2095 cycles
Relaxing scrub interval from 2095 cycles to 2618 cycles
Relaxing scrub interval from 2618 cycles to 3272 cycles
Relaxing scrub interval from 3272 cycles to 4090 cycles
Relaxing scrub interval from 4090 cycles to 5112 cycles
Relaxing scrub interval from 5112 cycles to 6390 cycles
Relaxing scrub interval from 6390 cycles to 7987 cycles
Relaxing scrub interval from 7987 cycles to 9983 cycles
Relaxing scrub interval from 9983 cycles to 12478 cycles
Tightening scrub interval from 12478 cycles to 6239 cycles
Tightening scrub interval from 6239 cycles to 3119 cycles
Relaxing scrub interval from 3119 cycles to 3898 cycles
Relaxing scrub interval from 3898 cycles to 4872 cycles
Tightening scrub interval from 4872 cycles to 2436 cycles
Relaxing scrub interval from 2436 cycles to 3045 cycles
Relaxing scrub interval from 3045 cycles to 3806 cycles
Tightening scrub interval from 3806 cycles to 1903 cycles
Relaxing scrub interval from 1903 cycles to 2378 cycles
Relaxing scrub interval from 2378 cycles to 2972 cycles
Relaxing scrub interval from 2972 cycles to 3715 cycles
Tightening scrub interval from 3715 cycles to 1857 cycles
Tightening scrub interval from 1857 cycles to 928 cycles
Relaxing scrub interval from 928 cycles to 1160 cycles
Relaxing scrub interval from 1160 cycles to 1450 cycles
Relaxing scrub interval from 1450 cycles to 1812 cycles
Relaxing scrub interval from 1812 cycles to 2265 cycles
Relaxing scrub interval from 2265 cycles to 2831 cycles
Relaxing scrub interval from 2831 cycles to 3538 cycles
Relaxing scrub interval from 3538 cycles to 4422 cycles
Relaxing scrub interval from 4422 cycles to 5527 cycles
Tightening scrub interval from 5527 cycles to 2763 cycles
Relaxing scrub interval from 2763 cycles to 3453 cycles
Relaxing scrub interval from 3453 cycles to 4316 cycles
Relaxing scrub interval from 4316 cycles to 5395 cycles
Tightening scrub interval from 5395 cycles to 2697 cycles
Tightening scrub interval from 2697 cycles to 1348 cycles
Relaxing scrub interval from 1348 cycles to 1685 cycles
Relaxing scrub interval from 1685 cycles to 2106 cycles
Tightening scrub interval from 2106 cycles to 1053 cycles
Tightening scrub interval from 1053 cycles to 526 cycles
Relaxing scrub interval from 526 cycles to 657 cycles
Relaxing scrub interval from 657 cycles to 821 cycles
Relaxing scrub interval from 821 cycles to 1026 cycles
Relaxing scrub interval from 1026 cycles to 1282 cycles
Relaxing scrub interval from 1282 cycles to 1602 cycles
Relaxing scrub interval from 1602 cycles to 2002 cycles
Tightening scrub interval from 2002 cycles to 1001 cycles
Relaxing scrub interval from 1001 cycles to 1251 cycles
Relaxing scrub interval from 1251 cycles to 1563 cycles
Relaxing scrub interval from 1563 cycles to 1953 cycles
Relaxing scrub interval from 1953 cycles to 2441 cycles
Relaxing scrub interval from 2441 cycles to 3051 cycles
Tightening scrub interval from 3051 cycles to 1525 cycles
Relaxing scrub interval from 1525 cycles to 1906 cycles
Tightening scrub interval from 1906 cycles to 953 cycles
Relaxing scrub interval from 953 cycles to 1191 cycles
Tightening scrub interval from 1191 cycles to 595 cycles
Relaxing scrub interval from 595 cycles to 743 cycles
Relaxing scrub interval from 743 cycles to 928 cycles
Relaxing scrub interval from 928 cycles to 1160 cycles
Relaxing scrub interval from 1160 cycles to 1450 cycles
Relaxing scrub interval from 1450 cycles to 1812 cycles
Relaxing scrub interval from 1812 cycles to 2265 cycles
Tightening scrub interval from 2265 cycles to 1132 cycles
Relaxing scrub interval from 1132 cycles to 1415 cycles
Relaxing scrub interval from 1415 cycles to 1768 cycles
Tightening scrub interval from 1768 cycles to 884 cycles
Tightening scrub interval from 884 cycles to 442 cycles
Relaxing scrub interval from 442 cycles to 552 cycles
Relaxing scrub interval from 552 cycles to 690 cycles
Relaxing scrub interval from 690 cycles to 862 cycles
Relaxing scrub interval from 862 cycles to 1077 cycles
Relaxing scrub interval from 1077 cycles to 1346 cycles
Relaxing scrub interval from 1346 cycles to 1682 cycles
Relaxing scrub interval from 1682 cycles to 2102 cycles
Relaxing scrub interval from 2102 cycles to 2627 cycles
Relaxing scrub interval from 2627 cycles to 3283 cycles
Relaxing scrub interval from 3283 cycles to 4103 cycles
Tightening scrub interval from 4103 cycles to 2051 cycles
Relaxing scrub interval from 2051 cycles to 2563 cycles
Relaxing scrub interval from 2563 cycles to 3203 cycles
Relaxing scrub interval from 3203 cycles to 4003 cycles
Relaxing scrub interval from 4003 cycles to 5003 cycles
Relaxing scrub interval from 5003 cycles to 6253 cycles
Tightening scrub interval from 6253 cycles to 3126 cycles
Relaxing scrub interval from 3126 cycles to 3907 cycles
Relaxing scrub interval from 3907 cycles to 4883 cycles
Tightening scrub interval from 4883 cycles to 2441 cycles
Relaxing scrub interval from 2441 cycles to 3051 cycles
Relaxing scrub interval from 3051 cycles to 3813 cycles
Tightening scrub interval from 3813 cycles to 1906 cycles
Relaxing scrub interval from 1906 cycles to 2382 cycles
Tightening scrub interval from 2382 cycles to 1191 cycles
Relaxing scrub interval from 1191 cycles to 1488 cycles
Relaxing scrub interval from 1488 cycles to 1860 cycles
Relaxing scrub interval from 1860 cycles to 2325 cycles
Relaxing scrub interval from 2325 cycles to 2906 cycles
Tightening scrub interval from 2906 cycles to 1453 cycles
Relaxing scrub interval from 1453 cycles to 1816 cycles
Relaxing scrub interval from 1816 cycles to 2270 cycles
Tightening scrub interval from 2270 cycles to 1135 cycles
Relaxing scrub interval from 1135 cycles to 1418 cycles
Relaxing scrub interval from 1418 cycles to 1772 cycles
Tightening scrub interval from 1772 cycles to 886 cycles
Relaxing scrub interval from 886 cycles to 1107 cycles
Relaxing scrub interval from 1107 cycles to 1383 cycles
Relaxing scrub interval from 1383 cycles to 1728 cycles
Relaxing scrub interval from 1728 cycles to 2160 cycles
Relaxing scrub interval from 2160 cycles to 2700 cycles
Relaxing scrub interval from 2700 cycles to 3375 cycles
Tightening scrub interval from 3375 cycles to 1687 cycles
Relaxing scrub interval from 1687 cycles to 2108 cycles
Relaxing scrub interval from 2108 cycles to 2635 cycles
Relaxing scrub interval from 2635 cycles to 3293 cycles
Relaxing scrub interval from 3293 cycles to 4116 cycles
Relaxing scrub interval from 4116 cycles to 5145 cycles
Relaxing scrub interval from 5145 cycles to 6431 cycles
Tightening scrub interval from 6431 cycles to 3215 cycles
Relaxing scrub interval from 3215 cycles to 4018 cycles
Tightening scrub interval from 4018 cycles to 2009 cycles
Relaxing scrub interval from 2009 cycles to 2511 cycles
Relaxing scrub interval from 2511 cycles to 3138 cycles
Relaxing scrub interval from 3138 cycles to 3922 cycles
Tightening scrub interval from 3922 cycles to 1961 cycles
Tightening scrub interval from 1961 cycles to 980 cycles
Relaxing scrub interval from 980 cycles to 1225 cycles
Tightening scrub interval from 1225 cycles to 612 cycles
Relaxing scrub interval from 612 cycles to 765 cycles
Relaxing scrub interval from 765 cycles to 956 cycles
Relaxing scrub interval from 956 cycles to 1195 cycles
Relaxing scrub interval from 1195 cycles to 1493 cycles
Relaxing scrub interval from 1493 cycles to 1866 cycles
Relaxing scrub interval from 1866 cycles to 2332 cycles
Relaxing scrub interval from 2332 cycles to 2915 cycles
Relaxing scrub interval from 2915 cycles to 3643 cycles
Relaxing scrub interval from 3643 cycles to 4553 cycles
Tightening scrub interval from 4553 cycles to 2276 cycles
Relaxing scrub interval from 2276 cycles to 2845 cycles
Tightening scrub interval from 2845 cycles to 1422 cycles
Relaxing scrub interval from 1422 cycles to 1777 cycles
Relaxing scrub interval from 1777 cycles to 2221 cycles
Relaxing scrub interval from 2221 cycles to 2776 cycles
Relaxing scrub interval from 2776 cycles to 3470 cycles
Relaxing scrub interval from 3470 cycles to 4337 cycles
Relaxing scrub interval from 4337 cycles to 5421 cycles
Relaxing scrub interval from 5421 cycles to 6776 cycles
Tightening scrub interval from 6776 cycles to 3388 cycles
Tightening scrub interval from 3388 cycles to 1694 cycles
Relaxing scrub interval from 1694 cycles to 2117 cycles
Relaxing scrub interval from 2117 cycles to 2646 cycles
