warn: No dot file generated. Please install pydot to generate the dot file and pdf.
Scrubbing enabled with fixed interval of 10000000 cycles
src/arch/riscv/isa.cc:275: info: RVV enabled, VLEN = 256 bits, ELEN = 64 bits
src/arch/riscv/linux/se_workload.cc:60: warn: Unknown operating system; assuming Linux.
src/base/statistics.hh:279: warn: One of the stats is a legacy stat. Legacy stat is a stat that does not belong to any statistics::Group. Legacy stat is deprecated.
src/base/remote_gdb.cc:418: warn: Sockets disabled, not accepting gdb connections
src/sim/simulate.cc:199: info: Entering event queue @ 0.  Starting simulation...
src/sim/faults.cc:102: panic: panic condition !handled && !tc->getSystemPtr()->trapToGdb(GDBSignal::SEGV, tc->contextId()) occurred: Page table fault when accessing virtual address 0x10000022af0
Memory Usage: 8529120 KBytes
Program aborted at tick 104270000
--- BEGIN LIBC BACKTRACE ---
/gem5_build/gem5.debug(_ZN4gem515print_backtraceEv+0x32)[0x556558baa061]
/gem5_build/gem5.debug(_ZN4gem512abortHandlerEi+0x7e)[0x556558bcfea8]
/lib/x86_64-linux-gnu/libc.so.6(+0x42520)[0x7f8d1cfcd520]
/lib/x86_64-linux-gnu/libc.so.6(pthread_kill+0x12c)[0x7f8d1d0219fc]
/lib/x86_64-linux-gnu/libc.so.6(raise+0x16)[0x7f8d1cfcd476]
/lib/x86_64-linux-gnu/libc.so.6(abort+0xd3)[0x7f8d1cfb37f3]
/gem5_build/gem5.debug(_ZNSt12__shared_ptrIN4gem59FaultBaseELN9__gnu_cxx12_Lock_policyE2EED1Ev+0x0)[0x5565570e0028]
/gem5_build/gem5.debug(_ZN4gem521GenericPageTableFault6invokeEPNS_13ThreadContextERKNS_14RefCountingPtrINS_10StaticInstEEE+0x139)[0x556558c24f0b]
/gem5_build/gem5.debug(_ZN4gem52o33CPU4trapERKSt10shared_ptrINS_9FaultBaseEEsRKNS_14RefCountingPtrINS_10StaticInstEEE+0x65)[0x556557c99387]
/gem5_build/gem5.debug(_ZN4gem52o36Commit10commitHeadERKNS_14RefCountingPtrINS0_7DynInstEEEj+0xc3f)[0x556557c8790f]
/gem5_build/gem5.debug(_ZN4gem52o36Commit11commitInstsEv+0x54a)[0x556557c85dcc]
/gem5_build/gem5.debug(_ZN4gem52o36Commit6commitEv+0xaf9)[0x556557c8549b]
/gem5_build/gem5.debug(_ZN4gem52o36Commit4tickEv+0x2aa)[0x556557c83aee]
/gem5_build/gem5.debug(_ZN4gem52o33CPU4tickEv+0x1d7)[0x556557c97421]
/gem5_build/gem5.debug(+0x351f903)[0x556557c94903]
/gem5_build/gem5.debug(+0x35293a2)[0x556557c9e3a2]
/gem5_build/gem5.debug(+0x3529134)[0x556557c9e134]
/gem5_build/gem5.debug(+0x3528f2e)[0x556557c9df2e]
/gem5_build/gem5.debug(_ZNKSt8functionIFvvEEclEv+0x36)[0x5565571ca956]
/gem5_build/gem5.debug(_ZN4gem520EventFunctionWrapper7processEv+0x20)[0x5565571c9188]
/gem5_build/gem5.debug(_ZN4gem510EventQueue10serviceOneEv+0x121)[0x556558bbe015]
/gem5_build/gem5.debug(_ZN4gem59doSimLoopEPNS_10EventQueueE+0x240)[0x556558be17d7]
/gem5_build/gem5.debug(_ZN4gem58simulateEm+0x23e)[0x556558be126e]
/gem5_build/gem5.debug(+0x4392cbe)[0x556558b07cbe]
/gem5_build/gem5.debug(+0x439111c)[0x556558b0611c]
/gem5_build/gem5.debug(+0x438cdcd)[0x556558b01dcd]
/gem5_build/gem5.debug(+0x438ce38)[0x556558b01e38]
/gem5_build/gem5.debug(+0x297cb39)[0x5565570f1b39]
/lib/x86_64-linux-gnu/libpython3.10.so.1.0(+0x128033)[0x7f8d1d8f0033]
/lib/x86_64-linux-gnu/libpython3.10.so.1.0(_PyObject_Call+0x5c)[0x7f8d1d8a9ffc]
/lib/x86_64-linux-gnu/libpython3.10.so.1.0(_PyEval_EvalFrameDefault+0x4b16)[0x7f8d1d83e776]
/lib/x86_64-linux-gnu/libpython3.10.so.1.0(+0x1c24df)[0x7f8d1d98a4df]
--- END LIBC BACKTRACE ---
For more info on how to address this issue, please visit https://www.gem5.org/documentation/general_docs/common-errors/ 

/home/cs1952y-user/gem5/1952y-fp/gem5/scripts/run-test.sh: line 82: 67070 Killed                  timeout --signal=KILL 15 "$GEM5_BIN" --outdir="$OUTDIR" "$CONFIG" "$BINARY_REL" --chaos-prob "$CHAOS_PROB" --chaos-bits "$CHAOS_BITS" --delay "$DELAY" --scrub-interval "$SCRUB_INTERVAL" --scrub-tighten-factor "$SCRUB_TIGHTEN_FACTOR" --scrub-relax-factor "$SCRUB_RELAX_FACTOR" --cache-size "$CACHE_SIZE" "${EXTRA[@]}"
