warn: No dot file generated. Please install pydot to generate the dot file and pdf.
Scrubbing enabled with fixed interval of 10000000 cycles
src/arch/riscv/isa.cc:275: info: RVV enabled, VLEN = 256 bits, ELEN = 64 bits
src/arch/riscv/linux/se_workload.cc:60: warn: Unknown operating system; assuming Linux.
src/base/statistics.hh:279: warn: One of the stats is a legacy stat. Legacy stat is a stat that does not belong to any statistics::Group. Legacy stat is deprecated.
src/base/remote_gdb.cc:418: warn: Sockets disabled, not accepting gdb connections
src/sim/simulate.cc:199: info: Entering event queue @ 0.  Starting simulation...
src/sim/faults.cc:102: panic: panic condition !handled && !tc->getSystemPtr()->trapToGdb(GDBSignal::SEGV, tc->contextId()) occurred: Page table fault when accessing virtual address 0x1020f30
Memory Usage: 8529024 KBytes
Program aborted at tick 96540000
--- BEGIN LIBC BACKTRACE ---
/gem5_build/gem5.debug(_ZN4gem515print_backtraceEv+0x32)[0x557d5dfa7061]
/gem5_build/gem5.debug(_ZN4gem512abortHandlerEi+0x7e)[0x557d5dfccea8]
/lib/x86_64-linux-gnu/libc.so.6(+0x42520)[0x7f77deb95520]
/lib/x86_64-linux-gnu/libc.so.6(pthread_kill+0x12c)[0x7f77debe99fc]
/lib/x86_64-linux-gnu/libc.so.6(raise+0x16)[0x7f77deb95476]
/lib/x86_64-linux-gnu/libc.so.6(abort+0xd3)[0x7f77deb7b7f3]
/gem5_build/gem5.debug(_ZNSt12__shared_ptrIN4gem59FaultBaseELN9__gnu_cxx12_Lock_policyE2EED1Ev+0x0)[0x557d5c4dd028]
/gem5_build/gem5.debug(_ZN4gem521GenericPageTableFault6invokeEPNS_13ThreadContextERKNS_14RefCountingPtrINS_10StaticInstEEE+0x139)[0x557d5e021f0b]
/gem5_build/gem5.debug(_ZN4gem52o33CPU4trapERKSt10shared_ptrINS_9FaultBaseEEsRKNS_14RefCountingPtrINS_10StaticInstEEE+0x65)[0x557d5d096387]
/gem5_build/gem5.debug(_ZN4gem52o36Commit10commitHeadERKNS_14RefCountingPtrINS0_7DynInstEEEj+0xc3f)[0x557d5d08490f]
/gem5_build/gem5.debug(_ZN4gem52o36Commit11commitInstsEv+0x54a)[0x557d5d082dcc]
/gem5_build/gem5.debug(_ZN4gem52o36Commit6commitEv+0xaf9)[0x557d5d08249b]
/gem5_build/gem5.debug(_ZN4gem52o36Commit4tickEv+0x2aa)[0x557d5d080aee]
/gem5_build/gem5.debug(_ZN4gem52o33CPU4tickEv+0x1d7)[0x557d5d094421]
/gem5_build/gem5.debug(+0x351f903)[0x557d5d091903]
/gem5_build/gem5.debug(+0x35293a2)[0x557d5d09b3a2]
/gem5_build/gem5.debug(+0x3529134)[0x557d5d09b134]
/gem5_build/gem5.debug(+0x3528f2e)[0x557d5d09af2e]
/gem5_build/gem5.debug(_ZNKSt8functionIFvvEEclEv+0x36)[0x557d5c5c7956]
/gem5_build/gem5.debug(_ZN4gem520EventFunctionWrapper7processEv+0x20)[0x557d5c5c6188]
/gem5_build/gem5.debug(_ZN4gem510EventQueue10serviceOneEv+0x121)[0x557d5dfbb015]
/gem5_build/gem5.debug(_ZN4gem59doSimLoopEPNS_10EventQueueE+0x240)[0x557d5dfde7d7]
/gem5_build/gem5.debug(_ZN4gem58simulateEm+0x23e)[0x557d5dfde26e]
/gem5_build/gem5.debug(+0x4392cbe)[0x557d5df04cbe]
/gem5_build/gem5.debug(+0x439111c)[0x557d5df0311c]
/gem5_build/gem5.debug(+0x438cdcd)[0x557d5defedcd]
/gem5_build/gem5.debug(+0x438ce38)[0x557d5defee38]
/gem5_build/gem5.debug(+0x297cb39)[0x557d5c4eeb39]
/lib/x86_64-linux-gnu/libpython3.10.so.1.0(+0x128033)[0x7f77df4b8033]
/lib/x86_64-linux-gnu/libpython3.10.so.1.0(_PyObject_Call+0x5c)[0x7f77df471ffc]
/lib/x86_64-linux-gnu/libpython3.10.so.1.0(_PyEval_EvalFrameDefault+0x4b16)[0x7f77df406776]
/lib/x86_64-linux-gnu/libpython3.10.so.1.0(+0x1c24df)[0x7f77df5524df]
--- END LIBC BACKTRACE ---
For more info on how to address this issue, please visit https://www.gem5.org/documentation/general_docs/common-errors/ 

/home/cs1952y-user/gem5/1952y-fp/gem5/scripts/run-test.sh: line 82: 67341 Killed                  timeout --signal=KILL 15 "$GEM5_BIN" --outdir="$OUTDIR" "$CONFIG" "$BINARY_REL" --chaos-prob "$CHAOS_PROB" --chaos-bits "$CHAOS_BITS" --delay "$DELAY" --scrub-interval "$SCRUB_INTERVAL" --scrub-tighten-factor "$SCRUB_TIGHTEN_FACTOR" --scrub-relax-factor "$SCRUB_RELAX_FACTOR" --cache-size "$CACHE_SIZE" "${EXTRA[@]}"
