warn: No dot file generated. Please install pydot to generate the dot file and pdf.
Scrubbing enabled with adaptive interval starting at 10 cycles, tightening factor 2, relax factor 1.25
src/arch/riscv/isa.cc:275: info: RVV enabled, VLEN = 256 bits, ELEN = 64 bits
src/arch/riscv/linux/se_workload.cc:60: warn: Unknown operating system; assuming Linux.
src/base/statistics.hh:279: warn: One of the stats is a legacy stat. Legacy stat is a stat that does not belong to any statistics::Group. Legacy stat is deprecated.
src/base/remote_gdb.cc:418: warn: Sockets disabled, not accepting gdb connections
src/sim/simulate.cc:199: info: Entering event queue @ 0.  Starting simulation...
Relaxing scrub interval from 10 cycles to 12 cycles
Relaxing scrub interval from 12 cycles to 15 cycles
Relaxing scrub interval from 15 cycles to 18 cycles
Relaxing scrub interval from 18 cycles to 22 cycles
Relaxing scrub interval from 22 cycles to 27 cycles
Relaxing scrub interval from 27 cycles to 33 cycles
Relaxing scrub interval from 33 cycles to 41 cycles
Relaxing scrub interval from 41 cycles to 51 cycles
Relaxing scrub interval from 51 cycles to 63 cycles
Relaxing scrub interval from 63 cycles to 78 cycles
Relaxing scrub interval from 78 cycles to 97 cycles
Relaxing scrub interval from 97 cycles to 121 cycles
Relaxing scrub interval from 121 cycles to 151 cycles
Relaxing scrub interval from 151 cycles to 188 cycles
Relaxing scrub interval from 188 cycles to 235 cycles
Relaxing scrub interval from 235 cycles to 293 cycles
Relaxing scrub interval from 293 cycles to 366 cycles
Relaxing scrub interval from 366 cycles to 457 cycles
Relaxing scrub interval from 457 cycles to 571 cycles
Relaxing scrub interval from 571 cycles to 713 cycles
Relaxing scrub interval from 713 cycles to 891 cycles
Relaxing scrub interval from 891 cycles to 1113 cycles
Relaxing scrub interval from 1113 cycles to 1391 cycles
Relaxing scrub interval from 1391 cycles to 1738 cycles
Relaxing scrub interval from 1738 cycles to 2172 cycles
Relaxing scrub interval from 2172 cycles to 2715 cycles
Relaxing scrub interval from 2715 cycles to 3393 cycles
Relaxing scrub interval from 3393 cycles to 4241 cycles
Relaxing scrub interval from 4241 cycles to 5301 cycles
Relaxing scrub interval from 5301 cycles to 6626 cycles
Relaxing scrub interval from 6626 cycles to 8282 cycles
Relaxing scrub interval from 8282 cycles to 10352 cycles
Relaxing scrub interval from 10352 cycles to 12940 cycles
Relaxing scrub interval from 12940 cycles to 16175 cycles
Relaxing scrub interval from 16175 cycles to 20218 cycles
Tightening scrub interval from 20218 cycles to 10109 cycles
Tightening scrub interval from 10109 cycles to 5054 cycles
Relaxing scrub interval from 5054 cycles to 6317 cycles
Relaxing scrub interval from 6317 cycles to 7896 cycles
Tightening scrub interval from 7896 cycles to 3948 cycles
Relaxing scrub interval from 3948 cycles to 4935 cycles
Relaxing scrub interval from 4935 cycles to 6168 cycles
Relaxing scrub interval from 6168 cycles to 7710 cycles
Relaxing scrub interval from 7710 cycles to 9637 cycles
Tightening scrub interval from 9637 cycles to 4818 cycles
Relaxing scrub interval from 4818 cycles to 6022 cycles
Tightening scrub interval from 6022 cycles to 3011 cycles
Relaxing scrub interval from 3011 cycles to 3763 cycles
Relaxing scrub interval from 3763 cycles to 4703 cycles
Tightening scrub interval from 4703 cycles to 2351 cycles
Relaxing scrub interval from 2351 cycles to 2938 cycles
Tightening scrub interval from 2938 cycles to 1469 cycles
Relaxing scrub interval from 1469 cycles to 1836 cycles
Relaxing scrub interval from 1836 cycles to 2295 cycles
Relaxing scrub interval from 2295 cycles to 2868 cycles
Relaxing scrub interval from 2868 cycles to 3585 cycles
Relaxing scrub interval from 3585 cycles to 4481 cycles
Relaxing scrub interval from 4481 cycles to 5601 cycles
Relaxing scrub interval from 5601 cycles to 7001 cycles
Tightening scrub interval from 7001 cycles to 3500 cycles
Relaxing scrub interval from 3500 cycles to 4375 cycles
Relaxing scrub interval from 4375 cycles to 5468 cycles
Relaxing scrub interval from 5468 cycles to 6835 cycles
Tightening scrub interval from 6835 cycles to 3417 cycles
Tightening scrub interval from 3417 cycles to 1708 cycles
Relaxing scrub interval from 1708 cycles to 2135 cycles
Relaxing scrub interval from 2135 cycles to 2668 cycles
Tightening scrub interval from 2668 cycles to 1334 cycles
Relaxing scrub interval from 1334 cycles to 1667 cycles
Relaxing scrub interval from 1667 cycles to 2083 cycles
Tightening scrub interval from 2083 cycles to 1041 cycles
Relaxing scrub interval from 1041 cycles to 1301 cycles
Relaxing scrub interval from 1301 cycles to 1626 cycles
Relaxing scrub interval from 1626 cycles to 2032 cycles
Relaxing scrub interval from 2032 cycles to 2540 cycles
Relaxing scrub interval from 2540 cycles to 3175 cycles
Relaxing scrub interval from 3175 cycles to 3968 cycles
Relaxing scrub interval from 3968 cycles to 4960 cycles
Relaxing scrub interval from 4960 cycles to 6200 cycles
Relaxing scrub interval from 6200 cycles to 7750 cycles
Tightening scrub interval from 7750 cycles to 3875 cycles
Relaxing scrub interval from 3875 cycles to 4843 cycles
Relaxing scrub interval from 4843 cycles to 6053 cycles
Relaxing scrub interval from 6053 cycles to 7566 cycles
Relaxing scrub interval from 7566 cycles to 9457 cycles
Tightening scrub interval from 9457 cycles to 4728 cycles
Relaxing scrub interval from 4728 cycles to 5910 cycles
Relaxing scrub interval from 5910 cycles to 7387 cycles
Tightening scrub interval from 7387 cycles to 3693 cycles
Relaxing scrub interval from 3693 cycles to 4616 cycles
Tightening scrub interval from 4616 cycles to 2308 cycles
Relaxing scrub interval from 2308 cycles to 2885 cycles
