warn: No dot file generated. Please install pydot to generate the dot file and pdf.
Scrubbing enabled with adaptive interval starting at 10 cycles, tightening factor 2, relax factor 1.25
src/arch/riscv/isa.cc:275: info: RVV enabled, VLEN = 256 bits, ELEN = 64 bits
src/arch/riscv/linux/se_workload.cc:60: warn: Unknown operating system; assuming Linux.
src/base/statistics.hh:279: warn: One of the stats is a legacy stat. Legacy stat is a stat that does not belong to any statistics::Group. Legacy stat is deprecated.
src/base/remote_gdb.cc:418: warn: Sockets disabled, not accepting gdb connections
src/sim/simulate.cc:199: info: Entering event queue @ 0.  Starting simulation...
Relaxing scrub interval from 10 cycles to 12 cycles
Relaxing scrub interval from 12 cycles to 15 cycles
Relaxing scrub interval from 15 cycles to 18 cycles
Relaxing scrub interval from 18 cycles to 22 cycles
Relaxing scrub interval from 22 cycles to 27 cycles
Relaxing scrub interval from 27 cycles to 33 cycles
Relaxing scrub interval from 33 cycles to 41 cycles
Relaxing scrub interval from 41 cycles to 51 cycles
Relaxing scrub interval from 51 cycles to 63 cycles
Relaxing scrub interval from 63 cycles to 78 cycles
Relaxing scrub interval from 78 cycles to 97 cycles
Relaxing scrub interval from 97 cycles to 121 cycles
Relaxing scrub interval from 121 cycles to 151 cycles
Relaxing scrub interval from 151 cycles to 188 cycles
Relaxing scrub interval from 188 cycles to 235 cycles
Relaxing scrub interval from 235 cycles to 293 cycles
Relaxing scrub interval from 293 cycles to 366 cycles
Relaxing scrub interval from 366 cycles to 457 cycles
Relaxing scrub interval from 457 cycles to 571 cycles
Relaxing scrub interval from 571 cycles to 713 cycles
Relaxing scrub interval from 713 cycles to 891 cycles
Relaxing scrub interval from 891 cycles to 1113 cycles
Relaxing scrub interval from 1113 cycles to 1391 cycles
Relaxing scrub interval from 1391 cycles to 1738 cycles
Relaxing scrub interval from 1738 cycles to 2172 cycles
Relaxing scrub interval from 2172 cycles to 2715 cycles
Relaxing scrub interval from 2715 cycles to 3393 cycles
Relaxing scrub interval from 3393 cycles to 4241 cycles
Relaxing scrub interval from 4241 cycles to 5301 cycles
Relaxing scrub interval from 5301 cycles to 6626 cycles
Relaxing scrub interval from 6626 cycles to 8282 cycles
Relaxing scrub interval from 8282 cycles to 10352 cycles
Relaxing scrub interval from 10352 cycles to 12940 cycles
Tightening scrub interval from 12940 cycles to 6470 cycles
Tightening scrub interval from 6470 cycles to 3235 cycles
Relaxing scrub interval from 3235 cycles to 4043 cycles
Tightening scrub interval from 4043 cycles to 2021 cycles
Relaxing scrub interval from 2021 cycles to 2526 cycles
Relaxing scrub interval from 2526 cycles to 3157 cycles
Relaxing scrub interval from 3157 cycles to 3946 cycles
Relaxing scrub interval from 3946 cycles to 4932 cycles
Tightening scrub interval from 4932 cycles to 2466 cycles
Relaxing scrub interval from 2466 cycles to 3082 cycles
Relaxing scrub interval from 3082 cycles to 3852 cycles
Tightening scrub interval from 3852 cycles to 1926 cycles
Relaxing scrub interval from 1926 cycles to 2407 cycles
Relaxing scrub interval from 2407 cycles to 3008 cycles
Relaxing scrub interval from 3008 cycles to 3760 cycles
Tightening scrub interval from 3760 cycles to 1880 cycles
Relaxing scrub interval from 1880 cycles to 2350 cycles
Tightening scrub interval from 2350 cycles to 1175 cycles
Relaxing scrub interval from 1175 cycles to 1468 cycles
Relaxing scrub interval from 1468 cycles to 1835 cycles
Relaxing scrub interval from 1835 cycles to 2293 cycles
Relaxing scrub interval from 2293 cycles to 2866 cycles
Relaxing scrub interval from 2866 cycles to 3582 cycles
Relaxing scrub interval from 3582 cycles to 4477 cycles
Tightening scrub interval from 4477 cycles to 2238 cycles
Relaxing scrub interval from 2238 cycles to 2797 cycles
Relaxing scrub interval from 2797 cycles to 3496 cycles
Relaxing scrub interval from 3496 cycles to 4370 cycles
Relaxing scrub interval from 4370 cycles to 5462 cycles
Relaxing scrub interval from 5462 cycles to 6827 cycles
Tightening scrub interval from 6827 cycles to 3413 cycles
Tightening scrub interval from 3413 cycles to 1706 cycles
Relaxing scrub interval from 1706 cycles to 2132 cycles
Relaxing scrub interval from 2132 cycles to 2665 cycles
Tightening scrub interval from 2665 cycles to 1332 cycles
Tightening scrub interval from 1332 cycles to 666 cycles
Relaxing scrub interval from 666 cycles to 832 cycles
Relaxing scrub interval from 832 cycles to 1040 cycles
Relaxing scrub interval from 1040 cycles to 1300 cycles
Relaxing scrub interval from 1300 cycles to 1625 cycles
Relaxing scrub interval from 1625 cycles to 2031 cycles
Relaxing scrub interval from 2031 cycles to 2538 cycles
Relaxing scrub interval from 2538 cycles to 3172 cycles
Relaxing scrub interval from 3172 cycles to 3965 cycles
Relaxing scrub interval from 3965 cycles to 4956 cycles
Tightening scrub interval from 4956 cycles to 2478 cycles
Relaxing scrub interval from 2478 cycles to 3097 cycles
Relaxing scrub interval from 3097 cycles to 3871 cycles
Tightening scrub interval from 3871 cycles to 1935 cycles
Relaxing scrub interval from 1935 cycles to 2418 cycles
Relaxing scrub interval from 2418 cycles to 3022 cycles
Relaxing scrub interval from 3022 cycles to 3777 cycles
Relaxing scrub interval from 3777 cycles to 4721 cycles
Tightening scrub interval from 4721 cycles to 2360 cycles
Relaxing scrub interval from 2360 cycles to 2950 cycles
Relaxing scrub interval from 2950 cycles to 3687 cycles
Relaxing scrub interval from 3687 cycles to 4608 cycles
Tightening scrub interval from 4608 cycles to 2304 cycles
Relaxing scrub interval from 2304 cycles to 2880 cycles
Relaxing scrub interval from 2880 cycles to 3600 cycles
Relaxing scrub interval from 3600 cycles to 4500 cycles
Tightening scrub interval from 4500 cycles to 2250 cycles
Relaxing scrub interval from 2250 cycles to 2812 cycles
Tightening scrub interval from 2812 cycles to 1406 cycles
Relaxing scrub interval from 1406 cycles to 1757 cycles
Relaxing scrub interval from 1757 cycles to 2196 cycles
Relaxing scrub interval from 2196 cycles to 2745 cycles
Relaxing scrub interval from 2745 cycles to 3431 cycles
Relaxing scrub interval from 3431 cycles to 4288 cycles
Relaxing scrub interval from 4288 cycles to 5360 cycles
Relaxing scrub interval from 5360 cycles to 6700 cycles
Relaxing scrub interval from 6700 cycles to 8375 cycles
Relaxing scrub interval from 8375 cycles to 10468 cycles
Tightening scrub interval from 10468 cycles to 5234 cycles
Relaxing scrub interval from 5234 cycles to 6542 cycles
Tightening scrub interval from 6542 cycles to 3271 cycles
Relaxing scrub interval from 3271 cycles to 4088 cycles
Relaxing scrub interval from 4088 cycles to 5110 cycles
Relaxing scrub interval from 5110 cycles to 6387 cycles
Tightening scrub interval from 6387 cycles to 3193 cycles
Relaxing scrub interval from 3193 cycles to 3991 cycles
Relaxing scrub interval from 3991 cycles to 4988 cycles
Relaxing scrub interval from 4988 cycles to 6235 cycles
