warn: No dot file generated. Please install pydot to generate the dot file and pdf.
Scrubbing enabled with adaptive interval starting at 10 cycles, tightening factor 2, relax factor 1.25
src/arch/riscv/isa.cc:275: info: RVV enabled, VLEN = 256 bits, ELEN = 64 bits
src/arch/riscv/linux/se_workload.cc:60: warn: Unknown operating system; assuming Linux.
src/base/statistics.hh:279: warn: One of the stats is a legacy stat. Legacy stat is a stat that does not belong to any statistics::Group. Legacy stat is deprecated.
src/base/remote_gdb.cc:418: warn: Sockets disabled, not accepting gdb connections
src/sim/simulate.cc:199: info: Entering event queue @ 0.  Starting simulation...
Relaxing scrub interval from 10 cycles to 12 cycles
Relaxing scrub interval from 12 cycles to 15 cycles
Relaxing scrub interval from 15 cycles to 18 cycles
Relaxing scrub interval from 18 cycles to 22 cycles
Relaxing scrub interval from 22 cycles to 27 cycles
Relaxing scrub interval from 27 cycles to 33 cycles
Relaxing scrub interval from 33 cycles to 41 cycles
Relaxing scrub interval from 41 cycles to 51 cycles
Relaxing scrub interval from 51 cycles to 63 cycles
Relaxing scrub interval from 63 cycles to 78 cycles
Relaxing scrub interval from 78 cycles to 97 cycles
Relaxing scrub interval from 97 cycles to 121 cycles
Relaxing scrub interval from 121 cycles to 151 cycles
Relaxing scrub interval from 151 cycles to 188 cycles
Relaxing scrub interval from 188 cycles to 235 cycles
Relaxing scrub interval from 235 cycles to 293 cycles
Relaxing scrub interval from 293 cycles to 366 cycles
Relaxing scrub interval from 366 cycles to 457 cycles
Relaxing scrub interval from 457 cycles to 571 cycles
Relaxing scrub interval from 571 cycles to 713 cycles
Relaxing scrub interval from 713 cycles to 891 cycles
Relaxing scrub interval from 891 cycles to 1113 cycles
Relaxing scrub interval from 1113 cycles to 1391 cycles
Relaxing scrub interval from 1391 cycles to 1738 cycles
Relaxing scrub interval from 1738 cycles to 2172 cycles
Relaxing scrub interval from 2172 cycles to 2715 cycles
Relaxing scrub interval from 2715 cycles to 3393 cycles
Relaxing scrub interval from 3393 cycles to 4241 cycles
Relaxing scrub interval from 4241 cycles to 5301 cycles
Relaxing scrub interval from 5301 cycles to 6626 cycles
Relaxing scrub interval from 6626 cycles to 8282 cycles
Relaxing scrub interval from 8282 cycles to 10352 cycles
Relaxing scrub interval from 10352 cycles to 12940 cycles
Tightening scrub interval from 12940 cycles to 6470 cycles
Tightening scrub interval from 6470 cycles to 3235 cycles
Relaxing scrub interval from 3235 cycles to 4043 cycles
Relaxing scrub interval from 4043 cycles to 5053 cycles
Tightening scrub interval from 5053 cycles to 2526 cycles
Relaxing scrub interval from 2526 cycles to 3157 cycles
Tightening scrub interval from 3157 cycles to 1578 cycles
Relaxing scrub interval from 1578 cycles to 1972 cycles
Tightening scrub interval from 1972 cycles to 986 cycles
Relaxing scrub interval from 986 cycles to 1232 cycles
Relaxing scrub interval from 1232 cycles to 1540 cycles
Relaxing scrub interval from 1540 cycles to 1925 cycles
Relaxing scrub interval from 1925 cycles to 2406 cycles
Relaxing scrub interval from 2406 cycles to 3007 cycles
Relaxing scrub interval from 3007 cycles to 3758 cycles
Relaxing scrub interval from 3758 cycles to 4697 cycles
Relaxing scrub interval from 4697 cycles to 5871 cycles
Relaxing scrub interval from 5871 cycles to 7338 cycles
Relaxing scrub interval from 7338 cycles to 9172 cycles
Relaxing scrub interval from 9172 cycles to 11465 cycles
Tightening scrub interval from 11465 cycles to 5732 cycles
Relaxing scrub interval from 5732 cycles to 7165 cycles
Tightening scrub interval from 7165 cycles to 3582 cycles
Relaxing scrub interval from 3582 cycles to 4477 cycles
Relaxing scrub interval from 4477 cycles to 5596 cycles
Relaxing scrub interval from 5596 cycles to 6995 cycles
Relaxing scrub interval from 6995 cycles to 8743 cycles
Relaxing scrub interval from 8743 cycles to 10928 cycles
Relaxing scrub interval from 10928 cycles to 13660 cycles
Tightening scrub interval from 13660 cycles to 6830 cycles
Tightening scrub interval from 6830 cycles to 3415 cycles
Relaxing scrub interval from 3415 cycles to 4268 cycles
Relaxing scrub interval from 4268 cycles to 5335 cycles
Relaxing scrub interval from 5335 cycles to 6668 cycles
Tightening scrub interval from 6668 cycles to 3334 cycles
Tightening scrub interval from 3334 cycles to 1667 cycles
Relaxing scrub interval from 1667 cycles to 2083 cycles
Relaxing scrub interval from 2083 cycles to 2603 cycles
Relaxing scrub interval from 2603 cycles to 3253 cycles
Relaxing scrub interval from 3253 cycles to 4066 cycles
Relaxing scrub interval from 4066 cycles to 5082 cycles
Tightening scrub interval from 5082 cycles to 2541 cycles
Relaxing scrub interval from 2541 cycles to 3176 cycles
Relaxing scrub interval from 3176 cycles to 3970 cycles
Tightening scrub interval from 3970 cycles to 1985 cycles
Relaxing scrub interval from 1985 cycles to 2481 cycles
Tightening scrub interval from 2481 cycles to 1240 cycles
Relaxing scrub interval from 1240 cycles to 1550 cycles
Relaxing scrub interval from 1550 cycles to 1937 cycles
Relaxing scrub interval from 1937 cycles to 2421 cycles
Relaxing scrub interval from 2421 cycles to 3026 cycles
Tightening scrub interval from 3026 cycles to 1513 cycles
Relaxing scrub interval from 1513 cycles to 1891 cycles
Tightening scrub interval from 1891 cycles to 945 cycles
Relaxing scrub interval from 945 cycles to 1181 cycles
Tightening scrub interval from 1181 cycles to 590 cycles
Relaxing scrub interval from 590 cycles to 737 cycles
Relaxing scrub interval from 737 cycles to 921 cycles
Relaxing scrub interval from 921 cycles to 1151 cycles
Relaxing scrub interval from 1151 cycles to 1438 cycles
Relaxing scrub interval from 1438 cycles to 1797 cycles
Relaxing scrub interval from 1797 cycles to 2246 cycles
Relaxing scrub interval from 2246 cycles to 2807 cycles
Tightening scrub interval from 2807 cycles to 1403 cycles
Tightening scrub interval from 1403 cycles to 701 cycles
Relaxing scrub interval from 701 cycles to 876 cycles
Relaxing scrub interval from 876 cycles to 1095 cycles
Relaxing scrub interval from 1095 cycles to 1368 cycles
Relaxing scrub interval from 1368 cycles to 1710 cycles
Relaxing scrub interval from 1710 cycles to 2137 cycles
Relaxing scrub interval from 2137 cycles to 2671 cycles
Tightening scrub interval from 2671 cycles to 1335 cycles
Relaxing scrub interval from 1335 cycles to 1668 cycles
Relaxing scrub interval from 1668 cycles to 2085 cycles
Relaxing scrub interval from 2085 cycles to 2606 cycles
Relaxing scrub interval from 2606 cycles to 3257 cycles
Tightening scrub interval from 3257 cycles to 1628 cycles
Relaxing scrub interval from 1628 cycles to 2035 cycles
Relaxing scrub interval from 2035 cycles to 2543 cycles
Tightening scrub interval from 2543 cycles to 1271 cycles
Relaxing scrub interval from 1271 cycles to 1588 cycles
Relaxing scrub interval from 1588 cycles to 1985 cycles
Relaxing scrub interval from 1985 cycles to 2481 cycles
Relaxing scrub interval from 2481 cycles to 3101 cycles
Relaxing scrub interval from 3101 cycles to 3876 cycles
Tightening scrub interval from 3876 cycles to 1938 cycles
