warn: No dot file generated. Please install pydot to generate the dot file and pdf.
Scrubbing enabled with adaptive interval starting at 10 cycles, tightening factor 2, relax factor 1.25
src/arch/riscv/isa.cc:275: info: RVV enabled, VLEN = 256 bits, ELEN = 64 bits
src/base/statistics.hh:279: warn: One of the stats is a legacy stat. Legacy stat is a stat that does not belong to any statistics::Group. Legacy stat is deprecated.
src/base/remote_gdb.cc:418: warn: Sockets disabled, not accepting gdb connections
src/sim/simulate.cc:199: info: Entering event queue @ 0.  Starting simulation...
Relaxing scrub interval from 10 cycles to 12 cycles
Relaxing scrub interval from 12 cycles to 15 cycles
Relaxing scrub interval from 15 cycles to 18 cycles
Relaxing scrub interval from 18 cycles to 22 cycles
Relaxing scrub interval from 22 cycles to 27 cycles
Relaxing scrub interval from 27 cycles to 33 cycles
Relaxing scrub interval from 33 cycles to 41 cycles
Relaxing scrub interval from 41 cycles to 51 cycles
Relaxing scrub interval from 51 cycles to 63 cycles
Relaxing scrub interval from 63 cycles to 78 cycles
Relaxing scrub interval from 78 cycles to 97 cycles
Relaxing scrub interval from 97 cycles to 121 cycles
Relaxing scrub interval from 121 cycles to 151 cycles
Relaxing scrub interval from 151 cycles to 188 cycles
Relaxing scrub interval from 188 cycles to 235 cycles
Relaxing scrub interval from 235 cycles to 293 cycles
Relaxing scrub interval from 293 cycles to 366 cycles
Relaxing scrub interval from 366 cycles to 457 cycles
Relaxing scrub interval from 457 cycles to 571 cycles
Relaxing scrub interval from 571 cycles to 713 cycles
Relaxing scrub interval from 713 cycles to 891 cycles
src/sim/syscall_emul.cc:86: warn: ignoring syscall set_robust_list(...)
      (further warnings will be suppressed)
Relaxing scrub interval from 891 cycles to 1113 cycles
Relaxing scrub interval from 1113 cycles to 1391 cycles
src/sim/syscall_emul.hh:1014: warn: readlink() called on '/proc/self/exe' may yield unexpected results in various settings.
      Returning '/home/cs1952y-user/gem5/1952y-fp/gem5/tests/test-progs/cs1952y-fp/alt'
src/sim/mem_state.cc:448: info: Increasing stack size by one page.
Relaxing scrub interval from 1391 cycles to 1738 cycles
Relaxing scrub interval from 1738 cycles to 2172 cycles
Relaxing scrub interval from 2172 cycles to 2715 cycles
Relaxing scrub interval from 2715 cycles to 3393 cycles
Relaxing scrub interval from 3393 cycles to 4241 cycles
src/sim/syscall_emul.cc:75: warn: ignoring syscall mprotect(...) at tick 17327000
Relaxing scrub interval from 4241 cycles to 5301 cycles
Relaxing scrub interval from 5301 cycles to 6626 cycles
Relaxing scrub interval from 6626 cycles to 8282 cycles
Relaxing scrub interval from 8282 cycles to 10352 cycles
Relaxing scrub interval from 10352 cycles to 12940 cycles
Tightening scrub interval from 12940 cycles to 6470 cycles
Relaxing scrub interval from 6470 cycles to 8087 cycles
Tightening scrub interval from 8087 cycles to 4043 cycles
Relaxing scrub interval from 4043 cycles to 5053 cycles
Relaxing scrub interval from 5053 cycles to 6316 cycles
Relaxing scrub interval from 6316 cycles to 7895 cycles
Tightening scrub interval from 7895 cycles to 3947 cycles
Tightening scrub interval from 3947 cycles to 1973 cycles
Relaxing scrub interval from 1973 cycles to 2466 cycles
Relaxing scrub interval from 2466 cycles to 3082 cycles
Relaxing scrub interval from 3082 cycles to 3852 cycles
Tightening scrub interval from 3852 cycles to 1926 cycles
Tightening scrub interval from 1926 cycles to 963 cycles
Relaxing scrub interval from 963 cycles to 1203 cycles
Relaxing scrub interval from 1203 cycles to 1503 cycles
Relaxing scrub interval from 1503 cycles to 1878 cycles
Relaxing scrub interval from 1878 cycles to 2347 cycles
Tightening scrub interval from 2347 cycles to 1173 cycles
Relaxing scrub interval from 1173 cycles to 1466 cycles
Relaxing scrub interval from 1466 cycles to 1832 cycles
Relaxing scrub interval from 1832 cycles to 2290 cycles
Relaxing scrub interval from 2290 cycles to 2862 cycles
Relaxing scrub interval from 2862 cycles to 3577 cycles
Tightening scrub interval from 3577 cycles to 1788 cycles
Relaxing scrub interval from 1788 cycles to 2235 cycles
Tightening scrub interval from 2235 cycles to 1117 cycles
Relaxing scrub interval from 1117 cycles to 1396 cycles
Relaxing scrub interval from 1396 cycles to 1745 cycles
Relaxing scrub interval from 1745 cycles to 2181 cycles
Relaxing scrub interval from 2181 cycles to 2726 cycles
Tightening scrub interval from 2726 cycles to 1363 cycles
Relaxing scrub interval from 1363 cycles to 1703 cycles
Relaxing scrub interval from 1703 cycles to 2128 cycles
Relaxing scrub interval from 2128 cycles to 2660 cycles
Relaxing scrub interval from 2660 cycles to 3325 cycles
Relaxing scrub interval from 3325 cycles to 4156 cycles
Relaxing scrub interval from 4156 cycles to 5195 cycles
Relaxing scrub interval from 5195 cycles to 6493 cycles
Tightening scrub interval from 6493 cycles to 3246 cycles
Tightening scrub interval from 3246 cycles to 1623 cycles
Relaxing scrub interval from 1623 cycles to 2028 cycles
Tightening scrub interval from 2028 cycles to 1014 cycles
Relaxing scrub interval from 1014 cycles to 1267 cycles
Relaxing scrub interval from 1267 cycles to 1583 cycles
Tightening scrub interval from 1583 cycles to 791 cycles
Tightening scrub interval from 791 cycles to 395 cycles
Relaxing scrub interval from 395 cycles to 493 cycles
Tightening scrub interval from 493 cycles to 246 cycles
Relaxing scrub interval from 246 cycles to 307 cycles
Relaxing scrub interval from 307 cycles to 383 cycles
Relaxing scrub interval from 383 cycles to 478 cycles
Relaxing scrub interval from 478 cycles to 597 cycles
Relaxing scrub interval from 597 cycles to 746 cycles
Relaxing scrub interval from 746 cycles to 932 cycles
Relaxing scrub interval from 932 cycles to 1165 cycles
Relaxing scrub interval from 1165 cycles to 1456 cycles
Relaxing scrub interval from 1456 cycles to 1820 cycles
Relaxing scrub interval from 1820 cycles to 2275 cycles
Relaxing scrub interval from 2275 cycles to 2843 cycles
Relaxing scrub interval from 2843 cycles to 3553 cycles
Tightening scrub interval from 3553 cycles to 1776 cycles
Tightening scrub interval from 1776 cycles to 888 cycles
Relaxing scrub interval from 888 cycles to 1110 cycles
Relaxing scrub interval from 1110 cycles to 1387 cycles
Relaxing scrub interval from 1387 cycles to 1733 cycles
Relaxing scrub interval from 1733 cycles to 2166 cycles
Relaxing scrub interval from 2166 cycles to 2707 cycles
Relaxing scrub interval from 2707 cycles to 3383 cycles
Tightening scrub interval from 3383 cycles to 1691 cycles
Tightening scrub interval from 1691 cycles to 845 cycles
Relaxing scrub interval from 845 cycles to 1056 cycles
Relaxing scrub interval from 1056 cycles to 1320 cycles
Relaxing scrub interval from 1320 cycles to 1650 cycles
Relaxing scrub interval from 1650 cycles to 2062 cycles
Relaxing scrub interval from 2062 cycles to 2577 cycles
Relaxing scrub interval from 2577 cycles to 3221 cycles
Relaxing scrub interval from 3221 cycles to 4026 cycles
Relaxing scrub interval from 4026 cycles to 5032 cycles
Tightening scrub interval from 5032 cycles to 2516 cycles
Relaxing scrub interval from 2516 cycles to 3145 cycles
Relaxing scrub interval from 3145 cycles to 3931 cycles
Relaxing scrub interval from 3931 cycles to 4913 cycles
Tightening scrub interval from 4913 cycles to 2456 cycles
Tightening scrub interval from 2456 cycles to 1228 cycles
Relaxing scrub interval from 1228 cycles to 1535 cycles
Relaxing scrub interval from 1535 cycles to 1918 cycles
Relaxing scrub interval from 1918 cycles to 2397 cycles
Relaxing scrub interval from 2397 cycles to 2996 cycles
Relaxing scrub interval from 2996 cycles to 3745 cycles
Relaxing scrub interval from 3745 cycles to 4681 cycles
Relaxing scrub interval from 4681 cycles to 5851 cycles
Tightening scrub interval from 5851 cycles to 2925 cycles
Relaxing scrub interval from 2925 cycles to 3656 cycles
Relaxing scrub interval from 3656 cycles to 4570 cycles
Relaxing scrub interval from 4570 cycles to 5712 cycles
Relaxing scrub interval from 5712 cycles to 7140 cycles
Relaxing scrub interval from 7140 cycles to 8925 cycles
Relaxing scrub interval from 8925 cycles to 11156 cycles
Tightening scrub interval from 11156 cycles to 5578 cycles
Tightening scrub interval from 5578 cycles to 2789 cycles
Tightening scrub interval from 2789 cycles to 1394 cycles
Relaxing scrub interval from 1394 cycles to 1742 cycles
Relaxing scrub interval from 1742 cycles to 2177 cycles
Tightening scrub interval from 2177 cycles to 1088 cycles
Tightening scrub interval from 1088 cycles to 544 cycles
Relaxing scrub interval from 544 cycles to 680 cycles
Relaxing scrub interval from 680 cycles to 850 cycles
Relaxing scrub interval from 850 cycles to 1062 cycles
Relaxing scrub interval from 1062 cycles to 1327 cycles
Relaxing scrub interval from 1327 cycles to 1658 cycles
Relaxing scrub interval from 1658 cycles to 2072 cycles
Relaxing scrub interval from 2072 cycles to 2590 cycles
Relaxing scrub interval from 2590 cycles to 3237 cycles
Relaxing scrub interval from 3237 cycles to 4046 cycles
Relaxing scrub interval from 4046 cycles to 5057 cycles
Relaxing scrub interval from 5057 cycles to 6321 cycles
Relaxing scrub interval from 6321 cycles to 7901 cycles
Tightening scrub interval from 7901 cycles to 3950 cycles
Relaxing scrub interval from 3950 cycles to 4937 cycles
Relaxing scrub interval from 4937 cycles to 6171 cycles
Relaxing scrub interval from 6171 cycles to 7713 cycles
Tightening scrub interval from 7713 cycles to 3856 cycles
Tightening scrub interval from 3856 cycles to 1928 cycles
Relaxing scrub interval from 1928 cycles to 2410 cycles
Relaxing scrub interval from 2410 cycles to 3012 cycles
Relaxing scrub interval from 3012 cycles to 3765 cycles
Relaxing scrub interval from 3765 cycles to 4706 cycles
Relaxing scrub interval from 4706 cycles to 5882 cycles
Relaxing scrub interval from 5882 cycles to 7352 cycles
Relaxing scrub interval from 7352 cycles to 9190 cycles
Tightening scrub interval from 9190 cycles to 4595 cycles
Relaxing scrub interval from 4595 cycles to 5743 cycles
Tightening scrub interval from 5743 cycles to 2871 cycles
Relaxing scrub interval from 2871 cycles to 3588 cycles
Relaxing scrub interval from 3588 cycles to 4485 cycles
Relaxing scrub interval from 4485 cycles to 5606 cycles
Relaxing scrub interval from 5606 cycles to 7007 cycles
Tightening scrub interval from 7007 cycles to 3503 cycles
Relaxing scrub interval from 3503 cycles to 4378 cycles
Tightening scrub interval from 4378 cycles to 2189 cycles
Relaxing scrub interval from 2189 cycles to 2736 cycles
Tightening scrub interval from 2736 cycles to 1368 cycles
Relaxing scrub interval from 1368 cycles to 1710 cycles
Relaxing scrub interval from 1710 cycles to 2137 cycles
Relaxing scrub interval from 2137 cycles to 2671 cycles
Relaxing scrub interval from 2671 cycles to 3338 cycles
Relaxing scrub interval from 3338 cycles to 4172 cycles
Relaxing scrub interval from 4172 cycles to 5215 cycles
Tightening scrub interval from 5215 cycles to 2607 cycles
Relaxing scrub interval from 2607 cycles to 3258 cycles
Tightening scrub interval from 3258 cycles to 1629 cycles
Relaxing scrub interval from 1629 cycles to 2036 cycles
Relaxing scrub interval from 2036 cycles to 2545 cycles
Relaxing scrub interval from 2545 cycles to 3181 cycles
Tightening scrub interval from 3181 cycles to 1590 cycles
Relaxing scrub interval from 1590 cycles to 1987 cycles
Relaxing scrub interval from 1987 cycles to 2483 cycles
Relaxing scrub interval from 2483 cycles to 3103 cycles
Relaxing scrub interval from 3103 cycles to 3878 cycles
Relaxing scrub interval from 3878 cycles to 4847 cycles
Relaxing scrub interval from 4847 cycles to 6058 cycles
Relaxing scrub interval from 6058 cycles to 7572 cycles
Relaxing scrub interval from 7572 cycles to 9465 cycles
Relaxing scrub interval from 9465 cycles to 11831 cycles
Tightening scrub interval from 11831 cycles to 5915 cycles
Tightening scrub interval from 5915 cycles to 2957 cycles
Relaxing scrub interval from 2957 cycles to 3696 cycles
Relaxing scrub interval from 3696 cycles to 4620 cycles
Relaxing scrub interval from 4620 cycles to 5775 cycles
Tightening scrub interval from 5775 cycles to 2887 cycles
Tightening scrub interval from 2887 cycles to 1443 cycles
Tightening scrub interval from 1443 cycles to 721 cycles
Relaxing scrub interval from 721 cycles to 901 cycles
Relaxing scrub interval from 901 cycles to 1126 cycles
Relaxing scrub interval from 1126 cycles to 1407 cycles
Tightening scrub interval from 1407 cycles to 703 cycles
Relaxing scrub interval from 703 cycles to 878 cycles
Relaxing scrub interval from 878 cycles to 1097 cycles
Relaxing scrub interval from 1097 cycles to 1371 cycles
Relaxing scrub interval from 1371 cycles to 1713 cycles
Tightening scrub interval from 1713 cycles to 856 cycles
Relaxing scrub interval from 856 cycles to 1070 cycles
Relaxing scrub interval from 1070 cycles to 1337 cycles
Relaxing scrub interval from 1337 cycles to 1671 cycles
Tightening scrub interval from 1671 cycles to 835 cycles
Relaxing scrub interval from 835 cycles to 1043 cycles
Relaxing scrub interval from 1043 cycles to 1303 cycles
Relaxing scrub interval from 1303 cycles to 1628 cycles
Relaxing scrub interval from 1628 cycles to 2035 cycles
Tightening scrub interval from 2035 cycles to 1017 cycles
Relaxing scrub interval from 1017 cycles to 1271 cycles
Relaxing scrub interval from 1271 cycles to 1588 cycles
Relaxing scrub interval from 1588 cycles to 1985 cycles
Relaxing scrub interval from 1985 cycles to 2481 cycles
Relaxing scrub interval from 2481 cycles to 3101 cycles
Relaxing scrub interval from 3101 cycles to 3876 cycles
Relaxing scrub interval from 3876 cycles to 4845 cycles
Relaxing scrub interval from 4845 cycles to 6056 cycles
Relaxing scrub interval from 6056 cycles to 7570 cycles
Tightening scrub interval from 7570 cycles to 3785 cycles
Tightening scrub interval from 3785 cycles to 1892 cycles
Relaxing scrub interval from 1892 cycles to 2365 cycles
Relaxing scrub interval from 2365 cycles to 2956 cycles
Relaxing scrub interval from 2956 cycles to 3695 cycles
Relaxing scrub interval from 3695 cycles to 4618 cycles
Tightening scrub interval from 4618 cycles to 2309 cycles
Relaxing scrub interval from 2309 cycles to 2886 cycles
Relaxing scrub interval from 2886 cycles to 3607 cycles
Relaxing scrub interval from 3607 cycles to 4508 cycles
Relaxing scrub interval from 4508 cycles to 5635 cycles
Relaxing scrub interval from 5635 cycles to 7043 cycles
Relaxing scrub interval from 7043 cycles to 8803 cycles
Tightening scrub interval from 8803 cycles to 4401 cycles
Relaxing scrub interval from 4401 cycles to 5501 cycles
Tightening scrub interval from 5501 cycles to 2750 cycles
Relaxing scrub interval from 2750 cycles to 3437 cycles
Relaxing scrub interval from 3437 cycles to 4296 cycles
Tightening scrub interval from 4296 cycles to 2148 cycles
Relaxing scrub interval from 2148 cycles to 2685 cycles
Relaxing scrub interval from 2685 cycles to 3356 cycles
Relaxing scrub interval from 3356 cycles to 4195 cycles
Relaxing scrub interval from 4195 cycles to 5243 cycles
Relaxing scrub interval from 5243 cycles to 6553 cycles
Relaxing scrub interval from 6553 cycles to 8191 cycles
Relaxing scrub interval from 8191 cycles to 10238 cycles
Tightening scrub interval from 10238 cycles to 5119 cycles
Relaxing scrub interval from 5119 cycles to 6398 cycles
Tightening scrub interval from 6398 cycles to 3199 cycles
Tightening scrub interval from 3199 cycles to 1599 cycles
Relaxing scrub interval from 1599 cycles to 1998 cycles
Relaxing scrub interval from 1998 cycles to 2497 cycles
Relaxing scrub interval from 2497 cycles to 3121 cycles
Relaxing scrub interval from 3121 cycles to 3901 cycles
Tightening scrub interval from 3901 cycles to 1950 cycles
Tightening scrub interval from 1950 cycles to 975 cycles
Relaxing scrub interval from 975 cycles to 1218 cycles
Relaxing scrub interval from 1218 cycles to 1522 cycles
Relaxing scrub interval from 1522 cycles to 1902 cycles
Relaxing scrub interval from 1902 cycles to 2377 cycles
Relaxing scrub interval from 2377 cycles to 2971 cycles
Relaxing scrub interval from 2971 cycles to 3713 cycles
Relaxing scrub interval from 3713 cycles to 4641 cycles
Relaxing scrub interval from 4641 cycles to 5801 cycles
Tightening scrub interval from 5801 cycles to 2900 cycles
Tightening scrub interval from 2900 cycles to 1450 cycles
Relaxing scrub interval from 1450 cycles to 1812 cycles
Relaxing scrub interval from 1812 cycles to 2265 cycles
Relaxing scrub interval from 2265 cycles to 2831 cycles
Relaxing scrub interval from 2831 cycles to 3538 cycles
Relaxing scrub interval from 3538 cycles to 4422 cycles
Relaxing scrub interval from 4422 cycles to 5527 cycles
Relaxing scrub interval from 5527 cycles to 6908 cycles
Relaxing scrub interval from 6908 cycles to 8635 cycles
Relaxing scrub interval from 8635 cycles to 10793 cycles
Tightening scrub interval from 10793 cycles to 5396 cycles
Relaxing scrub interval from 5396 cycles to 6745 cycles
Relaxing scrub interval from 6745 cycles to 8431 cycles
Tightening scrub interval from 8431 cycles to 4215 cycles
Tightening scrub interval from 4215 cycles to 2107 cycles
Relaxing scrub interval from 2107 cycles to 2633 cycles
Tightening scrub interval from 2633 cycles to 1316 cycles
Relaxing scrub interval from 1316 cycles to 1645 cycles
Relaxing scrub interval from 1645 cycles to 2056 cycles
Tightening scrub interval from 2056 cycles to 1028 cycles
Relaxing scrub interval from 1028 cycles to 1285 cycles
Relaxing scrub interval from 1285 cycles to 1606 cycles
Relaxing scrub interval from 1606 cycles to 2007 cycles
Tightening scrub interval from 2007 cycles to 1003 cycles
Tightening scrub interval from 1003 cycles to 501 cycles
Relaxing scrub interval from 501 cycles to 626 cycles
Relaxing scrub interval from 626 cycles to 782 cycles
Relaxing scrub interval from 782 cycles to 977 cycles
Relaxing scrub interval from 977 cycles to 1221 cycles
Relaxing scrub interval from 1221 cycles to 1526 cycles
Relaxing scrub interval from 1526 cycles to 1907 cycles
Relaxing scrub interval from 1907 cycles to 2383 cycles
Relaxing scrub interval from 2383 cycles to 2978 cycles
Relaxing scrub interval from 2978 cycles to 3722 cycles
Relaxing scrub interval from 3722 cycles to 4652 cycles
Relaxing scrub interval from 4652 cycles to 5815 cycles
Relaxing scrub interval from 5815 cycles to 7268 cycles
Tightening scrub interval from 7268 cycles to 3634 cycles
Relaxing scrub interval from 3634 cycles to 4542 cycles
Tightening scrub interval from 4542 cycles to 2271 cycles
Relaxing scrub interval from 2271 cycles to 2838 cycles
Relaxing scrub interval from 2838 cycles to 3547 cycles
Relaxing scrub interval from 3547 cycles to 4433 cycles
Tightening scrub interval from 4433 cycles to 2216 cycles
Relaxing scrub interval from 2216 cycles to 2770 cycles
Relaxing scrub interval from 2770 cycles to 3462 cycles
Relaxing scrub interval from 3462 cycles to 4327 cycles
Relaxing scrub interval from 4327 cycles to 5408 cycles
Relaxing scrub interval from 5408 cycles to 6760 cycles
Tightening scrub interval from 6760 cycles to 3380 cycles
Tightening scrub interval from 3380 cycles to 1690 cycles
Relaxing scrub interval from 1690 cycles to 2112 cycles
Relaxing scrub interval from 2112 cycles to 2640 cycles
Relaxing scrub interval from 2640 cycles to 3300 cycles
Relaxing scrub interval from 3300 cycles to 4125 cycles
Relaxing scrub interval from 4125 cycles to 5156 cycles
Tightening scrub interval from 5156 cycles to 2578 cycles
Tightening scrub interval from 2578 cycles to 1289 cycles
Relaxing scrub interval from 1289 cycles to 1611 cycles
Relaxing scrub interval from 1611 cycles to 2013 cycles
Relaxing scrub interval from 2013 cycles to 2516 cycles
Tightening scrub interval from 2516 cycles to 1258 cycles
Relaxing scrub interval from 1258 cycles to 1572 cycles
Relaxing scrub interval from 1572 cycles to 1965 cycles
Relaxing scrub interval from 1965 cycles to 2456 cycles
Relaxing scrub interval from 2456 cycles to 3070 cycles
Relaxing scrub interval from 3070 cycles to 3837 cycles
Relaxing scrub interval from 3837 cycles to 4796 cycles
Relaxing scrub interval from 4796 cycles to 5995 cycles
Relaxing scrub interval from 5995 cycles to 7493 cycles
Relaxing scrub interval from 7493 cycles to 9366 cycles
Relaxing scrub interval from 9366 cycles to 11707 cycles
Relaxing scrub interval from 11707 cycles to 14633 cycles
Tightening scrub interval from 14633 cycles to 7316 cycles
Tightening scrub interval from 7316 cycles to 3658 cycles
Relaxing scrub interval from 3658 cycles to 4572 cycles
Relaxing scrub interval from 4572 cycles to 5715 cycles
Relaxing scrub interval from 5715 cycles to 7143 cycles
Tightening scrub interval from 7143 cycles to 3571 cycles
Relaxing scrub interval from 3571 cycles to 4463 cycles
Relaxing scrub interval from 4463 cycles to 5578 cycles
Relaxing scrub interval from 5578 cycles to 6972 cycles
Tightening scrub interval from 6972 cycles to 3486 cycles
Tightening scrub interval from 3486 cycles to 1743 cycles
Tightening scrub interval from 1743 cycles to 871 cycles
Relaxing scrub interval from 871 cycles to 1088 cycles
Relaxing scrub interval from 1088 cycles to 1360 cycles
Relaxing scrub interval from 1360 cycles to 1700 cycles
Relaxing scrub interval from 1700 cycles to 2125 cycles
Relaxing scrub interval from 2125 cycles to 2656 cycles
Relaxing scrub interval from 2656 cycles to 3320 cycles
Tightening scrub interval from 3320 cycles to 1660 cycles
Relaxing scrub interval from 1660 cycles to 2075 cycles
Relaxing scrub interval from 2075 cycles to 2593 cycles
Relaxing scrub interval from 2593 cycles to 3241 cycles
Relaxing scrub interval from 3241 cycles to 4051 cycles
Relaxing scrub interval from 4051 cycles to 5063 cycles
Tightening scrub interval from 5063 cycles to 2531 cycles
Relaxing scrub interval from 2531 cycles to 3163 cycles
Relaxing scrub interval from 3163 cycles to 3953 cycles
Relaxing scrub interval from 3953 cycles to 4941 cycles
Relaxing scrub interval from 4941 cycles to 6176 cycles
Tightening scrub interval from 6176 cycles to 3088 cycles
Relaxing scrub interval from 3088 cycles to 3860 cycles
Relaxing scrub interval from 3860 cycles to 4825 cycles
Relaxing scrub interval from 4825 cycles to 6031 cycles
Tightening scrub interval from 6031 cycles to 3015 cycles
Relaxing scrub interval from 3015 cycles to 3768 cycles
Relaxing scrub interval from 3768 cycles to 4710 cycles
Tightening scrub interval from 4710 cycles to 2355 cycles
Relaxing scrub interval from 2355 cycles to 2943 cycles
Relaxing scrub interval from 2943 cycles to 3678 cycles
Relaxing scrub interval from 3678 cycles to 4597 cycles
Relaxing scrub interval from 4597 cycles to 5746 cycles
Relaxing scrub interval from 5746 cycles to 7182 cycles
Relaxing scrub interval from 7182 cycles to 8977 cycles
Relaxing scrub interval from 8977 cycles to 11221 cycles
Tightening scrub interval from 11221 cycles to 5610 cycles
Relaxing scrub interval from 5610 cycles to 7012 cycles
Relaxing scrub interval from 7012 cycles to 8765 cycles
Relaxing scrub interval from 8765 cycles to 10956 cycles
Tightening scrub interval from 10956 cycles to 5478 cycles
Relaxing scrub interval from 5478 cycles to 6847 cycles
Relaxing scrub interval from 6847 cycles to 8558 cycles
Relaxing scrub interval from 8558 cycles to 10697 cycles
Tightening scrub interval from 10697 cycles to 5348 cycles
Relaxing scrub interval from 5348 cycles to 6685 cycles
Relaxing scrub interval from 6685 cycles to 8356 cycles
Tightening scrub interval from 8356 cycles to 4178 cycles
Tightening scrub interval from 4178 cycles to 2089 cycles
Relaxing scrub interval from 2089 cycles to 2611 cycles
Relaxing scrub interval from 2611 cycles to 3263 cycles
Relaxing scrub interval from 3263 cycles to 4078 cycles
Relaxing scrub interval from 4078 cycles to 5097 cycles
Tightening scrub interval from 5097 cycles to 2548 cycles
Relaxing scrub interval from 2548 cycles to 3185 cycles
Relaxing scrub interval from 3185 cycles to 3981 cycles
Relaxing scrub interval from 3981 cycles to 4976 cycles
Relaxing scrub interval from 4976 cycles to 6220 cycles
Relaxing scrub interval from 6220 cycles to 7775 cycles
Relaxing scrub interval from 7775 cycles to 9718 cycles
Relaxing scrub interval from 9718 cycles to 12147 cycles
Tightening scrub interval from 12147 cycles to 6073 cycles
Tightening scrub interval from 6073 cycles to 3036 cycles
Tightening scrub interval from 3036 cycles to 1518 cycles
Relaxing scrub interval from 1518 cycles to 1897 cycles
Relaxing scrub interval from 1897 cycles to 2371 cycles
Relaxing scrub interval from 2371 cycles to 2963 cycles
Tightening scrub interval from 2963 cycles to 1481 cycles
Relaxing scrub interval from 1481 cycles to 1851 cycles
Relaxing scrub interval from 1851 cycles to 2313 cycles
Relaxing scrub interval from 2313 cycles to 2891 cycles
Relaxing scrub interval from 2891 cycles to 3613 cycles
Relaxing scrub interval from 3613 cycles to 4516 cycles
Relaxing scrub interval from 4516 cycles to 5645 cycles
Relaxing scrub interval from 5645 cycles to 7056 cycles
Relaxing scrub interval from 7056 cycles to 8820 cycles
Relaxing scrub interval from 8820 cycles to 11025 cycles
Relaxing scrub interval from 11025 cycles to 13781 cycles
Relaxing scrub interval from 13781 cycles to 17226 cycles
Tightening scrub interval from 17226 cycles to 8613 cycles
Relaxing scrub interval from 8613 cycles to 10766 cycles
Relaxing scrub interval from 10766 cycles to 13457 cycles
Tightening scrub interval from 13457 cycles to 6728 cycles
Relaxing scrub interval from 6728 cycles to 8410 cycles
Relaxing scrub interval from 8410 cycles to 10512 cycles
Tightening scrub interval from 10512 cycles to 5256 cycles
Relaxing scrub interval from 5256 cycles to 6570 cycles
Relaxing scrub interval from 6570 cycles to 8212 cycles
Relaxing scrub interval from 8212 cycles to 10265 cycles
Tightening scrub interval from 10265 cycles to 5132 cycles
Tightening scrub interval from 5132 cycles to 2566 cycles
Relaxing scrub interval from 2566 cycles to 3207 cycles
Relaxing scrub interval from 3207 cycles to 4008 cycles
Relaxing scrub interval from 4008 cycles to 5010 cycles
Relaxing scrub interval from 5010 cycles to 6262 cycles
Relaxing scrub interval from 6262 cycles to 7827 cycles
Tightening scrub interval from 7827 cycles to 3913 cycles
Tightening scrub interval from 3913 cycles to 1956 cycles
Relaxing scrub interval from 1956 cycles to 2445 cycles
Relaxing scrub interval from 2445 cycles to 3056 cycles
Relaxing scrub interval from 3056 cycles to 3820 cycles
Relaxing scrub interval from 3820 cycles to 4775 cycles
Relaxing scrub interval from 4775 cycles to 5968 cycles
Relaxing scrub interval from 5968 cycles to 7460 cycles
Tightening scrub interval from 7460 cycles to 3730 cycles
Relaxing scrub interval from 3730 cycles to 4662 cycles
Relaxing scrub interval from 4662 cycles to 5827 cycles
Tightening scrub interval from 5827 cycles to 2913 cycles
Relaxing scrub interval from 2913 cycles to 3641 cycles
Relaxing scrub interval from 3641 cycles to 4551 cycles
Relaxing scrub interval from 4551 cycles to 5688 cycles
Tightening scrub interval from 5688 cycles to 2844 cycles
Relaxing scrub interval from 2844 cycles to 3555 cycles
Relaxing scrub interval from 3555 cycles to 4443 cycles
Tightening scrub interval from 4443 cycles to 2221 cycles
Tightening scrub interval from 2221 cycles to 1110 cycles
Relaxing scrub interval from 1110 cycles to 1387 cycles
Relaxing scrub interval from 1387 cycles to 1733 cycles
Relaxing scrub interval from 1733 cycles to 2166 cycles
Tightening scrub interval from 2166 cycles to 1083 cycles
Relaxing scrub interval from 1083 cycles to 1353 cycles
Relaxing scrub interval from 1353 cycles to 1691 cycles
Relaxing scrub interval from 1691 cycles to 2113 cycles
Relaxing scrub interval from 2113 cycles to 2641 cycles
Relaxing scrub interval from 2641 cycles to 3301 cycles
