warn: No dot file generated. Please install pydot to generate the dot file and pdf.
Scrubbing enabled with adaptive interval starting at 10 cycles, tightening factor 2, relax factor 1.25
src/arch/riscv/isa.cc:275: info: RVV enabled, VLEN = 256 bits, ELEN = 64 bits
src/arch/riscv/linux/se_workload.cc:60: warn: Unknown operating system; assuming Linux.
src/base/statistics.hh:279: warn: One of the stats is a legacy stat. Legacy stat is a stat that does not belong to any statistics::Group. Legacy stat is deprecated.
src/base/remote_gdb.cc:418: warn: Sockets disabled, not accepting gdb connections
src/sim/simulate.cc:199: info: Entering event queue @ 0.  Starting simulation...
Relaxing scrub interval from 10 cycles to 12 cycles
Relaxing scrub interval from 12 cycles to 15 cycles
Relaxing scrub interval from 15 cycles to 18 cycles
Relaxing scrub interval from 18 cycles to 22 cycles
Relaxing scrub interval from 22 cycles to 27 cycles
Relaxing scrub interval from 27 cycles to 33 cycles
Relaxing scrub interval from 33 cycles to 41 cycles
Relaxing scrub interval from 41 cycles to 51 cycles
Relaxing scrub interval from 51 cycles to 63 cycles
Relaxing scrub interval from 63 cycles to 78 cycles
Relaxing scrub interval from 78 cycles to 97 cycles
Relaxing scrub interval from 97 cycles to 121 cycles
Relaxing scrub interval from 121 cycles to 151 cycles
Relaxing scrub interval from 151 cycles to 188 cycles
Relaxing scrub interval from 188 cycles to 235 cycles
Relaxing scrub interval from 235 cycles to 293 cycles
Relaxing scrub interval from 293 cycles to 366 cycles
Relaxing scrub interval from 366 cycles to 457 cycles
Relaxing scrub interval from 457 cycles to 571 cycles
Relaxing scrub interval from 571 cycles to 713 cycles
Relaxing scrub interval from 713 cycles to 891 cycles
Relaxing scrub interval from 891 cycles to 1113 cycles
Relaxing scrub interval from 1113 cycles to 1391 cycles
Relaxing scrub interval from 1391 cycles to 1738 cycles
Relaxing scrub interval from 1738 cycles to 2172 cycles
Relaxing scrub interval from 2172 cycles to 2715 cycles
Relaxing scrub interval from 2715 cycles to 3393 cycles
Relaxing scrub interval from 3393 cycles to 4241 cycles
Relaxing scrub interval from 4241 cycles to 5301 cycles
Relaxing scrub interval from 5301 cycles to 6626 cycles
Relaxing scrub interval from 6626 cycles to 8282 cycles
Relaxing scrub interval from 8282 cycles to 10352 cycles
Relaxing scrub interval from 10352 cycles to 12940 cycles
Tightening scrub interval from 12940 cycles to 6470 cycles
Tightening scrub interval from 6470 cycles to 3235 cycles
Tightening scrub interval from 3235 cycles to 1617 cycles
Relaxing scrub interval from 1617 cycles to 2021 cycles
Relaxing scrub interval from 2021 cycles to 2526 cycles
Tightening scrub interval from 2526 cycles to 1263 cycles
Relaxing scrub interval from 1263 cycles to 1578 cycles
Relaxing scrub interval from 1578 cycles to 1972 cycles
Relaxing scrub interval from 1972 cycles to 2465 cycles
Relaxing scrub interval from 2465 cycles to 3081 cycles
Relaxing scrub interval from 3081 cycles to 3851 cycles
Relaxing scrub interval from 3851 cycles to 4813 cycles
Relaxing scrub interval from 4813 cycles to 6016 cycles
Tightening scrub interval from 6016 cycles to 3008 cycles
Relaxing scrub interval from 3008 cycles to 3760 cycles
Relaxing scrub interval from 3760 cycles to 4700 cycles
Relaxing scrub interval from 4700 cycles to 5875 cycles
Tightening scrub interval from 5875 cycles to 2937 cycles
Relaxing scrub interval from 2937 cycles to 3671 cycles
Relaxing scrub interval from 3671 cycles to 4588 cycles
Tightening scrub interval from 4588 cycles to 2294 cycles
Relaxing scrub interval from 2294 cycles to 2867 cycles
Relaxing scrub interval from 2867 cycles to 3583 cycles
Tightening scrub interval from 3583 cycles to 1791 cycles
Relaxing scrub interval from 1791 cycles to 2238 cycles
Relaxing scrub interval from 2238 cycles to 2797 cycles
Relaxing scrub interval from 2797 cycles to 3496 cycles
Relaxing scrub interval from 3496 cycles to 4370 cycles
Relaxing scrub interval from 4370 cycles to 5462 cycles
Relaxing scrub interval from 5462 cycles to 6827 cycles
Relaxing scrub interval from 6827 cycles to 8533 cycles
Relaxing scrub interval from 8533 cycles to 10666 cycles
Tightening scrub interval from 10666 cycles to 5333 cycles
Tightening scrub interval from 5333 cycles to 2666 cycles
Relaxing scrub interval from 2666 cycles to 3332 cycles
Relaxing scrub interval from 3332 cycles to 4165 cycles
Relaxing scrub interval from 4165 cycles to 5206 cycles
Relaxing scrub interval from 5206 cycles to 6507 cycles
Tightening scrub interval from 6507 cycles to 3253 cycles
Tightening scrub interval from 3253 cycles to 1626 cycles
Tightening scrub interval from 1626 cycles to 813 cycles
Relaxing scrub interval from 813 cycles to 1016 cycles
Relaxing scrub interval from 1016 cycles to 1270 cycles
Relaxing scrub interval from 1270 cycles to 1587 cycles
Relaxing scrub interval from 1587 cycles to 1983 cycles
Relaxing scrub interval from 1983 cycles to 2478 cycles
Relaxing scrub interval from 2478 cycles to 3097 cycles
Tightening scrub interval from 3097 cycles to 1548 cycles
Relaxing scrub interval from 1548 cycles to 1935 cycles
Relaxing scrub interval from 1935 cycles to 2418 cycles
Relaxing scrub interval from 2418 cycles to 3022 cycles
Tightening scrub interval from 3022 cycles to 1511 cycles
Relaxing scrub interval from 1511 cycles to 1888 cycles
Relaxing scrub interval from 1888 cycles to 2360 cycles
Relaxing scrub interval from 2360 cycles to 2950 cycles
Tightening scrub interval from 2950 cycles to 1475 cycles
Relaxing scrub interval from 1475 cycles to 1843 cycles
Tightening scrub interval from 1843 cycles to 921 cycles
Tightening scrub interval from 921 cycles to 460 cycles
Relaxing scrub interval from 460 cycles to 575 cycles
Relaxing scrub interval from 575 cycles to 718 cycles
Relaxing scrub interval from 718 cycles to 897 cycles
Relaxing scrub interval from 897 cycles to 1121 cycles
Relaxing scrub interval from 1121 cycles to 1401 cycles
Relaxing scrub interval from 1401 cycles to 1751 cycles
Tightening scrub interval from 1751 cycles to 875 cycles
Relaxing scrub interval from 875 cycles to 1093 cycles
Relaxing scrub interval from 1093 cycles to 1366 cycles
Relaxing scrub interval from 1366 cycles to 1707 cycles
Relaxing scrub interval from 1707 cycles to 2133 cycles
Relaxing scrub interval from 2133 cycles to 2666 cycles
Tightening scrub interval from 2666 cycles to 1333 cycles
Relaxing scrub interval from 1333 cycles to 1666 cycles
Tightening scrub interval from 1666 cycles to 833 cycles
Relaxing scrub interval from 833 cycles to 1041 cycles
Relaxing scrub interval from 1041 cycles to 1301 cycles
Relaxing scrub interval from 1301 cycles to 1626 cycles
Relaxing scrub interval from 1626 cycles to 2032 cycles
Tightening scrub interval from 2032 cycles to 1016 cycles
Tightening scrub interval from 1016 cycles to 508 cycles
Relaxing scrub interval from 508 cycles to 635 cycles
Tightening scrub interval from 635 cycles to 317 cycles
Relaxing scrub interval from 317 cycles to 396 cycles
Relaxing scrub interval from 396 cycles to 495 cycles
Relaxing scrub interval from 495 cycles to 618 cycles
Relaxing scrub interval from 618 cycles to 772 cycles
Relaxing scrub interval from 772 cycles to 965 cycles
Tightening scrub interval from 965 cycles to 482 cycles
Relaxing scrub interval from 482 cycles to 602 cycles
Relaxing scrub interval from 602 cycles to 752 cycles
Relaxing scrub interval from 752 cycles to 940 cycles
Relaxing scrub interval from 940 cycles to 1175 cycles
Relaxing scrub interval from 1175 cycles to 1468 cycles
Relaxing scrub interval from 1468 cycles to 1835 cycles
Relaxing scrub interval from 1835 cycles to 2293 cycles
Relaxing scrub interval from 2293 cycles to 2866 cycles
Relaxing scrub interval from 2866 cycles to 3582 cycles
Relaxing scrub interval from 3582 cycles to 4477 cycles
Relaxing scrub interval from 4477 cycles to 5596 cycles
Relaxing scrub interval from 5596 cycles to 6995 cycles
Relaxing scrub interval from 6995 cycles to 8743 cycles
Tightening scrub interval from 8743 cycles to 4371 cycles
Relaxing scrub interval from 4371 cycles to 5463 cycles
Relaxing scrub interval from 5463 cycles to 6828 cycles
Tightening scrub interval from 6828 cycles to 3414 cycles
