warn: No dot file generated. Please install pydot to generate the dot file and pdf.
Scrubbing enabled with adaptive interval starting at 10 cycles, tightening factor 2, relax factor 1.25
src/arch/riscv/isa.cc:275: info: RVV enabled, VLEN = 256 bits, ELEN = 64 bits
src/base/statistics.hh:279: warn: One of the stats is a legacy stat. Legacy stat is a stat that does not belong to any statistics::Group. Legacy stat is deprecated.
src/base/remote_gdb.cc:418: warn: Sockets disabled, not accepting gdb connections
src/sim/simulate.cc:199: info: Entering event queue @ 0.  Starting simulation...
Relaxing scrub interval from 10 cycles to 12 cycles
Relaxing scrub interval from 12 cycles to 15 cycles
Relaxing scrub interval from 15 cycles to 18 cycles
Relaxing scrub interval from 18 cycles to 22 cycles
Relaxing scrub interval from 22 cycles to 27 cycles
Relaxing scrub interval from 27 cycles to 33 cycles
Relaxing scrub interval from 33 cycles to 41 cycles
Relaxing scrub interval from 41 cycles to 51 cycles
Relaxing scrub interval from 51 cycles to 63 cycles
Relaxing scrub interval from 63 cycles to 78 cycles
Relaxing scrub interval from 78 cycles to 97 cycles
Relaxing scrub interval from 97 cycles to 121 cycles
Relaxing scrub interval from 121 cycles to 151 cycles
Relaxing scrub interval from 151 cycles to 188 cycles
Relaxing scrub interval from 188 cycles to 235 cycles
Relaxing scrub interval from 235 cycles to 293 cycles
Relaxing scrub interval from 293 cycles to 366 cycles
Relaxing scrub interval from 366 cycles to 457 cycles
Relaxing scrub interval from 457 cycles to 571 cycles
Relaxing scrub interval from 571 cycles to 713 cycles
Relaxing scrub interval from 713 cycles to 891 cycles
src/sim/syscall_emul.cc:86: warn: ignoring syscall set_robust_list(...)
      (further warnings will be suppressed)
Relaxing scrub interval from 891 cycles to 1113 cycles
Relaxing scrub interval from 1113 cycles to 1391 cycles
src/sim/syscall_emul.hh:1014: warn: readlink() called on '/proc/self/exe' may yield unexpected results in various settings.
      Returning '/home/cs1952y-user/gem5/1952y-fp/gem5/tests/test-progs/cs1952y-fp/alt'
src/sim/mem_state.cc:448: info: Increasing stack size by one page.
Relaxing scrub interval from 1391 cycles to 1738 cycles
Relaxing scrub interval from 1738 cycles to 2172 cycles
Relaxing scrub interval from 2172 cycles to 2715 cycles
Relaxing scrub interval from 2715 cycles to 3393 cycles
Relaxing scrub interval from 3393 cycles to 4241 cycles
src/sim/syscall_emul.cc:75: warn: ignoring syscall mprotect(...) at tick 17327000
Relaxing scrub interval from 4241 cycles to 5301 cycles
Relaxing scrub interval from 5301 cycles to 6626 cycles
Relaxing scrub interval from 6626 cycles to 8282 cycles
Relaxing scrub interval from 8282 cycles to 10352 cycles
Relaxing scrub interval from 10352 cycles to 12940 cycles
Tightening scrub interval from 12940 cycles to 6470 cycles
Relaxing scrub interval from 6470 cycles to 8087 cycles
Tightening scrub interval from 8087 cycles to 4043 cycles
Relaxing scrub interval from 4043 cycles to 5053 cycles
Tightening scrub interval from 5053 cycles to 2526 cycles
Relaxing scrub interval from 2526 cycles to 3157 cycles
Tightening scrub interval from 3157 cycles to 1578 cycles
Relaxing scrub interval from 1578 cycles to 1972 cycles
Relaxing scrub interval from 1972 cycles to 2465 cycles
Relaxing scrub interval from 2465 cycles to 3081 cycles
Relaxing scrub interval from 3081 cycles to 3851 cycles
Relaxing scrub interval from 3851 cycles to 4813 cycles
Relaxing scrub interval from 4813 cycles to 6016 cycles
Relaxing scrub interval from 6016 cycles to 7520 cycles
Tightening scrub interval from 7520 cycles to 3760 cycles
Tightening scrub interval from 3760 cycles to 1880 cycles
Relaxing scrub interval from 1880 cycles to 2350 cycles
Relaxing scrub interval from 2350 cycles to 2937 cycles
Tightening scrub interval from 2937 cycles to 1468 cycles
Relaxing scrub interval from 1468 cycles to 1835 cycles
Relaxing scrub interval from 1835 cycles to 2293 cycles
Relaxing scrub interval from 2293 cycles to 2866 cycles
Relaxing scrub interval from 2866 cycles to 3582 cycles
Tightening scrub interval from 3582 cycles to 1791 cycles
Relaxing scrub interval from 1791 cycles to 2238 cycles
Relaxing scrub interval from 2238 cycles to 2797 cycles
Tightening scrub interval from 2797 cycles to 1398 cycles
Relaxing scrub interval from 1398 cycles to 1747 cycles
Relaxing scrub interval from 1747 cycles to 2183 cycles
Relaxing scrub interval from 2183 cycles to 2728 cycles
Relaxing scrub interval from 2728 cycles to 3410 cycles
Relaxing scrub interval from 3410 cycles to 4262 cycles
Tightening scrub interval from 4262 cycles to 2131 cycles
Relaxing scrub interval from 2131 cycles to 2663 cycles
Tightening scrub interval from 2663 cycles to 1331 cycles
Relaxing scrub interval from 1331 cycles to 1663 cycles
Relaxing scrub interval from 1663 cycles to 2078 cycles
Relaxing scrub interval from 2078 cycles to 2597 cycles
Relaxing scrub interval from 2597 cycles to 3246 cycles
Relaxing scrub interval from 3246 cycles to 4057 cycles
Relaxing scrub interval from 4057 cycles to 5071 cycles
Relaxing scrub interval from 5071 cycles to 6338 cycles
Relaxing scrub interval from 6338 cycles to 7922 cycles
Tightening scrub interval from 7922 cycles to 3961 cycles
Relaxing scrub interval from 3961 cycles to 4951 cycles
Relaxing scrub interval from 4951 cycles to 6188 cycles
Relaxing scrub interval from 6188 cycles to 7735 cycles
Relaxing scrub interval from 7735 cycles to 9668 cycles
Tightening scrub interval from 9668 cycles to 4834 cycles
Relaxing scrub interval from 4834 cycles to 6042 cycles
Tightening scrub interval from 6042 cycles to 3021 cycles
Tightening scrub interval from 3021 cycles to 1510 cycles
Relaxing scrub interval from 1510 cycles to 1887 cycles
Tightening scrub interval from 1887 cycles to 943 cycles
Relaxing scrub interval from 943 cycles to 1178 cycles
Relaxing scrub interval from 1178 cycles to 1472 cycles
Relaxing scrub interval from 1472 cycles to 1840 cycles
Relaxing scrub interval from 1840 cycles to 2300 cycles
Relaxing scrub interval from 2300 cycles to 2875 cycles
Relaxing scrub interval from 2875 cycles to 3593 cycles
Tightening scrub interval from 3593 cycles to 1796 cycles
Tightening scrub interval from 1796 cycles to 898 cycles
Relaxing scrub interval from 898 cycles to 1122 cycles
Relaxing scrub interval from 1122 cycles to 1402 cycles
Relaxing scrub interval from 1402 cycles to 1752 cycles
Relaxing scrub interval from 1752 cycles to 2190 cycles
Relaxing scrub interval from 2190 cycles to 2737 cycles
Tightening scrub interval from 2737 cycles to 1368 cycles
Tightening scrub interval from 1368 cycles to 684 cycles
Relaxing scrub interval from 684 cycles to 855 cycles
Relaxing scrub interval from 855 cycles to 1068 cycles
Relaxing scrub interval from 1068 cycles to 1335 cycles
Tightening scrub interval from 1335 cycles to 667 cycles
Relaxing scrub interval from 667 cycles to 833 cycles
Relaxing scrub interval from 833 cycles to 1041 cycles
Relaxing scrub interval from 1041 cycles to 1301 cycles
Relaxing scrub interval from 1301 cycles to 1626 cycles
Relaxing scrub interval from 1626 cycles to 2032 cycles
Relaxing scrub interval from 2032 cycles to 2540 cycles
Relaxing scrub interval from 2540 cycles to 3175 cycles
Relaxing scrub interval from 3175 cycles to 3968 cycles
Tightening scrub interval from 3968 cycles to 1984 cycles
Relaxing scrub interval from 1984 cycles to 2480 cycles
Relaxing scrub interval from 2480 cycles to 3100 cycles
Relaxing scrub interval from 3100 cycles to 3875 cycles
Relaxing scrub interval from 3875 cycles to 4843 cycles
Relaxing scrub interval from 4843 cycles to 6053 cycles
Relaxing scrub interval from 6053 cycles to 7566 cycles
Tightening scrub interval from 7566 cycles to 3783 cycles
Tightening scrub interval from 3783 cycles to 1891 cycles
Relaxing scrub interval from 1891 cycles to 2363 cycles
Relaxing scrub interval from 2363 cycles to 2953 cycles
Tightening scrub interval from 2953 cycles to 1476 cycles
Relaxing scrub interval from 1476 cycles to 1845 cycles
Relaxing scrub interval from 1845 cycles to 2306 cycles
Relaxing scrub interval from 2306 cycles to 2882 cycles
Tightening scrub interval from 2882 cycles to 1441 cycles
Relaxing scrub interval from 1441 cycles to 1801 cycles
Tightening scrub interval from 1801 cycles to 900 cycles
Relaxing scrub interval from 900 cycles to 1125 cycles
Relaxing scrub interval from 1125 cycles to 1406 cycles
Relaxing scrub interval from 1406 cycles to 1757 cycles
Tightening scrub interval from 1757 cycles to 878 cycles
Relaxing scrub interval from 878 cycles to 1097 cycles
Relaxing scrub interval from 1097 cycles to 1371 cycles
Tightening scrub interval from 1371 cycles to 685 cycles
Tightening scrub interval from 685 cycles to 342 cycles
Relaxing scrub interval from 342 cycles to 427 cycles
Relaxing scrub interval from 427 cycles to 533 cycles
Relaxing scrub interval from 533 cycles to 666 cycles
Relaxing scrub interval from 666 cycles to 832 cycles
Relaxing scrub interval from 832 cycles to 1040 cycles
Relaxing scrub interval from 1040 cycles to 1300 cycles
Tightening scrub interval from 1300 cycles to 650 cycles
Relaxing scrub interval from 650 cycles to 812 cycles
Relaxing scrub interval from 812 cycles to 1015 cycles
Relaxing scrub interval from 1015 cycles to 1268 cycles
Tightening scrub interval from 1268 cycles to 634 cycles
Relaxing scrub interval from 634 cycles to 792 cycles
Relaxing scrub interval from 792 cycles to 990 cycles
Relaxing scrub interval from 990 cycles to 1237 cycles
Relaxing scrub interval from 1237 cycles to 1546 cycles
Relaxing scrub interval from 1546 cycles to 1932 cycles
Relaxing scrub interval from 1932 cycles to 2415 cycles
Tightening scrub interval from 2415 cycles to 1207 cycles
Relaxing scrub interval from 1207 cycles to 1508 cycles
Relaxing scrub interval from 1508 cycles to 1885 cycles
Tightening scrub interval from 1885 cycles to 942 cycles
Relaxing scrub interval from 942 cycles to 1177 cycles
Relaxing scrub interval from 1177 cycles to 1471 cycles
Relaxing scrub interval from 1471 cycles to 1838 cycles
Relaxing scrub interval from 1838 cycles to 2297 cycles
Relaxing scrub interval from 2297 cycles to 2871 cycles
Relaxing scrub interval from 2871 cycles to 3588 cycles
Relaxing scrub interval from 3588 cycles to 4485 cycles
Tightening scrub interval from 4485 cycles to 2242 cycles
Relaxing scrub interval from 2242 cycles to 2802 cycles
Relaxing scrub interval from 2802 cycles to 3502 cycles
Tightening scrub interval from 3502 cycles to 1751 cycles
Relaxing scrub interval from 1751 cycles to 2188 cycles
Relaxing scrub interval from 2188 cycles to 2735 cycles
Relaxing scrub interval from 2735 cycles to 3418 cycles
Relaxing scrub interval from 3418 cycles to 4272 cycles
Relaxing scrub interval from 4272 cycles to 5340 cycles
Tightening scrub interval from 5340 cycles to 2670 cycles
Relaxing scrub interval from 2670 cycles to 3337 cycles
Relaxing scrub interval from 3337 cycles to 4171 cycles
Tightening scrub interval from 4171 cycles to 2085 cycles
Relaxing scrub interval from 2085 cycles to 2606 cycles
Tightening scrub interval from 2606 cycles to 1303 cycles
Relaxing scrub interval from 1303 cycles to 1628 cycles
Tightening scrub interval from 1628 cycles to 814 cycles
Relaxing scrub interval from 814 cycles to 1017 cycles
Relaxing scrub interval from 1017 cycles to 1271 cycles
Relaxing scrub interval from 1271 cycles to 1588 cycles
Relaxing scrub interval from 1588 cycles to 1985 cycles
Relaxing scrub interval from 1985 cycles to 2481 cycles
Relaxing scrub interval from 2481 cycles to 3101 cycles
Relaxing scrub interval from 3101 cycles to 3876 cycles
Relaxing scrub interval from 3876 cycles to 4845 cycles
Tightening scrub interval from 4845 cycles to 2422 cycles
Relaxing scrub interval from 2422 cycles to 3027 cycles
Relaxing scrub interval from 3027 cycles to 3783 cycles
Tightening scrub interval from 3783 cycles to 1891 cycles
Relaxing scrub interval from 1891 cycles to 2363 cycles
Relaxing scrub interval from 2363 cycles to 2953 cycles
Relaxing scrub interval from 2953 cycles to 3691 cycles
Relaxing scrub interval from 3691 cycles to 4613 cycles
Tightening scrub interval from 4613 cycles to 2306 cycles
Relaxing scrub interval from 2306 cycles to 2882 cycles
Relaxing scrub interval from 2882 cycles to 3602 cycles
Tightening scrub interval from 3602 cycles to 1801 cycles
Tightening scrub interval from 1801 cycles to 900 cycles
Relaxing scrub interval from 900 cycles to 1125 cycles
Relaxing scrub interval from 1125 cycles to 1406 cycles
Relaxing scrub interval from 1406 cycles to 1757 cycles
Relaxing scrub interval from 1757 cycles to 2196 cycles
Relaxing scrub interval from 2196 cycles to 2745 cycles
Relaxing scrub interval from 2745 cycles to 3431 cycles
Relaxing scrub interval from 3431 cycles to 4288 cycles
Relaxing scrub interval from 4288 cycles to 5360 cycles
Relaxing scrub interval from 5360 cycles to 6700 cycles
Relaxing scrub interval from 6700 cycles to 8375 cycles
Tightening scrub interval from 8375 cycles to 4187 cycles
Relaxing scrub interval from 4187 cycles to 5233 cycles
Tightening scrub interval from 5233 cycles to 2616 cycles
Tightening scrub interval from 2616 cycles to 1308 cycles
Relaxing scrub interval from 1308 cycles to 1635 cycles
Relaxing scrub interval from 1635 cycles to 2043 cycles
Relaxing scrub interval from 2043 cycles to 2553 cycles
Relaxing scrub interval from 2553 cycles to 3191 cycles
Relaxing scrub interval from 3191 cycles to 3988 cycles
Relaxing scrub interval from 3988 cycles to 4985 cycles
Relaxing scrub interval from 4985 cycles to 6231 cycles
Tightening scrub interval from 6231 cycles to 3115 cycles
Relaxing scrub interval from 3115 cycles to 3893 cycles
Relaxing scrub interval from 3893 cycles to 4866 cycles
Tightening scrub interval from 4866 cycles to 2433 cycles
Relaxing scrub interval from 2433 cycles to 3041 cycles
Relaxing scrub interval from 3041 cycles to 3801 cycles
Tightening scrub interval from 3801 cycles to 1900 cycles
Tightening scrub interval from 1900 cycles to 950 cycles
Relaxing scrub interval from 950 cycles to 1187 cycles
Relaxing scrub interval from 1187 cycles to 1483 cycles
Tightening scrub interval from 1483 cycles to 741 cycles
Relaxing scrub interval from 741 cycles to 926 cycles
Relaxing scrub interval from 926 cycles to 1157 cycles
Tightening scrub interval from 1157 cycles to 578 cycles
Relaxing scrub interval from 578 cycles to 722 cycles
Relaxing scrub interval from 722 cycles to 902 cycles
Relaxing scrub interval from 902 cycles to 1127 cycles
Relaxing scrub interval from 1127 cycles to 1408 cycles
Relaxing scrub interval from 1408 cycles to 1760 cycles
Relaxing scrub interval from 1760 cycles to 2200 cycles
Tightening scrub interval from 2200 cycles to 1100 cycles
Relaxing scrub interval from 1100 cycles to 1375 cycles
Relaxing scrub interval from 1375 cycles to 1718 cycles
Relaxing scrub interval from 1718 cycles to 2147 cycles
Relaxing scrub interval from 2147 cycles to 2683 cycles
Tightening scrub interval from 2683 cycles to 1341 cycles
Relaxing scrub interval from 1341 cycles to 1676 cycles
Tightening scrub interval from 1676 cycles to 838 cycles
Relaxing scrub interval from 838 cycles to 1047 cycles
Relaxing scrub interval from 1047 cycles to 1308 cycles
Relaxing scrub interval from 1308 cycles to 1635 cycles
Relaxing scrub interval from 1635 cycles to 2043 cycles
Relaxing scrub interval from 2043 cycles to 2553 cycles
Relaxing scrub interval from 2553 cycles to 3191 cycles
Tightening scrub interval from 3191 cycles to 1595 cycles
Relaxing scrub interval from 1595 cycles to 1993 cycles
Relaxing scrub interval from 1993 cycles to 2491 cycles
Relaxing scrub interval from 2491 cycles to 3113 cycles
Relaxing scrub interval from 3113 cycles to 3891 cycles
Relaxing scrub interval from 3891 cycles to 4863 cycles
Tightening scrub interval from 4863 cycles to 2431 cycles
Relaxing scrub interval from 2431 cycles to 3038 cycles
Tightening scrub interval from 3038 cycles to 1519 cycles
Relaxing scrub interval from 1519 cycles to 1898 cycles
Tightening scrub interval from 1898 cycles to 949 cycles
Relaxing scrub interval from 949 cycles to 1186 cycles
Relaxing scrub interval from 1186 cycles to 1482 cycles
Relaxing scrub interval from 1482 cycles to 1852 cycles
Tightening scrub interval from 1852 cycles to 926 cycles
Relaxing scrub interval from 926 cycles to 1157 cycles
Relaxing scrub interval from 1157 cycles to 1446 cycles
Relaxing scrub interval from 1446 cycles to 1807 cycles
Relaxing scrub interval from 1807 cycles to 2258 cycles
Relaxing scrub interval from 2258 cycles to 2822 cycles
Relaxing scrub interval from 2822 cycles to 3527 cycles
Tightening scrub interval from 3527 cycles to 1763 cycles
Relaxing scrub interval from 1763 cycles to 2203 cycles
Tightening scrub interval from 2203 cycles to 1101 cycles
Relaxing scrub interval from 1101 cycles to 1376 cycles
Relaxing scrub interval from 1376 cycles to 1720 cycles
Relaxing scrub interval from 1720 cycles to 2150 cycles
Relaxing scrub interval from 2150 cycles to 2687 cycles
Tightening scrub interval from 2687 cycles to 1343 cycles
Relaxing scrub interval from 1343 cycles to 1678 cycles
Relaxing scrub interval from 1678 cycles to 2097 cycles
Relaxing scrub interval from 2097 cycles to 2621 cycles
Relaxing scrub interval from 2621 cycles to 3276 cycles
Tightening scrub interval from 3276 cycles to 1638 cycles
Tightening scrub interval from 1638 cycles to 819 cycles
Relaxing scrub interval from 819 cycles to 1023 cycles
Relaxing scrub interval from 1023 cycles to 1278 cycles
Relaxing scrub interval from 1278 cycles to 1597 cycles
Relaxing scrub interval from 1597 cycles to 1996 cycles
Relaxing scrub interval from 1996 cycles to 2495 cycles
Relaxing scrub interval from 2495 cycles to 3118 cycles
Relaxing scrub interval from 3118 cycles to 3897 cycles
Relaxing scrub interval from 3897 cycles to 4871 cycles
Tightening scrub interval from 4871 cycles to 2435 cycles
Tightening scrub interval from 2435 cycles to 1217 cycles
Relaxing scrub interval from 1217 cycles to 1521 cycles
Tightening scrub interval from 1521 cycles to 760 cycles
Relaxing scrub interval from 760 cycles to 950 cycles
Tightening scrub interval from 950 cycles to 475 cycles
Relaxing scrub interval from 475 cycles to 593 cycles
Tightening scrub interval from 593 cycles to 296 cycles
Relaxing scrub interval from 296 cycles to 370 cycles
Relaxing scrub interval from 370 cycles to 462 cycles
Relaxing scrub interval from 462 cycles to 577 cycles
Relaxing scrub interval from 577 cycles to 721 cycles
Relaxing scrub interval from 721 cycles to 901 cycles
Relaxing scrub interval from 901 cycles to 1126 cycles
Relaxing scrub interval from 1126 cycles to 1407 cycles
Relaxing scrub interval from 1407 cycles to 1758 cycles
Relaxing scrub interval from 1758 cycles to 2197 cycles
Relaxing scrub interval from 2197 cycles to 2746 cycles
Relaxing scrub interval from 2746 cycles to 3432 cycles
Relaxing scrub interval from 3432 cycles to 4290 cycles
Relaxing scrub interval from 4290 cycles to 5362 cycles
Relaxing scrub interval from 5362 cycles to 6702 cycles
Relaxing scrub interval from 6702 cycles to 8377 cycles
Relaxing scrub interval from 8377 cycles to 10471 cycles
Tightening scrub interval from 10471 cycles to 5235 cycles
Relaxing scrub interval from 5235 cycles to 6543 cycles
Relaxing scrub interval from 6543 cycles to 8178 cycles
Relaxing scrub interval from 8178 cycles to 10222 cycles
Tightening scrub interval from 10222 cycles to 5111 cycles
Relaxing scrub interval from 5111 cycles to 6388 cycles
Relaxing scrub interval from 6388 cycles to 7985 cycles
Tightening scrub interval from 7985 cycles to 3992 cycles
Relaxing scrub interval from 3992 cycles to 4990 cycles
Relaxing scrub interval from 4990 cycles to 6237 cycles
Relaxing scrub interval from 6237 cycles to 7796 cycles
Tightening scrub interval from 7796 cycles to 3898 cycles
Relaxing scrub interval from 3898 cycles to 4872 cycles
Tightening scrub interval from 4872 cycles to 2436 cycles
Tightening scrub interval from 2436 cycles to 1218 cycles
Relaxing scrub interval from 1218 cycles to 1522 cycles
Relaxing scrub interval from 1522 cycles to 1902 cycles
Relaxing scrub interval from 1902 cycles to 2377 cycles
Relaxing scrub interval from 2377 cycles to 2971 cycles
Relaxing scrub interval from 2971 cycles to 3713 cycles
Relaxing scrub interval from 3713 cycles to 4641 cycles
Tightening scrub interval from 4641 cycles to 2320 cycles
Tightening scrub interval from 2320 cycles to 1160 cycles
Relaxing scrub interval from 1160 cycles to 1450 cycles
Tightening scrub interval from 1450 cycles to 725 cycles
Relaxing scrub interval from 725 cycles to 906 cycles
Relaxing scrub interval from 906 cycles to 1132 cycles
Relaxing scrub interval from 1132 cycles to 1415 cycles
Relaxing scrub interval from 1415 cycles to 1768 cycles
Relaxing scrub interval from 1768 cycles to 2210 cycles
Relaxing scrub interval from 2210 cycles to 2762 cycles
Relaxing scrub interval from 2762 cycles to 3452 cycles
Relaxing scrub interval from 3452 cycles to 4315 cycles
Relaxing scrub interval from 4315 cycles to 5393 cycles
Relaxing scrub interval from 5393 cycles to 6741 cycles
Tightening scrub interval from 6741 cycles to 3370 cycles
Relaxing scrub interval from 3370 cycles to 4212 cycles
Relaxing scrub interval from 4212 cycles to 5265 cycles
Relaxing scrub interval from 5265 cycles to 6581 cycles
Relaxing scrub interval from 6581 cycles to 8226 cycles
Tightening scrub interval from 8226 cycles to 4113 cycles
Relaxing scrub interval from 4113 cycles to 5141 cycles
Relaxing scrub interval from 5141 cycles to 6426 cycles
Relaxing scrub interval from 6426 cycles to 8032 cycles
Tightening scrub interval from 8032 cycles to 4016 cycles
Relaxing scrub interval from 4016 cycles to 5020 cycles
Relaxing scrub interval from 5020 cycles to 6275 cycles
Relaxing scrub interval from 6275 cycles to 7843 cycles
Tightening scrub interval from 7843 cycles to 3921 cycles
Tightening scrub interval from 3921 cycles to 1960 cycles
Relaxing scrub interval from 1960 cycles to 2450 cycles
Relaxing scrub interval from 2450 cycles to 3062 cycles
Relaxing scrub interval from 3062 cycles to 3827 cycles
Tightening scrub interval from 3827 cycles to 1913 cycles
Relaxing scrub interval from 1913 cycles to 2391 cycles
Tightening scrub interval from 2391 cycles to 1195 cycles
Relaxing scrub interval from 1195 cycles to 1493 cycles
Relaxing scrub interval from 1493 cycles to 1866 cycles
Relaxing scrub interval from 1866 cycles to 2332 cycles
Relaxing scrub interval from 2332 cycles to 2915 cycles
Relaxing scrub interval from 2915 cycles to 3643 cycles
Relaxing scrub interval from 3643 cycles to 4553 cycles
Tightening scrub interval from 4553 cycles to 2276 cycles
Tightening scrub interval from 2276 cycles to 1138 cycles
Relaxing scrub interval from 1138 cycles to 1422 cycles
Tightening scrub interval from 1422 cycles to 711 cycles
Relaxing scrub interval from 711 cycles to 888 cycles
Relaxing scrub interval from 888 cycles to 1110 cycles
Relaxing scrub interval from 1110 cycles to 1387 cycles
Relaxing scrub interval from 1387 cycles to 1733 cycles
Relaxing scrub interval from 1733 cycles to 2166 cycles
Relaxing scrub interval from 2166 cycles to 2707 cycles
Relaxing scrub interval from 2707 cycles to 3383 cycles
Relaxing scrub interval from 3383 cycles to 4228 cycles
Relaxing scrub interval from 4228 cycles to 5285 cycles
Tightening scrub interval from 5285 cycles to 2642 cycles
Relaxing scrub interval from 2642 cycles to 3302 cycles
Relaxing scrub interval from 3302 cycles to 4127 cycles
Relaxing scrub interval from 4127 cycles to 5158 cycles
Relaxing scrub interval from 5158 cycles to 6447 cycles
Tightening scrub interval from 6447 cycles to 3223 cycles
Relaxing scrub interval from 3223 cycles to 4028 cycles
Relaxing scrub interval from 4028 cycles to 5035 cycles
Tightening scrub interval from 5035 cycles to 2517 cycles
Relaxing scrub interval from 2517 cycles to 3146 cycles
Tightening scrub interval from 3146 cycles to 1573 cycles
Relaxing scrub interval from 1573 cycles to 1966 cycles
Relaxing scrub interval from 1966 cycles to 2457 cycles
Relaxing scrub interval from 2457 cycles to 3071 cycles
Relaxing scrub interval from 3071 cycles to 3838 cycles
Relaxing scrub interval from 3838 cycles to 4797 cycles
Relaxing scrub interval from 4797 cycles to 5996 cycles
Relaxing scrub interval from 5996 cycles to 7495 cycles
Relaxing scrub interval from 7495 cycles to 9368 cycles
Relaxing scrub interval from 9368 cycles to 11710 cycles
Tightening scrub interval from 11710 cycles to 5855 cycles
Tightening scrub interval from 5855 cycles to 2927 cycles
Relaxing scrub interval from 2927 cycles to 3658 cycles
Relaxing scrub interval from 3658 cycles to 4572 cycles
Relaxing scrub interval from 4572 cycles to 5715 cycles
Tightening scrub interval from 5715 cycles to 2857 cycles
Tightening scrub interval from 2857 cycles to 1428 cycles
Relaxing scrub interval from 1428 cycles to 1785 cycles
Relaxing scrub interval from 1785 cycles to 2231 cycles
Relaxing scrub interval from 2231 cycles to 2788 cycles
Relaxing scrub interval from 2788 cycles to 3485 cycles
Relaxing scrub interval from 3485 cycles to 4356 cycles
Tightening scrub interval from 4356 cycles to 2178 cycles
Relaxing scrub interval from 2178 cycles to 2722 cycles
Tightening scrub interval from 2722 cycles to 1361 cycles
Relaxing scrub interval from 1361 cycles to 1701 cycles
Relaxing scrub interval from 1701 cycles to 2126 cycles
Relaxing scrub interval from 2126 cycles to 2657 cycles
Tightening scrub interval from 2657 cycles to 1328 cycles
Relaxing scrub interval from 1328 cycles to 1660 cycles
Relaxing scrub interval from 1660 cycles to 2075 cycles
Tightening scrub interval from 2075 cycles to 1037 cycles
Relaxing scrub interval from 1037 cycles to 1296 cycles
Relaxing scrub interval from 1296 cycles to 1620 cycles
Relaxing scrub interval from 1620 cycles to 2025 cycles
Relaxing scrub interval from 2025 cycles to 2531 cycles
Relaxing scrub interval from 2531 cycles to 3163 cycles
Relaxing scrub interval from 3163 cycles to 3953 cycles
Relaxing scrub interval from 3953 cycles to 4941 cycles
Relaxing scrub interval from 4941 cycles to 6176 cycles
Tightening scrub interval from 6176 cycles to 3088 cycles
Relaxing scrub interval from 3088 cycles to 3860 cycles
Relaxing scrub interval from 3860 cycles to 4825 cycles
Relaxing scrub interval from 4825 cycles to 6031 cycles
Tightening scrub interval from 6031 cycles to 3015 cycles
Tightening scrub interval from 3015 cycles to 1507 cycles
Relaxing scrub interval from 1507 cycles to 1883 cycles
Relaxing scrub interval from 1883 cycles to 2353 cycles
Relaxing scrub interval from 2353 cycles to 2941 cycles
Tightening scrub interval from 2941 cycles to 1470 cycles
Tightening scrub interval from 1470 cycles to 735 cycles
Relaxing scrub interval from 735 cycles to 918 cycles
Relaxing scrub interval from 918 cycles to 1147 cycles
Relaxing scrub interval from 1147 cycles to 1433 cycles
Tightening scrub interval from 1433 cycles to 716 cycles
Relaxing scrub interval from 716 cycles to 895 cycles
Relaxing scrub interval from 895 cycles to 1118 cycles
Relaxing scrub interval from 1118 cycles to 1397 cycles
Relaxing scrub interval from 1397 cycles to 1746 cycles
Relaxing scrub interval from 1746 cycles to 2182 cycles
Relaxing scrub interval from 2182 cycles to 2727 cycles
Relaxing scrub interval from 2727 cycles to 3408 cycles
Tightening scrub interval from 3408 cycles to 1704 cycles
Relaxing scrub interval from 1704 cycles to 2130 cycles
Relaxing scrub interval from 2130 cycles to 2662 cycles
Relaxing scrub interval from 2662 cycles to 3327 cycles
Relaxing scrub interval from 3327 cycles to 4158 cycles
Tightening scrub interval from 4158 cycles to 2079 cycles
Relaxing scrub interval from 2079 cycles to 2598 cycles
Tightening scrub interval from 2598 cycles to 1299 cycles
Relaxing scrub interval from 1299 cycles to 1623 cycles
Relaxing scrub interval from 1623 cycles to 2028 cycles
Relaxing scrub interval from 2028 cycles to 2535 cycles
Tightening scrub interval from 2535 cycles to 1267 cycles
Relaxing scrub interval from 1267 cycles to 1583 cycles
Relaxing scrub interval from 1583 cycles to 1978 cycles
Relaxing scrub interval from 1978 cycles to 2472 cycles
Relaxing scrub interval from 2472 cycles to 3090 cycles
Relaxing scrub interval from 3090 cycles to 3862 cycles
Relaxing scrub interval from 3862 cycles to 4827 cycles
Relaxing scrub interval from 4827 cycles to 6033 cycles
Tightening scrub interval from 6033 cycles to 3016 cycles
Relaxing scrub interval from 3016 cycles to 3770 cycles
Relaxing scrub interval from 3770 cycles to 4712 cycles
Relaxing scrub interval from 4712 cycles to 5890 cycles
Tightening scrub interval from 5890 cycles to 2945 cycles
Relaxing scrub interval from 2945 cycles to 3681 cycles
Relaxing scrub interval from 3681 cycles to 4601 cycles
Relaxing scrub interval from 4601 cycles to 5751 cycles
Relaxing scrub interval from 5751 cycles to 7188 cycles
Relaxing scrub interval from 7188 cycles to 8985 cycles
Relaxing scrub interval from 8985 cycles to 11231 cycles
Relaxing scrub interval from 11231 cycles to 14038 cycles
Tightening scrub interval from 14038 cycles to 7019 cycles
Tightening scrub interval from 7019 cycles to 3509 cycles
Relaxing scrub interval from 3509 cycles to 4386 cycles
Relaxing scrub interval from 4386 cycles to 5482 cycles
Relaxing scrub interval from 5482 cycles to 6852 cycles
Tightening scrub interval from 6852 cycles to 3426 cycles
Relaxing scrub interval from 3426 cycles to 4282 cycles
Relaxing scrub interval from 4282 cycles to 5352 cycles
Relaxing scrub interval from 5352 cycles to 6690 cycles
Relaxing scrub interval from 6690 cycles to 8362 cycles
Relaxing scrub interval from 8362 cycles to 10452 cycles
Relaxing scrub interval from 10452 cycles to 13065 cycles
Relaxing scrub interval from 13065 cycles to 16331 cycles
Tightening scrub interval from 16331 cycles to 8165 cycles
Relaxing scrub interval from 8165 cycles to 10206 cycles
Relaxing scrub interval from 10206 cycles to 12757 cycles
Tightening scrub interval from 12757 cycles to 6378 cycles
Relaxing scrub interval from 6378 cycles to 7972 cycles
Relaxing scrub interval from 7972 cycles to 9965 cycles
Tightening scrub interval from 9965 cycles to 4982 cycles
Relaxing scrub interval from 4982 cycles to 6227 cycles
Relaxing scrub interval from 6227 cycles to 7783 cycles
Tightening scrub interval from 7783 cycles to 3891 cycles
Relaxing scrub interval from 3891 cycles to 4863 cycles
Tightening scrub interval from 4863 cycles to 2431 cycles
Relaxing scrub interval from 2431 cycles to 3038 cycles
Relaxing scrub interval from 3038 cycles to 3797 cycles
Relaxing scrub interval from 3797 cycles to 4746 cycles
Tightening scrub interval from 4746 cycles to 2373 cycles
Relaxing scrub interval from 2373 cycles to 2966 cycles
Relaxing scrub interval from 2966 cycles to 3707 cycles
Tightening scrub interval from 3707 cycles to 1853 cycles
Relaxing scrub interval from 1853 cycles to 2316 cycles
Tightening scrub interval from 2316 cycles to 1158 cycles
Relaxing scrub interval from 1158 cycles to 1447 cycles
Tightening scrub interval from 1447 cycles to 723 cycles
Relaxing scrub interval from 723 cycles to 903 cycles
Relaxing scrub interval from 903 cycles to 1128 cycles
Relaxing scrub interval from 1128 cycles to 1410 cycles
Relaxing scrub interval from 1410 cycles to 1762 cycles
Relaxing scrub interval from 1762 cycles to 2202 cycles
Relaxing scrub interval from 2202 cycles to 2752 cycles
Tightening scrub interval from 2752 cycles to 1376 cycles
Relaxing scrub interval from 1376 cycles to 1720 cycles
Relaxing scrub interval from 1720 cycles to 2150 cycles
Relaxing scrub interval from 2150 cycles to 2687 cycles
Relaxing scrub interval from 2687 cycles to 3358 cycles
Relaxing scrub interval from 3358 cycles to 4197 cycles
Tightening scrub interval from 4197 cycles to 2098 cycles
Relaxing scrub interval from 2098 cycles to 2622 cycles
Relaxing scrub interval from 2622 cycles to 3277 cycles
Relaxing scrub interval from 3277 cycles to 4096 cycles
Relaxing scrub interval from 4096 cycles to 5120 cycles
Relaxing scrub interval from 5120 cycles to 6400 cycles
Relaxing scrub interval from 6400 cycles to 8000 cycles
Tightening scrub interval from 8000 cycles to 4000 cycles
Tightening scrub interval from 4000 cycles to 2000 cycles
Relaxing scrub interval from 2000 cycles to 2500 cycles
Relaxing scrub interval from 2500 cycles to 3125 cycles
Relaxing scrub interval from 3125 cycles to 3906 cycles
Relaxing scrub interval from 3906 cycles to 4882 cycles
Relaxing scrub interval from 4882 cycles to 6102 cycles
Tightening scrub interval from 6102 cycles to 3051 cycles
Relaxing scrub interval from 3051 cycles to 3813 cycles
Relaxing scrub interval from 3813 cycles to 4766 cycles
Relaxing scrub interval from 4766 cycles to 5957 cycles
Relaxing scrub interval from 5957 cycles to 7446 cycles
Tightening scrub interval from 7446 cycles to 3723 cycles
Relaxing scrub interval from 3723 cycles to 4653 cycles
Relaxing scrub interval from 4653 cycles to 5816 cycles
