warn: No dot file generated. Please install pydot to generate the dot file and pdf.
Scrubbing enabled with adaptive interval starting at 10 cycles, tightening factor 2, relax factor 1.25
src/arch/riscv/isa.cc:275: info: RVV enabled, VLEN = 256 bits, ELEN = 64 bits
src/base/statistics.hh:279: warn: One of the stats is a legacy stat. Legacy stat is a stat that does not belong to any statistics::Group. Legacy stat is deprecated.
src/base/remote_gdb.cc:418: warn: Sockets disabled, not accepting gdb connections
src/sim/simulate.cc:199: info: Entering event queue @ 0.  Starting simulation...
Relaxing scrub interval from 10 cycles to 12 cycles
Relaxing scrub interval from 12 cycles to 15 cycles
Relaxing scrub interval from 15 cycles to 18 cycles
Relaxing scrub interval from 18 cycles to 22 cycles
Relaxing scrub interval from 22 cycles to 27 cycles
Relaxing scrub interval from 27 cycles to 33 cycles
Relaxing scrub interval from 33 cycles to 41 cycles
Relaxing scrub interval from 41 cycles to 51 cycles
Relaxing scrub interval from 51 cycles to 63 cycles
Relaxing scrub interval from 63 cycles to 78 cycles
Relaxing scrub interval from 78 cycles to 97 cycles
Relaxing scrub interval from 97 cycles to 121 cycles
Relaxing scrub interval from 121 cycles to 151 cycles
Relaxing scrub interval from 151 cycles to 188 cycles
Relaxing scrub interval from 188 cycles to 235 cycles
Relaxing scrub interval from 235 cycles to 293 cycles
Relaxing scrub interval from 293 cycles to 366 cycles
Relaxing scrub interval from 366 cycles to 457 cycles
Relaxing scrub interval from 457 cycles to 571 cycles
Relaxing scrub interval from 571 cycles to 713 cycles
Relaxing scrub interval from 713 cycles to 891 cycles
src/sim/syscall_emul.cc:86: warn: ignoring syscall set_robust_list(...)
      (further warnings will be suppressed)
Relaxing scrub interval from 891 cycles to 1113 cycles
Relaxing scrub interval from 1113 cycles to 1391 cycles
src/sim/syscall_emul.hh:1014: warn: readlink() called on '/proc/self/exe' may yield unexpected results in various settings.
      Returning '/home/cs1952y-user/gem5/1952y-fp/gem5/tests/test-progs/cs1952y-fp/alt'
src/sim/mem_state.cc:448: info: Increasing stack size by one page.
Relaxing scrub interval from 1391 cycles to 1738 cycles
Relaxing scrub interval from 1738 cycles to 2172 cycles
Relaxing scrub interval from 2172 cycles to 2715 cycles
Relaxing scrub interval from 2715 cycles to 3393 cycles
Relaxing scrub interval from 3393 cycles to 4241 cycles
src/sim/syscall_emul.cc:75: warn: ignoring syscall mprotect(...) at tick 17327000
Relaxing scrub interval from 4241 cycles to 5301 cycles
Relaxing scrub interval from 5301 cycles to 6626 cycles
Relaxing scrub interval from 6626 cycles to 8282 cycles
Relaxing scrub interval from 8282 cycles to 10352 cycles
Relaxing scrub interval from 10352 cycles to 12940 cycles
Tightening scrub interval from 12940 cycles to 6470 cycles
Tightening scrub interval from 6470 cycles to 3235 cycles
Relaxing scrub interval from 3235 cycles to 4043 cycles
Tightening scrub interval from 4043 cycles to 2021 cycles
Tightening scrub interval from 2021 cycles to 1010 cycles
Relaxing scrub interval from 1010 cycles to 1262 cycles
Relaxing scrub interval from 1262 cycles to 1577 cycles
Tightening scrub interval from 1577 cycles to 788 cycles
Relaxing scrub interval from 788 cycles to 985 cycles
Relaxing scrub interval from 985 cycles to 1231 cycles
Relaxing scrub interval from 1231 cycles to 1538 cycles
Relaxing scrub interval from 1538 cycles to 1922 cycles
Relaxing scrub interval from 1922 cycles to 2402 cycles
Tightening scrub interval from 2402 cycles to 1201 cycles
Relaxing scrub interval from 1201 cycles to 1501 cycles
Relaxing scrub interval from 1501 cycles to 1876 cycles
Relaxing scrub interval from 1876 cycles to 2345 cycles
Relaxing scrub interval from 2345 cycles to 2931 cycles
Relaxing scrub interval from 2931 cycles to 3663 cycles
Relaxing scrub interval from 3663 cycles to 4578 cycles
Relaxing scrub interval from 4578 cycles to 5722 cycles
Tightening scrub interval from 5722 cycles to 2861 cycles
Tightening scrub interval from 2861 cycles to 1430 cycles
Relaxing scrub interval from 1430 cycles to 1787 cycles
Relaxing scrub interval from 1787 cycles to 2233 cycles
Relaxing scrub interval from 2233 cycles to 2791 cycles
Tightening scrub interval from 2791 cycles to 1395 cycles
Relaxing scrub interval from 1395 cycles to 1743 cycles
Relaxing scrub interval from 1743 cycles to 2178 cycles
Relaxing scrub interval from 2178 cycles to 2722 cycles
Relaxing scrub interval from 2722 cycles to 3402 cycles
Relaxing scrub interval from 3402 cycles to 4252 cycles
Relaxing scrub interval from 4252 cycles to 5315 cycles
Tightening scrub interval from 5315 cycles to 2657 cycles
Relaxing scrub interval from 2657 cycles to 3321 cycles
Relaxing scrub interval from 3321 cycles to 4151 cycles
Tightening scrub interval from 4151 cycles to 2075 cycles
Relaxing scrub interval from 2075 cycles to 2593 cycles
Tightening scrub interval from 2593 cycles to 1296 cycles
Relaxing scrub interval from 1296 cycles to 1620 cycles
Relaxing scrub interval from 1620 cycles to 2025 cycles
Relaxing scrub interval from 2025 cycles to 2531 cycles
Relaxing scrub interval from 2531 cycles to 3163 cycles
Relaxing scrub interval from 3163 cycles to 3953 cycles
Relaxing scrub interval from 3953 cycles to 4941 cycles
Relaxing scrub interval from 4941 cycles to 6176 cycles
Tightening scrub interval from 6176 cycles to 3088 cycles
Relaxing scrub interval from 3088 cycles to 3860 cycles
Relaxing scrub interval from 3860 cycles to 4825 cycles
Relaxing scrub interval from 4825 cycles to 6031 cycles
Tightening scrub interval from 6031 cycles to 3015 cycles
Relaxing scrub interval from 3015 cycles to 3768 cycles
Relaxing scrub interval from 3768 cycles to 4710 cycles
Relaxing scrub interval from 4710 cycles to 5887 cycles
Tightening scrub interval from 5887 cycles to 2943 cycles
Relaxing scrub interval from 2943 cycles to 3678 cycles
Relaxing scrub interval from 3678 cycles to 4597 cycles
Relaxing scrub interval from 4597 cycles to 5746 cycles
Tightening scrub interval from 5746 cycles to 2873 cycles
Relaxing scrub interval from 2873 cycles to 3591 cycles
Relaxing scrub interval from 3591 cycles to 4488 cycles
Relaxing scrub interval from 4488 cycles to 5610 cycles
Relaxing scrub interval from 5610 cycles to 7012 cycles
Relaxing scrub interval from 7012 cycles to 8765 cycles
Relaxing scrub interval from 8765 cycles to 10956 cycles
Tightening scrub interval from 10956 cycles to 5478 cycles
Relaxing scrub interval from 5478 cycles to 6847 cycles
Tightening scrub interval from 6847 cycles to 3423 cycles
Tightening scrub interval from 3423 cycles to 1711 cycles
Relaxing scrub interval from 1711 cycles to 2138 cycles
Relaxing scrub interval from 2138 cycles to 2672 cycles
Tightening scrub interval from 2672 cycles to 1336 cycles
Relaxing scrub interval from 1336 cycles to 1670 cycles
Relaxing scrub interval from 1670 cycles to 2087 cycles
Relaxing scrub interval from 2087 cycles to 2608 cycles
Relaxing scrub interval from 2608 cycles to 3260 cycles
Relaxing scrub interval from 3260 cycles to 4075 cycles
Tightening scrub interval from 4075 cycles to 2037 cycles
Relaxing scrub interval from 2037 cycles to 2546 cycles
Tightening scrub interval from 2546 cycles to 1273 cycles
Relaxing scrub interval from 1273 cycles to 1591 cycles
Tightening scrub interval from 1591 cycles to 795 cycles
Relaxing scrub interval from 795 cycles to 993 cycles
Relaxing scrub interval from 993 cycles to 1241 cycles
Relaxing scrub interval from 1241 cycles to 1551 cycles
Relaxing scrub interval from 1551 cycles to 1938 cycles
Relaxing scrub interval from 1938 cycles to 2422 cycles
Relaxing scrub interval from 2422 cycles to 3027 cycles
Relaxing scrub interval from 3027 cycles to 3783 cycles
Relaxing scrub interval from 3783 cycles to 4728 cycles
Relaxing scrub interval from 4728 cycles to 5910 cycles
Relaxing scrub interval from 5910 cycles to 7387 cycles
Relaxing scrub interval from 7387 cycles to 9233 cycles
Tightening scrub interval from 9233 cycles to 4616 cycles
Relaxing scrub interval from 4616 cycles to 5770 cycles
Tightening scrub interval from 5770 cycles to 2885 cycles
Relaxing scrub interval from 2885 cycles to 3606 cycles
Relaxing scrub interval from 3606 cycles to 4507 cycles
Relaxing scrub interval from 4507 cycles to 5633 cycles
Tightening scrub interval from 5633 cycles to 2816 cycles
Relaxing scrub interval from 2816 cycles to 3520 cycles
Relaxing scrub interval from 3520 cycles to 4400 cycles
Relaxing scrub interval from 4400 cycles to 5500 cycles
Relaxing scrub interval from 5500 cycles to 6875 cycles
Relaxing scrub interval from 6875 cycles to 8593 cycles
Relaxing scrub interval from 8593 cycles to 10741 cycles
Tightening scrub interval from 10741 cycles to 5370 cycles
Tightening scrub interval from 5370 cycles to 2685 cycles
Tightening scrub interval from 2685 cycles to 1342 cycles
Relaxing scrub interval from 1342 cycles to 1677 cycles
Relaxing scrub interval from 1677 cycles to 2096 cycles
Tightening scrub interval from 2096 cycles to 1048 cycles
Relaxing scrub interval from 1048 cycles to 1310 cycles
Relaxing scrub interval from 1310 cycles to 1637 cycles
Tightening scrub interval from 1637 cycles to 818 cycles
Relaxing scrub interval from 818 cycles to 1022 cycles
Relaxing scrub interval from 1022 cycles to 1277 cycles
Tightening scrub interval from 1277 cycles to 638 cycles
Relaxing scrub interval from 638 cycles to 797 cycles
Relaxing scrub interval from 797 cycles to 996 cycles
Relaxing scrub interval from 996 cycles to 1245 cycles
Relaxing scrub interval from 1245 cycles to 1556 cycles
Relaxing scrub interval from 1556 cycles to 1945 cycles
Relaxing scrub interval from 1945 cycles to 2431 cycles
Relaxing scrub interval from 2431 cycles to 3038 cycles
Relaxing scrub interval from 3038 cycles to 3797 cycles
Relaxing scrub interval from 3797 cycles to 4746 cycles
Tightening scrub interval from 4746 cycles to 2373 cycles
Relaxing scrub interval from 2373 cycles to 2966 cycles
Relaxing scrub interval from 2966 cycles to 3707 cycles
Relaxing scrub interval from 3707 cycles to 4633 cycles
Tightening scrub interval from 4633 cycles to 2316 cycles
Tightening scrub interval from 2316 cycles to 1158 cycles
Relaxing scrub interval from 1158 cycles to 1447 cycles
Tightening scrub interval from 1447 cycles to 723 cycles
Relaxing scrub interval from 723 cycles to 903 cycles
Relaxing scrub interval from 903 cycles to 1128 cycles
Relaxing scrub interval from 1128 cycles to 1410 cycles
Relaxing scrub interval from 1410 cycles to 1762 cycles
Tightening scrub interval from 1762 cycles to 881 cycles
Relaxing scrub interval from 881 cycles to 1101 cycles
Relaxing scrub interval from 1101 cycles to 1376 cycles
Relaxing scrub interval from 1376 cycles to 1720 cycles
Relaxing scrub interval from 1720 cycles to 2150 cycles
Tightening scrub interval from 2150 cycles to 1075 cycles
Relaxing scrub interval from 1075 cycles to 1343 cycles
Relaxing scrub interval from 1343 cycles to 1678 cycles
Relaxing scrub interval from 1678 cycles to 2097 cycles
Relaxing scrub interval from 2097 cycles to 2621 cycles
Relaxing scrub interval from 2621 cycles to 3276 cycles
Relaxing scrub interval from 3276 cycles to 4095 cycles
Tightening scrub interval from 4095 cycles to 2047 cycles
Relaxing scrub interval from 2047 cycles to 2558 cycles
Relaxing scrub interval from 2558 cycles to 3197 cycles
Relaxing scrub interval from 3197 cycles to 3996 cycles
Relaxing scrub interval from 3996 cycles to 4995 cycles
Relaxing scrub interval from 4995 cycles to 6243 cycles
Relaxing scrub interval from 6243 cycles to 7803 cycles
Relaxing scrub interval from 7803 cycles to 9753 cycles
Tightening scrub interval from 9753 cycles to 4876 cycles
Relaxing scrub interval from 4876 cycles to 6095 cycles
Relaxing scrub interval from 6095 cycles to 7618 cycles
Tightening scrub interval from 7618 cycles to 3809 cycles
Relaxing scrub interval from 3809 cycles to 4761 cycles
Relaxing scrub interval from 4761 cycles to 5951 cycles
Tightening scrub interval from 5951 cycles to 2975 cycles
Tightening scrub interval from 2975 cycles to 1487 cycles
Relaxing scrub interval from 1487 cycles to 1858 cycles
Relaxing scrub interval from 1858 cycles to 2322 cycles
Tightening scrub interval from 2322 cycles to 1161 cycles
Relaxing scrub interval from 1161 cycles to 1451 cycles
Relaxing scrub interval from 1451 cycles to 1813 cycles
Relaxing scrub interval from 1813 cycles to 2266 cycles
Relaxing scrub interval from 2266 cycles to 2832 cycles
Relaxing scrub interval from 2832 cycles to 3540 cycles
Relaxing scrub interval from 3540 cycles to 4425 cycles
Relaxing scrub interval from 4425 cycles to 5531 cycles
Tightening scrub interval from 5531 cycles to 2765 cycles
Relaxing scrub interval from 2765 cycles to 3456 cycles
Relaxing scrub interval from 3456 cycles to 4320 cycles
Relaxing scrub interval from 4320 cycles to 5400 cycles
Relaxing scrub interval from 5400 cycles to 6750 cycles
Relaxing scrub interval from 6750 cycles to 8437 cycles
Tightening scrub interval from 8437 cycles to 4218 cycles
Relaxing scrub interval from 4218 cycles to 5272 cycles
Relaxing scrub interval from 5272 cycles to 6590 cycles
Tightening scrub interval from 6590 cycles to 3295 cycles
Tightening scrub interval from 3295 cycles to 1647 cycles
Relaxing scrub interval from 1647 cycles to 2058 cycles
Tightening scrub interval from 2058 cycles to 1029 cycles
Relaxing scrub interval from 1029 cycles to 1286 cycles
Relaxing scrub interval from 1286 cycles to 1607 cycles
Relaxing scrub interval from 1607 cycles to 2008 cycles
Relaxing scrub interval from 2008 cycles to 2510 cycles
Relaxing scrub interval from 2510 cycles to 3137 cycles
Relaxing scrub interval from 3137 cycles to 3921 cycles
Tightening scrub interval from 3921 cycles to 1960 cycles
Relaxing scrub interval from 1960 cycles to 2450 cycles
Relaxing scrub interval from 2450 cycles to 3062 cycles
Tightening scrub interval from 3062 cycles to 1531 cycles
Relaxing scrub interval from 1531 cycles to 1913 cycles
Relaxing scrub interval from 1913 cycles to 2391 cycles
Relaxing scrub interval from 2391 cycles to 2988 cycles
Tightening scrub interval from 2988 cycles to 1494 cycles
Tightening scrub interval from 1494 cycles to 747 cycles
Relaxing scrub interval from 747 cycles to 933 cycles
Relaxing scrub interval from 933 cycles to 1166 cycles
Relaxing scrub interval from 1166 cycles to 1457 cycles
Relaxing scrub interval from 1457 cycles to 1821 cycles
Relaxing scrub interval from 1821 cycles to 2276 cycles
Relaxing scrub interval from 2276 cycles to 2845 cycles
Tightening scrub interval from 2845 cycles to 1422 cycles
Relaxing scrub interval from 1422 cycles to 1777 cycles
Relaxing scrub interval from 1777 cycles to 2221 cycles
Relaxing scrub interval from 2221 cycles to 2776 cycles
Relaxing scrub interval from 2776 cycles to 3470 cycles
Relaxing scrub interval from 3470 cycles to 4337 cycles
Relaxing scrub interval from 4337 cycles to 5421 cycles
Relaxing scrub interval from 5421 cycles to 6776 cycles
Relaxing scrub interval from 6776 cycles to 8470 cycles
Relaxing scrub interval from 8470 cycles to 10587 cycles
Tightening scrub interval from 10587 cycles to 5293 cycles
Tightening scrub interval from 5293 cycles to 2646 cycles
Relaxing scrub interval from 2646 cycles to 3307 cycles
Relaxing scrub interval from 3307 cycles to 4133 cycles
Tightening scrub interval from 4133 cycles to 2066 cycles
Relaxing scrub interval from 2066 cycles to 2582 cycles
Relaxing scrub interval from 2582 cycles to 3227 cycles
Relaxing scrub interval from 3227 cycles to 4033 cycles
Tightening scrub interval from 4033 cycles to 2016 cycles
Tightening scrub interval from 2016 cycles to 1008 cycles
Relaxing scrub interval from 1008 cycles to 1260 cycles
Relaxing scrub interval from 1260 cycles to 1575 cycles
Relaxing scrub interval from 1575 cycles to 1968 cycles
Relaxing scrub interval from 1968 cycles to 2460 cycles
Relaxing scrub interval from 2460 cycles to 3075 cycles
Relaxing scrub interval from 3075 cycles to 3843 cycles
Tightening scrub interval from 3843 cycles to 1921 cycles
Relaxing scrub interval from 1921 cycles to 2401 cycles
Tightening scrub interval from 2401 cycles to 1200 cycles
Relaxing scrub interval from 1200 cycles to 1500 cycles
Relaxing scrub interval from 1500 cycles to 1875 cycles
Relaxing scrub interval from 1875 cycles to 2343 cycles
Relaxing scrub interval from 2343 cycles to 2928 cycles
Tightening scrub interval from 2928 cycles to 1464 cycles
Relaxing scrub interval from 1464 cycles to 1830 cycles
Relaxing scrub interval from 1830 cycles to 2287 cycles
Relaxing scrub interval from 2287 cycles to 2858 cycles
Relaxing scrub interval from 2858 cycles to 3572 cycles
Relaxing scrub interval from 3572 cycles to 4465 cycles
Tightening scrub interval from 4465 cycles to 2232 cycles
Relaxing scrub interval from 2232 cycles to 2790 cycles
Tightening scrub interval from 2790 cycles to 1395 cycles
Relaxing scrub interval from 1395 cycles to 1743 cycles
Relaxing scrub interval from 1743 cycles to 2178 cycles
Relaxing scrub interval from 2178 cycles to 2722 cycles
Relaxing scrub interval from 2722 cycles to 3402 cycles
Tightening scrub interval from 3402 cycles to 1701 cycles
Relaxing scrub interval from 1701 cycles to 2126 cycles
Relaxing scrub interval from 2126 cycles to 2657 cycles
Relaxing scrub interval from 2657 cycles to 3321 cycles
Relaxing scrub interval from 3321 cycles to 4151 cycles
Relaxing scrub interval from 4151 cycles to 5188 cycles
Tightening scrub interval from 5188 cycles to 2594 cycles
Relaxing scrub interval from 2594 cycles to 3242 cycles
Relaxing scrub interval from 3242 cycles to 4052 cycles
Relaxing scrub interval from 4052 cycles to 5065 cycles
Tightening scrub interval from 5065 cycles to 2532 cycles
Tightening scrub interval from 2532 cycles to 1266 cycles
Relaxing scrub interval from 1266 cycles to 1582 cycles
Relaxing scrub interval from 1582 cycles to 1977 cycles
Relaxing scrub interval from 1977 cycles to 2471 cycles
Relaxing scrub interval from 2471 cycles to 3088 cycles
Relaxing scrub interval from 3088 cycles to 3860 cycles
Tightening scrub interval from 3860 cycles to 1930 cycles
Relaxing scrub interval from 1930 cycles to 2412 cycles
Relaxing scrub interval from 2412 cycles to 3015 cycles
Tightening scrub interval from 3015 cycles to 1507 cycles
Relaxing scrub interval from 1507 cycles to 1883 cycles
Tightening scrub interval from 1883 cycles to 941 cycles
Relaxing scrub interval from 941 cycles to 1176 cycles
Relaxing scrub interval from 1176 cycles to 1470 cycles
Relaxing scrub interval from 1470 cycles to 1837 cycles
Relaxing scrub interval from 1837 cycles to 2296 cycles
Tightening scrub interval from 2296 cycles to 1148 cycles
Tightening scrub interval from 1148 cycles to 574 cycles
Relaxing scrub interval from 574 cycles to 717 cycles
Relaxing scrub interval from 717 cycles to 896 cycles
Relaxing scrub interval from 896 cycles to 1120 cycles
Tightening scrub interval from 1120 cycles to 560 cycles
Relaxing scrub interval from 560 cycles to 700 cycles
Relaxing scrub interval from 700 cycles to 875 cycles
Relaxing scrub interval from 875 cycles to 1093 cycles
Relaxing scrub interval from 1093 cycles to 1366 cycles
Relaxing scrub interval from 1366 cycles to 1707 cycles
Relaxing scrub interval from 1707 cycles to 2133 cycles
Relaxing scrub interval from 2133 cycles to 2666 cycles
Relaxing scrub interval from 2666 cycles to 3332 cycles
Relaxing scrub interval from 3332 cycles to 4165 cycles
Relaxing scrub interval from 4165 cycles to 5206 cycles
Tightening scrub interval from 5206 cycles to 2603 cycles
Relaxing scrub interval from 2603 cycles to 3253 cycles
Relaxing scrub interval from 3253 cycles to 4066 cycles
Relaxing scrub interval from 4066 cycles to 5082 cycles
Tightening scrub interval from 5082 cycles to 2541 cycles
Relaxing scrub interval from 2541 cycles to 3176 cycles
Tightening scrub interval from 3176 cycles to 1588 cycles
Relaxing scrub interval from 1588 cycles to 1985 cycles
Relaxing scrub interval from 1985 cycles to 2481 cycles
Relaxing scrub interval from 2481 cycles to 3101 cycles
Relaxing scrub interval from 3101 cycles to 3876 cycles
Tightening scrub interval from 3876 cycles to 1938 cycles
Relaxing scrub interval from 1938 cycles to 2422 cycles
Relaxing scrub interval from 2422 cycles to 3027 cycles
Relaxing scrub interval from 3027 cycles to 3783 cycles
Relaxing scrub interval from 3783 cycles to 4728 cycles
Relaxing scrub interval from 4728 cycles to 5910 cycles
Relaxing scrub interval from 5910 cycles to 7387 cycles
Tightening scrub interval from 7387 cycles to 3693 cycles
Relaxing scrub interval from 3693 cycles to 4616 cycles
Relaxing scrub interval from 4616 cycles to 5770 cycles
Tightening scrub interval from 5770 cycles to 2885 cycles
Relaxing scrub interval from 2885 cycles to 3606 cycles
Tightening scrub interval from 3606 cycles to 1803 cycles
Relaxing scrub interval from 1803 cycles to 2253 cycles
Relaxing scrub interval from 2253 cycles to 2816 cycles
Relaxing scrub interval from 2816 cycles to 3520 cycles
Tightening scrub interval from 3520 cycles to 1760 cycles
Relaxing scrub interval from 1760 cycles to 2200 cycles
Tightening scrub interval from 2200 cycles to 1100 cycles
Relaxing scrub interval from 1100 cycles to 1375 cycles
Relaxing scrub interval from 1375 cycles to 1718 cycles
Relaxing scrub interval from 1718 cycles to 2147 cycles
Relaxing scrub interval from 2147 cycles to 2683 cycles
Relaxing scrub interval from 2683 cycles to 3353 cycles
Relaxing scrub interval from 3353 cycles to 4191 cycles
Relaxing scrub interval from 4191 cycles to 5238 cycles
Relaxing scrub interval from 5238 cycles to 6547 cycles
Relaxing scrub interval from 6547 cycles to 8183 cycles
Relaxing scrub interval from 8183 cycles to 10228 cycles
Tightening scrub interval from 10228 cycles to 5114 cycles
Relaxing scrub interval from 5114 cycles to 6392 cycles
Tightening scrub interval from 6392 cycles to 3196 cycles
Relaxing scrub interval from 3196 cycles to 3995 cycles
Relaxing scrub interval from 3995 cycles to 4993 cycles
Tightening scrub interval from 4993 cycles to 2496 cycles
Relaxing scrub interval from 2496 cycles to 3120 cycles
Relaxing scrub interval from 3120 cycles to 3900 cycles
Relaxing scrub interval from 3900 cycles to 4875 cycles
Relaxing scrub interval from 4875 cycles to 6093 cycles
Relaxing scrub interval from 6093 cycles to 7616 cycles
Tightening scrub interval from 7616 cycles to 3808 cycles
Tightening scrub interval from 3808 cycles to 1904 cycles
Relaxing scrub interval from 1904 cycles to 2380 cycles
Tightening scrub interval from 2380 cycles to 1190 cycles
Relaxing scrub interval from 1190 cycles to 1487 cycles
Relaxing scrub interval from 1487 cycles to 1858 cycles
Tightening scrub interval from 1858 cycles to 929 cycles
Relaxing scrub interval from 929 cycles to 1161 cycles
Relaxing scrub interval from 1161 cycles to 1451 cycles
Relaxing scrub interval from 1451 cycles to 1813 cycles
Tightening scrub interval from 1813 cycles to 906 cycles
Relaxing scrub interval from 906 cycles to 1132 cycles
Relaxing scrub interval from 1132 cycles to 1415 cycles
Relaxing scrub interval from 1415 cycles to 1768 cycles
Relaxing scrub interval from 1768 cycles to 2210 cycles
Relaxing scrub interval from 2210 cycles to 2762 cycles
Tightening scrub interval from 2762 cycles to 1381 cycles
Relaxing scrub interval from 1381 cycles to 1726 cycles
Relaxing scrub interval from 1726 cycles to 2157 cycles
Relaxing scrub interval from 2157 cycles to 2696 cycles
Relaxing scrub interval from 2696 cycles to 3370 cycles
Relaxing scrub interval from 3370 cycles to 4212 cycles
Relaxing scrub interval from 4212 cycles to 5265 cycles
Tightening scrub interval from 5265 cycles to 2632 cycles
Relaxing scrub interval from 2632 cycles to 3290 cycles
Relaxing scrub interval from 3290 cycles to 4112 cycles
Relaxing scrub interval from 4112 cycles to 5140 cycles
Relaxing scrub interval from 5140 cycles to 6425 cycles
Tightening scrub interval from 6425 cycles to 3212 cycles
Relaxing scrub interval from 3212 cycles to 4015 cycles
Relaxing scrub interval from 4015 cycles to 5018 cycles
Relaxing scrub interval from 5018 cycles to 6272 cycles
Relaxing scrub interval from 6272 cycles to 7840 cycles
Tightening scrub interval from 7840 cycles to 3920 cycles
Tightening scrub interval from 3920 cycles to 1960 cycles
Tightening scrub interval from 1960 cycles to 980 cycles
Relaxing scrub interval from 980 cycles to 1225 cycles
Relaxing scrub interval from 1225 cycles to 1531 cycles
Relaxing scrub interval from 1531 cycles to 1913 cycles
Relaxing scrub interval from 1913 cycles to 2391 cycles
Relaxing scrub interval from 2391 cycles to 2988 cycles
Relaxing scrub interval from 2988 cycles to 3735 cycles
Relaxing scrub interval from 3735 cycles to 4668 cycles
Relaxing scrub interval from 4668 cycles to 5835 cycles
Relaxing scrub interval from 5835 cycles to 7293 cycles
Tightening scrub interval from 7293 cycles to 3646 cycles
Relaxing scrub interval from 3646 cycles to 4557 cycles
Relaxing scrub interval from 4557 cycles to 5696 cycles
Tightening scrub interval from 5696 cycles to 2848 cycles
Relaxing scrub interval from 2848 cycles to 3560 cycles
Relaxing scrub interval from 3560 cycles to 4450 cycles
Relaxing scrub interval from 4450 cycles to 5562 cycles
Relaxing scrub interval from 5562 cycles to 6952 cycles
Tightening scrub interval from 6952 cycles to 3476 cycles
Relaxing scrub interval from 3476 cycles to 4345 cycles
Relaxing scrub interval from 4345 cycles to 5431 cycles
Tightening scrub interval from 5431 cycles to 2715 cycles
Relaxing scrub interval from 2715 cycles to 3393 cycles
Tightening scrub interval from 3393 cycles to 1696 cycles
Relaxing scrub interval from 1696 cycles to 2120 cycles
Tightening scrub interval from 2120 cycles to 1060 cycles
Tightening scrub interval from 1060 cycles to 530 cycles
Tightening scrub interval from 530 cycles to 265 cycles
Relaxing scrub interval from 265 cycles to 331 cycles
Relaxing scrub interval from 331 cycles to 413 cycles
Relaxing scrub interval from 413 cycles to 516 cycles
Relaxing scrub interval from 516 cycles to 645 cycles
Relaxing scrub interval from 645 cycles to 806 cycles
Relaxing scrub interval from 806 cycles to 1007 cycles
Relaxing scrub interval from 1007 cycles to 1258 cycles
Relaxing scrub interval from 1258 cycles to 1572 cycles
Relaxing scrub interval from 1572 cycles to 1965 cycles
Relaxing scrub interval from 1965 cycles to 2456 cycles
Relaxing scrub interval from 2456 cycles to 3070 cycles
Relaxing scrub interval from 3070 cycles to 3837 cycles
Tightening scrub interval from 3837 cycles to 1918 cycles
Relaxing scrub interval from 1918 cycles to 2397 cycles
Relaxing scrub interval from 2397 cycles to 2996 cycles
Relaxing scrub interval from 2996 cycles to 3745 cycles
Relaxing scrub interval from 3745 cycles to 4681 cycles
Tightening scrub interval from 4681 cycles to 2340 cycles
Relaxing scrub interval from 2340 cycles to 2925 cycles
Relaxing scrub interval from 2925 cycles to 3656 cycles
Relaxing scrub interval from 3656 cycles to 4570 cycles
Tightening scrub interval from 4570 cycles to 2285 cycles
Tightening scrub interval from 2285 cycles to 1142 cycles
Relaxing scrub interval from 1142 cycles to 1427 cycles
Relaxing scrub interval from 1427 cycles to 1783 cycles
Relaxing scrub interval from 1783 cycles to 2228 cycles
Relaxing scrub interval from 2228 cycles to 2785 cycles
Relaxing scrub interval from 2785 cycles to 3481 cycles
Relaxing scrub interval from 3481 cycles to 4351 cycles
Relaxing scrub interval from 4351 cycles to 5438 cycles
Relaxing scrub interval from 5438 cycles to 6797 cycles
Tightening scrub interval from 6797 cycles to 3398 cycles
Tightening scrub interval from 3398 cycles to 1699 cycles
Tightening scrub interval from 1699 cycles to 849 cycles
Tightening scrub interval from 849 cycles to 424 cycles
Relaxing scrub interval from 424 cycles to 530 cycles
Relaxing scrub interval from 530 cycles to 662 cycles
Relaxing scrub interval from 662 cycles to 827 cycles
Tightening scrub interval from 827 cycles to 413 cycles
Relaxing scrub interval from 413 cycles to 516 cycles
Relaxing scrub interval from 516 cycles to 645 cycles
Relaxing scrub interval from 645 cycles to 806 cycles
Relaxing scrub interval from 806 cycles to 1007 cycles
Relaxing scrub interval from 1007 cycles to 1258 cycles
Relaxing scrub interval from 1258 cycles to 1572 cycles
Relaxing scrub interval from 1572 cycles to 1965 cycles
Tightening scrub interval from 1965 cycles to 982 cycles
Relaxing scrub interval from 982 cycles to 1227 cycles
Relaxing scrub interval from 1227 cycles to 1533 cycles
Tightening scrub interval from 1533 cycles to 766 cycles
Relaxing scrub interval from 766 cycles to 957 cycles
Relaxing scrub interval from 957 cycles to 1196 cycles
Relaxing scrub interval from 1196 cycles to 1495 cycles
Relaxing scrub interval from 1495 cycles to 1868 cycles
Relaxing scrub interval from 1868 cycles to 2335 cycles
Relaxing scrub interval from 2335 cycles to 2918 cycles
Tightening scrub interval from 2918 cycles to 1459 cycles
Relaxing scrub interval from 1459 cycles to 1823 cycles
Relaxing scrub interval from 1823 cycles to 2278 cycles
Relaxing scrub interval from 2278 cycles to 2847 cycles
Relaxing scrub interval from 2847 cycles to 3558 cycles
Tightening scrub interval from 3558 cycles to 1779 cycles
Relaxing scrub interval from 1779 cycles to 2223 cycles
Tightening scrub interval from 2223 cycles to 1111 cycles
Relaxing scrub interval from 1111 cycles to 1388 cycles
Relaxing scrub interval from 1388 cycles to 1735 cycles
Relaxing scrub interval from 1735 cycles to 2168 cycles
Relaxing scrub interval from 2168 cycles to 2710 cycles
Tightening scrub interval from 2710 cycles to 1355 cycles
Relaxing scrub interval from 1355 cycles to 1693 cycles
Tightening scrub interval from 1693 cycles to 846 cycles
Relaxing scrub interval from 846 cycles to 1057 cycles
Relaxing scrub interval from 1057 cycles to 1321 cycles
Tightening scrub interval from 1321 cycles to 660 cycles
Relaxing scrub interval from 660 cycles to 825 cycles
Relaxing scrub interval from 825 cycles to 1031 cycles
Relaxing scrub interval from 1031 cycles to 1288 cycles
Relaxing scrub interval from 1288 cycles to 1610 cycles
Relaxing scrub interval from 1610 cycles to 2012 cycles
Tightening scrub interval from 2012 cycles to 1006 cycles
Relaxing scrub interval from 1006 cycles to 1257 cycles
Relaxing scrub interval from 1257 cycles to 1571 cycles
Tightening scrub interval from 1571 cycles to 785 cycles
Relaxing scrub interval from 785 cycles to 981 cycles
Tightening scrub interval from 981 cycles to 490 cycles
Relaxing scrub interval from 490 cycles to 612 cycles
Relaxing scrub interval from 612 cycles to 765 cycles
Relaxing scrub interval from 765 cycles to 956 cycles
Relaxing scrub interval from 956 cycles to 1195 cycles
Relaxing scrub interval from 1195 cycles to 1493 cycles
Relaxing scrub interval from 1493 cycles to 1866 cycles
Relaxing scrub interval from 1866 cycles to 2332 cycles
Relaxing scrub interval from 2332 cycles to 2915 cycles
Relaxing scrub interval from 2915 cycles to 3643 cycles
Relaxing scrub interval from 3643 cycles to 4553 cycles
Relaxing scrub interval from 4553 cycles to 5691 cycles
Relaxing scrub interval from 5691 cycles to 7113 cycles
Tightening scrub interval from 7113 cycles to 3556 cycles
Tightening scrub interval from 3556 cycles to 1778 cycles
Relaxing scrub interval from 1778 cycles to 2222 cycles
Tightening scrub interval from 2222 cycles to 1111 cycles
Tightening scrub interval from 1111 cycles to 555 cycles
Relaxing scrub interval from 555 cycles to 693 cycles
Relaxing scrub interval from 693 cycles to 866 cycles
Relaxing scrub interval from 866 cycles to 1082 cycles
Tightening scrub interval from 1082 cycles to 541 cycles
Relaxing scrub interval from 541 cycles to 676 cycles
Relaxing scrub interval from 676 cycles to 845 cycles
Relaxing scrub interval from 845 cycles to 1056 cycles
Relaxing scrub interval from 1056 cycles to 1320 cycles
Relaxing scrub interval from 1320 cycles to 1650 cycles
Relaxing scrub interval from 1650 cycles to 2062 cycles
Relaxing scrub interval from 2062 cycles to 2577 cycles
Relaxing scrub interval from 2577 cycles to 3221 cycles
Relaxing scrub interval from 3221 cycles to 4026 cycles
Relaxing scrub interval from 4026 cycles to 5032 cycles
Relaxing scrub interval from 5032 cycles to 6290 cycles
Relaxing scrub interval from 6290 cycles to 7862 cycles
Relaxing scrub interval from 7862 cycles to 9827 cycles
Relaxing scrub interval from 9827 cycles to 12283 cycles
Tightening scrub interval from 12283 cycles to 6141 cycles
Tightening scrub interval from 6141 cycles to 3070 cycles
Relaxing scrub interval from 3070 cycles to 3837 cycles
Tightening scrub interval from 3837 cycles to 1918 cycles
Relaxing scrub interval from 1918 cycles to 2397 cycles
Relaxing scrub interval from 2397 cycles to 2996 cycles
Relaxing scrub interval from 2996 cycles to 3745 cycles
Relaxing scrub interval from 3745 cycles to 4681 cycles
Relaxing scrub interval from 4681 cycles to 5851 cycles
Tightening scrub interval from 5851 cycles to 2925 cycles
Relaxing scrub interval from 2925 cycles to 3656 cycles
Relaxing scrub interval from 3656 cycles to 4570 cycles
Relaxing scrub interval from 4570 cycles to 5712 cycles
Tightening scrub interval from 5712 cycles to 2856 cycles
Relaxing scrub interval from 2856 cycles to 3570 cycles
Relaxing scrub interval from 3570 cycles to 4462 cycles
Tightening scrub interval from 4462 cycles to 2231 cycles
Relaxing scrub interval from 2231 cycles to 2788 cycles
Tightening scrub interval from 2788 cycles to 1394 cycles
Relaxing scrub interval from 1394 cycles to 1742 cycles
Relaxing scrub interval from 1742 cycles to 2177 cycles
Relaxing scrub interval from 2177 cycles to 2721 cycles
Relaxing scrub interval from 2721 cycles to 3401 cycles
Relaxing scrub interval from 3401 cycles to 4251 cycles
Tightening scrub interval from 4251 cycles to 2125 cycles
Relaxing scrub interval from 2125 cycles to 2656 cycles
Relaxing scrub interval from 2656 cycles to 3320 cycles
Relaxing scrub interval from 3320 cycles to 4150 cycles
Tightening scrub interval from 4150 cycles to 2075 cycles
Relaxing scrub interval from 2075 cycles to 2593 cycles
Relaxing scrub interval from 2593 cycles to 3241 cycles
Relaxing scrub interval from 3241 cycles to 4051 cycles
Relaxing scrub interval from 4051 cycles to 5063 cycles
Tightening scrub interval from 5063 cycles to 2531 cycles
Relaxing scrub interval from 2531 cycles to 3163 cycles
Relaxing scrub interval from 3163 cycles to 3953 cycles
Relaxing scrub interval from 3953 cycles to 4941 cycles
Tightening scrub interval from 4941 cycles to 2470 cycles
Relaxing scrub interval from 2470 cycles to 3087 cycles
Relaxing scrub interval from 3087 cycles to 3858 cycles
Relaxing scrub interval from 3858 cycles to 4822 cycles
Relaxing scrub interval from 4822 cycles to 6027 cycles
