warn: No dot file generated. Please install pydot to generate the dot file and pdf.
Scrubbing enabled with adaptive interval starting at 10 cycles, tightening factor 2, relax factor 1.25
src/arch/riscv/isa.cc:275: info: RVV enabled, VLEN = 256 bits, ELEN = 64 bits
src/base/statistics.hh:279: warn: One of the stats is a legacy stat. Legacy stat is a stat that does not belong to any statistics::Group. Legacy stat is deprecated.
src/base/remote_gdb.cc:418: warn: Sockets disabled, not accepting gdb connections
src/sim/simulate.cc:199: info: Entering event queue @ 0.  Starting simulation...
Relaxing scrub interval from 10 cycles to 12 cycles
Relaxing scrub interval from 12 cycles to 15 cycles
Relaxing scrub interval from 15 cycles to 18 cycles
Relaxing scrub interval from 18 cycles to 22 cycles
Relaxing scrub interval from 22 cycles to 27 cycles
Relaxing scrub interval from 27 cycles to 33 cycles
Relaxing scrub interval from 33 cycles to 41 cycles
Relaxing scrub interval from 41 cycles to 51 cycles
Relaxing scrub interval from 51 cycles to 63 cycles
Relaxing scrub interval from 63 cycles to 78 cycles
Relaxing scrub interval from 78 cycles to 97 cycles
Relaxing scrub interval from 97 cycles to 121 cycles
Relaxing scrub interval from 121 cycles to 151 cycles
Relaxing scrub interval from 151 cycles to 188 cycles
Relaxing scrub interval from 188 cycles to 235 cycles
Relaxing scrub interval from 235 cycles to 293 cycles
Relaxing scrub interval from 293 cycles to 366 cycles
Relaxing scrub interval from 366 cycles to 457 cycles
Relaxing scrub interval from 457 cycles to 571 cycles
Relaxing scrub interval from 571 cycles to 713 cycles
Relaxing scrub interval from 713 cycles to 891 cycles
src/sim/syscall_emul.cc:86: warn: ignoring syscall set_robust_list(...)
      (further warnings will be suppressed)
Relaxing scrub interval from 891 cycles to 1113 cycles
Relaxing scrub interval from 1113 cycles to 1391 cycles
src/sim/syscall_emul.hh:1014: warn: readlink() called on '/proc/self/exe' may yield unexpected results in various settings.
      Returning '/home/cs1952y-user/gem5/1952y-fp/gem5/tests/test-progs/cs1952y-fp/alt'
src/sim/mem_state.cc:448: info: Increasing stack size by one page.
Relaxing scrub interval from 1391 cycles to 1738 cycles
Relaxing scrub interval from 1738 cycles to 2172 cycles
Relaxing scrub interval from 2172 cycles to 2715 cycles
Relaxing scrub interval from 2715 cycles to 3393 cycles
Relaxing scrub interval from 3393 cycles to 4241 cycles
src/sim/syscall_emul.cc:75: warn: ignoring syscall mprotect(...) at tick 17327000
Relaxing scrub interval from 4241 cycles to 5301 cycles
Relaxing scrub interval from 5301 cycles to 6626 cycles
Relaxing scrub interval from 6626 cycles to 8282 cycles
Relaxing scrub interval from 8282 cycles to 10352 cycles
Relaxing scrub interval from 10352 cycles to 12940 cycles
Tightening scrub interval from 12940 cycles to 6470 cycles
Relaxing scrub interval from 6470 cycles to 8087 cycles
Tightening scrub interval from 8087 cycles to 4043 cycles
Tightening scrub interval from 4043 cycles to 2021 cycles
Relaxing scrub interval from 2021 cycles to 2526 cycles
Relaxing scrub interval from 2526 cycles to 3157 cycles
Relaxing scrub interval from 3157 cycles to 3946 cycles
Tightening scrub interval from 3946 cycles to 1973 cycles
Relaxing scrub interval from 1973 cycles to 2466 cycles
Relaxing scrub interval from 2466 cycles to 3082 cycles
Tightening scrub interval from 3082 cycles to 1541 cycles
Relaxing scrub interval from 1541 cycles to 1926 cycles
Relaxing scrub interval from 1926 cycles to 2407 cycles
Tightening scrub interval from 2407 cycles to 1203 cycles
Relaxing scrub interval from 1203 cycles to 1503 cycles
Relaxing scrub interval from 1503 cycles to 1878 cycles
Tightening scrub interval from 1878 cycles to 939 cycles
Relaxing scrub interval from 939 cycles to 1173 cycles
Relaxing scrub interval from 1173 cycles to 1466 cycles
Relaxing scrub interval from 1466 cycles to 1832 cycles
Relaxing scrub interval from 1832 cycles to 2290 cycles
Tightening scrub interval from 2290 cycles to 1145 cycles
Relaxing scrub interval from 1145 cycles to 1431 cycles
Relaxing scrub interval from 1431 cycles to 1788 cycles
Relaxing scrub interval from 1788 cycles to 2235 cycles
Relaxing scrub interval from 2235 cycles to 2793 cycles
Relaxing scrub interval from 2793 cycles to 3491 cycles
Relaxing scrub interval from 3491 cycles to 4363 cycles
Tightening scrub interval from 4363 cycles to 2181 cycles
Relaxing scrub interval from 2181 cycles to 2726 cycles
Relaxing scrub interval from 2726 cycles to 3407 cycles
Relaxing scrub interval from 3407 cycles to 4258 cycles
Relaxing scrub interval from 4258 cycles to 5322 cycles
Relaxing scrub interval from 5322 cycles to 6652 cycles
Relaxing scrub interval from 6652 cycles to 8315 cycles
Tightening scrub interval from 8315 cycles to 4157 cycles
Relaxing scrub interval from 4157 cycles to 5196 cycles
Tightening scrub interval from 5196 cycles to 2598 cycles
Relaxing scrub interval from 2598 cycles to 3247 cycles
Tightening scrub interval from 3247 cycles to 1623 cycles
Relaxing scrub interval from 1623 cycles to 2028 cycles
Relaxing scrub interval from 2028 cycles to 2535 cycles
Relaxing scrub interval from 2535 cycles to 3168 cycles
Relaxing scrub interval from 3168 cycles to 3960 cycles
Tightening scrub interval from 3960 cycles to 1980 cycles
Relaxing scrub interval from 1980 cycles to 2475 cycles
Tightening scrub interval from 2475 cycles to 1237 cycles
Relaxing scrub interval from 1237 cycles to 1546 cycles
Relaxing scrub interval from 1546 cycles to 1932 cycles
Relaxing scrub interval from 1932 cycles to 2415 cycles
Relaxing scrub interval from 2415 cycles to 3018 cycles
Relaxing scrub interval from 3018 cycles to 3772 cycles
Tightening scrub interval from 3772 cycles to 1886 cycles
Tightening scrub interval from 1886 cycles to 943 cycles
Relaxing scrub interval from 943 cycles to 1178 cycles
Relaxing scrub interval from 1178 cycles to 1472 cycles
Relaxing scrub interval from 1472 cycles to 1840 cycles
Relaxing scrub interval from 1840 cycles to 2300 cycles
Relaxing scrub interval from 2300 cycles to 2875 cycles
Relaxing scrub interval from 2875 cycles to 3593 cycles
Relaxing scrub interval from 3593 cycles to 4491 cycles
Relaxing scrub interval from 4491 cycles to 5613 cycles
Relaxing scrub interval from 5613 cycles to 7016 cycles
Tightening scrub interval from 7016 cycles to 3508 cycles
Relaxing scrub interval from 3508 cycles to 4385 cycles
Tightening scrub interval from 4385 cycles to 2192 cycles
Relaxing scrub interval from 2192 cycles to 2740 cycles
Relaxing scrub interval from 2740 cycles to 3425 cycles
Relaxing scrub interval from 3425 cycles to 4281 cycles
Relaxing scrub interval from 4281 cycles to 5351 cycles
Relaxing scrub interval from 5351 cycles to 6688 cycles
Tightening scrub interval from 6688 cycles to 3344 cycles
Relaxing scrub interval from 3344 cycles to 4180 cycles
Tightening scrub interval from 4180 cycles to 2090 cycles
Tightening scrub interval from 2090 cycles to 1045 cycles
Tightening scrub interval from 1045 cycles to 522 cycles
Relaxing scrub interval from 522 cycles to 652 cycles
Relaxing scrub interval from 652 cycles to 815 cycles
Relaxing scrub interval from 815 cycles to 1018 cycles
Relaxing scrub interval from 1018 cycles to 1272 cycles
Relaxing scrub interval from 1272 cycles to 1590 cycles
Relaxing scrub interval from 1590 cycles to 1987 cycles
Relaxing scrub interval from 1987 cycles to 2483 cycles
Relaxing scrub interval from 2483 cycles to 3103 cycles
Tightening scrub interval from 3103 cycles to 1551 cycles
Relaxing scrub interval from 1551 cycles to 1938 cycles
Tightening scrub interval from 1938 cycles to 969 cycles
Relaxing scrub interval from 969 cycles to 1211 cycles
Relaxing scrub interval from 1211 cycles to 1513 cycles
Tightening scrub interval from 1513 cycles to 756 cycles
Relaxing scrub interval from 756 cycles to 945 cycles
Relaxing scrub interval from 945 cycles to 1181 cycles
Tightening scrub interval from 1181 cycles to 590 cycles
Relaxing scrub interval from 590 cycles to 737 cycles
Relaxing scrub interval from 737 cycles to 921 cycles
Relaxing scrub interval from 921 cycles to 1151 cycles
Relaxing scrub interval from 1151 cycles to 1438 cycles
Relaxing scrub interval from 1438 cycles to 1797 cycles
Relaxing scrub interval from 1797 cycles to 2246 cycles
Relaxing scrub interval from 2246 cycles to 2807 cycles
Relaxing scrub interval from 2807 cycles to 3508 cycles
Relaxing scrub interval from 3508 cycles to 4385 cycles
Relaxing scrub interval from 4385 cycles to 5481 cycles
Relaxing scrub interval from 5481 cycles to 6851 cycles
Relaxing scrub interval from 6851 cycles to 8563 cycles
Tightening scrub interval from 8563 cycles to 4281 cycles
Relaxing scrub interval from 4281 cycles to 5351 cycles
Relaxing scrub interval from 5351 cycles to 6688 cycles
Relaxing scrub interval from 6688 cycles to 8360 cycles
Tightening scrub interval from 8360 cycles to 4180 cycles
Tightening scrub interval from 4180 cycles to 2090 cycles
Relaxing scrub interval from 2090 cycles to 2612 cycles
Relaxing scrub interval from 2612 cycles to 3265 cycles
Tightening scrub interval from 3265 cycles to 1632 cycles
Relaxing scrub interval from 1632 cycles to 2040 cycles
Relaxing scrub interval from 2040 cycles to 2550 cycles
Relaxing scrub interval from 2550 cycles to 3187 cycles
Tightening scrub interval from 3187 cycles to 1593 cycles
Relaxing scrub interval from 1593 cycles to 1991 cycles
Relaxing scrub interval from 1991 cycles to 2488 cycles
Relaxing scrub interval from 2488 cycles to 3110 cycles
Relaxing scrub interval from 3110 cycles to 3887 cycles
Relaxing scrub interval from 3887 cycles to 4858 cycles
Relaxing scrub interval from 4858 cycles to 6072 cycles
Relaxing scrub interval from 6072 cycles to 7590 cycles
Tightening scrub interval from 7590 cycles to 3795 cycles
Tightening scrub interval from 3795 cycles to 1897 cycles
Relaxing scrub interval from 1897 cycles to 2371 cycles
Relaxing scrub interval from 2371 cycles to 2963 cycles
Relaxing scrub interval from 2963 cycles to 3703 cycles
Relaxing scrub interval from 3703 cycles to 4628 cycles
Tightening scrub interval from 4628 cycles to 2314 cycles
Relaxing scrub interval from 2314 cycles to 2892 cycles
Tightening scrub interval from 2892 cycles to 1446 cycles
Relaxing scrub interval from 1446 cycles to 1807 cycles
Relaxing scrub interval from 1807 cycles to 2258 cycles
Tightening scrub interval from 2258 cycles to 1129 cycles
Relaxing scrub interval from 1129 cycles to 1411 cycles
Relaxing scrub interval from 1411 cycles to 1763 cycles
Relaxing scrub interval from 1763 cycles to 2203 cycles
Relaxing scrub interval from 2203 cycles to 2753 cycles
Tightening scrub interval from 2753 cycles to 1376 cycles
Relaxing scrub interval from 1376 cycles to 1720 cycles
Relaxing scrub interval from 1720 cycles to 2150 cycles
Relaxing scrub interval from 2150 cycles to 2687 cycles
Relaxing scrub interval from 2687 cycles to 3358 cycles
Tightening scrub interval from 3358 cycles to 1679 cycles
Relaxing scrub interval from 1679 cycles to 2098 cycles
Relaxing scrub interval from 2098 cycles to 2622 cycles
Relaxing scrub interval from 2622 cycles to 3277 cycles
Relaxing scrub interval from 3277 cycles to 4096 cycles
Relaxing scrub interval from 4096 cycles to 5120 cycles
Relaxing scrub interval from 5120 cycles to 6400 cycles
Relaxing scrub interval from 6400 cycles to 8000 cycles
Tightening scrub interval from 8000 cycles to 4000 cycles
Relaxing scrub interval from 4000 cycles to 5000 cycles
Tightening scrub interval from 5000 cycles to 2500 cycles
Relaxing scrub interval from 2500 cycles to 3125 cycles
Tightening scrub interval from 3125 cycles to 1562 cycles
Relaxing scrub interval from 1562 cycles to 1952 cycles
Relaxing scrub interval from 1952 cycles to 2440 cycles
Relaxing scrub interval from 2440 cycles to 3050 cycles
Relaxing scrub interval from 3050 cycles to 3812 cycles
Relaxing scrub interval from 3812 cycles to 4765 cycles
Relaxing scrub interval from 4765 cycles to 5956 cycles
Tightening scrub interval from 5956 cycles to 2978 cycles
Relaxing scrub interval from 2978 cycles to 3722 cycles
Tightening scrub interval from 3722 cycles to 1861 cycles
Relaxing scrub interval from 1861 cycles to 2326 cycles
Relaxing scrub interval from 2326 cycles to 2907 cycles
Relaxing scrub interval from 2907 cycles to 3633 cycles
Relaxing scrub interval from 3633 cycles to 4541 cycles
Relaxing scrub interval from 4541 cycles to 5676 cycles
Relaxing scrub interval from 5676 cycles to 7095 cycles
Relaxing scrub interval from 7095 cycles to 8868 cycles
Tightening scrub interval from 8868 cycles to 4434 cycles
Tightening scrub interval from 4434 cycles to 2217 cycles
Relaxing scrub interval from 2217 cycles to 2771 cycles
Relaxing scrub interval from 2771 cycles to 3463 cycles
Relaxing scrub interval from 3463 cycles to 4328 cycles
Relaxing scrub interval from 4328 cycles to 5410 cycles
Relaxing scrub interval from 5410 cycles to 6762 cycles
Relaxing scrub interval from 6762 cycles to 8452 cycles
Tightening scrub interval from 8452 cycles to 4226 cycles
Tightening scrub interval from 4226 cycles to 2113 cycles
Tightening scrub interval from 2113 cycles to 1056 cycles
Relaxing scrub interval from 1056 cycles to 1320 cycles
Relaxing scrub interval from 1320 cycles to 1650 cycles
Relaxing scrub interval from 1650 cycles to 2062 cycles
Relaxing scrub interval from 2062 cycles to 2577 cycles
Relaxing scrub interval from 2577 cycles to 3221 cycles
Tightening scrub interval from 3221 cycles to 1610 cycles
Relaxing scrub interval from 1610 cycles to 2012 cycles
Relaxing scrub interval from 2012 cycles to 2515 cycles
Relaxing scrub interval from 2515 cycles to 3143 cycles
Relaxing scrub interval from 3143 cycles to 3928 cycles
Tightening scrub interval from 3928 cycles to 1964 cycles
Relaxing scrub interval from 1964 cycles to 2455 cycles
Tightening scrub interval from 2455 cycles to 1227 cycles
Relaxing scrub interval from 1227 cycles to 1533 cycles
Relaxing scrub interval from 1533 cycles to 1916 cycles
Relaxing scrub interval from 1916 cycles to 2395 cycles
Relaxing scrub interval from 2395 cycles to 2993 cycles
Relaxing scrub interval from 2993 cycles to 3741 cycles
Relaxing scrub interval from 3741 cycles to 4676 cycles
Relaxing scrub interval from 4676 cycles to 5845 cycles
Tightening scrub interval from 5845 cycles to 2922 cycles
Relaxing scrub interval from 2922 cycles to 3652 cycles
Relaxing scrub interval from 3652 cycles to 4565 cycles
Tightening scrub interval from 4565 cycles to 2282 cycles
Tightening scrub interval from 2282 cycles to 1141 cycles
Relaxing scrub interval from 1141 cycles to 1426 cycles
Relaxing scrub interval from 1426 cycles to 1782 cycles
Relaxing scrub interval from 1782 cycles to 2227 cycles
Tightening scrub interval from 2227 cycles to 1113 cycles
Relaxing scrub interval from 1113 cycles to 1391 cycles
Relaxing scrub interval from 1391 cycles to 1738 cycles
Relaxing scrub interval from 1738 cycles to 2172 cycles
Relaxing scrub interval from 2172 cycles to 2715 cycles
Relaxing scrub interval from 2715 cycles to 3393 cycles
Tightening scrub interval from 3393 cycles to 1696 cycles
Tightening scrub interval from 1696 cycles to 848 cycles
Tightening scrub interval from 848 cycles to 424 cycles
Relaxing scrub interval from 424 cycles to 530 cycles
Relaxing scrub interval from 530 cycles to 662 cycles
Relaxing scrub interval from 662 cycles to 827 cycles
Relaxing scrub interval from 827 cycles to 1033 cycles
Relaxing scrub interval from 1033 cycles to 1291 cycles
Relaxing scrub interval from 1291 cycles to 1613 cycles
Tightening scrub interval from 1613 cycles to 806 cycles
Relaxing scrub interval from 806 cycles to 1007 cycles
Relaxing scrub interval from 1007 cycles to 1258 cycles
Relaxing scrub interval from 1258 cycles to 1572 cycles
Relaxing scrub interval from 1572 cycles to 1965 cycles
Relaxing scrub interval from 1965 cycles to 2456 cycles
Tightening scrub interval from 2456 cycles to 1228 cycles
Relaxing scrub interval from 1228 cycles to 1535 cycles
Relaxing scrub interval from 1535 cycles to 1918 cycles
Relaxing scrub interval from 1918 cycles to 2397 cycles
Tightening scrub interval from 2397 cycles to 1198 cycles
Relaxing scrub interval from 1198 cycles to 1497 cycles
Relaxing scrub interval from 1497 cycles to 1871 cycles
Relaxing scrub interval from 1871 cycles to 2338 cycles
Tightening scrub interval from 2338 cycles to 1169 cycles
Relaxing scrub interval from 1169 cycles to 1461 cycles
Relaxing scrub interval from 1461 cycles to 1826 cycles
Tightening scrub interval from 1826 cycles to 913 cycles
Relaxing scrub interval from 913 cycles to 1141 cycles
Relaxing scrub interval from 1141 cycles to 1426 cycles
Relaxing scrub interval from 1426 cycles to 1782 cycles
Relaxing scrub interval from 1782 cycles to 2227 cycles
Relaxing scrub interval from 2227 cycles to 2783 cycles
Tightening scrub interval from 2783 cycles to 1391 cycles
Relaxing scrub interval from 1391 cycles to 1738 cycles
Relaxing scrub interval from 1738 cycles to 2172 cycles
Relaxing scrub interval from 2172 cycles to 2715 cycles
Relaxing scrub interval from 2715 cycles to 3393 cycles
Relaxing scrub interval from 3393 cycles to 4241 cycles
Relaxing scrub interval from 4241 cycles to 5301 cycles
Tightening scrub interval from 5301 cycles to 2650 cycles
Relaxing scrub interval from 2650 cycles to 3312 cycles
Relaxing scrub interval from 3312 cycles to 4140 cycles
Tightening scrub interval from 4140 cycles to 2070 cycles
Relaxing scrub interval from 2070 cycles to 2587 cycles
Relaxing scrub interval from 2587 cycles to 3233 cycles
Relaxing scrub interval from 3233 cycles to 4041 cycles
Relaxing scrub interval from 4041 cycles to 5051 cycles
Relaxing scrub interval from 5051 cycles to 6313 cycles
Tightening scrub interval from 6313 cycles to 3156 cycles
Relaxing scrub interval from 3156 cycles to 3945 cycles
Relaxing scrub interval from 3945 cycles to 4931 cycles
Tightening scrub interval from 4931 cycles to 2465 cycles
Relaxing scrub interval from 2465 cycles to 3081 cycles
Relaxing scrub interval from 3081 cycles to 3851 cycles
Relaxing scrub interval from 3851 cycles to 4813 cycles
Tightening scrub interval from 4813 cycles to 2406 cycles
Tightening scrub interval from 2406 cycles to 1203 cycles
Relaxing scrub interval from 1203 cycles to 1503 cycles
Relaxing scrub interval from 1503 cycles to 1878 cycles
Relaxing scrub interval from 1878 cycles to 2347 cycles
Relaxing scrub interval from 2347 cycles to 2933 cycles
Relaxing scrub interval from 2933 cycles to 3666 cycles
Tightening scrub interval from 3666 cycles to 1833 cycles
Relaxing scrub interval from 1833 cycles to 2291 cycles
Tightening scrub interval from 2291 cycles to 1145 cycles
Relaxing scrub interval from 1145 cycles to 1431 cycles
Relaxing scrub interval from 1431 cycles to 1788 cycles
Tightening scrub interval from 1788 cycles to 894 cycles
Relaxing scrub interval from 894 cycles to 1117 cycles
Relaxing scrub interval from 1117 cycles to 1396 cycles
Relaxing scrub interval from 1396 cycles to 1745 cycles
Relaxing scrub interval from 1745 cycles to 2181 cycles
Tightening scrub interval from 2181 cycles to 1090 cycles
Relaxing scrub interval from 1090 cycles to 1362 cycles
Relaxing scrub interval from 1362 cycles to 1702 cycles
Relaxing scrub interval from 1702 cycles to 2127 cycles
Relaxing scrub interval from 2127 cycles to 2658 cycles
Relaxing scrub interval from 2658 cycles to 3322 cycles
Relaxing scrub interval from 3322 cycles to 4152 cycles
Relaxing scrub interval from 4152 cycles to 5190 cycles
Tightening scrub interval from 5190 cycles to 2595 cycles
Tightening scrub interval from 2595 cycles to 1297 cycles
Tightening scrub interval from 1297 cycles to 648 cycles
Relaxing scrub interval from 648 cycles to 810 cycles
Relaxing scrub interval from 810 cycles to 1012 cycles
Relaxing scrub interval from 1012 cycles to 1265 cycles
Tightening scrub interval from 1265 cycles to 632 cycles
Relaxing scrub interval from 632 cycles to 790 cycles
Relaxing scrub interval from 790 cycles to 987 cycles
Relaxing scrub interval from 987 cycles to 1233 cycles
Relaxing scrub interval from 1233 cycles to 1541 cycles
Relaxing scrub interval from 1541 cycles to 1926 cycles
Relaxing scrub interval from 1926 cycles to 2407 cycles
Tightening scrub interval from 2407 cycles to 1203 cycles
Relaxing scrub interval from 1203 cycles to 1503 cycles
Tightening scrub interval from 1503 cycles to 751 cycles
Relaxing scrub interval from 751 cycles to 938 cycles
Relaxing scrub interval from 938 cycles to 1172 cycles
Relaxing scrub interval from 1172 cycles to 1465 cycles
Relaxing scrub interval from 1465 cycles to 1831 cycles
Relaxing scrub interval from 1831 cycles to 2288 cycles
Relaxing scrub interval from 2288 cycles to 2860 cycles
Relaxing scrub interval from 2860 cycles to 3575 cycles
Relaxing scrub interval from 3575 cycles to 4468 cycles
Relaxing scrub interval from 4468 cycles to 5585 cycles
Relaxing scrub interval from 5585 cycles to 6981 cycles
Tightening scrub interval from 6981 cycles to 3490 cycles
Relaxing scrub interval from 3490 cycles to 4362 cycles
Relaxing scrub interval from 4362 cycles to 5452 cycles
Tightening scrub interval from 5452 cycles to 2726 cycles
Relaxing scrub interval from 2726 cycles to 3407 cycles
Tightening scrub interval from 3407 cycles to 1703 cycles
Relaxing scrub interval from 1703 cycles to 2128 cycles
Relaxing scrub interval from 2128 cycles to 2660 cycles
Relaxing scrub interval from 2660 cycles to 3325 cycles
Relaxing scrub interval from 3325 cycles to 4156 cycles
Relaxing scrub interval from 4156 cycles to 5195 cycles
Relaxing scrub interval from 5195 cycles to 6493 cycles
Relaxing scrub interval from 6493 cycles to 8116 cycles
Relaxing scrub interval from 8116 cycles to 10145 cycles
Relaxing scrub interval from 10145 cycles to 12681 cycles
Relaxing scrub interval from 12681 cycles to 15851 cycles
Relaxing scrub interval from 15851 cycles to 19813 cycles
Tightening scrub interval from 19813 cycles to 9906 cycles
Tightening scrub interval from 9906 cycles to 4953 cycles
Relaxing scrub interval from 4953 cycles to 6191 cycles
Tightening scrub interval from 6191 cycles to 3095 cycles
Relaxing scrub interval from 3095 cycles to 3868 cycles
Relaxing scrub interval from 3868 cycles to 4835 cycles
Tightening scrub interval from 4835 cycles to 2417 cycles
Relaxing scrub interval from 2417 cycles to 3021 cycles
Relaxing scrub interval from 3021 cycles to 3776 cycles
Relaxing scrub interval from 3776 cycles to 4720 cycles
Tightening scrub interval from 4720 cycles to 2360 cycles
Relaxing scrub interval from 2360 cycles to 2950 cycles
Tightening scrub interval from 2950 cycles to 1475 cycles
Relaxing scrub interval from 1475 cycles to 1843 cycles
Relaxing scrub interval from 1843 cycles to 2303 cycles
Relaxing scrub interval from 2303 cycles to 2878 cycles
Tightening scrub interval from 2878 cycles to 1439 cycles
Relaxing scrub interval from 1439 cycles to 1798 cycles
Tightening scrub interval from 1798 cycles to 899 cycles
Relaxing scrub interval from 899 cycles to 1123 cycles
Relaxing scrub interval from 1123 cycles to 1403 cycles
Relaxing scrub interval from 1403 cycles to 1753 cycles
Relaxing scrub interval from 1753 cycles to 2191 cycles
Tightening scrub interval from 2191 cycles to 1095 cycles
Tightening scrub interval from 1095 cycles to 547 cycles
Relaxing scrub interval from 547 cycles to 683 cycles
Relaxing scrub interval from 683 cycles to 853 cycles
Relaxing scrub interval from 853 cycles to 1066 cycles
Relaxing scrub interval from 1066 cycles to 1332 cycles
Relaxing scrub interval from 1332 cycles to 1665 cycles
Relaxing scrub interval from 1665 cycles to 2081 cycles
Relaxing scrub interval from 2081 cycles to 2601 cycles
Relaxing scrub interval from 2601 cycles to 3251 cycles
Relaxing scrub interval from 3251 cycles to 4063 cycles
Relaxing scrub interval from 4063 cycles to 5078 cycles
Relaxing scrub interval from 5078 cycles to 6347 cycles
Relaxing scrub interval from 6347 cycles to 7933 cycles
Relaxing scrub interval from 7933 cycles to 9916 cycles
Relaxing scrub interval from 9916 cycles to 12395 cycles
Tightening scrub interval from 12395 cycles to 6197 cycles
Tightening scrub interval from 6197 cycles to 3098 cycles
Relaxing scrub interval from 3098 cycles to 3872 cycles
Tightening scrub interval from 3872 cycles to 1936 cycles
Relaxing scrub interval from 1936 cycles to 2420 cycles
Relaxing scrub interval from 2420 cycles to 3025 cycles
Relaxing scrub interval from 3025 cycles to 3781 cycles
Relaxing scrub interval from 3781 cycles to 4726 cycles
Tightening scrub interval from 4726 cycles to 2363 cycles
Tightening scrub interval from 2363 cycles to 1181 cycles
Relaxing scrub interval from 1181 cycles to 1476 cycles
Tightening scrub interval from 1476 cycles to 738 cycles
Relaxing scrub interval from 738 cycles to 922 cycles
Relaxing scrub interval from 922 cycles to 1152 cycles
Relaxing scrub interval from 1152 cycles to 1440 cycles
Relaxing scrub interval from 1440 cycles to 1800 cycles
Relaxing scrub interval from 1800 cycles to 2250 cycles
Tightening scrub interval from 2250 cycles to 1125 cycles
Relaxing scrub interval from 1125 cycles to 1406 cycles
Relaxing scrub interval from 1406 cycles to 1757 cycles
Relaxing scrub interval from 1757 cycles to 2196 cycles
Relaxing scrub interval from 2196 cycles to 2745 cycles
Relaxing scrub interval from 2745 cycles to 3431 cycles
Relaxing scrub interval from 3431 cycles to 4288 cycles
Tightening scrub interval from 4288 cycles to 2144 cycles
Tightening scrub interval from 2144 cycles to 1072 cycles
Relaxing scrub interval from 1072 cycles to 1340 cycles
Relaxing scrub interval from 1340 cycles to 1675 cycles
Relaxing scrub interval from 1675 cycles to 2093 cycles
Relaxing scrub interval from 2093 cycles to 2616 cycles
Relaxing scrub interval from 2616 cycles to 3270 cycles
Tightening scrub interval from 3270 cycles to 1635 cycles
Relaxing scrub interval from 1635 cycles to 2043 cycles
Relaxing scrub interval from 2043 cycles to 2553 cycles
Relaxing scrub interval from 2553 cycles to 3191 cycles
Relaxing scrub interval from 3191 cycles to 3988 cycles
Relaxing scrub interval from 3988 cycles to 4985 cycles
Tightening scrub interval from 4985 cycles to 2492 cycles
Relaxing scrub interval from 2492 cycles to 3115 cycles
Relaxing scrub interval from 3115 cycles to 3893 cycles
Relaxing scrub interval from 3893 cycles to 4866 cycles
Relaxing scrub interval from 4866 cycles to 6082 cycles
Relaxing scrub interval from 6082 cycles to 7602 cycles
Tightening scrub interval from 7602 cycles to 3801 cycles
Relaxing scrub interval from 3801 cycles to 4751 cycles
Relaxing scrub interval from 4751 cycles to 5938 cycles
Tightening scrub interval from 5938 cycles to 2969 cycles
Tightening scrub interval from 2969 cycles to 1484 cycles
Relaxing scrub interval from 1484 cycles to 1855 cycles
Relaxing scrub interval from 1855 cycles to 2318 cycles
Tightening scrub interval from 2318 cycles to 1159 cycles
Relaxing scrub interval from 1159 cycles to 1448 cycles
Relaxing scrub interval from 1448 cycles to 1810 cycles
Relaxing scrub interval from 1810 cycles to 2262 cycles
Tightening scrub interval from 2262 cycles to 1131 cycles
Tightening scrub interval from 1131 cycles to 565 cycles
Relaxing scrub interval from 565 cycles to 706 cycles
Relaxing scrub interval from 706 cycles to 882 cycles
Relaxing scrub interval from 882 cycles to 1102 cycles
Relaxing scrub interval from 1102 cycles to 1377 cycles
Relaxing scrub interval from 1377 cycles to 1721 cycles
Relaxing scrub interval from 1721 cycles to 2151 cycles
Tightening scrub interval from 2151 cycles to 1075 cycles
Relaxing scrub interval from 1075 cycles to 1343 cycles
Relaxing scrub interval from 1343 cycles to 1678 cycles
Relaxing scrub interval from 1678 cycles to 2097 cycles
Relaxing scrub interval from 2097 cycles to 2621 cycles
Relaxing scrub interval from 2621 cycles to 3276 cycles
Relaxing scrub interval from 3276 cycles to 4095 cycles
Relaxing scrub interval from 4095 cycles to 5118 cycles
Relaxing scrub interval from 5118 cycles to 6397 cycles
Relaxing scrub interval from 6397 cycles to 7996 cycles
Relaxing scrub interval from 7996 cycles to 9995 cycles
Tightening scrub interval from 9995 cycles to 4997 cycles
Relaxing scrub interval from 4997 cycles to 6246 cycles
Tightening scrub interval from 6246 cycles to 3123 cycles
Relaxing scrub interval from 3123 cycles to 3903 cycles
Relaxing scrub interval from 3903 cycles to 4878 cycles
Tightening scrub interval from 4878 cycles to 2439 cycles
Relaxing scrub interval from 2439 cycles to 3048 cycles
Tightening scrub interval from 3048 cycles to 1524 cycles
Tightening scrub interval from 1524 cycles to 762 cycles
Relaxing scrub interval from 762 cycles to 952 cycles
Relaxing scrub interval from 952 cycles to 1190 cycles
Tightening scrub interval from 1190 cycles to 595 cycles
Relaxing scrub interval from 595 cycles to 743 cycles
Relaxing scrub interval from 743 cycles to 928 cycles
Relaxing scrub interval from 928 cycles to 1160 cycles
Relaxing scrub interval from 1160 cycles to 1450 cycles
Relaxing scrub interval from 1450 cycles to 1812 cycles
Relaxing scrub interval from 1812 cycles to 2265 cycles
Relaxing scrub interval from 2265 cycles to 2831 cycles
Relaxing scrub interval from 2831 cycles to 3538 cycles
Relaxing scrub interval from 3538 cycles to 4422 cycles
Relaxing scrub interval from 4422 cycles to 5527 cycles
Relaxing scrub interval from 5527 cycles to 6908 cycles
Relaxing scrub interval from 6908 cycles to 8635 cycles
Tightening scrub interval from 8635 cycles to 4317 cycles
Tightening scrub interval from 4317 cycles to 2158 cycles
Relaxing scrub interval from 2158 cycles to 2697 cycles
Relaxing scrub interval from 2697 cycles to 3371 cycles
Relaxing scrub interval from 3371 cycles to 4213 cycles
Relaxing scrub interval from 4213 cycles to 5266 cycles
Relaxing scrub interval from 5266 cycles to 6582 cycles
Tightening scrub interval from 6582 cycles to 3291 cycles
Relaxing scrub interval from 3291 cycles to 4113 cycles
Relaxing scrub interval from 4113 cycles to 5141 cycles
Tightening scrub interval from 5141 cycles to 2570 cycles
Relaxing scrub interval from 2570 cycles to 3212 cycles
Relaxing scrub interval from 3212 cycles to 4015 cycles
Relaxing scrub interval from 4015 cycles to 5018 cycles
Relaxing scrub interval from 5018 cycles to 6272 cycles
Relaxing scrub interval from 6272 cycles to 7840 cycles
Relaxing scrub interval from 7840 cycles to 9800 cycles
Relaxing scrub interval from 9800 cycles to 12250 cycles
Tightening scrub interval from 12250 cycles to 6125 cycles
Tightening scrub interval from 6125 cycles to 3062 cycles
Relaxing scrub interval from 3062 cycles to 3827 cycles
Relaxing scrub interval from 3827 cycles to 4783 cycles
Tightening scrub interval from 4783 cycles to 2391 cycles
Relaxing scrub interval from 2391 cycles to 2988 cycles
Tightening scrub interval from 2988 cycles to 1494 cycles
Relaxing scrub interval from 1494 cycles to 1867 cycles
Relaxing scrub interval from 1867 cycles to 2333 cycles
Tightening scrub interval from 2333 cycles to 1166 cycles
Relaxing scrub interval from 1166 cycles to 1457 cycles
Relaxing scrub interval from 1457 cycles to 1821 cycles
Relaxing scrub interval from 1821 cycles to 2276 cycles
Relaxing scrub interval from 2276 cycles to 2845 cycles
Relaxing scrub interval from 2845 cycles to 3556 cycles
Tightening scrub interval from 3556 cycles to 1778 cycles
Relaxing scrub interval from 1778 cycles to 2222 cycles
Relaxing scrub interval from 2222 cycles to 2777 cycles
Relaxing scrub interval from 2777 cycles to 3471 cycles
Relaxing scrub interval from 3471 cycles to 4338 cycles
Relaxing scrub interval from 4338 cycles to 5422 cycles
Tightening scrub interval from 5422 cycles to 2711 cycles
Relaxing scrub interval from 2711 cycles to 3388 cycles
Relaxing scrub interval from 3388 cycles to 4235 cycles
Relaxing scrub interval from 4235 cycles to 5293 cycles
Tightening scrub interval from 5293 cycles to 2646 cycles
Relaxing scrub interval from 2646 cycles to 3307 cycles
Relaxing scrub interval from 3307 cycles to 4133 cycles
Relaxing scrub interval from 4133 cycles to 5166 cycles
Relaxing scrub interval from 5166 cycles to 6457 cycles
Tightening scrub interval from 6457 cycles to 3228 cycles
Relaxing scrub interval from 3228 cycles to 4035 cycles
Relaxing scrub interval from 4035 cycles to 5043 cycles
Tightening scrub interval from 5043 cycles to 2521 cycles
Relaxing scrub interval from 2521 cycles to 3151 cycles
Tightening scrub interval from 3151 cycles to 1575 cycles
Relaxing scrub interval from 1575 cycles to 1968 cycles
Relaxing scrub interval from 1968 cycles to 2460 cycles
Relaxing scrub interval from 2460 cycles to 3075 cycles
Relaxing scrub interval from 3075 cycles to 3843 cycles
Relaxing scrub interval from 3843 cycles to 4803 cycles
Relaxing scrub interval from 4803 cycles to 6003 cycles
Relaxing scrub interval from 6003 cycles to 7503 cycles
Relaxing scrub interval from 7503 cycles to 9378 cycles
Relaxing scrub interval from 9378 cycles to 11722 cycles
Tightening scrub interval from 11722 cycles to 5861 cycles
Relaxing scrub interval from 5861 cycles to 7326 cycles
Tightening scrub interval from 7326 cycles to 3663 cycles
Tightening scrub interval from 3663 cycles to 1831 cycles
Relaxing scrub interval from 1831 cycles to 2288 cycles
