warn: No dot file generated. Please install pydot to generate the dot file and pdf.
Scrubbing enabled with adaptive interval starting at 10 cycles, tightening factor 2, relax factor 1.25
src/arch/riscv/isa.cc:275: info: RVV enabled, VLEN = 256 bits, ELEN = 64 bits
src/base/statistics.hh:279: warn: One of the stats is a legacy stat. Legacy stat is a stat that does not belong to any statistics::Group. Legacy stat is deprecated.
src/base/remote_gdb.cc:418: warn: Sockets disabled, not accepting gdb connections
src/sim/simulate.cc:199: info: Entering event queue @ 0.  Starting simulation...
Relaxing scrub interval from 10 cycles to 12 cycles
Relaxing scrub interval from 12 cycles to 15 cycles
Relaxing scrub interval from 15 cycles to 18 cycles
Relaxing scrub interval from 18 cycles to 22 cycles
Relaxing scrub interval from 22 cycles to 27 cycles
Relaxing scrub interval from 27 cycles to 33 cycles
Relaxing scrub interval from 33 cycles to 41 cycles
Relaxing scrub interval from 41 cycles to 51 cycles
Relaxing scrub interval from 51 cycles to 63 cycles
Relaxing scrub interval from 63 cycles to 78 cycles
Relaxing scrub interval from 78 cycles to 97 cycles
Relaxing scrub interval from 97 cycles to 121 cycles
Relaxing scrub interval from 121 cycles to 151 cycles
Relaxing scrub interval from 151 cycles to 188 cycles
Relaxing scrub interval from 188 cycles to 235 cycles
Relaxing scrub interval from 235 cycles to 293 cycles
Relaxing scrub interval from 293 cycles to 366 cycles
Relaxing scrub interval from 366 cycles to 457 cycles
Relaxing scrub interval from 457 cycles to 571 cycles
Relaxing scrub interval from 571 cycles to 713 cycles
Relaxing scrub interval from 713 cycles to 891 cycles
src/sim/syscall_emul.cc:86: warn: ignoring syscall set_robust_list(...)
      (further warnings will be suppressed)
Relaxing scrub interval from 891 cycles to 1113 cycles
Relaxing scrub interval from 1113 cycles to 1391 cycles
src/sim/syscall_emul.hh:1014: warn: readlink() called on '/proc/self/exe' may yield unexpected results in various settings.
      Returning '/home/cs1952y-user/gem5/1952y-fp/gem5/tests/test-progs/cs1952y-fp/alt'
src/sim/mem_state.cc:448: info: Increasing stack size by one page.
Relaxing scrub interval from 1391 cycles to 1738 cycles
Relaxing scrub interval from 1738 cycles to 2172 cycles
Relaxing scrub interval from 2172 cycles to 2715 cycles
Relaxing scrub interval from 2715 cycles to 3393 cycles
Relaxing scrub interval from 3393 cycles to 4241 cycles
src/sim/syscall_emul.cc:75: warn: ignoring syscall mprotect(...) at tick 17327000
Relaxing scrub interval from 4241 cycles to 5301 cycles
Relaxing scrub interval from 5301 cycles to 6626 cycles
Relaxing scrub interval from 6626 cycles to 8282 cycles
Relaxing scrub interval from 8282 cycles to 10352 cycles
Relaxing scrub interval from 10352 cycles to 12940 cycles
Tightening scrub interval from 12940 cycles to 6470 cycles
Relaxing scrub interval from 6470 cycles to 8087 cycles
Tightening scrub interval from 8087 cycles to 4043 cycles
Tightening scrub interval from 4043 cycles to 2021 cycles
Relaxing scrub interval from 2021 cycles to 2526 cycles
Relaxing scrub interval from 2526 cycles to 3157 cycles
Tightening scrub interval from 3157 cycles to 1578 cycles
Relaxing scrub interval from 1578 cycles to 1972 cycles
Relaxing scrub interval from 1972 cycles to 2465 cycles
Tightening scrub interval from 2465 cycles to 1232 cycles
Relaxing scrub interval from 1232 cycles to 1540 cycles
Relaxing scrub interval from 1540 cycles to 1925 cycles
Relaxing scrub interval from 1925 cycles to 2406 cycles
Relaxing scrub interval from 2406 cycles to 3007 cycles
Relaxing scrub interval from 3007 cycles to 3758 cycles
Relaxing scrub interval from 3758 cycles to 4697 cycles
Relaxing scrub interval from 4697 cycles to 5871 cycles
Relaxing scrub interval from 5871 cycles to 7338 cycles
Relaxing scrub interval from 7338 cycles to 9172 cycles
Tightening scrub interval from 9172 cycles to 4586 cycles
Relaxing scrub interval from 4586 cycles to 5732 cycles
Tightening scrub interval from 5732 cycles to 2866 cycles
Tightening scrub interval from 2866 cycles to 1433 cycles
Relaxing scrub interval from 1433 cycles to 1791 cycles
Relaxing scrub interval from 1791 cycles to 2238 cycles
Relaxing scrub interval from 2238 cycles to 2797 cycles
Tightening scrub interval from 2797 cycles to 1398 cycles
Relaxing scrub interval from 1398 cycles to 1747 cycles
Relaxing scrub interval from 1747 cycles to 2183 cycles
Relaxing scrub interval from 2183 cycles to 2728 cycles
Relaxing scrub interval from 2728 cycles to 3410 cycles
Relaxing scrub interval from 3410 cycles to 4262 cycles
Tightening scrub interval from 4262 cycles to 2131 cycles
Relaxing scrub interval from 2131 cycles to 2663 cycles
Relaxing scrub interval from 2663 cycles to 3328 cycles
Tightening scrub interval from 3328 cycles to 1664 cycles
Relaxing scrub interval from 1664 cycles to 2080 cycles
Relaxing scrub interval from 2080 cycles to 2600 cycles
Relaxing scrub interval from 2600 cycles to 3250 cycles
Relaxing scrub interval from 3250 cycles to 4062 cycles
Relaxing scrub interval from 4062 cycles to 5077 cycles
Relaxing scrub interval from 5077 cycles to 6346 cycles
Tightening scrub interval from 6346 cycles to 3173 cycles
Relaxing scrub interval from 3173 cycles to 3966 cycles
Relaxing scrub interval from 3966 cycles to 4957 cycles
Relaxing scrub interval from 4957 cycles to 6196 cycles
Tightening scrub interval from 6196 cycles to 3098 cycles
Relaxing scrub interval from 3098 cycles to 3872 cycles
Relaxing scrub interval from 3872 cycles to 4840 cycles
Relaxing scrub interval from 4840 cycles to 6050 cycles
Tightening scrub interval from 6050 cycles to 3025 cycles
Relaxing scrub interval from 3025 cycles to 3781 cycles
Relaxing scrub interval from 3781 cycles to 4726 cycles
Relaxing scrub interval from 4726 cycles to 5907 cycles
Relaxing scrub interval from 5907 cycles to 7383 cycles
Relaxing scrub interval from 7383 cycles to 9228 cycles
Tightening scrub interval from 9228 cycles to 4614 cycles
Relaxing scrub interval from 4614 cycles to 5767 cycles
Tightening scrub interval from 5767 cycles to 2883 cycles
Tightening scrub interval from 2883 cycles to 1441 cycles
Relaxing scrub interval from 1441 cycles to 1801 cycles
Relaxing scrub interval from 1801 cycles to 2251 cycles
Relaxing scrub interval from 2251 cycles to 2813 cycles
Relaxing scrub interval from 2813 cycles to 3516 cycles
Relaxing scrub interval from 3516 cycles to 4395 cycles
Relaxing scrub interval from 4395 cycles to 5493 cycles
Tightening scrub interval from 5493 cycles to 2746 cycles
Relaxing scrub interval from 2746 cycles to 3432 cycles
Relaxing scrub interval from 3432 cycles to 4290 cycles
Tightening scrub interval from 4290 cycles to 2145 cycles
Tightening scrub interval from 2145 cycles to 1072 cycles
Tightening scrub interval from 1072 cycles to 536 cycles
Relaxing scrub interval from 536 cycles to 670 cycles
Relaxing scrub interval from 670 cycles to 837 cycles
Relaxing scrub interval from 837 cycles to 1046 cycles
Relaxing scrub interval from 1046 cycles to 1307 cycles
Relaxing scrub interval from 1307 cycles to 1633 cycles
Relaxing scrub interval from 1633 cycles to 2041 cycles
Relaxing scrub interval from 2041 cycles to 2551 cycles
Tightening scrub interval from 2551 cycles to 1275 cycles
Relaxing scrub interval from 1275 cycles to 1593 cycles
Relaxing scrub interval from 1593 cycles to 1991 cycles
Relaxing scrub interval from 1991 cycles to 2488 cycles
Tightening scrub interval from 2488 cycles to 1244 cycles
Relaxing scrub interval from 1244 cycles to 1555 cycles
Relaxing scrub interval from 1555 cycles to 1943 cycles
Tightening scrub interval from 1943 cycles to 971 cycles
Relaxing scrub interval from 971 cycles to 1213 cycles
Relaxing scrub interval from 1213 cycles to 1516 cycles
Relaxing scrub interval from 1516 cycles to 1895 cycles
Relaxing scrub interval from 1895 cycles to 2368 cycles
Relaxing scrub interval from 2368 cycles to 2960 cycles
Tightening scrub interval from 2960 cycles to 1480 cycles
Tightening scrub interval from 1480 cycles to 740 cycles
Relaxing scrub interval from 740 cycles to 925 cycles
Tightening scrub interval from 925 cycles to 462 cycles
Relaxing scrub interval from 462 cycles to 577 cycles
Relaxing scrub interval from 577 cycles to 721 cycles
Relaxing scrub interval from 721 cycles to 901 cycles
Relaxing scrub interval from 901 cycles to 1126 cycles
Relaxing scrub interval from 1126 cycles to 1407 cycles
Relaxing scrub interval from 1407 cycles to 1758 cycles
Relaxing scrub interval from 1758 cycles to 2197 cycles
Relaxing scrub interval from 2197 cycles to 2746 cycles
Relaxing scrub interval from 2746 cycles to 3432 cycles
Relaxing scrub interval from 3432 cycles to 4290 cycles
Tightening scrub interval from 4290 cycles to 2145 cycles
Relaxing scrub interval from 2145 cycles to 2681 cycles
Relaxing scrub interval from 2681 cycles to 3351 cycles
Relaxing scrub interval from 3351 cycles to 4188 cycles
Relaxing scrub interval from 4188 cycles to 5235 cycles
Tightening scrub interval from 5235 cycles to 2617 cycles
Relaxing scrub interval from 2617 cycles to 3271 cycles
Relaxing scrub interval from 3271 cycles to 4088 cycles
Relaxing scrub interval from 4088 cycles to 5110 cycles
Tightening scrub interval from 5110 cycles to 2555 cycles
Tightening scrub interval from 2555 cycles to 1277 cycles
Relaxing scrub interval from 1277 cycles to 1596 cycles
Relaxing scrub interval from 1596 cycles to 1995 cycles
Tightening scrub interval from 1995 cycles to 997 cycles
Relaxing scrub interval from 997 cycles to 1246 cycles
Relaxing scrub interval from 1246 cycles to 1557 cycles
Relaxing scrub interval from 1557 cycles to 1946 cycles
Relaxing scrub interval from 1946 cycles to 2432 cycles
Relaxing scrub interval from 2432 cycles to 3040 cycles
Relaxing scrub interval from 3040 cycles to 3800 cycles
Relaxing scrub interval from 3800 cycles to 4750 cycles
Relaxing scrub interval from 4750 cycles to 5937 cycles
Relaxing scrub interval from 5937 cycles to 7421 cycles
Tightening scrub interval from 7421 cycles to 3710 cycles
Relaxing scrub interval from 3710 cycles to 4637 cycles
Relaxing scrub interval from 4637 cycles to 5796 cycles
Tightening scrub interval from 5796 cycles to 2898 cycles
Tightening scrub interval from 2898 cycles to 1449 cycles
Tightening scrub interval from 1449 cycles to 724 cycles
Relaxing scrub interval from 724 cycles to 905 cycles
Relaxing scrub interval from 905 cycles to 1131 cycles
Relaxing scrub interval from 1131 cycles to 1413 cycles
Tightening scrub interval from 1413 cycles to 706 cycles
Relaxing scrub interval from 706 cycles to 882 cycles
Relaxing scrub interval from 882 cycles to 1102 cycles
Relaxing scrub interval from 1102 cycles to 1377 cycles
Relaxing scrub interval from 1377 cycles to 1721 cycles
Relaxing scrub interval from 1721 cycles to 2151 cycles
Relaxing scrub interval from 2151 cycles to 2688 cycles
Relaxing scrub interval from 2688 cycles to 3360 cycles
Relaxing scrub interval from 3360 cycles to 4200 cycles
Relaxing scrub interval from 4200 cycles to 5250 cycles
Relaxing scrub interval from 5250 cycles to 6562 cycles
Tightening scrub interval from 6562 cycles to 3281 cycles
Relaxing scrub interval from 3281 cycles to 4101 cycles
Relaxing scrub interval from 4101 cycles to 5126 cycles
Tightening scrub interval from 5126 cycles to 2563 cycles
Relaxing scrub interval from 2563 cycles to 3203 cycles
Relaxing scrub interval from 3203 cycles to 4003 cycles
Relaxing scrub interval from 4003 cycles to 5003 cycles
Relaxing scrub interval from 5003 cycles to 6253 cycles
Relaxing scrub interval from 6253 cycles to 7816 cycles
Tightening scrub interval from 7816 cycles to 3908 cycles
Tightening scrub interval from 3908 cycles to 1954 cycles
Relaxing scrub interval from 1954 cycles to 2442 cycles
Relaxing scrub interval from 2442 cycles to 3052 cycles
Relaxing scrub interval from 3052 cycles to 3815 cycles
Relaxing scrub interval from 3815 cycles to 4768 cycles
Tightening scrub interval from 4768 cycles to 2384 cycles
Relaxing scrub interval from 2384 cycles to 2980 cycles
Relaxing scrub interval from 2980 cycles to 3725 cycles
Relaxing scrub interval from 3725 cycles to 4656 cycles
Relaxing scrub interval from 4656 cycles to 5820 cycles
Tightening scrub interval from 5820 cycles to 2910 cycles
Relaxing scrub interval from 2910 cycles to 3637 cycles
Relaxing scrub interval from 3637 cycles to 4546 cycles
Relaxing scrub interval from 4546 cycles to 5682 cycles
Relaxing scrub interval from 5682 cycles to 7102 cycles
Tightening scrub interval from 7102 cycles to 3551 cycles
Relaxing scrub interval from 3551 cycles to 4438 cycles
Tightening scrub interval from 4438 cycles to 2219 cycles
Relaxing scrub interval from 2219 cycles to 2773 cycles
Tightening scrub interval from 2773 cycles to 1386 cycles
Relaxing scrub interval from 1386 cycles to 1732 cycles
Tightening scrub interval from 1732 cycles to 866 cycles
Relaxing scrub interval from 866 cycles to 1082 cycles
Relaxing scrub interval from 1082 cycles to 1352 cycles
Relaxing scrub interval from 1352 cycles to 1690 cycles
Relaxing scrub interval from 1690 cycles to 2112 cycles
Tightening scrub interval from 2112 cycles to 1056 cycles
Relaxing scrub interval from 1056 cycles to 1320 cycles
Relaxing scrub interval from 1320 cycles to 1650 cycles
Relaxing scrub interval from 1650 cycles to 2062 cycles
Relaxing scrub interval from 2062 cycles to 2577 cycles
Relaxing scrub interval from 2577 cycles to 3221 cycles
Relaxing scrub interval from 3221 cycles to 4026 cycles
Relaxing scrub interval from 4026 cycles to 5032 cycles
Relaxing scrub interval from 5032 cycles to 6290 cycles
Relaxing scrub interval from 6290 cycles to 7862 cycles
Relaxing scrub interval from 7862 cycles to 9827 cycles
Relaxing scrub interval from 9827 cycles to 12283 cycles
Relaxing scrub interval from 12283 cycles to 15353 cycles
Tightening scrub interval from 15353 cycles to 7676 cycles
Tightening scrub interval from 7676 cycles to 3838 cycles
Relaxing scrub interval from 3838 cycles to 4797 cycles
Relaxing scrub interval from 4797 cycles to 5996 cycles
Relaxing scrub interval from 5996 cycles to 7495 cycles
Relaxing scrub interval from 7495 cycles to 9368 cycles
Relaxing scrub interval from 9368 cycles to 11710 cycles
Tightening scrub interval from 11710 cycles to 5855 cycles
Relaxing scrub interval from 5855 cycles to 7318 cycles
Tightening scrub interval from 7318 cycles to 3659 cycles
Relaxing scrub interval from 3659 cycles to 4573 cycles
Tightening scrub interval from 4573 cycles to 2286 cycles
Relaxing scrub interval from 2286 cycles to 2857 cycles
Relaxing scrub interval from 2857 cycles to 3571 cycles
Relaxing scrub interval from 3571 cycles to 4463 cycles
Relaxing scrub interval from 4463 cycles to 5578 cycles
Relaxing scrub interval from 5578 cycles to 6972 cycles
Tightening scrub interval from 6972 cycles to 3486 cycles
Relaxing scrub interval from 3486 cycles to 4357 cycles
Relaxing scrub interval from 4357 cycles to 5446 cycles
Relaxing scrub interval from 5446 cycles to 6807 cycles
Tightening scrub interval from 6807 cycles to 3403 cycles
Relaxing scrub interval from 3403 cycles to 4253 cycles
Relaxing scrub interval from 4253 cycles to 5316 cycles
Relaxing scrub interval from 5316 cycles to 6645 cycles
Tightening scrub interval from 6645 cycles to 3322 cycles
Relaxing scrub interval from 3322 cycles to 4152 cycles
Tightening scrub interval from 4152 cycles to 2076 cycles
Relaxing scrub interval from 2076 cycles to 2595 cycles
Relaxing scrub interval from 2595 cycles to 3243 cycles
Relaxing scrub interval from 3243 cycles to 4053 cycles
Tightening scrub interval from 4053 cycles to 2026 cycles
Tightening scrub interval from 2026 cycles to 1013 cycles
Relaxing scrub interval from 1013 cycles to 1266 cycles
Relaxing scrub interval from 1266 cycles to 1582 cycles
Relaxing scrub interval from 1582 cycles to 1977 cycles
Relaxing scrub interval from 1977 cycles to 2471 cycles
Relaxing scrub interval from 2471 cycles to 3088 cycles
Tightening scrub interval from 3088 cycles to 1544 cycles
Tightening scrub interval from 1544 cycles to 772 cycles
Relaxing scrub interval from 772 cycles to 965 cycles
Relaxing scrub interval from 965 cycles to 1206 cycles
Relaxing scrub interval from 1206 cycles to 1507 cycles
Relaxing scrub interval from 1507 cycles to 1883 cycles
Tightening scrub interval from 1883 cycles to 941 cycles
Relaxing scrub interval from 941 cycles to 1176 cycles
Relaxing scrub interval from 1176 cycles to 1470 cycles
Relaxing scrub interval from 1470 cycles to 1837 cycles
Relaxing scrub interval from 1837 cycles to 2296 cycles
Relaxing scrub interval from 2296 cycles to 2870 cycles
Relaxing scrub interval from 2870 cycles to 3587 cycles
Relaxing scrub interval from 3587 cycles to 4483 cycles
Relaxing scrub interval from 4483 cycles to 5603 cycles
Relaxing scrub interval from 5603 cycles to 7003 cycles
Relaxing scrub interval from 7003 cycles to 8753 cycles
Relaxing scrub interval from 8753 cycles to 10941 cycles
Relaxing scrub interval from 10941 cycles to 13676 cycles
Tightening scrub interval from 13676 cycles to 6838 cycles
Tightening scrub interval from 6838 cycles to 3419 cycles
Relaxing scrub interval from 3419 cycles to 4273 cycles
Tightening scrub interval from 4273 cycles to 2136 cycles
Relaxing scrub interval from 2136 cycles to 2670 cycles
Relaxing scrub interval from 2670 cycles to 3337 cycles
Relaxing scrub interval from 3337 cycles to 4171 cycles
Relaxing scrub interval from 4171 cycles to 5213 cycles
Tightening scrub interval from 5213 cycles to 2606 cycles
Tightening scrub interval from 2606 cycles to 1303 cycles
Relaxing scrub interval from 1303 cycles to 1628 cycles
Relaxing scrub interval from 1628 cycles to 2035 cycles
Relaxing scrub interval from 2035 cycles to 2543 cycles
Tightening scrub interval from 2543 cycles to 1271 cycles
Relaxing scrub interval from 1271 cycles to 1588 cycles
Relaxing scrub interval from 1588 cycles to 1985 cycles
Relaxing scrub interval from 1985 cycles to 2481 cycles
Tightening scrub interval from 2481 cycles to 1240 cycles
Tightening scrub interval from 1240 cycles to 620 cycles
Relaxing scrub interval from 620 cycles to 775 cycles
Relaxing scrub interval from 775 cycles to 968 cycles
Relaxing scrub interval from 968 cycles to 1210 cycles
Relaxing scrub interval from 1210 cycles to 1512 cycles
Relaxing scrub interval from 1512 cycles to 1890 cycles
Relaxing scrub interval from 1890 cycles to 2362 cycles
Tightening scrub interval from 2362 cycles to 1181 cycles
Relaxing scrub interval from 1181 cycles to 1476 cycles
Relaxing scrub interval from 1476 cycles to 1845 cycles
Relaxing scrub interval from 1845 cycles to 2306 cycles
Relaxing scrub interval from 2306 cycles to 2882 cycles
Tightening scrub interval from 2882 cycles to 1441 cycles
Relaxing scrub interval from 1441 cycles to 1801 cycles
Relaxing scrub interval from 1801 cycles to 2251 cycles
Relaxing scrub interval from 2251 cycles to 2813 cycles
Relaxing scrub interval from 2813 cycles to 3516 cycles
Tightening scrub interval from 3516 cycles to 1758 cycles
Relaxing scrub interval from 1758 cycles to 2197 cycles
Relaxing scrub interval from 2197 cycles to 2746 cycles
Relaxing scrub interval from 2746 cycles to 3432 cycles
Relaxing scrub interval from 3432 cycles to 4290 cycles
Relaxing scrub interval from 4290 cycles to 5362 cycles
Relaxing scrub interval from 5362 cycles to 6702 cycles
Relaxing scrub interval from 6702 cycles to 8377 cycles
Relaxing scrub interval from 8377 cycles to 10471 cycles
Tightening scrub interval from 10471 cycles to 5235 cycles
Tightening scrub interval from 5235 cycles to 2617 cycles
Relaxing scrub interval from 2617 cycles to 3271 cycles
Relaxing scrub interval from 3271 cycles to 4088 cycles
Relaxing scrub interval from 4088 cycles to 5110 cycles
Relaxing scrub interval from 5110 cycles to 6387 cycles
Tightening scrub interval from 6387 cycles to 3193 cycles
Relaxing scrub interval from 3193 cycles to 3991 cycles
Relaxing scrub interval from 3991 cycles to 4988 cycles
Tightening scrub interval from 4988 cycles to 2494 cycles
Relaxing scrub interval from 2494 cycles to 3117 cycles
Relaxing scrub interval from 3117 cycles to 3896 cycles
Relaxing scrub interval from 3896 cycles to 4870 cycles
Tightening scrub interval from 4870 cycles to 2435 cycles
Relaxing scrub interval from 2435 cycles to 3043 cycles
Relaxing scrub interval from 3043 cycles to 3803 cycles
Relaxing scrub interval from 3803 cycles to 4753 cycles
Tightening scrub interval from 4753 cycles to 2376 cycles
Relaxing scrub interval from 2376 cycles to 2970 cycles
Relaxing scrub interval from 2970 cycles to 3712 cycles
Tightening scrub interval from 3712 cycles to 1856 cycles
Relaxing scrub interval from 1856 cycles to 2320 cycles
Relaxing scrub interval from 2320 cycles to 2900 cycles
Tightening scrub interval from 2900 cycles to 1450 cycles
Tightening scrub interval from 1450 cycles to 725 cycles
Relaxing scrub interval from 725 cycles to 906 cycles
Relaxing scrub interval from 906 cycles to 1132 cycles
Relaxing scrub interval from 1132 cycles to 1415 cycles
Relaxing scrub interval from 1415 cycles to 1768 cycles
Tightening scrub interval from 1768 cycles to 884 cycles
Relaxing scrub interval from 884 cycles to 1105 cycles
Relaxing scrub interval from 1105 cycles to 1381 cycles
Relaxing scrub interval from 1381 cycles to 1726 cycles
Relaxing scrub interval from 1726 cycles to 2157 cycles
Tightening scrub interval from 2157 cycles to 1078 cycles
Relaxing scrub interval from 1078 cycles to 1347 cycles
Relaxing scrub interval from 1347 cycles to 1683 cycles
Tightening scrub interval from 1683 cycles to 841 cycles
Relaxing scrub interval from 841 cycles to 1051 cycles
Relaxing scrub interval from 1051 cycles to 1313 cycles
Relaxing scrub interval from 1313 cycles to 1641 cycles
Relaxing scrub interval from 1641 cycles to 2051 cycles
Relaxing scrub interval from 2051 cycles to 2563 cycles
Relaxing scrub interval from 2563 cycles to 3203 cycles
Relaxing scrub interval from 3203 cycles to 4003 cycles
Relaxing scrub interval from 4003 cycles to 5003 cycles
Relaxing scrub interval from 5003 cycles to 6253 cycles
Tightening scrub interval from 6253 cycles to 3126 cycles
Relaxing scrub interval from 3126 cycles to 3907 cycles
Relaxing scrub interval from 3907 cycles to 4883 cycles
Relaxing scrub interval from 4883 cycles to 6103 cycles
Relaxing scrub interval from 6103 cycles to 7628 cycles
Relaxing scrub interval from 7628 cycles to 9535 cycles
Tightening scrub interval from 9535 cycles to 4767 cycles
Relaxing scrub interval from 4767 cycles to 5958 cycles
Relaxing scrub interval from 5958 cycles to 7447 cycles
Tightening scrub interval from 7447 cycles to 3723 cycles
Relaxing scrub interval from 3723 cycles to 4653 cycles
Relaxing scrub interval from 4653 cycles to 5816 cycles
Relaxing scrub interval from 5816 cycles to 7270 cycles
Tightening scrub interval from 7270 cycles to 3635 cycles
Relaxing scrub interval from 3635 cycles to 4543 cycles
Relaxing scrub interval from 4543 cycles to 5678 cycles
Tightening scrub interval from 5678 cycles to 2839 cycles
Relaxing scrub interval from 2839 cycles to 3548 cycles
Relaxing scrub interval from 3548 cycles to 4435 cycles
Relaxing scrub interval from 4435 cycles to 5543 cycles
Tightening scrub interval from 5543 cycles to 2771 cycles
Tightening scrub interval from 2771 cycles to 1385 cycles
Relaxing scrub interval from 1385 cycles to 1731 cycles
Relaxing scrub interval from 1731 cycles to 2163 cycles
Tightening scrub interval from 2163 cycles to 1081 cycles
Relaxing scrub interval from 1081 cycles to 1351 cycles
Relaxing scrub interval from 1351 cycles to 1688 cycles
Relaxing scrub interval from 1688 cycles to 2110 cycles
Relaxing scrub interval from 2110 cycles to 2637 cycles
Relaxing scrub interval from 2637 cycles to 3296 cycles
Tightening scrub interval from 3296 cycles to 1648 cycles
Relaxing scrub interval from 1648 cycles to 2060 cycles
Relaxing scrub interval from 2060 cycles to 2575 cycles
Tightening scrub interval from 2575 cycles to 1287 cycles
Relaxing scrub interval from 1287 cycles to 1608 cycles
Relaxing scrub interval from 1608 cycles to 2010 cycles
Relaxing scrub interval from 2010 cycles to 2512 cycles
Tightening scrub interval from 2512 cycles to 1256 cycles
Relaxing scrub interval from 1256 cycles to 1570 cycles
Relaxing scrub interval from 1570 cycles to 1962 cycles
Tightening scrub interval from 1962 cycles to 981 cycles
Relaxing scrub interval from 981 cycles to 1226 cycles
Relaxing scrub interval from 1226 cycles to 1532 cycles
Tightening scrub interval from 1532 cycles to 766 cycles
Relaxing scrub interval from 766 cycles to 957 cycles
Relaxing scrub interval from 957 cycles to 1196 cycles
Relaxing scrub interval from 1196 cycles to 1495 cycles
Relaxing scrub interval from 1495 cycles to 1868 cycles
Relaxing scrub interval from 1868 cycles to 2335 cycles
Relaxing scrub interval from 2335 cycles to 2918 cycles
Relaxing scrub interval from 2918 cycles to 3647 cycles
Relaxing scrub interval from 3647 cycles to 4558 cycles
Relaxing scrub interval from 4558 cycles to 5697 cycles
Relaxing scrub interval from 5697 cycles to 7121 cycles
Relaxing scrub interval from 7121 cycles to 8901 cycles
Tightening scrub interval from 8901 cycles to 4450 cycles
Relaxing scrub interval from 4450 cycles to 5562 cycles
Relaxing scrub interval from 5562 cycles to 6952 cycles
Tightening scrub interval from 6952 cycles to 3476 cycles
Relaxing scrub interval from 3476 cycles to 4345 cycles
Tightening scrub interval from 4345 cycles to 2172 cycles
Relaxing scrub interval from 2172 cycles to 2715 cycles
Relaxing scrub interval from 2715 cycles to 3393 cycles
Relaxing scrub interval from 3393 cycles to 4241 cycles
Relaxing scrub interval from 4241 cycles to 5301 cycles
Relaxing scrub interval from 5301 cycles to 6626 cycles
Tightening scrub interval from 6626 cycles to 3313 cycles
Relaxing scrub interval from 3313 cycles to 4141 cycles
Tightening scrub interval from 4141 cycles to 2070 cycles
Relaxing scrub interval from 2070 cycles to 2587 cycles
Relaxing scrub interval from 2587 cycles to 3233 cycles
Relaxing scrub interval from 3233 cycles to 4041 cycles
Relaxing scrub interval from 4041 cycles to 5051 cycles
Relaxing scrub interval from 5051 cycles to 6313 cycles
Relaxing scrub interval from 6313 cycles to 7891 cycles
Tightening scrub interval from 7891 cycles to 3945 cycles
Tightening scrub interval from 3945 cycles to 1972 cycles
Tightening scrub interval from 1972 cycles to 986 cycles
Relaxing scrub interval from 986 cycles to 1232 cycles
Tightening scrub interval from 1232 cycles to 616 cycles
Relaxing scrub interval from 616 cycles to 770 cycles
Relaxing scrub interval from 770 cycles to 962 cycles
Relaxing scrub interval from 962 cycles to 1202 cycles
Relaxing scrub interval from 1202 cycles to 1502 cycles
Relaxing scrub interval from 1502 cycles to 1877 cycles
Relaxing scrub interval from 1877 cycles to 2346 cycles
Relaxing scrub interval from 2346 cycles to 2932 cycles
Relaxing scrub interval from 2932 cycles to 3665 cycles
Tightening scrub interval from 3665 cycles to 1832 cycles
Tightening scrub interval from 1832 cycles to 916 cycles
Relaxing scrub interval from 916 cycles to 1145 cycles
Relaxing scrub interval from 1145 cycles to 1431 cycles
Tightening scrub interval from 1431 cycles to 715 cycles
Relaxing scrub interval from 715 cycles to 893 cycles
Relaxing scrub interval from 893 cycles to 1116 cycles
Tightening scrub interval from 1116 cycles to 558 cycles
Relaxing scrub interval from 558 cycles to 697 cycles
Relaxing scrub interval from 697 cycles to 871 cycles
Relaxing scrub interval from 871 cycles to 1088 cycles
Relaxing scrub interval from 1088 cycles to 1360 cycles
Relaxing scrub interval from 1360 cycles to 1700 cycles
Relaxing scrub interval from 1700 cycles to 2125 cycles
Relaxing scrub interval from 2125 cycles to 2656 cycles
Tightening scrub interval from 2656 cycles to 1328 cycles
Relaxing scrub interval from 1328 cycles to 1660 cycles
Relaxing scrub interval from 1660 cycles to 2075 cycles
Relaxing scrub interval from 2075 cycles to 2593 cycles
Relaxing scrub interval from 2593 cycles to 3241 cycles
Relaxing scrub interval from 3241 cycles to 4051 cycles
Relaxing scrub interval from 4051 cycles to 5063 cycles
Tightening scrub interval from 5063 cycles to 2531 cycles
Tightening scrub interval from 2531 cycles to 1265 cycles
Relaxing scrub interval from 1265 cycles to 1581 cycles
Relaxing scrub interval from 1581 cycles to 1976 cycles
Relaxing scrub interval from 1976 cycles to 2470 cycles
Relaxing scrub interval from 2470 cycles to 3087 cycles
Relaxing scrub interval from 3087 cycles to 3858 cycles
Relaxing scrub interval from 3858 cycles to 4822 cycles
Relaxing scrub interval from 4822 cycles to 6027 cycles
Tightening scrub interval from 6027 cycles to 3013 cycles
Relaxing scrub interval from 3013 cycles to 3766 cycles
Relaxing scrub interval from 3766 cycles to 4707 cycles
Relaxing scrub interval from 4707 cycles to 5883 cycles
Tightening scrub interval from 5883 cycles to 2941 cycles
Relaxing scrub interval from 2941 cycles to 3676 cycles
Relaxing scrub interval from 3676 cycles to 4595 cycles
Relaxing scrub interval from 4595 cycles to 5743 cycles
Tightening scrub interval from 5743 cycles to 2871 cycles
Relaxing scrub interval from 2871 cycles to 3588 cycles
Relaxing scrub interval from 3588 cycles to 4485 cycles
Relaxing scrub interval from 4485 cycles to 5606 cycles
Relaxing scrub interval from 5606 cycles to 7007 cycles
Relaxing scrub interval from 7007 cycles to 8758 cycles
Tightening scrub interval from 8758 cycles to 4379 cycles
Relaxing scrub interval from 4379 cycles to 5473 cycles
Tightening scrub interval from 5473 cycles to 2736 cycles
Tightening scrub interval from 2736 cycles to 1368 cycles
Relaxing scrub interval from 1368 cycles to 1710 cycles
Relaxing scrub interval from 1710 cycles to 2137 cycles
Tightening scrub interval from 2137 cycles to 1068 cycles
Relaxing scrub interval from 1068 cycles to 1335 cycles
Relaxing scrub interval from 1335 cycles to 1668 cycles
Relaxing scrub interval from 1668 cycles to 2085 cycles
Tightening scrub interval from 2085 cycles to 1042 cycles
Relaxing scrub interval from 1042 cycles to 1302 cycles
Relaxing scrub interval from 1302 cycles to 1627 cycles
Relaxing scrub interval from 1627 cycles to 2033 cycles
Tightening scrub interval from 2033 cycles to 1016 cycles
Relaxing scrub interval from 1016 cycles to 1270 cycles
Relaxing scrub interval from 1270 cycles to 1587 cycles
Relaxing scrub interval from 1587 cycles to 1983 cycles
Relaxing scrub interval from 1983 cycles to 2478 cycles
Relaxing scrub interval from 2478 cycles to 3097 cycles
Relaxing scrub interval from 3097 cycles to 3871 cycles
Relaxing scrub interval from 3871 cycles to 4838 cycles
Relaxing scrub interval from 4838 cycles to 6047 cycles
Relaxing scrub interval from 6047 cycles to 7558 cycles
Tightening scrub interval from 7558 cycles to 3779 cycles
Tightening scrub interval from 3779 cycles to 1889 cycles
Relaxing scrub interval from 1889 cycles to 2361 cycles
Tightening scrub interval from 2361 cycles to 1180 cycles
Relaxing scrub interval from 1180 cycles to 1475 cycles
Tightening scrub interval from 1475 cycles to 737 cycles
Relaxing scrub interval from 737 cycles to 921 cycles
Relaxing scrub interval from 921 cycles to 1151 cycles
Relaxing scrub interval from 1151 cycles to 1438 cycles
Relaxing scrub interval from 1438 cycles to 1797 cycles
Relaxing scrub interval from 1797 cycles to 2246 cycles
Tightening scrub interval from 2246 cycles to 1123 cycles
Relaxing scrub interval from 1123 cycles to 1403 cycles
Relaxing scrub interval from 1403 cycles to 1753 cycles
Relaxing scrub interval from 1753 cycles to 2191 cycles
Relaxing scrub interval from 2191 cycles to 2738 cycles
Relaxing scrub interval from 2738 cycles to 3422 cycles
Relaxing scrub interval from 3422 cycles to 4277 cycles
Tightening scrub interval from 4277 cycles to 2138 cycles
Relaxing scrub interval from 2138 cycles to 2672 cycles
Relaxing scrub interval from 2672 cycles to 3340 cycles
Relaxing scrub interval from 3340 cycles to 4175 cycles
Tightening scrub interval from 4175 cycles to 2087 cycles
Relaxing scrub interval from 2087 cycles to 2608 cycles
Relaxing scrub interval from 2608 cycles to 3260 cycles
Tightening scrub interval from 3260 cycles to 1630 cycles
Relaxing scrub interval from 1630 cycles to 2037 cycles
Relaxing scrub interval from 2037 cycles to 2546 cycles
Relaxing scrub interval from 2546 cycles to 3182 cycles
Relaxing scrub interval from 3182 cycles to 3977 cycles
Tightening scrub interval from 3977 cycles to 1988 cycles
