warn: No dot file generated. Please install pydot to generate the dot file and pdf.
Scrubbing enabled with adaptive interval starting at 10 cycles, tightening factor 2, relax factor 1.25
src/arch/riscv/isa.cc:275: info: RVV enabled, VLEN = 256 bits, ELEN = 64 bits
src/base/statistics.hh:279: warn: One of the stats is a legacy stat. Legacy stat is a stat that does not belong to any statistics::Group. Legacy stat is deprecated.
src/base/remote_gdb.cc:418: warn: Sockets disabled, not accepting gdb connections
src/sim/simulate.cc:199: info: Entering event queue @ 0.  Starting simulation...
Relaxing scrub interval from 10 cycles to 12 cycles
Relaxing scrub interval from 12 cycles to 15 cycles
Relaxing scrub interval from 15 cycles to 18 cycles
Relaxing scrub interval from 18 cycles to 22 cycles
Relaxing scrub interval from 22 cycles to 27 cycles
Relaxing scrub interval from 27 cycles to 33 cycles
Relaxing scrub interval from 33 cycles to 41 cycles
Relaxing scrub interval from 41 cycles to 51 cycles
Relaxing scrub interval from 51 cycles to 63 cycles
Relaxing scrub interval from 63 cycles to 78 cycles
Relaxing scrub interval from 78 cycles to 97 cycles
Relaxing scrub interval from 97 cycles to 121 cycles
Relaxing scrub interval from 121 cycles to 151 cycles
Relaxing scrub interval from 151 cycles to 188 cycles
Relaxing scrub interval from 188 cycles to 235 cycles
Relaxing scrub interval from 235 cycles to 293 cycles
Relaxing scrub interval from 293 cycles to 366 cycles
Relaxing scrub interval from 366 cycles to 457 cycles
Relaxing scrub interval from 457 cycles to 571 cycles
Relaxing scrub interval from 571 cycles to 713 cycles
Relaxing scrub interval from 713 cycles to 891 cycles
src/sim/syscall_emul.cc:86: warn: ignoring syscall set_robust_list(...)
      (further warnings will be suppressed)
Relaxing scrub interval from 891 cycles to 1113 cycles
Relaxing scrub interval from 1113 cycles to 1391 cycles
src/sim/syscall_emul.hh:1014: warn: readlink() called on '/proc/self/exe' may yield unexpected results in various settings.
      Returning '/home/cs1952y-user/gem5/1952y-fp/gem5/tests/test-progs/cs1952y-fp/alt'
src/sim/mem_state.cc:448: info: Increasing stack size by one page.
Relaxing scrub interval from 1391 cycles to 1738 cycles
Relaxing scrub interval from 1738 cycles to 2172 cycles
Relaxing scrub interval from 2172 cycles to 2715 cycles
Relaxing scrub interval from 2715 cycles to 3393 cycles
Relaxing scrub interval from 3393 cycles to 4241 cycles
src/sim/syscall_emul.cc:75: warn: ignoring syscall mprotect(...) at tick 17327000
Relaxing scrub interval from 4241 cycles to 5301 cycles
Relaxing scrub interval from 5301 cycles to 6626 cycles
Relaxing scrub interval from 6626 cycles to 8282 cycles
Relaxing scrub interval from 8282 cycles to 10352 cycles
Relaxing scrub interval from 10352 cycles to 12940 cycles
Tightening scrub interval from 12940 cycles to 6470 cycles
Relaxing scrub interval from 6470 cycles to 8087 cycles
Relaxing scrub interval from 8087 cycles to 10108 cycles
Tightening scrub interval from 10108 cycles to 5054 cycles
Relaxing scrub interval from 5054 cycles to 6317 cycles
Relaxing scrub interval from 6317 cycles to 7896 cycles
Relaxing scrub interval from 7896 cycles to 9870 cycles
Tightening scrub interval from 9870 cycles to 4935 cycles
Tightening scrub interval from 4935 cycles to 2467 cycles
Relaxing scrub interval from 2467 cycles to 3083 cycles
Relaxing scrub interval from 3083 cycles to 3853 cycles
Relaxing scrub interval from 3853 cycles to 4816 cycles
Relaxing scrub interval from 4816 cycles to 6020 cycles
Relaxing scrub interval from 6020 cycles to 7525 cycles
Relaxing scrub interval from 7525 cycles to 9406 cycles
Tightening scrub interval from 9406 cycles to 4703 cycles
Relaxing scrub interval from 4703 cycles to 5878 cycles
Relaxing scrub interval from 5878 cycles to 7347 cycles
Tightening scrub interval from 7347 cycles to 3673 cycles
Tightening scrub interval from 3673 cycles to 1836 cycles
Relaxing scrub interval from 1836 cycles to 2295 cycles
Relaxing scrub interval from 2295 cycles to 2868 cycles
Relaxing scrub interval from 2868 cycles to 3585 cycles
Tightening scrub interval from 3585 cycles to 1792 cycles
Relaxing scrub interval from 1792 cycles to 2240 cycles
Tightening scrub interval from 2240 cycles to 1120 cycles
Relaxing scrub interval from 1120 cycles to 1400 cycles
Relaxing scrub interval from 1400 cycles to 1750 cycles
Relaxing scrub interval from 1750 cycles to 2187 cycles
Relaxing scrub interval from 2187 cycles to 2733 cycles
Relaxing scrub interval from 2733 cycles to 3416 cycles
Relaxing scrub interval from 3416 cycles to 4270 cycles
Tightening scrub interval from 4270 cycles to 2135 cycles
Relaxing scrub interval from 2135 cycles to 2668 cycles
Relaxing scrub interval from 2668 cycles to 3335 cycles
Relaxing scrub interval from 3335 cycles to 4168 cycles
Tightening scrub interval from 4168 cycles to 2084 cycles
Relaxing scrub interval from 2084 cycles to 2605 cycles
Tightening scrub interval from 2605 cycles to 1302 cycles
Relaxing scrub interval from 1302 cycles to 1627 cycles
Relaxing scrub interval from 1627 cycles to 2033 cycles
Relaxing scrub interval from 2033 cycles to 2541 cycles
Relaxing scrub interval from 2541 cycles to 3176 cycles
Tightening scrub interval from 3176 cycles to 1588 cycles
Relaxing scrub interval from 1588 cycles to 1985 cycles
Relaxing scrub interval from 1985 cycles to 2481 cycles
Tightening scrub interval from 2481 cycles to 1240 cycles
Relaxing scrub interval from 1240 cycles to 1550 cycles
Tightening scrub interval from 1550 cycles to 775 cycles
Relaxing scrub interval from 775 cycles to 968 cycles
Relaxing scrub interval from 968 cycles to 1210 cycles
Relaxing scrub interval from 1210 cycles to 1512 cycles
Relaxing scrub interval from 1512 cycles to 1890 cycles
Relaxing scrub interval from 1890 cycles to 2362 cycles
Relaxing scrub interval from 2362 cycles to 2952 cycles
Relaxing scrub interval from 2952 cycles to 3690 cycles
Tightening scrub interval from 3690 cycles to 1845 cycles
Relaxing scrub interval from 1845 cycles to 2306 cycles
Tightening scrub interval from 2306 cycles to 1153 cycles
Relaxing scrub interval from 1153 cycles to 1441 cycles
Relaxing scrub interval from 1441 cycles to 1801 cycles
Relaxing scrub interval from 1801 cycles to 2251 cycles
Tightening scrub interval from 2251 cycles to 1125 cycles
Tightening scrub interval from 1125 cycles to 562 cycles
Relaxing scrub interval from 562 cycles to 702 cycles
Relaxing scrub interval from 702 cycles to 877 cycles
Relaxing scrub interval from 877 cycles to 1096 cycles
Relaxing scrub interval from 1096 cycles to 1370 cycles
Tightening scrub interval from 1370 cycles to 685 cycles
Relaxing scrub interval from 685 cycles to 856 cycles
Relaxing scrub interval from 856 cycles to 1070 cycles
Relaxing scrub interval from 1070 cycles to 1337 cycles
Tightening scrub interval from 1337 cycles to 668 cycles
Relaxing scrub interval from 668 cycles to 835 cycles
Tightening scrub interval from 835 cycles to 417 cycles
Relaxing scrub interval from 417 cycles to 521 cycles
Relaxing scrub interval from 521 cycles to 651 cycles
Relaxing scrub interval from 651 cycles to 813 cycles
Relaxing scrub interval from 813 cycles to 1016 cycles
Relaxing scrub interval from 1016 cycles to 1270 cycles
Relaxing scrub interval from 1270 cycles to 1587 cycles
Relaxing scrub interval from 1587 cycles to 1983 cycles
Relaxing scrub interval from 1983 cycles to 2478 cycles
Relaxing scrub interval from 2478 cycles to 3097 cycles
Relaxing scrub interval from 3097 cycles to 3871 cycles
Tightening scrub interval from 3871 cycles to 1935 cycles
Relaxing scrub interval from 1935 cycles to 2418 cycles
Relaxing scrub interval from 2418 cycles to 3022 cycles
Relaxing scrub interval from 3022 cycles to 3777 cycles
Relaxing scrub interval from 3777 cycles to 4721 cycles
Relaxing scrub interval from 4721 cycles to 5901 cycles
Relaxing scrub interval from 5901 cycles to 7376 cycles
Relaxing scrub interval from 7376 cycles to 9220 cycles
Relaxing scrub interval from 9220 cycles to 11525 cycles
Tightening scrub interval from 11525 cycles to 5762 cycles
Relaxing scrub interval from 5762 cycles to 7202 cycles
Tightening scrub interval from 7202 cycles to 3601 cycles
Relaxing scrub interval from 3601 cycles to 4501 cycles
Tightening scrub interval from 4501 cycles to 2250 cycles
Tightening scrub interval from 2250 cycles to 1125 cycles
Relaxing scrub interval from 1125 cycles to 1406 cycles
Relaxing scrub interval from 1406 cycles to 1757 cycles
Relaxing scrub interval from 1757 cycles to 2196 cycles
Tightening scrub interval from 2196 cycles to 1098 cycles
Relaxing scrub interval from 1098 cycles to 1372 cycles
Relaxing scrub interval from 1372 cycles to 1715 cycles
Relaxing scrub interval from 1715 cycles to 2143 cycles
Relaxing scrub interval from 2143 cycles to 2678 cycles
Relaxing scrub interval from 2678 cycles to 3347 cycles
Relaxing scrub interval from 3347 cycles to 4183 cycles
Relaxing scrub interval from 4183 cycles to 5228 cycles
Relaxing scrub interval from 5228 cycles to 6535 cycles
Relaxing scrub interval from 6535 cycles to 8168 cycles
Relaxing scrub interval from 8168 cycles to 10210 cycles
Tightening scrub interval from 10210 cycles to 5105 cycles
Tightening scrub interval from 5105 cycles to 2552 cycles
Relaxing scrub interval from 2552 cycles to 3190 cycles
Relaxing scrub interval from 3190 cycles to 3987 cycles
Relaxing scrub interval from 3987 cycles to 4983 cycles
Tightening scrub interval from 4983 cycles to 2491 cycles
Tightening scrub interval from 2491 cycles to 1245 cycles
Relaxing scrub interval from 1245 cycles to 1556 cycles
Relaxing scrub interval from 1556 cycles to 1945 cycles
Tightening scrub interval from 1945 cycles to 972 cycles
Relaxing scrub interval from 972 cycles to 1215 cycles
Relaxing scrub interval from 1215 cycles to 1518 cycles
Relaxing scrub interval from 1518 cycles to 1897 cycles
Relaxing scrub interval from 1897 cycles to 2371 cycles
Relaxing scrub interval from 2371 cycles to 2963 cycles
Tightening scrub interval from 2963 cycles to 1481 cycles
Relaxing scrub interval from 1481 cycles to 1851 cycles
Relaxing scrub interval from 1851 cycles to 2313 cycles
Relaxing scrub interval from 2313 cycles to 2891 cycles
Tightening scrub interval from 2891 cycles to 1445 cycles
Relaxing scrub interval from 1445 cycles to 1806 cycles
Relaxing scrub interval from 1806 cycles to 2257 cycles
Relaxing scrub interval from 2257 cycles to 2821 cycles
Tightening scrub interval from 2821 cycles to 1410 cycles
Relaxing scrub interval from 1410 cycles to 1762 cycles
Relaxing scrub interval from 1762 cycles to 2202 cycles
Tightening scrub interval from 2202 cycles to 1101 cycles
Relaxing scrub interval from 1101 cycles to 1376 cycles
Tightening scrub interval from 1376 cycles to 688 cycles
Relaxing scrub interval from 688 cycles to 860 cycles
Relaxing scrub interval from 860 cycles to 1075 cycles
Relaxing scrub interval from 1075 cycles to 1343 cycles
Relaxing scrub interval from 1343 cycles to 1678 cycles
Relaxing scrub interval from 1678 cycles to 2097 cycles
Relaxing scrub interval from 2097 cycles to 2621 cycles
Relaxing scrub interval from 2621 cycles to 3276 cycles
Tightening scrub interval from 3276 cycles to 1638 cycles
Relaxing scrub interval from 1638 cycles to 2047 cycles
Relaxing scrub interval from 2047 cycles to 2558 cycles
Relaxing scrub interval from 2558 cycles to 3197 cycles
Relaxing scrub interval from 3197 cycles to 3996 cycles
Relaxing scrub interval from 3996 cycles to 4995 cycles
Relaxing scrub interval from 4995 cycles to 6243 cycles
Relaxing scrub interval from 6243 cycles to 7803 cycles
Tightening scrub interval from 7803 cycles to 3901 cycles
Relaxing scrub interval from 3901 cycles to 4876 cycles
Relaxing scrub interval from 4876 cycles to 6095 cycles
Relaxing scrub interval from 6095 cycles to 7618 cycles
Tightening scrub interval from 7618 cycles to 3809 cycles
Tightening scrub interval from 3809 cycles to 1904 cycles
Relaxing scrub interval from 1904 cycles to 2380 cycles
Relaxing scrub interval from 2380 cycles to 2975 cycles
Relaxing scrub interval from 2975 cycles to 3718 cycles
Tightening scrub interval from 3718 cycles to 1859 cycles
Relaxing scrub interval from 1859 cycles to 2323 cycles
Relaxing scrub interval from 2323 cycles to 2903 cycles
Relaxing scrub interval from 2903 cycles to 3628 cycles
Relaxing scrub interval from 3628 cycles to 4535 cycles
Tightening scrub interval from 4535 cycles to 2267 cycles
Tightening scrub interval from 2267 cycles to 1133 cycles
Relaxing scrub interval from 1133 cycles to 1416 cycles
Relaxing scrub interval from 1416 cycles to 1770 cycles
Relaxing scrub interval from 1770 cycles to 2212 cycles
Relaxing scrub interval from 2212 cycles to 2765 cycles
Tightening scrub interval from 2765 cycles to 1382 cycles
Relaxing scrub interval from 1382 cycles to 1727 cycles
Relaxing scrub interval from 1727 cycles to 2158 cycles
Relaxing scrub interval from 2158 cycles to 2697 cycles
Relaxing scrub interval from 2697 cycles to 3371 cycles
Tightening scrub interval from 3371 cycles to 1685 cycles
Relaxing scrub interval from 1685 cycles to 2106 cycles
Relaxing scrub interval from 2106 cycles to 2632 cycles
Tightening scrub interval from 2632 cycles to 1316 cycles
Relaxing scrub interval from 1316 cycles to 1645 cycles
Relaxing scrub interval from 1645 cycles to 2056 cycles
Relaxing scrub interval from 2056 cycles to 2570 cycles
Relaxing scrub interval from 2570 cycles to 3212 cycles
Relaxing scrub interval from 3212 cycles to 4015 cycles
Relaxing scrub interval from 4015 cycles to 5018 cycles
Relaxing scrub interval from 5018 cycles to 6272 cycles
Tightening scrub interval from 6272 cycles to 3136 cycles
Tightening scrub interval from 3136 cycles to 1568 cycles
Relaxing scrub interval from 1568 cycles to 1960 cycles
Relaxing scrub interval from 1960 cycles to 2450 cycles
Relaxing scrub interval from 2450 cycles to 3062 cycles
Relaxing scrub interval from 3062 cycles to 3827 cycles
Tightening scrub interval from 3827 cycles to 1913 cycles
Relaxing scrub interval from 1913 cycles to 2391 cycles
Relaxing scrub interval from 2391 cycles to 2988 cycles
Tightening scrub interval from 2988 cycles to 1494 cycles
Relaxing scrub interval from 1494 cycles to 1867 cycles
Relaxing scrub interval from 1867 cycles to 2333 cycles
Relaxing scrub interval from 2333 cycles to 2916 cycles
Tightening scrub interval from 2916 cycles to 1458 cycles
Relaxing scrub interval from 1458 cycles to 1822 cycles
Relaxing scrub interval from 1822 cycles to 2277 cycles
Relaxing scrub interval from 2277 cycles to 2846 cycles
Relaxing scrub interval from 2846 cycles to 3557 cycles
Relaxing scrub interval from 3557 cycles to 4446 cycles
Relaxing scrub interval from 4446 cycles to 5557 cycles
Relaxing scrub interval from 5557 cycles to 6946 cycles
Tightening scrub interval from 6946 cycles to 3473 cycles
Tightening scrub interval from 3473 cycles to 1736 cycles
Relaxing scrub interval from 1736 cycles to 2170 cycles
Relaxing scrub interval from 2170 cycles to 2712 cycles
Relaxing scrub interval from 2712 cycles to 3390 cycles
Relaxing scrub interval from 3390 cycles to 4237 cycles
Relaxing scrub interval from 4237 cycles to 5296 cycles
Relaxing scrub interval from 5296 cycles to 6620 cycles
Relaxing scrub interval from 6620 cycles to 8275 cycles
Tightening scrub interval from 8275 cycles to 4137 cycles
Relaxing scrub interval from 4137 cycles to 5171 cycles
Tightening scrub interval from 5171 cycles to 2585 cycles
Tightening scrub interval from 2585 cycles to 1292 cycles
Relaxing scrub interval from 1292 cycles to 1615 cycles
Tightening scrub interval from 1615 cycles to 807 cycles
Relaxing scrub interval from 807 cycles to 1008 cycles
Tightening scrub interval from 1008 cycles to 504 cycles
Relaxing scrub interval from 504 cycles to 630 cycles
Relaxing scrub interval from 630 cycles to 787 cycles
Relaxing scrub interval from 787 cycles to 983 cycles
Relaxing scrub interval from 983 cycles to 1228 cycles
Relaxing scrub interval from 1228 cycles to 1535 cycles
Relaxing scrub interval from 1535 cycles to 1918 cycles
Relaxing scrub interval from 1918 cycles to 2397 cycles
Tightening scrub interval from 2397 cycles to 1198 cycles
Relaxing scrub interval from 1198 cycles to 1497 cycles
Relaxing scrub interval from 1497 cycles to 1871 cycles
Relaxing scrub interval from 1871 cycles to 2338 cycles
Relaxing scrub interval from 2338 cycles to 2922 cycles
Relaxing scrub interval from 2922 cycles to 3652 cycles
Relaxing scrub interval from 3652 cycles to 4565 cycles
Relaxing scrub interval from 4565 cycles to 5706 cycles
Tightening scrub interval from 5706 cycles to 2853 cycles
Relaxing scrub interval from 2853 cycles to 3566 cycles
Relaxing scrub interval from 3566 cycles to 4457 cycles
Relaxing scrub interval from 4457 cycles to 5571 cycles
Tightening scrub interval from 5571 cycles to 2785 cycles
Relaxing scrub interval from 2785 cycles to 3481 cycles
Relaxing scrub interval from 3481 cycles to 4351 cycles
Relaxing scrub interval from 4351 cycles to 5438 cycles
Tightening scrub interval from 5438 cycles to 2719 cycles
Tightening scrub interval from 2719 cycles to 1359 cycles
Relaxing scrub interval from 1359 cycles to 1698 cycles
Relaxing scrub interval from 1698 cycles to 2122 cycles
Relaxing scrub interval from 2122 cycles to 2652 cycles
Relaxing scrub interval from 2652 cycles to 3315 cycles
Relaxing scrub interval from 3315 cycles to 4143 cycles
Tightening scrub interval from 4143 cycles to 2071 cycles
Tightening scrub interval from 2071 cycles to 1035 cycles
Relaxing scrub interval from 1035 cycles to 1293 cycles
Relaxing scrub interval from 1293 cycles to 1616 cycles
Relaxing scrub interval from 1616 cycles to 2020 cycles
Relaxing scrub interval from 2020 cycles to 2525 cycles
Tightening scrub interval from 2525 cycles to 1262 cycles
Relaxing scrub interval from 1262 cycles to 1577 cycles
Relaxing scrub interval from 1577 cycles to 1971 cycles
Relaxing scrub interval from 1971 cycles to 2463 cycles
Relaxing scrub interval from 2463 cycles to 3078 cycles
Relaxing scrub interval from 3078 cycles to 3847 cycles
Relaxing scrub interval from 3847 cycles to 4808 cycles
Tightening scrub interval from 4808 cycles to 2404 cycles
Relaxing scrub interval from 2404 cycles to 3005 cycles
Relaxing scrub interval from 3005 cycles to 3756 cycles
Tightening scrub interval from 3756 cycles to 1878 cycles
Relaxing scrub interval from 1878 cycles to 2347 cycles
Relaxing scrub interval from 2347 cycles to 2933 cycles
Relaxing scrub interval from 2933 cycles to 3666 cycles
Tightening scrub interval from 3666 cycles to 1833 cycles
Relaxing scrub interval from 1833 cycles to 2291 cycles
Relaxing scrub interval from 2291 cycles to 2863 cycles
Relaxing scrub interval from 2863 cycles to 3578 cycles
Relaxing scrub interval from 3578 cycles to 4472 cycles
Relaxing scrub interval from 4472 cycles to 5590 cycles
Relaxing scrub interval from 5590 cycles to 6987 cycles
Tightening scrub interval from 6987 cycles to 3493 cycles
Tightening scrub interval from 3493 cycles to 1746 cycles
Relaxing scrub interval from 1746 cycles to 2182 cycles
Tightening scrub interval from 2182 cycles to 1091 cycles
Relaxing scrub interval from 1091 cycles to 1363 cycles
Relaxing scrub interval from 1363 cycles to 1703 cycles
Tightening scrub interval from 1703 cycles to 851 cycles
Tightening scrub interval from 851 cycles to 425 cycles
Relaxing scrub interval from 425 cycles to 531 cycles
Relaxing scrub interval from 531 cycles to 663 cycles
Relaxing scrub interval from 663 cycles to 828 cycles
Relaxing scrub interval from 828 cycles to 1035 cycles
Relaxing scrub interval from 1035 cycles to 1293 cycles
Relaxing scrub interval from 1293 cycles to 1616 cycles
Tightening scrub interval from 1616 cycles to 808 cycles
Relaxing scrub interval from 808 cycles to 1010 cycles
Relaxing scrub interval from 1010 cycles to 1262 cycles
Relaxing scrub interval from 1262 cycles to 1577 cycles
Relaxing scrub interval from 1577 cycles to 1971 cycles
Tightening scrub interval from 1971 cycles to 985 cycles
Relaxing scrub interval from 985 cycles to 1231 cycles
Tightening scrub interval from 1231 cycles to 615 cycles
Relaxing scrub interval from 615 cycles to 768 cycles
Relaxing scrub interval from 768 cycles to 960 cycles
Relaxing scrub interval from 960 cycles to 1200 cycles
Relaxing scrub interval from 1200 cycles to 1500 cycles
Relaxing scrub interval from 1500 cycles to 1875 cycles
Relaxing scrub interval from 1875 cycles to 2343 cycles
Relaxing scrub interval from 2343 cycles to 2928 cycles
Relaxing scrub interval from 2928 cycles to 3660 cycles
Relaxing scrub interval from 3660 cycles to 4575 cycles
Relaxing scrub interval from 4575 cycles to 5718 cycles
Relaxing scrub interval from 5718 cycles to 7147 cycles
Relaxing scrub interval from 7147 cycles to 8933 cycles
Relaxing scrub interval from 8933 cycles to 11166 cycles
Tightening scrub interval from 11166 cycles to 5583 cycles
Relaxing scrub interval from 5583 cycles to 6978 cycles
Tightening scrub interval from 6978 cycles to 3489 cycles
Relaxing scrub interval from 3489 cycles to 4361 cycles
Tightening scrub interval from 4361 cycles to 2180 cycles
Relaxing scrub interval from 2180 cycles to 2725 cycles
Relaxing scrub interval from 2725 cycles to 3406 cycles
Tightening scrub interval from 3406 cycles to 1703 cycles
Relaxing scrub interval from 1703 cycles to 2128 cycles
Relaxing scrub interval from 2128 cycles to 2660 cycles
Relaxing scrub interval from 2660 cycles to 3325 cycles
Tightening scrub interval from 3325 cycles to 1662 cycles
Relaxing scrub interval from 1662 cycles to 2077 cycles
Relaxing scrub interval from 2077 cycles to 2596 cycles
Relaxing scrub interval from 2596 cycles to 3245 cycles
Tightening scrub interval from 3245 cycles to 1622 cycles
Relaxing scrub interval from 1622 cycles to 2027 cycles
Relaxing scrub interval from 2027 cycles to 2533 cycles
Relaxing scrub interval from 2533 cycles to 3166 cycles
Relaxing scrub interval from 3166 cycles to 3957 cycles
Relaxing scrub interval from 3957 cycles to 4946 cycles
Tightening scrub interval from 4946 cycles to 2473 cycles
Relaxing scrub interval from 2473 cycles to 3091 cycles
Tightening scrub interval from 3091 cycles to 1545 cycles
Relaxing scrub interval from 1545 cycles to 1931 cycles
Tightening scrub interval from 1931 cycles to 965 cycles
Relaxing scrub interval from 965 cycles to 1206 cycles
Relaxing scrub interval from 1206 cycles to 1507 cycles
Relaxing scrub interval from 1507 cycles to 1883 cycles
Tightening scrub interval from 1883 cycles to 941 cycles
Tightening scrub interval from 941 cycles to 470 cycles
Relaxing scrub interval from 470 cycles to 587 cycles
Relaxing scrub interval from 587 cycles to 733 cycles
Relaxing scrub interval from 733 cycles to 916 cycles
Relaxing scrub interval from 916 cycles to 1145 cycles
Relaxing scrub interval from 1145 cycles to 1431 cycles
Relaxing scrub interval from 1431 cycles to 1788 cycles
Relaxing scrub interval from 1788 cycles to 2235 cycles
Relaxing scrub interval from 2235 cycles to 2793 cycles
Relaxing scrub interval from 2793 cycles to 3491 cycles
Relaxing scrub interval from 3491 cycles to 4363 cycles
Tightening scrub interval from 4363 cycles to 2181 cycles
Relaxing scrub interval from 2181 cycles to 2726 cycles
Relaxing scrub interval from 2726 cycles to 3407 cycles
Relaxing scrub interval from 3407 cycles to 4258 cycles
Relaxing scrub interval from 4258 cycles to 5322 cycles
Relaxing scrub interval from 5322 cycles to 6652 cycles
Relaxing scrub interval from 6652 cycles to 8315 cycles
Tightening scrub interval from 8315 cycles to 4157 cycles
Tightening scrub interval from 4157 cycles to 2078 cycles
Tightening scrub interval from 2078 cycles to 1039 cycles
Relaxing scrub interval from 1039 cycles to 1298 cycles
Relaxing scrub interval from 1298 cycles to 1622 cycles
Relaxing scrub interval from 1622 cycles to 2027 cycles
Relaxing scrub interval from 2027 cycles to 2533 cycles
Relaxing scrub interval from 2533 cycles to 3166 cycles
Tightening scrub interval from 3166 cycles to 1583 cycles
Relaxing scrub interval from 1583 cycles to 1978 cycles
Tightening scrub interval from 1978 cycles to 989 cycles
Relaxing scrub interval from 989 cycles to 1236 cycles
Relaxing scrub interval from 1236 cycles to 1545 cycles
Relaxing scrub interval from 1545 cycles to 1931 cycles
Relaxing scrub interval from 1931 cycles to 2413 cycles
Tightening scrub interval from 2413 cycles to 1206 cycles
Relaxing scrub interval from 1206 cycles to 1507 cycles
Relaxing scrub interval from 1507 cycles to 1883 cycles
Tightening scrub interval from 1883 cycles to 941 cycles
Relaxing scrub interval from 941 cycles to 1176 cycles
Relaxing scrub interval from 1176 cycles to 1470 cycles
Relaxing scrub interval from 1470 cycles to 1837 cycles
Relaxing scrub interval from 1837 cycles to 2296 cycles
Tightening scrub interval from 2296 cycles to 1148 cycles
Relaxing scrub interval from 1148 cycles to 1435 cycles
Relaxing scrub interval from 1435 cycles to 1793 cycles
Relaxing scrub interval from 1793 cycles to 2241 cycles
Relaxing scrub interval from 2241 cycles to 2801 cycles
Relaxing scrub interval from 2801 cycles to 3501 cycles
Relaxing scrub interval from 3501 cycles to 4376 cycles
Relaxing scrub interval from 4376 cycles to 5470 cycles
Tightening scrub interval from 5470 cycles to 2735 cycles
Relaxing scrub interval from 2735 cycles to 3418 cycles
Tightening scrub interval from 3418 cycles to 1709 cycles
Relaxing scrub interval from 1709 cycles to 2136 cycles
Relaxing scrub interval from 2136 cycles to 2670 cycles
Relaxing scrub interval from 2670 cycles to 3337 cycles
Relaxing scrub interval from 3337 cycles to 4171 cycles
Relaxing scrub interval from 4171 cycles to 5213 cycles
Tightening scrub interval from 5213 cycles to 2606 cycles
Relaxing scrub interval from 2606 cycles to 3257 cycles
Relaxing scrub interval from 3257 cycles to 4071 cycles
Tightening scrub interval from 4071 cycles to 2035 cycles
Tightening scrub interval from 2035 cycles to 1017 cycles
Relaxing scrub interval from 1017 cycles to 1271 cycles
Tightening scrub interval from 1271 cycles to 635 cycles
Relaxing scrub interval from 635 cycles to 793 cycles
Relaxing scrub interval from 793 cycles to 991 cycles
Relaxing scrub interval from 991 cycles to 1238 cycles
Relaxing scrub interval from 1238 cycles to 1547 cycles
Relaxing scrub interval from 1547 cycles to 1933 cycles
Relaxing scrub interval from 1933 cycles to 2416 cycles
Relaxing scrub interval from 2416 cycles to 3020 cycles
Tightening scrub interval from 3020 cycles to 1510 cycles
Relaxing scrub interval from 1510 cycles to 1887 cycles
Relaxing scrub interval from 1887 cycles to 2358 cycles
Tightening scrub interval from 2358 cycles to 1179 cycles
Tightening scrub interval from 1179 cycles to 589 cycles
Relaxing scrub interval from 589 cycles to 736 cycles
Relaxing scrub interval from 736 cycles to 920 cycles
Relaxing scrub interval from 920 cycles to 1150 cycles
Relaxing scrub interval from 1150 cycles to 1437 cycles
Relaxing scrub interval from 1437 cycles to 1796 cycles
Relaxing scrub interval from 1796 cycles to 2245 cycles
Relaxing scrub interval from 2245 cycles to 2806 cycles
Relaxing scrub interval from 2806 cycles to 3507 cycles
Tightening scrub interval from 3507 cycles to 1753 cycles
Relaxing scrub interval from 1753 cycles to 2191 cycles
Relaxing scrub interval from 2191 cycles to 2738 cycles
Relaxing scrub interval from 2738 cycles to 3422 cycles
Relaxing scrub interval from 3422 cycles to 4277 cycles
Relaxing scrub interval from 4277 cycles to 5346 cycles
Tightening scrub interval from 5346 cycles to 2673 cycles
Relaxing scrub interval from 2673 cycles to 3341 cycles
Relaxing scrub interval from 3341 cycles to 4176 cycles
Tightening scrub interval from 4176 cycles to 2088 cycles
Relaxing scrub interval from 2088 cycles to 2610 cycles
Relaxing scrub interval from 2610 cycles to 3262 cycles
Tightening scrub interval from 3262 cycles to 1631 cycles
Tightening scrub interval from 1631 cycles to 815 cycles
Relaxing scrub interval from 815 cycles to 1018 cycles
Relaxing scrub interval from 1018 cycles to 1272 cycles
Relaxing scrub interval from 1272 cycles to 1590 cycles
Tightening scrub interval from 1590 cycles to 795 cycles
Relaxing scrub interval from 795 cycles to 993 cycles
Relaxing scrub interval from 993 cycles to 1241 cycles
Relaxing scrub interval from 1241 cycles to 1551 cycles
Relaxing scrub interval from 1551 cycles to 1938 cycles
Relaxing scrub interval from 1938 cycles to 2422 cycles
Relaxing scrub interval from 2422 cycles to 3027 cycles
Relaxing scrub interval from 3027 cycles to 3783 cycles
Tightening scrub interval from 3783 cycles to 1891 cycles
Tightening scrub interval from 1891 cycles to 945 cycles
Relaxing scrub interval from 945 cycles to 1181 cycles
Relaxing scrub interval from 1181 cycles to 1476 cycles
Relaxing scrub interval from 1476 cycles to 1845 cycles
Relaxing scrub interval from 1845 cycles to 2306 cycles
Tightening scrub interval from 2306 cycles to 1153 cycles
Relaxing scrub interval from 1153 cycles to 1441 cycles
Relaxing scrub interval from 1441 cycles to 1801 cycles
Relaxing scrub interval from 1801 cycles to 2251 cycles
Relaxing scrub interval from 2251 cycles to 2813 cycles
Relaxing scrub interval from 2813 cycles to 3516 cycles
Relaxing scrub interval from 3516 cycles to 4395 cycles
Relaxing scrub interval from 4395 cycles to 5493 cycles
Relaxing scrub interval from 5493 cycles to 6866 cycles
Relaxing scrub interval from 6866 cycles to 8582 cycles
Tightening scrub interval from 8582 cycles to 4291 cycles
Relaxing scrub interval from 4291 cycles to 5363 cycles
Tightening scrub interval from 5363 cycles to 2681 cycles
Relaxing scrub interval from 2681 cycles to 3351 cycles
Relaxing scrub interval from 3351 cycles to 4188 cycles
Tightening scrub interval from 4188 cycles to 2094 cycles
Relaxing scrub interval from 2094 cycles to 2617 cycles
Relaxing scrub interval from 2617 cycles to 3271 cycles
Tightening scrub interval from 3271 cycles to 1635 cycles
Relaxing scrub interval from 1635 cycles to 2043 cycles
Relaxing scrub interval from 2043 cycles to 2553 cycles
Relaxing scrub interval from 2553 cycles to 3191 cycles
Relaxing scrub interval from 3191 cycles to 3988 cycles
Relaxing scrub interval from 3988 cycles to 4985 cycles
Tightening scrub interval from 4985 cycles to 2492 cycles
Relaxing scrub interval from 2492 cycles to 3115 cycles
Relaxing scrub interval from 3115 cycles to 3893 cycles
Relaxing scrub interval from 3893 cycles to 4866 cycles
Relaxing scrub interval from 4866 cycles to 6082 cycles
Tightening scrub interval from 6082 cycles to 3041 cycles
Relaxing scrub interval from 3041 cycles to 3801 cycles
Relaxing scrub interval from 3801 cycles to 4751 cycles
Relaxing scrub interval from 4751 cycles to 5938 cycles
Relaxing scrub interval from 5938 cycles to 7422 cycles
Tightening scrub interval from 7422 cycles to 3711 cycles
Relaxing scrub interval from 3711 cycles to 4638 cycles
Relaxing scrub interval from 4638 cycles to 5797 cycles
Relaxing scrub interval from 5797 cycles to 7246 cycles
Tightening scrub interval from 7246 cycles to 3623 cycles
Relaxing scrub interval from 3623 cycles to 4528 cycles
Relaxing scrub interval from 4528 cycles to 5660 cycles
Tightening scrub interval from 5660 cycles to 2830 cycles
Relaxing scrub interval from 2830 cycles to 3537 cycles
Relaxing scrub interval from 3537 cycles to 4421 cycles
Relaxing scrub interval from 4421 cycles to 5526 cycles
Tightening scrub interval from 5526 cycles to 2763 cycles
Relaxing scrub interval from 2763 cycles to 3453 cycles
Relaxing scrub interval from 3453 cycles to 4316 cycles
Relaxing scrub interval from 4316 cycles to 5395 cycles
Tightening scrub interval from 5395 cycles to 2697 cycles
Relaxing scrub interval from 2697 cycles to 3371 cycles
Relaxing scrub interval from 3371 cycles to 4213 cycles
Relaxing scrub interval from 4213 cycles to 5266 cycles
Tightening scrub interval from 5266 cycles to 2633 cycles
Relaxing scrub interval from 2633 cycles to 3291 cycles
Tightening scrub interval from 3291 cycles to 1645 cycles
Relaxing scrub interval from 1645 cycles to 2056 cycles
Relaxing scrub interval from 2056 cycles to 2570 cycles
Tightening scrub interval from 2570 cycles to 1285 cycles
Tightening scrub interval from 1285 cycles to 642 cycles
Relaxing scrub interval from 642 cycles to 802 cycles
Relaxing scrub interval from 802 cycles to 1002 cycles
Tightening scrub interval from 1002 cycles to 501 cycles
Relaxing scrub interval from 501 cycles to 626 cycles
Relaxing scrub interval from 626 cycles to 782 cycles
Relaxing scrub interval from 782 cycles to 977 cycles
Relaxing scrub interval from 977 cycles to 1221 cycles
Relaxing scrub interval from 1221 cycles to 1526 cycles
Relaxing scrub interval from 1526 cycles to 1907 cycles
Tightening scrub interval from 1907 cycles to 953 cycles
Relaxing scrub interval from 953 cycles to 1191 cycles
Relaxing scrub interval from 1191 cycles to 1488 cycles
Relaxing scrub interval from 1488 cycles to 1860 cycles
Tightening scrub interval from 1860 cycles to 930 cycles
Relaxing scrub interval from 930 cycles to 1162 cycles
Relaxing scrub interval from 1162 cycles to 1452 cycles
Tightening scrub interval from 1452 cycles to 726 cycles
Relaxing scrub interval from 726 cycles to 907 cycles
Relaxing scrub interval from 907 cycles to 1133 cycles
Relaxing scrub interval from 1133 cycles to 1416 cycles
Relaxing scrub interval from 1416 cycles to 1770 cycles
Relaxing scrub interval from 1770 cycles to 2212 cycles
Relaxing scrub interval from 2212 cycles to 2765 cycles
Relaxing scrub interval from 2765 cycles to 3456 cycles
Relaxing scrub interval from 3456 cycles to 4320 cycles
Relaxing scrub interval from 4320 cycles to 5400 cycles
Relaxing scrub interval from 5400 cycles to 6750 cycles
Relaxing scrub interval from 6750 cycles to 8437 cycles
Tightening scrub interval from 8437 cycles to 4218 cycles
Tightening scrub interval from 4218 cycles to 2109 cycles
Relaxing scrub interval from 2109 cycles to 2636 cycles
Relaxing scrub interval from 2636 cycles to 3295 cycles
Relaxing scrub interval from 3295 cycles to 4118 cycles
Relaxing scrub interval from 4118 cycles to 5147 cycles
Relaxing scrub interval from 5147 cycles to 6433 cycles
Tightening scrub interval from 6433 cycles to 3216 cycles
Relaxing scrub interval from 3216 cycles to 4020 cycles
Tightening scrub interval from 4020 cycles to 2010 cycles
Tightening scrub interval from 2010 cycles to 1005 cycles
Relaxing scrub interval from 1005 cycles to 1256 cycles
Relaxing scrub interval from 1256 cycles to 1570 cycles
Relaxing scrub interval from 1570 cycles to 1962 cycles
Relaxing scrub interval from 1962 cycles to 2452 cycles
Relaxing scrub interval from 2452 cycles to 3065 cycles
Tightening scrub interval from 3065 cycles to 1532 cycles
Relaxing scrub interval from 1532 cycles to 1915 cycles
Relaxing scrub interval from 1915 cycles to 2393 cycles
Tightening scrub interval from 2393 cycles to 1196 cycles
Relaxing scrub interval from 1196 cycles to 1495 cycles
Relaxing scrub interval from 1495 cycles to 1868 cycles
Tightening scrub interval from 1868 cycles to 934 cycles
Tightening scrub interval from 934 cycles to 467 cycles
Relaxing scrub interval from 467 cycles to 583 cycles
Relaxing scrub interval from 583 cycles to 728 cycles
Relaxing scrub interval from 728 cycles to 910 cycles
Relaxing scrub interval from 910 cycles to 1137 cycles
Relaxing scrub interval from 1137 cycles to 1421 cycles
Relaxing scrub interval from 1421 cycles to 1776 cycles
Relaxing scrub interval from 1776 cycles to 2220 cycles
Tightening scrub interval from 2220 cycles to 1110 cycles
Relaxing scrub interval from 1110 cycles to 1387 cycles
Relaxing scrub interval from 1387 cycles to 1733 cycles
Relaxing scrub interval from 1733 cycles to 2166 cycles
Relaxing scrub interval from 2166 cycles to 2707 cycles
Relaxing scrub interval from 2707 cycles to 3383 cycles
Relaxing scrub interval from 3383 cycles to 4228 cycles
Relaxing scrub interval from 4228 cycles to 5285 cycles
Relaxing scrub interval from 5285 cycles to 6606 cycles
Relaxing scrub interval from 6606 cycles to 8257 cycles
Relaxing scrub interval from 8257 cycles to 10321 cycles
Tightening scrub interval from 10321 cycles to 5160 cycles
Tightening scrub interval from 5160 cycles to 2580 cycles
Relaxing scrub interval from 2580 cycles to 3225 cycles
Tightening scrub interval from 3225 cycles to 1612 cycles
Relaxing scrub interval from 1612 cycles to 2015 cycles
Relaxing scrub interval from 2015 cycles to 2518 cycles
Tightening scrub interval from 2518 cycles to 1259 cycles
