warn: No dot file generated. Please install pydot to generate the dot file and pdf.
Scrubbing enabled with adaptive interval starting at 10 cycles, tightening factor 2, relax factor 1.25
src/arch/riscv/isa.cc:275: info: RVV enabled, VLEN = 256 bits, ELEN = 64 bits
src/arch/riscv/linux/se_workload.cc:60: warn: Unknown operating system; assuming Linux.
src/base/statistics.hh:279: warn: One of the stats is a legacy stat. Legacy stat is a stat that does not belong to any statistics::Group. Legacy stat is deprecated.
src/base/remote_gdb.cc:418: warn: Sockets disabled, not accepting gdb connections
src/sim/simulate.cc:199: info: Entering event queue @ 0.  Starting simulation...
Relaxing scrub interval from 10 cycles to 12 cycles
Relaxing scrub interval from 12 cycles to 15 cycles
Relaxing scrub interval from 15 cycles to 18 cycles
Relaxing scrub interval from 18 cycles to 22 cycles
Relaxing scrub interval from 22 cycles to 27 cycles
Relaxing scrub interval from 27 cycles to 33 cycles
Relaxing scrub interval from 33 cycles to 41 cycles
Relaxing scrub interval from 41 cycles to 51 cycles
Relaxing scrub interval from 51 cycles to 63 cycles
Relaxing scrub interval from 63 cycles to 78 cycles
Relaxing scrub interval from 78 cycles to 97 cycles
Relaxing scrub interval from 97 cycles to 121 cycles
Relaxing scrub interval from 121 cycles to 151 cycles
Relaxing scrub interval from 151 cycles to 188 cycles
Relaxing scrub interval from 188 cycles to 235 cycles
Relaxing scrub interval from 235 cycles to 293 cycles
Relaxing scrub interval from 293 cycles to 366 cycles
Relaxing scrub interval from 366 cycles to 457 cycles
Relaxing scrub interval from 457 cycles to 571 cycles
Relaxing scrub interval from 571 cycles to 713 cycles
Relaxing scrub interval from 713 cycles to 891 cycles
Relaxing scrub interval from 891 cycles to 1113 cycles
Relaxing scrub interval from 1113 cycles to 1391 cycles
Relaxing scrub interval from 1391 cycles to 1738 cycles
Relaxing scrub interval from 1738 cycles to 2172 cycles
Relaxing scrub interval from 2172 cycles to 2715 cycles
Relaxing scrub interval from 2715 cycles to 3393 cycles
Relaxing scrub interval from 3393 cycles to 4241 cycles
Relaxing scrub interval from 4241 cycles to 5301 cycles
Relaxing scrub interval from 5301 cycles to 6626 cycles
Relaxing scrub interval from 6626 cycles to 8282 cycles
Relaxing scrub interval from 8282 cycles to 10352 cycles
Relaxing scrub interval from 10352 cycles to 12940 cycles
Tightening scrub interval from 12940 cycles to 6470 cycles
Tightening scrub interval from 6470 cycles to 3235 cycles
Relaxing scrub interval from 3235 cycles to 4043 cycles
Relaxing scrub interval from 4043 cycles to 5053 cycles
Relaxing scrub interval from 5053 cycles to 6316 cycles
Relaxing scrub interval from 6316 cycles to 7895 cycles
Relaxing scrub interval from 7895 cycles to 9868 cycles
Tightening scrub interval from 9868 cycles to 4934 cycles
Relaxing scrub interval from 4934 cycles to 6167 cycles
Tightening scrub interval from 6167 cycles to 3083 cycles
Relaxing scrub interval from 3083 cycles to 3853 cycles
Relaxing scrub interval from 3853 cycles to 4816 cycles
Tightening scrub interval from 4816 cycles to 2408 cycles
Tightening scrub interval from 2408 cycles to 1204 cycles
Relaxing scrub interval from 1204 cycles to 1505 cycles
Tightening scrub interval from 1505 cycles to 752 cycles
Relaxing scrub interval from 752 cycles to 940 cycles
Relaxing scrub interval from 940 cycles to 1175 cycles
Relaxing scrub interval from 1175 cycles to 1468 cycles
Relaxing scrub interval from 1468 cycles to 1835 cycles
Tightening scrub interval from 1835 cycles to 917 cycles
Relaxing scrub interval from 917 cycles to 1146 cycles
Relaxing scrub interval from 1146 cycles to 1432 cycles
Relaxing scrub interval from 1432 cycles to 1790 cycles
Relaxing scrub interval from 1790 cycles to 2237 cycles
Tightening scrub interval from 2237 cycles to 1118 cycles
Relaxing scrub interval from 1118 cycles to 1397 cycles
Relaxing scrub interval from 1397 cycles to 1746 cycles
Relaxing scrub interval from 1746 cycles to 2182 cycles
Tightening scrub interval from 2182 cycles to 1091 cycles
Relaxing scrub interval from 1091 cycles to 1363 cycles
Relaxing scrub interval from 1363 cycles to 1703 cycles
Relaxing scrub interval from 1703 cycles to 2128 cycles
Tightening scrub interval from 2128 cycles to 1064 cycles
Relaxing scrub interval from 1064 cycles to 1330 cycles
Relaxing scrub interval from 1330 cycles to 1662 cycles
Tightening scrub interval from 1662 cycles to 831 cycles
Relaxing scrub interval from 831 cycles to 1038 cycles
Relaxing scrub interval from 1038 cycles to 1297 cycles
Tightening scrub interval from 1297 cycles to 648 cycles
Relaxing scrub interval from 648 cycles to 810 cycles
Relaxing scrub interval from 810 cycles to 1012 cycles
Relaxing scrub interval from 1012 cycles to 1265 cycles
Relaxing scrub interval from 1265 cycles to 1581 cycles
Relaxing scrub interval from 1581 cycles to 1976 cycles
Relaxing scrub interval from 1976 cycles to 2470 cycles
Relaxing scrub interval from 2470 cycles to 3087 cycles
Tightening scrub interval from 3087 cycles to 1543 cycles
Relaxing scrub interval from 1543 cycles to 1928 cycles
Relaxing scrub interval from 1928 cycles to 2410 cycles
Relaxing scrub interval from 2410 cycles to 3012 cycles
Relaxing scrub interval from 3012 cycles to 3765 cycles
Relaxing scrub interval from 3765 cycles to 4706 cycles
Tightening scrub interval from 4706 cycles to 2353 cycles
Relaxing scrub interval from 2353 cycles to 2941 cycles
Tightening scrub interval from 2941 cycles to 1470 cycles
Relaxing scrub interval from 1470 cycles to 1837 cycles
Tightening scrub interval from 1837 cycles to 918 cycles
Relaxing scrub interval from 918 cycles to 1147 cycles
Relaxing scrub interval from 1147 cycles to 1433 cycles
Tightening scrub interval from 1433 cycles to 716 cycles
Relaxing scrub interval from 716 cycles to 895 cycles
Relaxing scrub interval from 895 cycles to 1118 cycles
Relaxing scrub interval from 1118 cycles to 1397 cycles
Relaxing scrub interval from 1397 cycles to 1746 cycles
Relaxing scrub interval from 1746 cycles to 2182 cycles
Relaxing scrub interval from 2182 cycles to 2727 cycles
Tightening scrub interval from 2727 cycles to 1363 cycles
Relaxing scrub interval from 1363 cycles to 1703 cycles
Relaxing scrub interval from 1703 cycles to 2128 cycles
Relaxing scrub interval from 2128 cycles to 2660 cycles
Relaxing scrub interval from 2660 cycles to 3325 cycles
Tightening scrub interval from 3325 cycles to 1662 cycles
Relaxing scrub interval from 1662 cycles to 2077 cycles
Tightening scrub interval from 2077 cycles to 1038 cycles
Relaxing scrub interval from 1038 cycles to 1297 cycles
Relaxing scrub interval from 1297 cycles to 1621 cycles
Tightening scrub interval from 1621 cycles to 810 cycles
Relaxing scrub interval from 810 cycles to 1012 cycles
Relaxing scrub interval from 1012 cycles to 1265 cycles
Relaxing scrub interval from 1265 cycles to 1581 cycles
Relaxing scrub interval from 1581 cycles to 1976 cycles
Relaxing scrub interval from 1976 cycles to 2470 cycles
Relaxing scrub interval from 2470 cycles to 3087 cycles
Tightening scrub interval from 3087 cycles to 1543 cycles
Relaxing scrub interval from 1543 cycles to 1928 cycles
Relaxing scrub interval from 1928 cycles to 2410 cycles
Relaxing scrub interval from 2410 cycles to 3012 cycles
Relaxing scrub interval from 3012 cycles to 3765 cycles
Relaxing scrub interval from 3765 cycles to 4706 cycles
Relaxing scrub interval from 4706 cycles to 5882 cycles
Relaxing scrub interval from 5882 cycles to 7352 cycles
Relaxing scrub interval from 7352 cycles to 9190 cycles
Relaxing scrub interval from 9190 cycles to 11487 cycles
Relaxing scrub interval from 11487 cycles to 14358 cycles
Tightening scrub interval from 14358 cycles to 7179 cycles
Tightening scrub interval from 7179 cycles to 3589 cycles
Relaxing scrub interval from 3589 cycles to 4486 cycles
Relaxing scrub interval from 4486 cycles to 5607 cycles
Relaxing scrub interval from 5607 cycles to 7008 cycles
Relaxing scrub interval from 7008 cycles to 8760 cycles
