warn: No dot file generated. Please install pydot to generate the dot file and pdf.
Scrubbing enabled with adaptive interval starting at 10 cycles, tightening factor 2, relax factor 1.25
src/arch/riscv/isa.cc:275: info: RVV enabled, VLEN = 256 bits, ELEN = 64 bits
src/arch/riscv/linux/se_workload.cc:60: warn: Unknown operating system; assuming Linux.
src/base/statistics.hh:279: warn: One of the stats is a legacy stat. Legacy stat is a stat that does not belong to any statistics::Group. Legacy stat is deprecated.
src/base/remote_gdb.cc:418: warn: Sockets disabled, not accepting gdb connections
src/sim/simulate.cc:199: info: Entering event queue @ 0.  Starting simulation...
Relaxing scrub interval from 10 cycles to 12 cycles
Relaxing scrub interval from 12 cycles to 15 cycles
Relaxing scrub interval from 15 cycles to 18 cycles
Relaxing scrub interval from 18 cycles to 22 cycles
Relaxing scrub interval from 22 cycles to 27 cycles
Relaxing scrub interval from 27 cycles to 33 cycles
Relaxing scrub interval from 33 cycles to 41 cycles
Relaxing scrub interval from 41 cycles to 51 cycles
Relaxing scrub interval from 51 cycles to 63 cycles
Relaxing scrub interval from 63 cycles to 78 cycles
Relaxing scrub interval from 78 cycles to 97 cycles
Relaxing scrub interval from 97 cycles to 121 cycles
Relaxing scrub interval from 121 cycles to 151 cycles
Relaxing scrub interval from 151 cycles to 188 cycles
Relaxing scrub interval from 188 cycles to 235 cycles
Relaxing scrub interval from 235 cycles to 293 cycles
Relaxing scrub interval from 293 cycles to 366 cycles
Relaxing scrub interval from 366 cycles to 457 cycles
Relaxing scrub interval from 457 cycles to 571 cycles
Relaxing scrub interval from 571 cycles to 713 cycles
Relaxing scrub interval from 713 cycles to 891 cycles
Relaxing scrub interval from 891 cycles to 1113 cycles
Relaxing scrub interval from 1113 cycles to 1391 cycles
Relaxing scrub interval from 1391 cycles to 1738 cycles
Relaxing scrub interval from 1738 cycles to 2172 cycles
Relaxing scrub interval from 2172 cycles to 2715 cycles
Relaxing scrub interval from 2715 cycles to 3393 cycles
Relaxing scrub interval from 3393 cycles to 4241 cycles
Relaxing scrub interval from 4241 cycles to 5301 cycles
Relaxing scrub interval from 5301 cycles to 6626 cycles
Relaxing scrub interval from 6626 cycles to 8282 cycles
Relaxing scrub interval from 8282 cycles to 10352 cycles
Relaxing scrub interval from 10352 cycles to 12940 cycles
Tightening scrub interval from 12940 cycles to 6470 cycles
Relaxing scrub interval from 6470 cycles to 8087 cycles
Tightening scrub interval from 8087 cycles to 4043 cycles
Relaxing scrub interval from 4043 cycles to 5053 cycles
Relaxing scrub interval from 5053 cycles to 6316 cycles
Tightening scrub interval from 6316 cycles to 3158 cycles
Relaxing scrub interval from 3158 cycles to 3947 cycles
Tightening scrub interval from 3947 cycles to 1973 cycles
Relaxing scrub interval from 1973 cycles to 2466 cycles
Relaxing scrub interval from 2466 cycles to 3082 cycles
Tightening scrub interval from 3082 cycles to 1541 cycles
Relaxing scrub interval from 1541 cycles to 1926 cycles
Relaxing scrub interval from 1926 cycles to 2407 cycles
Tightening scrub interval from 2407 cycles to 1203 cycles
Relaxing scrub interval from 1203 cycles to 1503 cycles
Relaxing scrub interval from 1503 cycles to 1878 cycles
Relaxing scrub interval from 1878 cycles to 2347 cycles
Relaxing scrub interval from 2347 cycles to 2933 cycles
Tightening scrub interval from 2933 cycles to 1466 cycles
Relaxing scrub interval from 1466 cycles to 1832 cycles
Relaxing scrub interval from 1832 cycles to 2290 cycles
Relaxing scrub interval from 2290 cycles to 2862 cycles
Relaxing scrub interval from 2862 cycles to 3577 cycles
Tightening scrub interval from 3577 cycles to 1788 cycles
Relaxing scrub interval from 1788 cycles to 2235 cycles
Relaxing scrub interval from 2235 cycles to 2793 cycles
Relaxing scrub interval from 2793 cycles to 3491 cycles
Tightening scrub interval from 3491 cycles to 1745 cycles
Relaxing scrub interval from 1745 cycles to 2181 cycles
Relaxing scrub interval from 2181 cycles to 2726 cycles
Relaxing scrub interval from 2726 cycles to 3407 cycles
Tightening scrub interval from 3407 cycles to 1703 cycles
Relaxing scrub interval from 1703 cycles to 2128 cycles
Relaxing scrub interval from 2128 cycles to 2660 cycles
Relaxing scrub interval from 2660 cycles to 3325 cycles
Relaxing scrub interval from 3325 cycles to 4156 cycles
Relaxing scrub interval from 4156 cycles to 5195 cycles
Relaxing scrub interval from 5195 cycles to 6493 cycles
Relaxing scrub interval from 6493 cycles to 8116 cycles
Relaxing scrub interval from 8116 cycles to 10145 cycles
Tightening scrub interval from 10145 cycles to 5072 cycles
Tightening scrub interval from 5072 cycles to 2536 cycles
Relaxing scrub interval from 2536 cycles to 3170 cycles
Relaxing scrub interval from 3170 cycles to 3962 cycles
Relaxing scrub interval from 3962 cycles to 4952 cycles
Relaxing scrub interval from 4952 cycles to 6190 cycles
Tightening scrub interval from 6190 cycles to 3095 cycles
Relaxing scrub interval from 3095 cycles to 3868 cycles
Relaxing scrub interval from 3868 cycles to 4835 cycles
Relaxing scrub interval from 4835 cycles to 6043 cycles
Tightening scrub interval from 6043 cycles to 3021 cycles
Relaxing scrub interval from 3021 cycles to 3776 cycles
Tightening scrub interval from 3776 cycles to 1888 cycles
Tightening scrub interval from 1888 cycles to 944 cycles
Relaxing scrub interval from 944 cycles to 1180 cycles
Tightening scrub interval from 1180 cycles to 590 cycles
Relaxing scrub interval from 590 cycles to 737 cycles
Relaxing scrub interval from 737 cycles to 921 cycles
Relaxing scrub interval from 921 cycles to 1151 cycles
Relaxing scrub interval from 1151 cycles to 1438 cycles
Relaxing scrub interval from 1438 cycles to 1797 cycles
Relaxing scrub interval from 1797 cycles to 2246 cycles
Relaxing scrub interval from 2246 cycles to 2807 cycles
Relaxing scrub interval from 2807 cycles to 3508 cycles
Tightening scrub interval from 3508 cycles to 1754 cycles
Relaxing scrub interval from 1754 cycles to 2192 cycles
Relaxing scrub interval from 2192 cycles to 2740 cycles
Relaxing scrub interval from 2740 cycles to 3425 cycles
Tightening scrub interval from 3425 cycles to 1712 cycles
Relaxing scrub interval from 1712 cycles to 2140 cycles
Relaxing scrub interval from 2140 cycles to 2675 cycles
Tightening scrub interval from 2675 cycles to 1337 cycles
Relaxing scrub interval from 1337 cycles to 1671 cycles
Relaxing scrub interval from 1671 cycles to 2088 cycles
Relaxing scrub interval from 2088 cycles to 2610 cycles
Tightening scrub interval from 2610 cycles to 1305 cycles
Relaxing scrub interval from 1305 cycles to 1631 cycles
Relaxing scrub interval from 1631 cycles to 2038 cycles
Relaxing scrub interval from 2038 cycles to 2547 cycles
Relaxing scrub interval from 2547 cycles to 3183 cycles
Relaxing scrub interval from 3183 cycles to 3978 cycles
Tightening scrub interval from 3978 cycles to 1989 cycles
Relaxing scrub interval from 1989 cycles to 2486 cycles
Relaxing scrub interval from 2486 cycles to 3107 cycles
Relaxing scrub interval from 3107 cycles to 3883 cycles
Tightening scrub interval from 3883 cycles to 1941 cycles
Relaxing scrub interval from 1941 cycles to 2426 cycles
Relaxing scrub interval from 2426 cycles to 3032 cycles
Relaxing scrub interval from 3032 cycles to 3790 cycles
Tightening scrub interval from 3790 cycles to 1895 cycles
Relaxing scrub interval from 1895 cycles to 2368 cycles
Relaxing scrub interval from 2368 cycles to 2960 cycles
Relaxing scrub interval from 2960 cycles to 3700 cycles
Tightening scrub interval from 3700 cycles to 1850 cycles
Relaxing scrub interval from 1850 cycles to 2312 cycles
