warn: No dot file generated. Please install pydot to generate the dot file and pdf.
Scrubbing enabled with adaptive interval starting at 10 cycles, tightening factor 2, relax factor 1.25
src/arch/riscv/isa.cc:275: info: RVV enabled, VLEN = 256 bits, ELEN = 64 bits
src/base/statistics.hh:279: warn: One of the stats is a legacy stat. Legacy stat is a stat that does not belong to any statistics::Group. Legacy stat is deprecated.
src/base/remote_gdb.cc:418: warn: Sockets disabled, not accepting gdb connections
src/sim/simulate.cc:199: info: Entering event queue @ 0.  Starting simulation...
Relaxing scrub interval from 10 cycles to 12 cycles
Relaxing scrub interval from 12 cycles to 15 cycles
Relaxing scrub interval from 15 cycles to 18 cycles
Relaxing scrub interval from 18 cycles to 22 cycles
Relaxing scrub interval from 22 cycles to 27 cycles
Relaxing scrub interval from 27 cycles to 33 cycles
Relaxing scrub interval from 33 cycles to 41 cycles
Relaxing scrub interval from 41 cycles to 51 cycles
Relaxing scrub interval from 51 cycles to 63 cycles
Relaxing scrub interval from 63 cycles to 78 cycles
Relaxing scrub interval from 78 cycles to 97 cycles
Relaxing scrub interval from 97 cycles to 121 cycles
Relaxing scrub interval from 121 cycles to 151 cycles
Relaxing scrub interval from 151 cycles to 188 cycles
Relaxing scrub interval from 188 cycles to 235 cycles
Relaxing scrub interval from 235 cycles to 293 cycles
Relaxing scrub interval from 293 cycles to 366 cycles
Relaxing scrub interval from 366 cycles to 457 cycles
Relaxing scrub interval from 457 cycles to 571 cycles
Relaxing scrub interval from 571 cycles to 713 cycles
Relaxing scrub interval from 713 cycles to 891 cycles
src/sim/syscall_emul.cc:86: warn: ignoring syscall set_robust_list(...)
      (further warnings will be suppressed)
Relaxing scrub interval from 891 cycles to 1113 cycles
Relaxing scrub interval from 1113 cycles to 1391 cycles
src/sim/syscall_emul.hh:1014: warn: readlink() called on '/proc/self/exe' may yield unexpected results in various settings.
      Returning '/home/cs1952y-user/gem5/1952y-fp/gem5/tests/test-progs/cs1952y-fp/alt'
src/sim/mem_state.cc:448: info: Increasing stack size by one page.
Relaxing scrub interval from 1391 cycles to 1738 cycles
Relaxing scrub interval from 1738 cycles to 2172 cycles
Relaxing scrub interval from 2172 cycles to 2715 cycles
Relaxing scrub interval from 2715 cycles to 3393 cycles
Relaxing scrub interval from 3393 cycles to 4241 cycles
src/sim/syscall_emul.cc:75: warn: ignoring syscall mprotect(...) at tick 17327000
Relaxing scrub interval from 4241 cycles to 5301 cycles
Relaxing scrub interval from 5301 cycles to 6626 cycles
Relaxing scrub interval from 6626 cycles to 8282 cycles
Relaxing scrub interval from 8282 cycles to 10352 cycles
Relaxing scrub interval from 10352 cycles to 12940 cycles
Tightening scrub interval from 12940 cycles to 6470 cycles
Tightening scrub interval from 6470 cycles to 3235 cycles
Relaxing scrub interval from 3235 cycles to 4043 cycles
Relaxing scrub interval from 4043 cycles to 5053 cycles
Relaxing scrub interval from 5053 cycles to 6316 cycles
Tightening scrub interval from 6316 cycles to 3158 cycles
Relaxing scrub interval from 3158 cycles to 3947 cycles
Relaxing scrub interval from 3947 cycles to 4933 cycles
Tightening scrub interval from 4933 cycles to 2466 cycles
Tightening scrub interval from 2466 cycles to 1233 cycles
Relaxing scrub interval from 1233 cycles to 1541 cycles
Relaxing scrub interval from 1541 cycles to 1926 cycles
Relaxing scrub interval from 1926 cycles to 2407 cycles
Tightening scrub interval from 2407 cycles to 1203 cycles
Relaxing scrub interval from 1203 cycles to 1503 cycles
Tightening scrub interval from 1503 cycles to 751 cycles
Relaxing scrub interval from 751 cycles to 938 cycles
Tightening scrub interval from 938 cycles to 469 cycles
Relaxing scrub interval from 469 cycles to 586 cycles
Relaxing scrub interval from 586 cycles to 732 cycles
Relaxing scrub interval from 732 cycles to 915 cycles
Relaxing scrub interval from 915 cycles to 1143 cycles
Relaxing scrub interval from 1143 cycles to 1428 cycles
Relaxing scrub interval from 1428 cycles to 1785 cycles
Tightening scrub interval from 1785 cycles to 892 cycles
Relaxing scrub interval from 892 cycles to 1115 cycles
Relaxing scrub interval from 1115 cycles to 1393 cycles
Relaxing scrub interval from 1393 cycles to 1741 cycles
Relaxing scrub interval from 1741 cycles to 2176 cycles
Relaxing scrub interval from 2176 cycles to 2720 cycles
Tightening scrub interval from 2720 cycles to 1360 cycles
Relaxing scrub interval from 1360 cycles to 1700 cycles
Relaxing scrub interval from 1700 cycles to 2125 cycles
Tightening scrub interval from 2125 cycles to 1062 cycles
Relaxing scrub interval from 1062 cycles to 1327 cycles
Relaxing scrub interval from 1327 cycles to 1658 cycles
Relaxing scrub interval from 1658 cycles to 2072 cycles
Relaxing scrub interval from 2072 cycles to 2590 cycles
Tightening scrub interval from 2590 cycles to 1295 cycles
Relaxing scrub interval from 1295 cycles to 1618 cycles
Relaxing scrub interval from 1618 cycles to 2022 cycles
Relaxing scrub interval from 2022 cycles to 2527 cycles
Relaxing scrub interval from 2527 cycles to 3158 cycles
Relaxing scrub interval from 3158 cycles to 3947 cycles
Relaxing scrub interval from 3947 cycles to 4933 cycles
Relaxing scrub interval from 4933 cycles to 6166 cycles
Relaxing scrub interval from 6166 cycles to 7707 cycles
Tightening scrub interval from 7707 cycles to 3853 cycles
Tightening scrub interval from 3853 cycles to 1926 cycles
Relaxing scrub interval from 1926 cycles to 2407 cycles
Relaxing scrub interval from 2407 cycles to 3008 cycles
Tightening scrub interval from 3008 cycles to 1504 cycles
Relaxing scrub interval from 1504 cycles to 1880 cycles
Relaxing scrub interval from 1880 cycles to 2350 cycles
Relaxing scrub interval from 2350 cycles to 2937 cycles
Relaxing scrub interval from 2937 cycles to 3671 cycles
Relaxing scrub interval from 3671 cycles to 4588 cycles
Tightening scrub interval from 4588 cycles to 2294 cycles
Relaxing scrub interval from 2294 cycles to 2867 cycles
Relaxing scrub interval from 2867 cycles to 3583 cycles
Tightening scrub interval from 3583 cycles to 1791 cycles
Relaxing scrub interval from 1791 cycles to 2238 cycles
Relaxing scrub interval from 2238 cycles to 2797 cycles
Tightening scrub interval from 2797 cycles to 1398 cycles
Tightening scrub interval from 1398 cycles to 699 cycles
Relaxing scrub interval from 699 cycles to 873 cycles
Relaxing scrub interval from 873 cycles to 1091 cycles
Relaxing scrub interval from 1091 cycles to 1363 cycles
Tightening scrub interval from 1363 cycles to 681 cycles
Relaxing scrub interval from 681 cycles to 851 cycles
Relaxing scrub interval from 851 cycles to 1063 cycles
Relaxing scrub interval from 1063 cycles to 1328 cycles
Relaxing scrub interval from 1328 cycles to 1660 cycles
Relaxing scrub interval from 1660 cycles to 2075 cycles
Relaxing scrub interval from 2075 cycles to 2593 cycles
Relaxing scrub interval from 2593 cycles to 3241 cycles
Relaxing scrub interval from 3241 cycles to 4051 cycles
Relaxing scrub interval from 4051 cycles to 5063 cycles
Relaxing scrub interval from 5063 cycles to 6328 cycles
Tightening scrub interval from 6328 cycles to 3164 cycles
Relaxing scrub interval from 3164 cycles to 3955 cycles
Tightening scrub interval from 3955 cycles to 1977 cycles
Relaxing scrub interval from 1977 cycles to 2471 cycles
Tightening scrub interval from 2471 cycles to 1235 cycles
Relaxing scrub interval from 1235 cycles to 1543 cycles
Relaxing scrub interval from 1543 cycles to 1928 cycles
Relaxing scrub interval from 1928 cycles to 2410 cycles
Relaxing scrub interval from 2410 cycles to 3012 cycles
Relaxing scrub interval from 3012 cycles to 3765 cycles
Relaxing scrub interval from 3765 cycles to 4706 cycles
Tightening scrub interval from 4706 cycles to 2353 cycles
Relaxing scrub interval from 2353 cycles to 2941 cycles
Tightening scrub interval from 2941 cycles to 1470 cycles
Relaxing scrub interval from 1470 cycles to 1837 cycles
Relaxing scrub interval from 1837 cycles to 2296 cycles
Relaxing scrub interval from 2296 cycles to 2870 cycles
Relaxing scrub interval from 2870 cycles to 3587 cycles
Relaxing scrub interval from 3587 cycles to 4483 cycles
Relaxing scrub interval from 4483 cycles to 5603 cycles
Tightening scrub interval from 5603 cycles to 2801 cycles
Relaxing scrub interval from 2801 cycles to 3501 cycles
Relaxing scrub interval from 3501 cycles to 4376 cycles
Relaxing scrub interval from 4376 cycles to 5470 cycles
Relaxing scrub interval from 5470 cycles to 6837 cycles
Relaxing scrub interval from 6837 cycles to 8546 cycles
Tightening scrub interval from 8546 cycles to 4273 cycles
Relaxing scrub interval from 4273 cycles to 5341 cycles
Relaxing scrub interval from 5341 cycles to 6676 cycles
Relaxing scrub interval from 6676 cycles to 8345 cycles
Tightening scrub interval from 8345 cycles to 4172 cycles
Relaxing scrub interval from 4172 cycles to 5215 cycles
Relaxing scrub interval from 5215 cycles to 6518 cycles
Relaxing scrub interval from 6518 cycles to 8147 cycles
Tightening scrub interval from 8147 cycles to 4073 cycles
Relaxing scrub interval from 4073 cycles to 5091 cycles
Tightening scrub interval from 5091 cycles to 2545 cycles
Tightening scrub interval from 2545 cycles to 1272 cycles
Relaxing scrub interval from 1272 cycles to 1590 cycles
Tightening scrub interval from 1590 cycles to 795 cycles
Relaxing scrub interval from 795 cycles to 993 cycles
Relaxing scrub interval from 993 cycles to 1241 cycles
Relaxing scrub interval from 1241 cycles to 1551 cycles
Relaxing scrub interval from 1551 cycles to 1938 cycles
Relaxing scrub interval from 1938 cycles to 2422 cycles
Tightening scrub interval from 2422 cycles to 1211 cycles
Relaxing scrub interval from 1211 cycles to 1513 cycles
Relaxing scrub interval from 1513 cycles to 1891 cycles
Tightening scrub interval from 1891 cycles to 945 cycles
Relaxing scrub interval from 945 cycles to 1181 cycles
Relaxing scrub interval from 1181 cycles to 1476 cycles
Relaxing scrub interval from 1476 cycles to 1845 cycles
Tightening scrub interval from 1845 cycles to 922 cycles
Relaxing scrub interval from 922 cycles to 1152 cycles
Tightening scrub interval from 1152 cycles to 576 cycles
Relaxing scrub interval from 576 cycles to 720 cycles
Relaxing scrub interval from 720 cycles to 900 cycles
Relaxing scrub interval from 900 cycles to 1125 cycles
Relaxing scrub interval from 1125 cycles to 1406 cycles
Relaxing scrub interval from 1406 cycles to 1757 cycles
Relaxing scrub interval from 1757 cycles to 2196 cycles
Relaxing scrub interval from 2196 cycles to 2745 cycles
Tightening scrub interval from 2745 cycles to 1372 cycles
Relaxing scrub interval from 1372 cycles to 1715 cycles
Relaxing scrub interval from 1715 cycles to 2143 cycles
Relaxing scrub interval from 2143 cycles to 2678 cycles
Relaxing scrub interval from 2678 cycles to 3347 cycles
Relaxing scrub interval from 3347 cycles to 4183 cycles
Relaxing scrub interval from 4183 cycles to 5228 cycles
Relaxing scrub interval from 5228 cycles to 6535 cycles
Tightening scrub interval from 6535 cycles to 3267 cycles
Tightening scrub interval from 3267 cycles to 1633 cycles
Relaxing scrub interval from 1633 cycles to 2041 cycles
Relaxing scrub interval from 2041 cycles to 2551 cycles
Tightening scrub interval from 2551 cycles to 1275 cycles
Relaxing scrub interval from 1275 cycles to 1593 cycles
Relaxing scrub interval from 1593 cycles to 1991 cycles
Relaxing scrub interval from 1991 cycles to 2488 cycles
Relaxing scrub interval from 2488 cycles to 3110 cycles
Tightening scrub interval from 3110 cycles to 1555 cycles
Relaxing scrub interval from 1555 cycles to 1943 cycles
Relaxing scrub interval from 1943 cycles to 2428 cycles
Relaxing scrub interval from 2428 cycles to 3035 cycles
Relaxing scrub interval from 3035 cycles to 3793 cycles
Relaxing scrub interval from 3793 cycles to 4741 cycles
Tightening scrub interval from 4741 cycles to 2370 cycles
Relaxing scrub interval from 2370 cycles to 2962 cycles
Tightening scrub interval from 2962 cycles to 1481 cycles
Relaxing scrub interval from 1481 cycles to 1851 cycles
Relaxing scrub interval from 1851 cycles to 2313 cycles
Relaxing scrub interval from 2313 cycles to 2891 cycles
Tightening scrub interval from 2891 cycles to 1445 cycles
Relaxing scrub interval from 1445 cycles to 1806 cycles
Relaxing scrub interval from 1806 cycles to 2257 cycles
Tightening scrub interval from 2257 cycles to 1128 cycles
Relaxing scrub interval from 1128 cycles to 1410 cycles
Relaxing scrub interval from 1410 cycles to 1762 cycles
Relaxing scrub interval from 1762 cycles to 2202 cycles
Relaxing scrub interval from 2202 cycles to 2752 cycles
Relaxing scrub interval from 2752 cycles to 3440 cycles
Relaxing scrub interval from 3440 cycles to 4300 cycles
Tightening scrub interval from 4300 cycles to 2150 cycles
Tightening scrub interval from 2150 cycles to 1075 cycles
Relaxing scrub interval from 1075 cycles to 1343 cycles
Relaxing scrub interval from 1343 cycles to 1678 cycles
Tightening scrub interval from 1678 cycles to 839 cycles
Relaxing scrub interval from 839 cycles to 1048 cycles
Relaxing scrub interval from 1048 cycles to 1310 cycles
Relaxing scrub interval from 1310 cycles to 1637 cycles
Relaxing scrub interval from 1637 cycles to 2046 cycles
Tightening scrub interval from 2046 cycles to 1023 cycles
Relaxing scrub interval from 1023 cycles to 1278 cycles
Relaxing scrub interval from 1278 cycles to 1597 cycles
Relaxing scrub interval from 1597 cycles to 1996 cycles
Relaxing scrub interval from 1996 cycles to 2495 cycles
Relaxing scrub interval from 2495 cycles to 3118 cycles
Tightening scrub interval from 3118 cycles to 1559 cycles
Relaxing scrub interval from 1559 cycles to 1948 cycles
Relaxing scrub interval from 1948 cycles to 2435 cycles
Relaxing scrub interval from 2435 cycles to 3043 cycles
Tightening scrub interval from 3043 cycles to 1521 cycles
Relaxing scrub interval from 1521 cycles to 1901 cycles
Relaxing scrub interval from 1901 cycles to 2376 cycles
Relaxing scrub interval from 2376 cycles to 2970 cycles
Tightening scrub interval from 2970 cycles to 1485 cycles
Relaxing scrub interval from 1485 cycles to 1856 cycles
Relaxing scrub interval from 1856 cycles to 2320 cycles
Relaxing scrub interval from 2320 cycles to 2900 cycles
Relaxing scrub interval from 2900 cycles to 3625 cycles
Tightening scrub interval from 3625 cycles to 1812 cycles
Relaxing scrub interval from 1812 cycles to 2265 cycles
Relaxing scrub interval from 2265 cycles to 2831 cycles
Tightening scrub interval from 2831 cycles to 1415 cycles
Relaxing scrub interval from 1415 cycles to 1768 cycles
Relaxing scrub interval from 1768 cycles to 2210 cycles
Relaxing scrub interval from 2210 cycles to 2762 cycles
Relaxing scrub interval from 2762 cycles to 3452 cycles
Relaxing scrub interval from 3452 cycles to 4315 cycles
Relaxing scrub interval from 4315 cycles to 5393 cycles
Relaxing scrub interval from 5393 cycles to 6741 cycles
Relaxing scrub interval from 6741 cycles to 8426 cycles
Tightening scrub interval from 8426 cycles to 4213 cycles
Relaxing scrub interval from 4213 cycles to 5266 cycles
Tightening scrub interval from 5266 cycles to 2633 cycles
Tightening scrub interval from 2633 cycles to 1316 cycles
Relaxing scrub interval from 1316 cycles to 1645 cycles
Relaxing scrub interval from 1645 cycles to 2056 cycles
Relaxing scrub interval from 2056 cycles to 2570 cycles
Tightening scrub interval from 2570 cycles to 1285 cycles
Relaxing scrub interval from 1285 cycles to 1606 cycles
Relaxing scrub interval from 1606 cycles to 2007 cycles
Relaxing scrub interval from 2007 cycles to 2508 cycles
Relaxing scrub interval from 2508 cycles to 3135 cycles
Relaxing scrub interval from 3135 cycles to 3918 cycles
Relaxing scrub interval from 3918 cycles to 4897 cycles
Relaxing scrub interval from 4897 cycles to 6121 cycles
Tightening scrub interval from 6121 cycles to 3060 cycles
Tightening scrub interval from 3060 cycles to 1530 cycles
Relaxing scrub interval from 1530 cycles to 1912 cycles
Relaxing scrub interval from 1912 cycles to 2390 cycles
Relaxing scrub interval from 2390 cycles to 2987 cycles
Relaxing scrub interval from 2987 cycles to 3733 cycles
Tightening scrub interval from 3733 cycles to 1866 cycles
Relaxing scrub interval from 1866 cycles to 2332 cycles
Relaxing scrub interval from 2332 cycles to 2915 cycles
Relaxing scrub interval from 2915 cycles to 3643 cycles
Relaxing scrub interval from 3643 cycles to 4553 cycles
Relaxing scrub interval from 4553 cycles to 5691 cycles
Relaxing scrub interval from 5691 cycles to 7113 cycles
Relaxing scrub interval from 7113 cycles to 8891 cycles
Relaxing scrub interval from 8891 cycles to 11113 cycles
Tightening scrub interval from 11113 cycles to 5556 cycles
Tightening scrub interval from 5556 cycles to 2778 cycles
Relaxing scrub interval from 2778 cycles to 3472 cycles
Relaxing scrub interval from 3472 cycles to 4340 cycles
Relaxing scrub interval from 4340 cycles to 5425 cycles
Relaxing scrub interval from 5425 cycles to 6781 cycles
Tightening scrub interval from 6781 cycles to 3390 cycles
Relaxing scrub interval from 3390 cycles to 4237 cycles
Relaxing scrub interval from 4237 cycles to 5296 cycles
Relaxing scrub interval from 5296 cycles to 6620 cycles
Relaxing scrub interval from 6620 cycles to 8275 cycles
Relaxing scrub interval from 8275 cycles to 10343 cycles
Tightening scrub interval from 10343 cycles to 5171 cycles
Relaxing scrub interval from 5171 cycles to 6463 cycles
Tightening scrub interval from 6463 cycles to 3231 cycles
Relaxing scrub interval from 3231 cycles to 4038 cycles
Tightening scrub interval from 4038 cycles to 2019 cycles
Relaxing scrub interval from 2019 cycles to 2523 cycles
Relaxing scrub interval from 2523 cycles to 3153 cycles
Relaxing scrub interval from 3153 cycles to 3941 cycles
Relaxing scrub interval from 3941 cycles to 4926 cycles
Relaxing scrub interval from 4926 cycles to 6157 cycles
Tightening scrub interval from 6157 cycles to 3078 cycles
Relaxing scrub interval from 3078 cycles to 3847 cycles
Tightening scrub interval from 3847 cycles to 1923 cycles
Relaxing scrub interval from 1923 cycles to 2403 cycles
Relaxing scrub interval from 2403 cycles to 3003 cycles
Relaxing scrub interval from 3003 cycles to 3753 cycles
Relaxing scrub interval from 3753 cycles to 4691 cycles
Tightening scrub interval from 4691 cycles to 2345 cycles
Relaxing scrub interval from 2345 cycles to 2931 cycles
Relaxing scrub interval from 2931 cycles to 3663 cycles
Tightening scrub interval from 3663 cycles to 1831 cycles
Relaxing scrub interval from 1831 cycles to 2288 cycles
Relaxing scrub interval from 2288 cycles to 2860 cycles
Tightening scrub interval from 2860 cycles to 1430 cycles
Relaxing scrub interval from 1430 cycles to 1787 cycles
Tightening scrub interval from 1787 cycles to 893 cycles
Relaxing scrub interval from 893 cycles to 1116 cycles
Tightening scrub interval from 1116 cycles to 558 cycles
Relaxing scrub interval from 558 cycles to 697 cycles
Relaxing scrub interval from 697 cycles to 871 cycles
Relaxing scrub interval from 871 cycles to 1088 cycles
Relaxing scrub interval from 1088 cycles to 1360 cycles
Relaxing scrub interval from 1360 cycles to 1700 cycles
Relaxing scrub interval from 1700 cycles to 2125 cycles
Relaxing scrub interval from 2125 cycles to 2656 cycles
Tightening scrub interval from 2656 cycles to 1328 cycles
Relaxing scrub interval from 1328 cycles to 1660 cycles
Tightening scrub interval from 1660 cycles to 830 cycles
Relaxing scrub interval from 830 cycles to 1037 cycles
Relaxing scrub interval from 1037 cycles to 1296 cycles
Relaxing scrub interval from 1296 cycles to 1620 cycles
Relaxing scrub interval from 1620 cycles to 2025 cycles
Relaxing scrub interval from 2025 cycles to 2531 cycles
Relaxing scrub interval from 2531 cycles to 3163 cycles
Relaxing scrub interval from 3163 cycles to 3953 cycles
Relaxing scrub interval from 3953 cycles to 4941 cycles
Tightening scrub interval from 4941 cycles to 2470 cycles
Tightening scrub interval from 2470 cycles to 1235 cycles
Relaxing scrub interval from 1235 cycles to 1543 cycles
Relaxing scrub interval from 1543 cycles to 1928 cycles
Relaxing scrub interval from 1928 cycles to 2410 cycles
Relaxing scrub interval from 2410 cycles to 3012 cycles
Tightening scrub interval from 3012 cycles to 1506 cycles
Tightening scrub interval from 1506 cycles to 753 cycles
Relaxing scrub interval from 753 cycles to 941 cycles
Relaxing scrub interval from 941 cycles to 1176 cycles
Relaxing scrub interval from 1176 cycles to 1470 cycles
Relaxing scrub interval from 1470 cycles to 1837 cycles
Relaxing scrub interval from 1837 cycles to 2296 cycles
Tightening scrub interval from 2296 cycles to 1148 cycles
Relaxing scrub interval from 1148 cycles to 1435 cycles
Relaxing scrub interval from 1435 cycles to 1793 cycles
Relaxing scrub interval from 1793 cycles to 2241 cycles
Relaxing scrub interval from 2241 cycles to 2801 cycles
Tightening scrub interval from 2801 cycles to 1400 cycles
Relaxing scrub interval from 1400 cycles to 1750 cycles
Relaxing scrub interval from 1750 cycles to 2187 cycles
Relaxing scrub interval from 2187 cycles to 2733 cycles
Relaxing scrub interval from 2733 cycles to 3416 cycles
Relaxing scrub interval from 3416 cycles to 4270 cycles
Relaxing scrub interval from 4270 cycles to 5337 cycles
Relaxing scrub interval from 5337 cycles to 6671 cycles
Tightening scrub interval from 6671 cycles to 3335 cycles
Tightening scrub interval from 3335 cycles to 1667 cycles
Relaxing scrub interval from 1667 cycles to 2083 cycles
Relaxing scrub interval from 2083 cycles to 2603 cycles
Relaxing scrub interval from 2603 cycles to 3253 cycles
Relaxing scrub interval from 3253 cycles to 4066 cycles
Relaxing scrub interval from 4066 cycles to 5082 cycles
Relaxing scrub interval from 5082 cycles to 6352 cycles
Tightening scrub interval from 6352 cycles to 3176 cycles
Relaxing scrub interval from 3176 cycles to 3970 cycles
Tightening scrub interval from 3970 cycles to 1985 cycles
Tightening scrub interval from 1985 cycles to 992 cycles
Relaxing scrub interval from 992 cycles to 1240 cycles
Relaxing scrub interval from 1240 cycles to 1550 cycles
Relaxing scrub interval from 1550 cycles to 1937 cycles
Relaxing scrub interval from 1937 cycles to 2421 cycles
Relaxing scrub interval from 2421 cycles to 3026 cycles
Relaxing scrub interval from 3026 cycles to 3782 cycles
Relaxing scrub interval from 3782 cycles to 4727 cycles
Relaxing scrub interval from 4727 cycles to 5908 cycles
Relaxing scrub interval from 5908 cycles to 7385 cycles
Tightening scrub interval from 7385 cycles to 3692 cycles
Relaxing scrub interval from 3692 cycles to 4615 cycles
Relaxing scrub interval from 4615 cycles to 5768 cycles
Tightening scrub interval from 5768 cycles to 2884 cycles
Relaxing scrub interval from 2884 cycles to 3605 cycles
Relaxing scrub interval from 3605 cycles to 4506 cycles
Tightening scrub interval from 4506 cycles to 2253 cycles
Relaxing scrub interval from 2253 cycles to 2816 cycles
Tightening scrub interval from 2816 cycles to 1408 cycles
Relaxing scrub interval from 1408 cycles to 1760 cycles
Tightening scrub interval from 1760 cycles to 880 cycles
Relaxing scrub interval from 880 cycles to 1100 cycles
Relaxing scrub interval from 1100 cycles to 1375 cycles
Relaxing scrub interval from 1375 cycles to 1718 cycles
Relaxing scrub interval from 1718 cycles to 2147 cycles
Tightening scrub interval from 2147 cycles to 1073 cycles
Relaxing scrub interval from 1073 cycles to 1341 cycles
Relaxing scrub interval from 1341 cycles to 1676 cycles
Relaxing scrub interval from 1676 cycles to 2095 cycles
Relaxing scrub interval from 2095 cycles to 2618 cycles
Relaxing scrub interval from 2618 cycles to 3272 cycles
Tightening scrub interval from 3272 cycles to 1636 cycles
Relaxing scrub interval from 1636 cycles to 2045 cycles
Relaxing scrub interval from 2045 cycles to 2556 cycles
Relaxing scrub interval from 2556 cycles to 3195 cycles
Relaxing scrub interval from 3195 cycles to 3993 cycles
Relaxing scrub interval from 3993 cycles to 4991 cycles
Tightening scrub interval from 4991 cycles to 2495 cycles
Relaxing scrub interval from 2495 cycles to 3118 cycles
Relaxing scrub interval from 3118 cycles to 3897 cycles
Relaxing scrub interval from 3897 cycles to 4871 cycles
Relaxing scrub interval from 4871 cycles to 6088 cycles
Relaxing scrub interval from 6088 cycles to 7610 cycles
Tightening scrub interval from 7610 cycles to 3805 cycles
Tightening scrub interval from 3805 cycles to 1902 cycles
Relaxing scrub interval from 1902 cycles to 2377 cycles
Relaxing scrub interval from 2377 cycles to 2971 cycles
Relaxing scrub interval from 2971 cycles to 3713 cycles
Tightening scrub interval from 3713 cycles to 1856 cycles
Relaxing scrub interval from 1856 cycles to 2320 cycles
Relaxing scrub interval from 2320 cycles to 2900 cycles
Relaxing scrub interval from 2900 cycles to 3625 cycles
Relaxing scrub interval from 3625 cycles to 4531 cycles
Relaxing scrub interval from 4531 cycles to 5663 cycles
Relaxing scrub interval from 5663 cycles to 7078 cycles
Tightening scrub interval from 7078 cycles to 3539 cycles
Relaxing scrub interval from 3539 cycles to 4423 cycles
Relaxing scrub interval from 4423 cycles to 5528 cycles
Relaxing scrub interval from 5528 cycles to 6910 cycles
Tightening scrub interval from 6910 cycles to 3455 cycles
Relaxing scrub interval from 3455 cycles to 4318 cycles
Tightening scrub interval from 4318 cycles to 2159 cycles
Relaxing scrub interval from 2159 cycles to 2698 cycles
Relaxing scrub interval from 2698 cycles to 3372 cycles
Relaxing scrub interval from 3372 cycles to 4215 cycles
Tightening scrub interval from 4215 cycles to 2107 cycles
Relaxing scrub interval from 2107 cycles to 2633 cycles
Relaxing scrub interval from 2633 cycles to 3291 cycles
Tightening scrub interval from 3291 cycles to 1645 cycles
Relaxing scrub interval from 1645 cycles to 2056 cycles
Tightening scrub interval from 2056 cycles to 1028 cycles
Relaxing scrub interval from 1028 cycles to 1285 cycles
Relaxing scrub interval from 1285 cycles to 1606 cycles
Relaxing scrub interval from 1606 cycles to 2007 cycles
Relaxing scrub interval from 2007 cycles to 2508 cycles
Relaxing scrub interval from 2508 cycles to 3135 cycles
Relaxing scrub interval from 3135 cycles to 3918 cycles
Tightening scrub interval from 3918 cycles to 1959 cycles
Tightening scrub interval from 1959 cycles to 979 cycles
Tightening scrub interval from 979 cycles to 489 cycles
Relaxing scrub interval from 489 cycles to 611 cycles
Relaxing scrub interval from 611 cycles to 763 cycles
Relaxing scrub interval from 763 cycles to 953 cycles
Relaxing scrub interval from 953 cycles to 1191 cycles
Relaxing scrub interval from 1191 cycles to 1488 cycles
Relaxing scrub interval from 1488 cycles to 1860 cycles
Relaxing scrub interval from 1860 cycles to 2325 cycles
Tightening scrub interval from 2325 cycles to 1162 cycles
Relaxing scrub interval from 1162 cycles to 1452 cycles
Relaxing scrub interval from 1452 cycles to 1815 cycles
Relaxing scrub interval from 1815 cycles to 2268 cycles
Relaxing scrub interval from 2268 cycles to 2835 cycles
Relaxing scrub interval from 2835 cycles to 3543 cycles
Relaxing scrub interval from 3543 cycles to 4428 cycles
Relaxing scrub interval from 4428 cycles to 5535 cycles
Tightening scrub interval from 5535 cycles to 2767 cycles
Relaxing scrub interval from 2767 cycles to 3458 cycles
Relaxing scrub interval from 3458 cycles to 4322 cycles
Relaxing scrub interval from 4322 cycles to 5402 cycles
Relaxing scrub interval from 5402 cycles to 6752 cycles
Relaxing scrub interval from 6752 cycles to 8440 cycles
Tightening scrub interval from 8440 cycles to 4220 cycles
Relaxing scrub interval from 4220 cycles to 5275 cycles
Tightening scrub interval from 5275 cycles to 2637 cycles
Relaxing scrub interval from 2637 cycles to 3296 cycles
Relaxing scrub interval from 3296 cycles to 4120 cycles
Relaxing scrub interval from 4120 cycles to 5150 cycles
Relaxing scrub interval from 5150 cycles to 6437 cycles
Tightening scrub interval from 6437 cycles to 3218 cycles
Relaxing scrub interval from 3218 cycles to 4022 cycles
Relaxing scrub interval from 4022 cycles to 5027 cycles
Relaxing scrub interval from 5027 cycles to 6283 cycles
Relaxing scrub interval from 6283 cycles to 7853 cycles
Relaxing scrub interval from 7853 cycles to 9816 cycles
Tightening scrub interval from 9816 cycles to 4908 cycles
Relaxing scrub interval from 4908 cycles to 6135 cycles
Relaxing scrub interval from 6135 cycles to 7668 cycles
Relaxing scrub interval from 7668 cycles to 9585 cycles
Tightening scrub interval from 9585 cycles to 4792 cycles
Relaxing scrub interval from 4792 cycles to 5990 cycles
Tightening scrub interval from 5990 cycles to 2995 cycles
Tightening scrub interval from 2995 cycles to 1497 cycles
Tightening scrub interval from 1497 cycles to 748 cycles
Relaxing scrub interval from 748 cycles to 935 cycles
Relaxing scrub interval from 935 cycles to 1168 cycles
Relaxing scrub interval from 1168 cycles to 1460 cycles
Relaxing scrub interval from 1460 cycles to 1825 cycles
Relaxing scrub interval from 1825 cycles to 2281 cycles
Relaxing scrub interval from 2281 cycles to 2851 cycles
Relaxing scrub interval from 2851 cycles to 3563 cycles
Tightening scrub interval from 3563 cycles to 1781 cycles
Relaxing scrub interval from 1781 cycles to 2226 cycles
Relaxing scrub interval from 2226 cycles to 2782 cycles
Relaxing scrub interval from 2782 cycles to 3477 cycles
Tightening scrub interval from 3477 cycles to 1738 cycles
Relaxing scrub interval from 1738 cycles to 2172 cycles
Tightening scrub interval from 2172 cycles to 1086 cycles
Relaxing scrub interval from 1086 cycles to 1357 cycles
Relaxing scrub interval from 1357 cycles to 1696 cycles
Relaxing scrub interval from 1696 cycles to 2120 cycles
Tightening scrub interval from 2120 cycles to 1060 cycles
Relaxing scrub interval from 1060 cycles to 1325 cycles
Relaxing scrub interval from 1325 cycles to 1656 cycles
Relaxing scrub interval from 1656 cycles to 2070 cycles
Relaxing scrub interval from 2070 cycles to 2587 cycles
Relaxing scrub interval from 2587 cycles to 3233 cycles
Tightening scrub interval from 3233 cycles to 1616 cycles
Relaxing scrub interval from 1616 cycles to 2020 cycles
Tightening scrub interval from 2020 cycles to 1010 cycles
Relaxing scrub interval from 1010 cycles to 1262 cycles
Relaxing scrub interval from 1262 cycles to 1577 cycles
Relaxing scrub interval from 1577 cycles to 1971 cycles
Relaxing scrub interval from 1971 cycles to 2463 cycles
Tightening scrub interval from 2463 cycles to 1231 cycles
Relaxing scrub interval from 1231 cycles to 1538 cycles
Relaxing scrub interval from 1538 cycles to 1922 cycles
Relaxing scrub interval from 1922 cycles to 2402 cycles
Relaxing scrub interval from 2402 cycles to 3002 cycles
Relaxing scrub interval from 3002 cycles to 3752 cycles
Relaxing scrub interval from 3752 cycles to 4690 cycles
Tightening scrub interval from 4690 cycles to 2345 cycles
Relaxing scrub interval from 2345 cycles to 2931 cycles
Relaxing scrub interval from 2931 cycles to 3663 cycles
Relaxing scrub interval from 3663 cycles to 4578 cycles
Tightening scrub interval from 4578 cycles to 2289 cycles
Relaxing scrub interval from 2289 cycles to 2861 cycles
Relaxing scrub interval from 2861 cycles to 3576 cycles
Relaxing scrub interval from 3576 cycles to 4470 cycles
Relaxing scrub interval from 4470 cycles to 5587 cycles
Relaxing scrub interval from 5587 cycles to 6983 cycles
Relaxing scrub interval from 6983 cycles to 8728 cycles
Relaxing scrub interval from 8728 cycles to 10910 cycles
Tightening scrub interval from 10910 cycles to 5455 cycles
Tightening scrub interval from 5455 cycles to 2727 cycles
Relaxing scrub interval from 2727 cycles to 3408 cycles
Tightening scrub interval from 3408 cycles to 1704 cycles
Relaxing scrub interval from 1704 cycles to 2130 cycles
Relaxing scrub interval from 2130 cycles to 2662 cycles
Tightening scrub interval from 2662 cycles to 1331 cycles
Tightening scrub interval from 1331 cycles to 665 cycles
Relaxing scrub interval from 665 cycles to 831 cycles
Relaxing scrub interval from 831 cycles to 1038 cycles
Relaxing scrub interval from 1038 cycles to 1297 cycles
Tightening scrub interval from 1297 cycles to 648 cycles
Relaxing scrub interval from 648 cycles to 810 cycles
Relaxing scrub interval from 810 cycles to 1012 cycles
Relaxing scrub interval from 1012 cycles to 1265 cycles
Relaxing scrub interval from 1265 cycles to 1581 cycles
Relaxing scrub interval from 1581 cycles to 1976 cycles
Relaxing scrub interval from 1976 cycles to 2470 cycles
Relaxing scrub interval from 2470 cycles to 3087 cycles
Relaxing scrub interval from 3087 cycles to 3858 cycles
Relaxing scrub interval from 3858 cycles to 4822 cycles
Tightening scrub interval from 4822 cycles to 2411 cycles
Tightening scrub interval from 2411 cycles to 1205 cycles
Relaxing scrub interval from 1205 cycles to 1506 cycles
Relaxing scrub interval from 1506 cycles to 1882 cycles
Relaxing scrub interval from 1882 cycles to 2352 cycles
Relaxing scrub interval from 2352 cycles to 2940 cycles
Relaxing scrub interval from 2940 cycles to 3675 cycles
Relaxing scrub interval from 3675 cycles to 4593 cycles
Relaxing scrub interval from 4593 cycles to 5741 cycles
Tightening scrub interval from 5741 cycles to 2870 cycles
Relaxing scrub interval from 2870 cycles to 3587 cycles
Relaxing scrub interval from 3587 cycles to 4483 cycles
Relaxing scrub interval from 4483 cycles to 5603 cycles
Tightening scrub interval from 5603 cycles to 2801 cycles
Relaxing scrub interval from 2801 cycles to 3501 cycles
Relaxing scrub interval from 3501 cycles to 4376 cycles
Tightening scrub interval from 4376 cycles to 2188 cycles
Tightening scrub interval from 2188 cycles to 1094 cycles
Relaxing scrub interval from 1094 cycles to 1367 cycles
Relaxing scrub interval from 1367 cycles to 1708 cycles
Relaxing scrub interval from 1708 cycles to 2135 cycles
Relaxing scrub interval from 2135 cycles to 2668 cycles
Tightening scrub interval from 2668 cycles to 1334 cycles
Relaxing scrub interval from 1334 cycles to 1667 cycles
Relaxing scrub interval from 1667 cycles to 2083 cycles
Relaxing scrub interval from 2083 cycles to 2603 cycles
Tightening scrub interval from 2603 cycles to 1301 cycles
Relaxing scrub interval from 1301 cycles to 1626 cycles
Relaxing scrub interval from 1626 cycles to 2032 cycles
Relaxing scrub interval from 2032 cycles to 2540 cycles
Relaxing scrub interval from 2540 cycles to 3175 cycles
Relaxing scrub interval from 3175 cycles to 3968 cycles
Relaxing scrub interval from 3968 cycles to 4960 cycles
Relaxing scrub interval from 4960 cycles to 6200 cycles
Tightening scrub interval from 6200 cycles to 3100 cycles
Tightening scrub interval from 3100 cycles to 1550 cycles
Relaxing scrub interval from 1550 cycles to 1937 cycles
Tightening scrub interval from 1937 cycles to 968 cycles
Relaxing scrub interval from 968 cycles to 1210 cycles
Relaxing scrub interval from 1210 cycles to 1512 cycles
Relaxing scrub interval from 1512 cycles to 1890 cycles
Tightening scrub interval from 1890 cycles to 945 cycles
Relaxing scrub interval from 945 cycles to 1181 cycles
Tightening scrub interval from 1181 cycles to 590 cycles
Relaxing scrub interval from 590 cycles to 737 cycles
Relaxing scrub interval from 737 cycles to 921 cycles
Relaxing scrub interval from 921 cycles to 1151 cycles
Relaxing scrub interval from 1151 cycles to 1438 cycles
Relaxing scrub interval from 1438 cycles to 1797 cycles
Relaxing scrub interval from 1797 cycles to 2246 cycles
Relaxing scrub interval from 2246 cycles to 2807 cycles
Relaxing scrub interval from 2807 cycles to 3508 cycles
Tightening scrub interval from 3508 cycles to 1754 cycles
Relaxing scrub interval from 1754 cycles to 2192 cycles
Relaxing scrub interval from 2192 cycles to 2740 cycles
Relaxing scrub interval from 2740 cycles to 3425 cycles
