warn: No dot file generated. Please install pydot to generate the dot file and pdf.
Scrubbing enabled with adaptive interval starting at 10 cycles, tightening factor 2, relax factor 1.25
src/arch/riscv/isa.cc:275: info: RVV enabled, VLEN = 256 bits, ELEN = 64 bits
src/arch/riscv/linux/se_workload.cc:60: warn: Unknown operating system; assuming Linux.
src/base/statistics.hh:279: warn: One of the stats is a legacy stat. Legacy stat is a stat that does not belong to any statistics::Group. Legacy stat is deprecated.
src/base/remote_gdb.cc:418: warn: Sockets disabled, not accepting gdb connections
src/sim/simulate.cc:199: info: Entering event queue @ 0.  Starting simulation...
Relaxing scrub interval from 10 cycles to 12 cycles
Relaxing scrub interval from 12 cycles to 15 cycles
Relaxing scrub interval from 15 cycles to 18 cycles
Relaxing scrub interval from 18 cycles to 22 cycles
Relaxing scrub interval from 22 cycles to 27 cycles
Relaxing scrub interval from 27 cycles to 33 cycles
Relaxing scrub interval from 33 cycles to 41 cycles
Relaxing scrub interval from 41 cycles to 51 cycles
Relaxing scrub interval from 51 cycles to 63 cycles
Relaxing scrub interval from 63 cycles to 78 cycles
Relaxing scrub interval from 78 cycles to 97 cycles
Relaxing scrub interval from 97 cycles to 121 cycles
Relaxing scrub interval from 121 cycles to 151 cycles
Relaxing scrub interval from 151 cycles to 188 cycles
Relaxing scrub interval from 188 cycles to 235 cycles
Relaxing scrub interval from 235 cycles to 293 cycles
Relaxing scrub interval from 293 cycles to 366 cycles
Relaxing scrub interval from 366 cycles to 457 cycles
Relaxing scrub interval from 457 cycles to 571 cycles
Relaxing scrub interval from 571 cycles to 713 cycles
Relaxing scrub interval from 713 cycles to 891 cycles
Relaxing scrub interval from 891 cycles to 1113 cycles
Relaxing scrub interval from 1113 cycles to 1391 cycles
Relaxing scrub interval from 1391 cycles to 1738 cycles
Relaxing scrub interval from 1738 cycles to 2172 cycles
Relaxing scrub interval from 2172 cycles to 2715 cycles
Relaxing scrub interval from 2715 cycles to 3393 cycles
Relaxing scrub interval from 3393 cycles to 4241 cycles
Relaxing scrub interval from 4241 cycles to 5301 cycles
Relaxing scrub interval from 5301 cycles to 6626 cycles
Relaxing scrub interval from 6626 cycles to 8282 cycles
Relaxing scrub interval from 8282 cycles to 10352 cycles
Relaxing scrub interval from 10352 cycles to 12940 cycles
Relaxing scrub interval from 12940 cycles to 16175 cycles
Relaxing scrub interval from 16175 cycles to 20218 cycles
Tightening scrub interval from 20218 cycles to 10109 cycles
Relaxing scrub interval from 10109 cycles to 12636 cycles
Tightening scrub interval from 12636 cycles to 6318 cycles
Tightening scrub interval from 6318 cycles to 3159 cycles
Relaxing scrub interval from 3159 cycles to 3948 cycles
Tightening scrub interval from 3948 cycles to 1974 cycles
Tightening scrub interval from 1974 cycles to 987 cycles
Tightening scrub interval from 987 cycles to 493 cycles
Relaxing scrub interval from 493 cycles to 616 cycles
Relaxing scrub interval from 616 cycles to 770 cycles
Tightening scrub interval from 770 cycles to 385 cycles
Tightening scrub interval from 385 cycles to 192 cycles
Relaxing scrub interval from 192 cycles to 240 cycles
Relaxing scrub interval from 240 cycles to 300 cycles
Relaxing scrub interval from 300 cycles to 375 cycles
Tightening scrub interval from 375 cycles to 187 cycles
Relaxing scrub interval from 187 cycles to 233 cycles
Relaxing scrub interval from 233 cycles to 291 cycles
Relaxing scrub interval from 291 cycles to 363 cycles
Relaxing scrub interval from 363 cycles to 453 cycles
Relaxing scrub interval from 453 cycles to 566 cycles
Relaxing scrub interval from 566 cycles to 707 cycles
Relaxing scrub interval from 707 cycles to 883 cycles
Relaxing scrub interval from 883 cycles to 1103 cycles
Relaxing scrub interval from 1103 cycles to 1378 cycles
Relaxing scrub interval from 1378 cycles to 1722 cycles
Relaxing scrub interval from 1722 cycles to 2152 cycles
Tightening scrub interval from 2152 cycles to 1076 cycles
Relaxing scrub interval from 1076 cycles to 1345 cycles
Relaxing scrub interval from 1345 cycles to 1681 cycles
Relaxing scrub interval from 1681 cycles to 2101 cycles
Relaxing scrub interval from 2101 cycles to 2626 cycles
Relaxing scrub interval from 2626 cycles to 3282 cycles
Tightening scrub interval from 3282 cycles to 1641 cycles
Relaxing scrub interval from 1641 cycles to 2051 cycles
Tightening scrub interval from 2051 cycles to 1025 cycles
Relaxing scrub interval from 1025 cycles to 1281 cycles
Relaxing scrub interval from 1281 cycles to 1601 cycles
Relaxing scrub interval from 1601 cycles to 2001 cycles
Tightening scrub interval from 2001 cycles to 1000 cycles
Relaxing scrub interval from 1000 cycles to 1250 cycles
Relaxing scrub interval from 1250 cycles to 1562 cycles
Relaxing scrub interval from 1562 cycles to 1952 cycles
Relaxing scrub interval from 1952 cycles to 2440 cycles
Relaxing scrub interval from 2440 cycles to 3050 cycles
Relaxing scrub interval from 3050 cycles to 3812 cycles
Relaxing scrub interval from 3812 cycles to 4765 cycles
Tightening scrub interval from 4765 cycles to 2382 cycles
Relaxing scrub interval from 2382 cycles to 2977 cycles
Relaxing scrub interval from 2977 cycles to 3721 cycles
Relaxing scrub interval from 3721 cycles to 4651 cycles
Relaxing scrub interval from 4651 cycles to 5813 cycles
Relaxing scrub interval from 5813 cycles to 7266 cycles
Tightening scrub interval from 7266 cycles to 3633 cycles
Relaxing scrub interval from 3633 cycles to 4541 cycles
Relaxing scrub interval from 4541 cycles to 5676 cycles
Tightening scrub interval from 5676 cycles to 2838 cycles
Relaxing scrub interval from 2838 cycles to 3547 cycles
Relaxing scrub interval from 3547 cycles to 4433 cycles
Relaxing scrub interval from 4433 cycles to 5541 cycles
Tightening scrub interval from 5541 cycles to 2770 cycles
Relaxing scrub interval from 2770 cycles to 3462 cycles
Relaxing scrub interval from 3462 cycles to 4327 cycles
Relaxing scrub interval from 4327 cycles to 5408 cycles
Relaxing scrub interval from 5408 cycles to 6760 cycles
Relaxing scrub interval from 6760 cycles to 8450 cycles
Relaxing scrub interval from 8450 cycles to 10562 cycles
Relaxing scrub interval from 10562 cycles to 13202 cycles
Tightening scrub interval from 13202 cycles to 6601 cycles
Relaxing scrub interval from 6601 cycles to 8251 cycles
Tightening scrub interval from 8251 cycles to 4125 cycles
Tightening scrub interval from 4125 cycles to 2062 cycles
Relaxing scrub interval from 2062 cycles to 2577 cycles
Relaxing scrub interval from 2577 cycles to 3221 cycles
Relaxing scrub interval from 3221 cycles to 4026 cycles
Relaxing scrub interval from 4026 cycles to 5032 cycles
Tightening scrub interval from 5032 cycles to 2516 cycles
Relaxing scrub interval from 2516 cycles to 3145 cycles
